---
http_interactions:
- request:
    method: post
    uri: http://localhost:8081/api/v1/collections
    body:
      encoding: UTF-8
      string: '{"handle":"blog_posts","token":"token 1"}'
    headers:
      Authorization:
      - Basic dGVzdDp0ZXN0cHdk
      User-Agent:
      - Faraday v0.9.2
      Content-Type:
      - application/json
      Accept-Encoding:
      - gzip;q=1.0,deflate;q=0.6,identity;q=0.3
      Accept:
      - "*/*"
      Connection:
      - keep-alive
      Keep-Alive:
      - 30
  response:
    status:
      code: 201
      message: Created
    headers:
      Content-Type:
      - application/json
      Content-Length:
      - '98'
      Etag:
      - W/"ac991f2b4744107c61fd0f600e2878e6"
      Cache-Control:
      - max-age=0, private, must-revalidate
      X-Request-Id:
      - ed725e11-6f14-4137-9b4b-e86fcdbf40cd
      X-Runtime:
      - '0.706807'
      Vary:
      - Origin
      Connection:
      - keep-alive
      Server:
      - thin
    body:
      encoding: UTF-8
      string: '{"status":200,"developer_message":"OK","user_message":"Your collection
        was successfully created."}'
    http_version: 
  recorded_at: Wed, 12 Apr 2017 02:08:20 GMT
- request:
    method: post
    uri: http://localhost:8081/api/v1/collections
    body:
      encoding: UTF-8
      string: '{"handle":"more_posts","token":"token 2"}'
    headers:
      Authorization:
      - Basic dGVzdDp0ZXN0cHdk
      User-Agent:
      - Faraday v0.9.2
      Content-Type:
      - application/json
      Accept-Encoding:
      - gzip;q=1.0,deflate;q=0.6,identity;q=0.3
      Accept:
      - "*/*"
      Connection:
      - keep-alive
      Keep-Alive:
      - 30
  response:
    status:
      code: 201
      message: Created
    headers:
      Content-Type:
      - application/json
      Content-Length:
      - '98'
      Etag:
      - W/"ac991f2b4744107c61fd0f600e2878e6"
      Cache-Control:
      - max-age=0, private, must-revalidate
      X-Request-Id:
      - 10f405d6-de7e-420f-97e8-5f6fd65c5924
      X-Runtime:
      - '0.094785'
      Vary:
      - Origin
      Connection:
      - keep-alive
      Server:
      - thin
    body:
      encoding: UTF-8
      string: '{"status":200,"developer_message":"OK","user_message":"Your collection
        was successfully created."}'
    http_version: 
  recorded_at: Wed, 12 Apr 2017 02:08:20 GMT
- request:
    method: post
    uri: http://localhost:8081/api/v1/documents
    body:
      encoding: UTF-8
      string: content=my+content&created=2016-01-01T10%3A00%3A00Z&document_id=1491962900.500844&handle=blog_posts&path=http%3A%2F%2Fwww.doc1.gov&title=document+1&token=token+1
    headers:
      User-Agent:
      - Faraday v0.9.2
      Authorization:
      - Basic YmxvZ19wb3N0czp0b2tlbiAx
      Content-Type:
      - application/x-www-form-urlencoded
      Accept-Encoding:
      - gzip;q=1.0,deflate;q=0.6,identity;q=0.3
      Accept:
      - "*/*"
  response:
    status:
      code: 201
      message: Created
    headers:
      Content-Type:
      - application/json
      Content-Length:
      - '96'
      Etag:
      - W/"08eca8dc90f40bf3d18ea4cc4934f24f"
      Cache-Control:
      - max-age=0, private, must-revalidate
      X-Request-Id:
      - dad61722-0453-449b-abcc-7c5fbe03abd4
      X-Runtime:
      - '0.530986'
      Vary:
      - Origin
      Connection:
      - keep-alive
      Server:
      - thin
    body:
      encoding: UTF-8
      string: '{"status":200,"developer_message":"OK","user_message":"Your document
        was successfully created."}'
    http_version: 
  recorded_at: Wed, 12 Apr 2017 02:08:21 GMT
- request:
    method: post
    uri: http://localhost:8081/api/v1/documents
    body:
      encoding: UTF-8
      string: content=more+content&created=2015-12-31T10%3A00%3A00Z&document_id=1491962901.0433888&handle=blog_posts&path=http%3A%2F%2Fwww.doc2.dov&title=document+2&token=token+1
    headers:
      User-Agent:
      - Faraday v0.9.2
      Authorization:
      - Basic YmxvZ19wb3N0czp0b2tlbiAx
      Content-Type:
      - application/x-www-form-urlencoded
      Accept-Encoding:
      - gzip;q=1.0,deflate;q=0.6,identity;q=0.3
      Accept:
      - "*/*"
  response:
    status:
      code: 201
      message: Created
    headers:
      Content-Type:
      - application/json
      Content-Length:
      - '96'
      Etag:
      - W/"08eca8dc90f40bf3d18ea4cc4934f24f"
      Cache-Control:
      - max-age=0, private, must-revalidate
      X-Request-Id:
      - faa7c787-101f-4e65-8578-bd996202a4c1
      X-Runtime:
      - '0.021672'
      Vary:
      - Origin
      Connection:
      - keep-alive
      Server:
      - thin
    body:
      encoding: UTF-8
      string: '{"status":200,"developer_message":"OK","user_message":"Your document
        was successfully created."}'
    http_version: 
  recorded_at: Wed, 12 Apr 2017 02:08:21 GMT
- request:
    method: get
    uri: http://localhost:8081/api/v1/collections/blog_posts
    body:
      encoding: US-ASCII
      string: ''
    headers:
      Authorization:
      - Basic dGVzdDp0ZXN0cHdk
      User-Agent:
      - Faraday v0.9.2
      Accept-Encoding:
      - gzip;q=1.0,deflate;q=0.6,identity;q=0.3
      Accept:
      - "*/*"
      Connection:
      - keep-alive
      Keep-Alive:
      - 30
  response:
    status:
      code: 200
      message: OK
    headers:
      Content-Type:
      - application/json
      Content-Length:
      - '248'
      Etag:
      - W/"782300a2e6acff10c8e33d9f3e1bb6ef"
      Cache-Control:
      - max-age=0, private, must-revalidate
      X-Request-Id:
      - 3e49ccc9-c388-4bdb-ae65-5e04c6edda9d
      X-Runtime:
      - '0.152951'
      Vary:
      - Origin
      Connection:
      - keep-alive
      Server:
      - thin
    body:
      encoding: UTF-8
      string: '{"status":200,"developer_message":"OK","collection":{"created_at":"2017-04-12T02:08:20.168+00:00","updated_at":"2017-04-12T02:08:20.169+00:00","token":"token
        1","id":"blog_posts","document_total":2,"last_document_sent":"2017-04-12T02:08:21+00:00"}}'
    http_version: 
  recorded_at: Wed, 12 Apr 2017 02:08:25 GMT
- request:
    method: get
    uri: http://localhost:8081/api/v1/collections/blog_posts
    body:
      encoding: US-ASCII
      string: ''
    headers:
      Authorization:
      - Basic dGVzdDp0ZXN0cHdk
      User-Agent:
      - Faraday v0.9.2
      Accept-Encoding:
      - gzip;q=1.0,deflate;q=0.6,identity;q=0.3
      Accept:
      - "*/*"
      Connection:
      - keep-alive
      Keep-Alive:
      - 30
  response:
    status:
      code: 200
      message: OK
    headers:
      Content-Type:
      - application/json
      Content-Length:
      - '248'
      Etag:
      - W/"782300a2e6acff10c8e33d9f3e1bb6ef"
      Cache-Control:
      - max-age=0, private, must-revalidate
      X-Request-Id:
      - 6d3a7d49-4364-4a60-8fa6-4fc72ed0f5a7
      X-Runtime:
      - '0.010558'
      Vary:
      - Origin
      Connection:
      - keep-alive
      Server:
      - thin
    body:
      encoding: UTF-8
      string: '{"status":200,"developer_message":"OK","collection":{"created_at":"2017-04-12T02:08:20.168+00:00","updated_at":"2017-04-12T02:08:20.169+00:00","token":"token
        1","id":"blog_posts","document_total":2,"last_document_sent":"2017-04-12T02:08:21+00:00"}}'
    http_version: 
  recorded_at: Wed, 12 Apr 2017 02:08:25 GMT
- request:
    method: get
    uri: http://localhost:8081/api/v1/collections/blog_posts
    body:
      encoding: US-ASCII
      string: ''
    headers:
      Authorization:
      - Basic dGVzdDp0ZXN0cHdk
      User-Agent:
      - Faraday v0.9.2
      Accept-Encoding:
      - gzip;q=1.0,deflate;q=0.6,identity;q=0.3
      Accept:
      - "*/*"
      Connection:
      - keep-alive
      Keep-Alive:
      - 30
  response:
    status:
      code: 200
      message: OK
    headers:
      Content-Type:
      - application/json
      Content-Length:
      - '248'
      Etag:
      - W/"782300a2e6acff10c8e33d9f3e1bb6ef"
      Cache-Control:
      - max-age=0, private, must-revalidate
      X-Request-Id:
      - 8326028c-8084-4eee-b5a3-ecda5c6ab568
      X-Runtime:
      - '0.009560'
      Vary:
      - Origin
      Connection:
      - keep-alive
      Server:
      - thin
    body:
      encoding: UTF-8
      string: '{"status":200,"developer_message":"OK","collection":{"created_at":"2017-04-12T02:08:20.168+00:00","updated_at":"2017-04-12T02:08:20.169+00:00","token":"token
        1","id":"blog_posts","document_total":2,"last_document_sent":"2017-04-12T02:08:21+00:00"}}'
    http_version: 
  recorded_at: Wed, 12 Apr 2017 02:08:25 GMT
- request:
    method: get
    uri: http://localhost:8081/api/v1/collections/blog_posts
    body:
      encoding: US-ASCII
      string: ''
    headers:
      Authorization:
      - Basic dGVzdDp0ZXN0cHdk
      User-Agent:
      - Faraday v0.9.2
      Accept-Encoding:
      - gzip;q=1.0,deflate;q=0.6,identity;q=0.3
      Accept:
      - "*/*"
      Connection:
      - keep-alive
      Keep-Alive:
      - 30
  response:
    status:
      code: 200
      message: OK
    headers:
      Content-Type:
      - application/json
      Content-Length:
      - '248'
      Etag:
      - W/"782300a2e6acff10c8e33d9f3e1bb6ef"
      Cache-Control:
      - max-age=0, private, must-revalidate
      X-Request-Id:
      - c61d593d-729f-4d70-b64f-a830b0c46c74
      X-Runtime:
      - '0.012059'
      Vary:
      - Origin
      Connection:
      - keep-alive
      Server:
      - thin
    body:
      encoding: UTF-8
      string: '{"status":200,"developer_message":"OK","collection":{"created_at":"2017-04-12T02:08:20.168+00:00","updated_at":"2017-04-12T02:08:20.169+00:00","token":"token
        1","id":"blog_posts","document_total":2,"last_document_sent":"2017-04-12T02:08:21+00:00"}}'
    http_version: 
  recorded_at: Wed, 12 Apr 2017 02:08:25 GMT
- request:
    method: get
    uri: http://localhost:8081/api/v1/collections/more_posts
    body:
      encoding: US-ASCII
      string: ''
    headers:
      Authorization:
      - Basic dGVzdDp0ZXN0cHdk
      User-Agent:
      - Faraday v0.9.2
      Accept-Encoding:
      - gzip;q=1.0,deflate;q=0.6,identity;q=0.3
      Accept:
      - "*/*"
      Connection:
      - keep-alive
      Keep-Alive:
      - 30
  response:
    status:
      code: 200
      message: OK
    headers:
      Content-Type:
      - application/json
      Content-Length:
      - '225'
      Etag:
      - W/"ee93523b950e4a5dc1ba823427abbc37"
      Cache-Control:
      - max-age=0, private, must-revalidate
      X-Request-Id:
      - 931174c5-6166-4fef-9fdb-76d71bb6fd0e
      X-Runtime:
      - '0.012046'
      Vary:
      - Origin
      Connection:
      - keep-alive
      Server:
      - thin
    body:
      encoding: UTF-8
      string: '{"status":200,"developer_message":"OK","collection":{"created_at":"2017-04-12T02:08:20.369+00:00","updated_at":"2017-04-12T02:08:20.369+00:00","token":"token
        2","id":"more_posts","document_total":0,"last_document_sent":null}}'
    http_version: 
  recorded_at: Wed, 12 Apr 2017 02:08:25 GMT
- request:
    method: get
    uri: http://localhost:8081/api/v1/collections/more_posts
    body:
      encoding: US-ASCII
      string: ''
    headers:
      Authorization:
      - Basic dGVzdDp0ZXN0cHdk
      User-Agent:
      - Faraday v0.9.2
      Accept-Encoding:
      - gzip;q=1.0,deflate;q=0.6,identity;q=0.3
      Accept:
      - "*/*"
      Connection:
      - keep-alive
      Keep-Alive:
      - 30
  response:
    status:
      code: 200
      message: OK
    headers:
      Content-Type:
      - application/json
      Content-Length:
      - '225'
      Etag:
      - W/"ee93523b950e4a5dc1ba823427abbc37"
      Cache-Control:
      - max-age=0, private, must-revalidate
      X-Request-Id:
      - 5f3402a6-65f3-4b44-96fb-7a5c6bd958de
      X-Runtime:
      - '0.008339'
      Vary:
      - Origin
      Connection:
      - keep-alive
      Server:
      - thin
    body:
      encoding: UTF-8
      string: '{"status":200,"developer_message":"OK","collection":{"created_at":"2017-04-12T02:08:20.369+00:00","updated_at":"2017-04-12T02:08:20.369+00:00","token":"token
        2","id":"more_posts","document_total":0,"last_document_sent":null}}'
    http_version: 
  recorded_at: Wed, 12 Apr 2017 02:08:26 GMT
- request:
    method: get
    uri: http://localhost:8081/api/v1/collections/more_posts
    body:
      encoding: US-ASCII
      string: ''
    headers:
      Authorization:
      - Basic dGVzdDp0ZXN0cHdk
      User-Agent:
      - Faraday v0.9.2
      Accept-Encoding:
      - gzip;q=1.0,deflate;q=0.6,identity;q=0.3
      Accept:
      - "*/*"
      Connection:
      - keep-alive
      Keep-Alive:
      - 30
  response:
    status:
      code: 200
      message: OK
    headers:
      Content-Type:
      - application/json
      Content-Length:
      - '225'
      Etag:
      - W/"ee93523b950e4a5dc1ba823427abbc37"
      Cache-Control:
      - max-age=0, private, must-revalidate
      X-Request-Id:
      - 6ff25eba-4111-490f-8033-9e7c1dac7424
      X-Runtime:
      - '0.007741'
      Vary:
      - Origin
      Connection:
      - keep-alive
      Server:
      - thin
    body:
      encoding: UTF-8
      string: '{"status":200,"developer_message":"OK","collection":{"created_at":"2017-04-12T02:08:20.369+00:00","updated_at":"2017-04-12T02:08:20.369+00:00","token":"token
        2","id":"more_posts","document_total":0,"last_document_sent":null}}'
    http_version: 
  recorded_at: Wed, 12 Apr 2017 02:08:26 GMT
- request:
    method: get
    uri: http://localhost:8081/api/v1/collections/search?handles=blog_posts&include=title,path,created,changed,updated_at&query&size=100&sort_by_date=true
    body:
      encoding: US-ASCII
      string: ''
    headers:
      Authorization:
      - Basic dGVzdDp0ZXN0cHdk
      User-Agent:
      - Faraday v0.9.2
      Accept-Encoding:
      - gzip;q=1.0,deflate;q=0.6,identity;q=0.3
      Accept:
      - "*/*"
      Connection:
      - keep-alive
      Keep-Alive:
      - 30
  response:
    status:
      code: 200
      message: OK
    headers:
      Content-Type:
      - application/json
      Content-Length:
      - '395'
      Etag:
      - W/"2e69e7ec2b6ce45ac8187a071e92abc2"
      Cache-Control:
      - max-age=0, private, must-revalidate
      X-Request-Id:
      - 41ba1bd5-1bf6-4474-8805-4269048c3a41
      X-Runtime:
      - '0.086241'
      Vary:
      - Origin
      Connection:
      - keep-alive
      Server:
      - thin
    body:
      encoding: UTF-8
      string: '{"status":200,"developer_message":"OK","metadata":{"total":2,"offset":0,"suggestion":null},"results":[{"path":"http://www.doc1.gov","updated_at":"2017-04-12T02:08:20+00:00","created":"2016-01-01T10:00:00+00:00","title":"document
        1","changed":null},{"path":"http://www.doc2.dov","updated_at":"2017-04-12T02:08:21+00:00","created":"2015-12-31T10:00:00+00:00","title":"document
        2","changed":null}]}'
    http_version: 
  recorded_at: Wed, 12 Apr 2017 02:08:26 GMT
- request:
    method: get
    uri: http://localhost:8081/api/v1/collections/search?handles=blog_posts&include=title,path,created,changed,updated_at&query=more&size=100&sort_by_date=true
    body:
      encoding: US-ASCII
      string: ''
    headers:
      Authorization:
      - Basic dGVzdDp0ZXN0cHdk
      User-Agent:
      - Faraday v0.9.2
      Accept-Encoding:
      - gzip;q=1.0,deflate;q=0.6,identity;q=0.3
      Accept:
      - "*/*"
      Connection:
      - keep-alive
      Keep-Alive:
      - 30
  response:
    status:
      code: 200
      message: OK
    headers:
      Content-Type:
      - application/json
      Content-Length:
      - '249'
      Etag:
      - W/"b1a1ce4a339a30997c59064829c37623"
      Cache-Control:
      - max-age=0, private, must-revalidate
      X-Request-Id:
      - 5f7b68cc-1db6-4718-a366-7eea66e3d36e
      X-Runtime:
      - '0.164552'
      Vary:
      - Origin
      Connection:
      - keep-alive
      Server:
      - thin
    body:
      encoding: UTF-8
      string: '{"status":200,"developer_message":"OK","metadata":{"total":1,"offset":0,"suggestion":null},"results":[{"path":"http://www.doc2.dov","updated_at":"2017-04-12T02:08:21+00:00","created":"2015-12-31T10:00:00+00:00","title":"document
        2","changed":null}]}'
    http_version: 
  recorded_at: Wed, 12 Apr 2017 02:08:26 GMT
recorded_with: VCR 3.0.3
