---
http_interactions:
- request:
    method: get
    uri: https://www.bingapis.com/api/v6/search?AppId=***REMOVED***&count=20&mkt=en-US&offset=0&q=item%20(site:gov%20OR%20site:mil)&responseFilter=WebPages,SpellSuggestions&safeSearch=moderate&textDecorations=true&traffictype=test
    body:
      encoding: US-ASCII
      string: ''
    headers:
      User-Agent:
      - USASearch
      Ocp-Apim-Subscription-Key:
      - ***REMOVED***
      Accept-Encoding:
      - gzip;q=1.0,deflate;q=0.6,identity;q=0.3
      Accept:
      - "*/*"
      Connection:
      - keep-alive
      Keep-Alive:
      - 30
  response:
    status:
      code: 200
      message: OK
    headers:
      Cache-Control:
      - private, max-age=0
      Content-Length:
      - '3264'
      Content-Type:
      - application/json; charset=utf-8
      Expires:
      - Tue, 07 Mar 2017 20:10:33 GMT
      Vary:
      - Accept-Encoding
      Server:
      - Microsoft-IIS/8.5
      P3p:
      - CP="NON UNI COM NAV STA LOC CURa DEVa PSAa PSDa OUR IND"
      Set-Cookie:
      - MUID=10B01694B445615D15911CAAB5D26075; path=/; expires=Thu, 07-Mar-2019 20:11:33
        GMT; domain=bingapis.com
      - MUIDB=10B01694B445615D15911CAAB5D26075; path=/; httponly; expires=Thu, 07-Mar-2019
        20:11:33 GMT
      - SRCHD=AF=NOFORM; domain=.bingapis.com; expires=Thu, 07-Mar-2019 20:11:33 GMT;
        path=/
      - SRCHUID=V=2&GUID=1D1EFB7E561741749D3D194CBA83319C; expires=Thu, 07-Mar-2019
        20:11:33 GMT; path=/
      - SRCHUSR=DOB=20170307; domain=.bingapis.com; expires=Thu, 07-Mar-2019 20:11:33
        GMT; path=/
      - _EDGE_S=mkt=en-us&F=1&SID=13F14FF06E9B676A17F745CE6F0C6662; path=/; httponly;
        domain=bingapis.com
      - _EDGE_V=1; path=/; httponly; expires=Thu, 07-Mar-2019 20:11:33 GMT; domain=bingapis.com
      - _SS=SID=13F14FF06E9B676A17F745CE6F0C6662; domain=.bingapis.com; path=/
      Bingapis-Traceid:
      - 692E8932004647D5937F23BFE406AFE0
      X-Msedge-Clientid:
      - 10B01694B445615D15911CAAB5D26075
      X-Msapi-Userstate:
      - '0173'
      Bingapis-Market:
      - en-US
      X-Msedge-Ref:
      - 'Ref A: 692E8932004647D5937F23BFE406AFE0 Ref B: CO1EDGE0414 Ref C: Tue Mar  7
        12:11:33 2017 PST'
      Date:
      - Tue, 07 Mar 2017 20:11:33 GMT
    body:
      encoding: UTF-8
      string: '{"_type": "SearchResponse", "instrumentation": {"pingUrlBase": "https:\/\/www.bingapis.com\/api\/ping?IG=773A6B56BA6D45A0876C9223B65995CD&CID=10B01694B445615D15911CAAB5D26075&ID=",
        "pageLoadPingUrl": "https:\/\/www.bingapis.com\/api\/ping\/pageload?IG=773A6B56BA6D45A0876C9223B65995CD&CID=10B01694B445615D15911CAAB5D26075&Type=Event.CPT&DATA=0"},
        "webPages": {"webSearchUrl": "https:\/\/www.bing.com\/search?q=item+(site%3agov+OR+site%3amil)",
        "webSearchUrlPingSuffix": "DevEx,5483.1", "totalEstimatedMatches": 1960000,
        "value": [{"id": "https:\/\/www.bingapis.com\/api\/v6\/#WebPages.0", "name":
        "Peking Street | Library of Congress", "url": "https:\/\/www.loc.gov\/item\/ggb2004009001\/",
        "urlPingSuffix": "DevEx,5078.1", "displayUrl": "https:\/\/www.loc.gov\/item\/ggb2004009001",
        "snippet": "No, the item is not digitized. Please go to #2. Do the Access
        Advisory or Call Number fields above indicate that a non-digital surrogate
        exists ...", "dateLastCrawled": "2017-03-04T20:01:00.0000000Z"}, {"id": "https:\/\/www.bingapis.com\/api\/v6\/#WebPages.1",
        "name": "Form 8-K - Official Site", "url": "https:\/\/www.sec.gov\/about\/forms\/form8-k.pdf",
        "urlPingSuffix": "DevEx,5092.1", "displayUrl": "https:\/\/www.sec.gov\/about\/forms\/form8-k.pdf",
        "snippet": "If a report on Form 8-K contains disclosures under Item 2.02
        or Item 7.01, whether or not the report contains disclosures regarding other
        items, ...", "dateLastCrawled": "2017-02-28T20:47:00.0000000Z"}, {"id": "https:\/\/www.bingapis.com\/api\/v6\/#WebPages.2",
        "name": "Regulation S-K Compliance and Disclosure Interpretations", "url":
        "https:\/\/www.sec.gov\/divisions\/corpfin\/guidance\/regs-kinterp.htm", "urlPingSuffix":
        "DevEx,5105.1", "displayUrl": "https:\/\/www.sec.gov\/divisions\/corpfin\/guidance\/regs-kinterp.htm",
        "snippet": "QUESTIONS AND ANSWERS OF GENERAL APPLICABILITY Section 101. Regulation
        S-K — General Guidance. None. Section 102. Item 10 — General Question 102.01",
        "dateLastCrawled": "2017-03-03T22:07:00.0000000Z"}, {"id": "https:\/\/www.bingapis.com\/api\/v6\/#WebPages.3",
        "name": "Bishop Arnett | Library of Congress", "url": "https:\/\/www.loc.gov\/item\/2016697726\/",
        "urlPingSuffix": "DevEx,5117.1", "displayUrl": "https:\/\/www.loc.gov\/item\/2016697726",
        "snippet": "No, the item is not digitized. Please go to #2. Do the Access
        Advisory or Call Number fields above indicate that a non-digital surrogate
        exists ...", "dateLastCrawled": "2017-03-05T13:51:00.0000000Z"}, {"id": "https:\/\/www.bingapis.com\/api\/v6\/#WebPages.4",
        "name": "Doris Stevens | Library of Congress", "url": "https:\/\/www.loc.gov\/item\/ggb2005022370\/",
        "urlPingSuffix": "DevEx,5129.1", "displayUrl": "https:\/\/www.loc.gov\/item\/ggb2005022370",
        "snippet": "No, the item is not digitized. Please go to #2. Do the Access
        Advisory or Call Number fields above indicate that a non-digital surrogate
        exists ...", "dateLastCrawled": "2017-03-05T13:40:00.0000000Z"}, {"id": "https:\/\/www.bingapis.com\/api\/v6\/#WebPages.5",
        "name": "PRICE ITEM PRICE ITEM REQUESTED", "url": "https:\/\/www.bop.gov\/locations\/institutions\/tha\/THX_CommList.pdf",
        "urlPingSuffix": "DevEx,5141.1", "displayUrl": "https:\/\/www.bop.gov\/locations\/institutions\/tha\/THX_CommList.pdf",
        "snippet": "no refunds or exchanges on any item. inmates are responsible
        for filling out commissary list in a legible manner. ensure the item you
        mark is the item you want.", "dateLastCrawled": "2017-03-02T17:14:00.0000000Z"},
        {"id": "https:\/\/www.bingapis.com\/api\/v6\/#WebPages.6", "name": "Disputing
        Errors on Credit Reports | Consumer Information", "url": "https:\/\/www.consumer.ftc.gov\/articles\/0151-disputing-errors-credit-reports",
        "urlPingSuffix": "DevEx,5153.1", "displayUrl": "https:\/\/www.consumer.ftc.gov\/articles\/0151-disputing-errors-credit...",
        "snippet": "If the provider continues to report the item you disputed to
        a credit reporting company, it must let the credit reporting company know
        about your dispute.", "dateLastCrawled": "2017-03-03T00:52:00.0000000Z"},
        {"id": "https:\/\/www.bingapis.com\/api\/v6\/#WebPages.7", "name": "ITEM
        607.41010010 - TEMPORARY PLASTIC BARRIER FENCE ...", "url": "https:\/\/www.dot.ny.gov\/spec-repository-us\/607.41010010.pdf",
        "urlPingSuffix": "DevEx,5165.1", "displayUrl": "https:\/\/www.dot.ny.gov\/spec-repository-us\/607.41010010.pdf",
        "snippet": "ITEM 607.41010010 - TEMPORARY PLASTIC BARRIER FENCE Page 1 of
        2 May, 2012 DESCRIPTION This work shall consist of furnishing, installing,
        and maintaining Temporary ...", "dateLastCrawled": "2017-03-05T12:20:00.0000000Z"},
        {"id": "https:\/\/www.bingapis.com\/api\/v6\/#WebPages.8", "name": "Tips on
        Completing Item 6 of the HSR Form | Federal Trade ...", "url": "https:\/\/www.ftc.gov\/enforcement\/premerger-notification-program\/hsr-resources\/tips-completing-item-6-hsr-form",
        "urlPingSuffix": "DevEx,5181.1", "displayUrl": "https:\/\/www.ftc.gov\/...\/hsr-resources\/tips-completing-item-6-hsr-form",
        "snippet": "The HSR form requires a filing party to disclose information on
        its subsidiaries in Item 6(a), its share or interest holders in Item 6(b)
        and its minority holdings in ...", "dateLastCrawled": "2017-02-28T20:09:00.0000000Z"},
        {"id": "https:\/\/www.bingapis.com\/api\/v6\/#WebPages.9", "name": "Clotilde.
        Libretto. Italian | Library of Congress", "url": "https:\/\/www.loc.gov\/item\/2010666122\/",
        "urlPingSuffix": "DevEx,5193.1", "displayUrl": "https:\/\/www.loc.gov\/item\/2010666122",
        "snippet": "Per il Nicolini, In Venetia, monographic, 1696. Image. Retrieved
        from the Library of Congress, <https:\/\/www.loc.gov\/item\/2010666122\/>.
        More Books like this. Book", "dateLastCrawled": "2017-03-07T14:09:00.0000000Z"},
        {"id": "https:\/\/www.bingapis.com\/api\/v6\/#WebPages.10", "name": "Form
        10-K - Sec", "url": "https:\/\/www.sec.gov\/about\/forms\/form10-k.pdf",
        "urlPingSuffix": "DevEx,5204.1", "displayUrl": "https:\/\/www.sec.gov\/about\/forms\/form10-k.pdf",
        "snippet": "... The combined report contains full and complete answers to
        all items required by Form 10-K. When responses to a certain item of required
        disclosure are ...", "dateLastCrawled": "2017-03-03T02:25:00.0000000Z"}, {"id":
        "https:\/\/www.bingapis.com\/api\/v6\/#WebPages.11", "name": "Part 12—Acquisition
        of Commercial Items", "url": "https:\/\/www.acquisition.gov\/sites\/default\/files\/current\/far\/html\/FARTOCP12.html",
        "urlPingSuffix": "DevEx,5216.1", "displayUrl": "https:\/\/www.acquisition.gov\/sites\/default\/files\/current\/far\/html\/...",
        "snippet": "Part 12—Acquisition of Commercial Items. 12.000 Scope of part.
        12.001 Definition. Subpart 12.1—Acquisition of Commercial Items—General. 12.101
        Policy.", "dateLastCrawled": "2017-03-01T21:31:00.0000000Z"}, {"id": "https:\/\/www.bingapis.com\/api\/v6\/#WebPages.12",
        "name": "Bulk Item Disposal - Welcome to NYC.gov | City of New York",
        "url": "http:\/\/www1.nyc.gov\/nyc-resources\/service\/1038\/bulk-item-disposal",
        "urlPingSuffix": "DevEx,5231.1", "displayUrl": "www1.nyc.gov\/nyc-resources\/service\/1038\/bulk-item-disposal",
        "snippet": "A bulk item is something that is too large to fit into a garbage
        bin or bag. You can get free curbside removal of bulk items from residences.
        Bulk metal and rigid ...", "dateLastCrawled": "2017-03-05T22:42:00.0000000Z"},
        {"id": "https:\/\/www.bingapis.com\/api\/v6\/#WebPages.13", "name": "[Untitled]
        | Library of Congress", "url": "https:\/\/www.loc.gov\/item\/fsa2000056160\/PP\/",
        "urlPingSuffix": "DevEx,5243.1", "displayUrl": "https:\/\/www.loc.gov\/item\/fsa2000056160\/PP",
        "snippet": "No, the item is not digitized. Please go to #2. Do the Access
        Advisory or Call Number fields above indicate that a non-digital surrogate
        exists ...", "dateLastCrawled": "2017-03-03T12:33:00.0000000Z"}, {"id": "https:\/\/www.bingapis.com\/api\/v6\/#WebPages.14",
        "name": "Gitana | Library of Congress", "url": "https:\/\/www.loc.gov\/item\/det1994003933\/PP\/",
        "urlPingSuffix": "DevEx,5255.1", "displayUrl": "https:\/\/www.loc.gov\/item\/det1994003933\/PP",
        "snippet": "No, the item is not digitized. Please go to #2. Do the Access
        Advisory or Call Number fields above indicate that a non-digital surrogate
        exists ...", "dateLastCrawled": "2017-03-03T15:19:00.0000000Z"}, {"id": "https:\/\/www.bingapis.com\/api\/v6\/#WebPages.15",
        "name": "NAVSEA Standard Item 009-26 (Including Attachment A)", "url": "http:\/\/www.navsea.navy.mil\/Home\/RMC\/CNRMC\/Our-Programs\/SSRAC\/",
        "urlPingSuffix": "DevEx,5267.1", "displayUrl": "www.navsea.navy.mil\/Home\/RMC\/CNRMC\/Our-Programs\/SSRAC",
        "snippet": "NAVSEA Standard Specifications for Ship Repair and Alteration
        Committee (SSRAC) What''s New. The new, draft, Standard Item 009-BB is posted
        on the SSRAC website to ...", "dateLastCrawled": "2017-03-03T03:28:00.0000000Z"},
        {"id": "https:\/\/www.bingapis.com\/api\/v6\/#WebPages.16", "name": "Ray Bradbury
        reading his poems and ... - Library of Congress", "url": "https:\/\/www.loc.gov\/item\/98704557\/",
        "urlPingSuffix": "DevEx,5280.1", "displayUrl": "https:\/\/www.loc.gov\/item\/98704557",
        "snippet": "Recorded Apr. 26, 1982, in the Coolidge Auditorium, Library of
        Congress, ... . 1982. Audio. Retrieved from the Library of Congress, https:\/\/www.loc.gov\/item\/98704557\/.",
        "dateLastCrawled": "2017-01-18T01:32:00.0000000Z"}, {"id": "https:\/\/www.bingapis.com\/api\/v6\/#WebPages.17",
        "name": "Meemer | Library of Congress", "url": "https:\/\/www.loc.gov\/item\/det1994001781\/PP\/",
        "urlPingSuffix": "DevEx,5292.1", "displayUrl": "https:\/\/www.loc.gov\/item\/det1994001781\/PP",
        "snippet": "No, the item is not digitized. Please go to #2. Do the Access
        Advisory or Call Number fields above indicate that a non-digital surrogate
        exists ...", "dateLastCrawled": "2017-03-07T02:04:00.0000000Z"}, {"id": "https:\/\/www.bingapis.com\/api\/v6\/#WebPages.18",
        "name": "CARE Item Set and B-CARE", "url": "http:\/\/www.cms.gov\/Medicare\/Quality-Initiatives-Patient-Assessment-Instruments\/Post-Acute-Care-Quality-Initiatives\/CARE-Item-Set-and-B-CARE.html",
        "urlPingSuffix": "DevEx,5307.1", "displayUrl": "www.cms.gov\/...\/CARE-Item-Set-and-B-CARE.html",
        "snippet": "The Development and Testing of the Continuity Assessment Record
        and Evaluation (CARE) Item Set: Final Report on the Development of the CARE
        Item Set.", "dateLastCrawled": "2017-03-03T17:51:00.0000000Z"}, {"id": "https:\/\/www.bingapis.com\/api\/v6\/#WebPages.19",
        "name": "ITEM 304.98000017 - CRUSHED AGGREGATE SUBBASE", "url": "https:\/\/www.dot.ny.gov\/spec-repository-us\/304.98000017.pdf?nd=nysdot",
        "urlPingSuffix": "DevEx,5319.1", "displayUrl": "https:\/\/www.dot.ny.gov\/spec-repository-us\/304.98000017.pdf?nd=nysdot",
        "snippet": "ITEM 304.98000017 - CRUSHED AGGREGATE SUBBASE COURSE Page 1
        of 2 10\/08\/98 DESCRIPTION This work shall consist of furnishing, placing,
        and compacting a crushed ...", "dateLastCrawled": "2017-03-01T15:57:00.0000000Z"}]},
        "rankingResponse": {"mainline": {"items": [{"answerType": "DictionaryWords"},
        {"answerType": "WebPages", "resultIndex": 0, "value": {"id": "https:\/\/www.bingapis.com\/api\/v6\/#WebPages.0"}},
        {"answerType": "WebPages", "resultIndex": 1, "value": {"id": "https:\/\/www.bingapis.com\/api\/v6\/#WebPages.1"}},
        {"answerType": "WebPages", "resultIndex": 2, "value": {"id": "https:\/\/www.bingapis.com\/api\/v6\/#WebPages.2"}},
        {"answerType": "WebPages", "resultIndex": 3, "value": {"id": "https:\/\/www.bingapis.com\/api\/v6\/#WebPages.3"}},
        {"answerType": "WebPages", "resultIndex": 4, "value": {"id": "https:\/\/www.bingapis.com\/api\/v6\/#WebPages.4"}},
        {"answerType": "WebPages", "resultIndex": 5, "value": {"id": "https:\/\/www.bingapis.com\/api\/v6\/#WebPages.5"}},
        {"answerType": "WebPages", "resultIndex": 6, "value": {"id": "https:\/\/www.bingapis.com\/api\/v6\/#WebPages.6"}},
        {"answerType": "WebPages", "resultIndex": 7, "value": {"id": "https:\/\/www.bingapis.com\/api\/v6\/#WebPages.7"}},
        {"answerType": "WebPages", "resultIndex": 8, "value": {"id": "https:\/\/www.bingapis.com\/api\/v6\/#WebPages.8"}},
        {"answerType": "WebPages", "resultIndex": 9, "value": {"id": "https:\/\/www.bingapis.com\/api\/v6\/#WebPages.9"}},
        {"answerType": "WebPages", "resultIndex": 10, "value": {"id": "https:\/\/www.bingapis.com\/api\/v6\/#WebPages.10"}},
        {"answerType": "WebPages", "resultIndex": 11, "value": {"id": "https:\/\/www.bingapis.com\/api\/v6\/#WebPages.11"}},
        {"answerType": "WebPages", "resultIndex": 12, "value": {"id": "https:\/\/www.bingapis.com\/api\/v6\/#WebPages.12"}},
        {"answerType": "WebPages", "resultIndex": 13, "value": {"id": "https:\/\/www.bingapis.com\/api\/v6\/#WebPages.13"}},
        {"answerType": "WebPages", "resultIndex": 14, "value": {"id": "https:\/\/www.bingapis.com\/api\/v6\/#WebPages.14"}},
        {"answerType": "WebPages", "resultIndex": 15, "value": {"id": "https:\/\/www.bingapis.com\/api\/v6\/#WebPages.15"}},
        {"answerType": "WebPages", "resultIndex": 16, "value": {"id": "https:\/\/www.bingapis.com\/api\/v6\/#WebPages.16"}},
        {"answerType": "WebPages", "resultIndex": 17, "value": {"id": "https:\/\/www.bingapis.com\/api\/v6\/#WebPages.17"}},
        {"answerType": "WebPages", "resultIndex": 18, "value": {"id": "https:\/\/www.bingapis.com\/api\/v6\/#WebPages.18"}},
        {"answerType": "WebPages", "resultIndex": 19, "value": {"id": "https:\/\/www.bingapis.com\/api\/v6\/#WebPages.19"}}]}}}'
    http_version: 
  recorded_at: Tue, 07 Mar 2017 20:11:33 GMT
- request:
    method: get
    uri: https://www.bingapis.com/api/v6/search?AppId=***REMOVED***&count=20&mkt=en-US&offset=0&q=item%20(site:gov%20OR%20site:mil)&responseFilter=WebPages,SpellSuggestions&safeSearch=moderate&textDecorations=true&traffictype=test
    body:
      encoding: US-ASCII
      string: ''
    headers:
      User-Agent:
      - USASearch
      Ocp-Apim-Subscription-Key:
      - ***REMOVED***
      Accept-Encoding:
      - gzip;q=1.0,deflate;q=0.6,identity;q=0.3
      Accept:
      - "*/*"
      Connection:
      - keep-alive
      Keep-Alive:
      - 30
  response:
    status:
      code: 200
      message: OK
    headers:
      Cache-Control:
      - private, max-age=0
      Content-Length:
      - '3292'
      Content-Type:
      - application/json; charset=utf-8
      Expires:
      - Tue, 07 Mar 2017 20:10:33 GMT
      Vary:
      - Accept-Encoding
      Server:
      - Microsoft-IIS/8.5
      P3p:
      - CP="NON UNI COM NAV STA LOC CURa DEVa PSAa PSDa OUR IND"
      Set-Cookie:
      - MUID=2AE85A01F52061BA3120503FF4B760DB; path=/; expires=Thu, 07-Mar-2019 20:11:34
        GMT; domain=bingapis.com
      - MUIDB=2AE85A01F52061BA3120503FF4B760DB; path=/; httponly; expires=Thu, 07-Mar-2019
        20:11:34 GMT
      - SRCHD=AF=NOFORM; domain=.bingapis.com; expires=Thu, 07-Mar-2019 20:11:33 GMT;
        path=/
      - SRCHUID=V=2&GUID=6F08EC22AAD14675A936B43ED9CA3201; expires=Thu, 07-Mar-2019
        20:11:33 GMT; path=/
      - SRCHUSR=DOB=20170307; domain=.bingapis.com; expires=Thu, 07-Mar-2019 20:11:33
        GMT; path=/
      - _EDGE_S=mkt=en-us&F=1&SID=0E3362B7F23D6D7A3AB06889F3AA6C72; path=/; httponly;
        domain=bingapis.com
      - _EDGE_V=1; path=/; httponly; expires=Thu, 07-Mar-2019 20:11:34 GMT; domain=bingapis.com
      - _SS=SID=0E3362B7F23D6D7A3AB06889F3AA6C72; domain=.bingapis.com; path=/
      Bingapis-Traceid:
      - BBD7043D5F98497EBAFE9880A19B4007
      X-Msedge-Clientid:
      - 2AE85A01F52061BA3120503FF4B760DB
      X-Msapi-Userstate:
      - e59d
      Bingapis-Market:
      - en-US
      X-Msedge-Ref:
      - 'Ref A: BBD7043D5F98497EBAFE9880A19B4007 Ref B: CO1EDGE0109 Ref C: Tue Mar  7
        12:11:34 2017 PST'
      Date:
      - Tue, 07 Mar 2017 20:11:33 GMT
    body:
      encoding: UTF-8
      string: '{"_type": "SearchResponse", "instrumentation": {"pingUrlBase": "https:\/\/www.bingapis.com\/api\/ping?IG=FE44E6C1DFFD466FB831D606E291572A&CID=2AE85A01F52061BA3120503FF4B760DB&ID=",
        "pageLoadPingUrl": "https:\/\/www.bingapis.com\/api\/ping\/pageload?IG=FE44E6C1DFFD466FB831D606E291572A&CID=2AE85A01F52061BA3120503FF4B760DB&Type=Event.CPT&DATA=0"},
        "webPages": {"webSearchUrl": "https:\/\/www.bing.com\/search?q=item+(site%3agov+OR+site%3amil)",
        "webSearchUrlPingSuffix": "DevEx,5492.1", "totalEstimatedMatches": 2020000,
        "value": [{"id": "https:\/\/www.bingapis.com\/api\/v6\/#WebPages.0", "name":
        "Form 8-K - Official Site", "url": "https:\/\/www.sec.gov\/about\/forms\/form8-k.pdf",
        "urlPingSuffix": "DevEx,5079.1", "displayUrl": "https:\/\/www.sec.gov\/about\/forms\/form8-k.pdf",
        "snippet": "If a report on Form 8-K contains disclosures under Item 2.02
        or Item 7.01, whether or not the report contains disclosures regarding other
        items, ...", "dateLastCrawled": "2017-03-06T10:33:00.0000000Z"}, {"id": "https:\/\/www.bingapis.com\/api\/v6\/#WebPages.1",
        "name": "Bishop Arnett | Library of Congress", "url": "https:\/\/www.loc.gov\/item\/2016697726\/",
        "urlPingSuffix": "DevEx,5090.1", "displayUrl": "https:\/\/www.loc.gov\/item\/2016697726",
        "snippet": "No, the item is not digitized. Please go to #2. Do the Access
        Advisory or Call Number fields above indicate that a non-digital surrogate
        exists ...", "dateLastCrawled": "2017-03-05T13:51:00.0000000Z"}, {"id": "https:\/\/www.bingapis.com\/api\/v6\/#WebPages.2",
        "name": "Peking Street | Library of Congress", "url": "https:\/\/www.loc.gov\/item\/ggb2004009001\/",
        "urlPingSuffix": "DevEx,5102.1", "displayUrl": "https:\/\/www.loc.gov\/item\/ggb2004009001",
        "snippet": "No, the item is not digitized. Please go to #2. Do the Access
        Advisory or Call Number fields above indicate that a non-digital surrogate
        exists ...", "dateLastCrawled": "2017-03-04T20:01:00.0000000Z"}, {"id": "https:\/\/www.bingapis.com\/api\/v6\/#WebPages.3",
        "name": "Regulation S-K Compliance and Disclosure Interpretations", "url":
        "https:\/\/www.sec.gov\/divisions\/corpfin\/guidance\/regs-kinterp.htm", "urlPingSuffix":
        "DevEx,5115.1", "displayUrl": "https:\/\/www.sec.gov\/divisions\/corpfin\/guidance\/regs-kinterp.htm",
        "snippet": "QUESTIONS AND ANSWERS OF GENERAL APPLICABILITY Section 101. Regulation
        S-K — General Guidance. None. Section 102. Item 10 — General Question 102.01",
        "dateLastCrawled": "2017-03-03T22:07:00.0000000Z"}, {"id": "https:\/\/www.bingapis.com\/api\/v6\/#WebPages.4",
        "name": "Doris Stevens | Library of Congress", "url": "https:\/\/www.loc.gov\/item\/ggb2005022370\/",
        "urlPingSuffix": "DevEx,5127.1", "displayUrl": "https:\/\/www.loc.gov\/item\/ggb2005022370",
        "snippet": "No, the item is not digitized. Please go to #2. Do the Access
        Advisory or Call Number fields above indicate that a non-digital surrogate
        exists ...", "dateLastCrawled": "2017-03-05T13:40:00.0000000Z"}, {"id": "https:\/\/www.bingapis.com\/api\/v6\/#WebPages.5",
        "name": "PRICE ITEM PRICE ITEM REQUESTED", "url": "https:\/\/www.bop.gov\/locations\/institutions\/tha\/THX_CommList.pdf",
        "urlPingSuffix": "DevEx,5138.1", "displayUrl": "https:\/\/www.bop.gov\/locations\/institutions\/tha\/THX_CommList.pdf",
        "snippet": "no refunds or exchanges on any item. inmates are responsible
        for filling out commissary list in a legible manner. ensure the item you
        mark is the item you want.", "dateLastCrawled": "2017-03-02T17:14:00.0000000Z"},
        {"id": "https:\/\/www.bingapis.com\/api\/v6\/#WebPages.6", "name": "Tips on
        Completing Item 6 of the HSR Form | Federal Trade ...", "url": "https:\/\/www.ftc.gov\/enforcement\/premerger-notification-program\/hsr-resources\/tips-completing-item-6-hsr-form",
        "urlPingSuffix": "DevEx,5154.1", "displayUrl": "https:\/\/www.ftc.gov\/...\/hsr-resources\/tips-completing-item-6-hsr-form",
        "snippet": "The HSR form requires a filing party to disclose information on
        its subsidiaries in Item 6(a), its share or interest holders in Item 6(b)
        and its minority holdings in ...", "dateLastCrawled": "2017-03-05T13:42:00.0000000Z"},
        {"id": "https:\/\/www.bingapis.com\/api\/v6\/#WebPages.7", "name": "Item
        402 of Regulation S-K - Executive Compensation", "url": "https:\/\/www.sec.gov\/divisions\/corpfin\/guidance\/execcomp402interp.htm",
        "urlPingSuffix": "DevEx,5168.1", "displayUrl": "https:\/\/www.sec.gov\/divisions\/corpfin\/guidance\/execcomp402interp.htm",
        "snippet": "Item 402 of Regulation S-K — Executive Compensation Last Update:
        August 8, 2007. The bracketed date following each interpretation is the latest
        date of publication ...", "dateLastCrawled": "2017-03-02T22:38:00.0000000Z"},
        {"id": "https:\/\/www.bingapis.com\/api\/v6\/#WebPages.8", "name": "Clotilde.
        Libretto. Italian | Library of Congress", "url": "https:\/\/www.loc.gov\/item\/2010666122\/",
        "urlPingSuffix": "DevEx,5180.1", "displayUrl": "https:\/\/www.loc.gov\/item\/2010666122",
        "snippet": "Per il Nicolini, In Venetia, monographic, 1696. Image. Retrieved
        from the Library of Congress, <https:\/\/www.loc.gov\/item\/2010666122\/>.
        More Books like this. Book", "dateLastCrawled": "2017-03-07T14:09:00.0000000Z"},
        {"id": "https:\/\/www.bingapis.com\/api\/v6\/#WebPages.9", "name": "Part 12—Acquisition
        of Commercial Items", "url": "https:\/\/www.acquisition.gov\/sites\/default\/files\/current\/far\/html\/FARTOCP12.html",
        "urlPingSuffix": "DevEx,5193.1", "displayUrl": "https:\/\/www.acquisition.gov\/sites\/default\/files\/current\/far\/html\/...",
        "snippet": "Part 12—Acquisition of Commercial Items. 12.000 Scope of part.
        12.001 Definition. Subpart 12.1—Acquisition of Commercial Items—General. 12.101
        Policy.", "dateLastCrawled": "2017-03-01T21:31:00.0000000Z"}, {"id": "https:\/\/www.bingapis.com\/api\/v6\/#WebPages.10",
        "name": "NAVSEA Standard Item 009-26 (Including Attachment A)", "url": "http:\/\/www.navsea.navy.mil\/Home\/RMC\/CNRMC\/Our-Programs\/SSRAC\/",
        "urlPingSuffix": "DevEx,5205.1", "displayUrl": "www.navsea.navy.mil\/Home\/RMC\/CNRMC\/Our-Programs\/SSRAC",
        "snippet": "NAVSEA Standard Specifications for Ship Repair and Alteration
        Committee (SSRAC) What''s New. The new, draft, Standard Item 009-BB is posted
        on the SSRAC website to ...", "dateLastCrawled": "2017-03-03T03:28:00.0000000Z"},
        {"id": "https:\/\/www.bingapis.com\/api\/v6\/#WebPages.11", "name": "Bulk
        Item Disposal - Welcome to NYC.gov | City of New York", "url": "http:\/\/www1.nyc.gov\/nyc-resources\/service\/1038\/bulk-item-disposal",
        "urlPingSuffix": "DevEx,5220.1", "displayUrl": "www1.nyc.gov\/nyc-resources\/service\/1038\/bulk-item-disposal",
        "snippet": "A bulk item is something that is too large to fit into a garbage
        bin or bag. You can get free curbside removal of bulk items from residences.
        Bulk metal and rigid ...", "dateLastCrawled": "2017-03-02T17:16:00.0000000Z"},
        {"id": "https:\/\/www.bingapis.com\/api\/v6\/#WebPages.12", "name": "San Jose,
        CA - Official Website - Junk pickup", "url": "http:\/\/www.sanjoseca.gov\/index.aspx?NID=3649",
        "urlPingSuffix": "DevEx,5232.1", "displayUrl": "www.sanjoseca.gov\/index.aspx?NID=3649",
        "snippet": "Large Item Collection, junk pickup, large item pickup, bulky,
        mattresses, sofas, refrigerators, tires, recycle, recycling, large items,
        schedule, hauler, curbside ...", "dateLastCrawled": "2017-02-25T22:00:00.0000000Z"},
        {"id": "https:\/\/www.bingapis.com\/api\/v6\/#WebPages.13", "name": "Lost
        & Found | Transportation Security Administration", "url": "https:\/\/www.tsa.gov\/contact\/lost-and-found",
        "urlPingSuffix": "DevEx,5248.1", "displayUrl": "https:\/\/www.tsa.gov\/contact\/lost-and-found",
        "snippet": "The Lost & Found contacts are for items left at TSA security
        checkpoints or items missing from checked baggage. For items left in other
        areas of the airport, please ...", "dateLastCrawled": "2017-03-06T13:20:00.0000000Z"},
        {"id": "https:\/\/www.bingapis.com\/api\/v6\/#WebPages.14", "name": "[Untitled]
        | Library of Congress", "url": "https:\/\/www.loc.gov\/item\/owi2001029423\/PP\/",
        "urlPingSuffix": "DevEx,5260.1", "displayUrl": "https:\/\/www.loc.gov\/item\/owi2001029423\/PP",
        "snippet": "No, the item is not digitized. Please go to #2. Do the Access
        Advisory or Call Number fields above indicate that a non-digital surrogate
        exists ...", "dateLastCrawled": "2017-03-01T01:22:00.0000000Z"}, {"id": "https:\/\/www.bingapis.com\/api\/v6\/#WebPages.15",
        "name": "Recall Listing | CPSC.gov", "url": "https:\/\/www.cpsc.gov\/Recalls\/",
        "urlPingSuffix": "DevEx,5275.1", "displayUrl": "https:\/\/www.cpsc.gov\/Recalls",
        "snippet": "Feld Entertainment Recalls Toy Wands Due to Injury Hazard; Sold
        Exclusively at Disney On Ice and Disney Live Shows", "dateLastCrawled": "2017-02-13T03:18:00.0000000Z"},
        {"id": "https:\/\/www.bingapis.com\/api\/v6\/#WebPages.16", "name": "Item
        Lister - fdlp.gov", "url": "https:\/\/www.fdlp.gov\/requirements-guidance\/instructions\/34-item-lister",
        "urlPingSuffix": "DevEx,5287.1", "displayUrl": "https:\/\/www.fdlp.gov\/requirements-guidance\/instructions\/34-item-lister",
        "snippet": "Item Lister provides users with the ability to see which item
        numbers are and are not being selected by any given Federal depository library.
        To search, ...", "dateLastCrawled": "2017-02-15T08:56:00.0000000Z"}, {"id":
        "https:\/\/www.bingapis.com\/api\/v6\/#WebPages.17", "name": "Gitana | Library
        of Congress", "url": "https:\/\/www.loc.gov\/item\/det1994003933\/PP\/", "urlPingSuffix":
        "DevEx,5299.1", "displayUrl": "https:\/\/www.loc.gov\/item\/det1994003933\/PP",
        "snippet": "No, the item is not digitized. Please go to #2. Do the Access
        Advisory or Call Number fields above indicate that a non-digital surrogate
        exists ...", "dateLastCrawled": "2017-03-03T15:19:00.0000000Z"}, {"id": "https:\/\/www.bingapis.com\/api\/v6\/#WebPages.18",
        "name": "Disputing Errors on Credit Reports | Consumer Information", "url":
        "https:\/\/www.consumer.ftc.gov\/articles\/0151-disputing-errors-credit-reports",
        "urlPingSuffix": "DevEx,5312.1", "displayUrl": "https:\/\/www.consumer.ftc.gov\/articles\/0151-disputing-errors-credit...",
        "snippet": "If the provider continues to report the item you disputed to
        a credit reporting company, it must let the credit reporting company know
        about your dispute.", "dateLastCrawled": "2017-03-03T00:52:00.0000000Z"},
        {"id": "https:\/\/www.bingapis.com\/api\/v6\/#WebPages.19", "name": "Meemer
        | Library of Congress", "url": "https:\/\/www.loc.gov\/item\/det1994001781\/PP\/",
        "urlPingSuffix": "DevEx,5324.1", "displayUrl": "https:\/\/www.loc.gov\/item\/det1994001781\/PP",
        "snippet": "No, the item is not digitized. Please go to #2. Do the Access
        Advisory or Call Number fields above indicate that a non-digital surrogate
        exists ...", "dateLastCrawled": "2017-03-07T02:04:00.0000000Z"}]}, "rankingResponse":
        {"mainline": {"items": [{"answerType": "DictionaryWords"}, {"answerType":
        "WebPages", "resultIndex": 0, "value": {"id": "https:\/\/www.bingapis.com\/api\/v6\/#WebPages.0"}},
        {"answerType": "WebPages", "resultIndex": 1, "value": {"id": "https:\/\/www.bingapis.com\/api\/v6\/#WebPages.1"}},
        {"answerType": "WebPages", "resultIndex": 2, "value": {"id": "https:\/\/www.bingapis.com\/api\/v6\/#WebPages.2"}},
        {"answerType": "WebPages", "resultIndex": 3, "value": {"id": "https:\/\/www.bingapis.com\/api\/v6\/#WebPages.3"}},
        {"answerType": "WebPages", "resultIndex": 4, "value": {"id": "https:\/\/www.bingapis.com\/api\/v6\/#WebPages.4"}},
        {"answerType": "WebPages", "resultIndex": 5, "value": {"id": "https:\/\/www.bingapis.com\/api\/v6\/#WebPages.5"}},
        {"answerType": "WebPages", "resultIndex": 6, "value": {"id": "https:\/\/www.bingapis.com\/api\/v6\/#WebPages.6"}},
        {"answerType": "WebPages", "resultIndex": 7, "value": {"id": "https:\/\/www.bingapis.com\/api\/v6\/#WebPages.7"}},
        {"answerType": "WebPages", "resultIndex": 8, "value": {"id": "https:\/\/www.bingapis.com\/api\/v6\/#WebPages.8"}},
        {"answerType": "WebPages", "resultIndex": 9, "value": {"id": "https:\/\/www.bingapis.com\/api\/v6\/#WebPages.9"}},
        {"answerType": "WebPages", "resultIndex": 10, "value": {"id": "https:\/\/www.bingapis.com\/api\/v6\/#WebPages.10"}},
        {"answerType": "WebPages", "resultIndex": 11, "value": {"id": "https:\/\/www.bingapis.com\/api\/v6\/#WebPages.11"}},
        {"answerType": "WebPages", "resultIndex": 12, "value": {"id": "https:\/\/www.bingapis.com\/api\/v6\/#WebPages.12"}},
        {"answerType": "WebPages", "resultIndex": 13, "value": {"id": "https:\/\/www.bingapis.com\/api\/v6\/#WebPages.13"}},
        {"answerType": "WebPages", "resultIndex": 14, "value": {"id": "https:\/\/www.bingapis.com\/api\/v6\/#WebPages.14"}},
        {"answerType": "WebPages", "resultIndex": 15, "value": {"id": "https:\/\/www.bingapis.com\/api\/v6\/#WebPages.15"}},
        {"answerType": "WebPages", "resultIndex": 16, "value": {"id": "https:\/\/www.bingapis.com\/api\/v6\/#WebPages.16"}},
        {"answerType": "WebPages", "resultIndex": 17, "value": {"id": "https:\/\/www.bingapis.com\/api\/v6\/#WebPages.17"}},
        {"answerType": "WebPages", "resultIndex": 18, "value": {"id": "https:\/\/www.bingapis.com\/api\/v6\/#WebPages.18"}},
        {"answerType": "WebPages", "resultIndex": 19, "value": {"id": "https:\/\/www.bingapis.com\/api\/v6\/#WebPages.19"}}]}}}'
    http_version: 
  recorded_at: Tue, 07 Mar 2017 20:11:34 GMT
- request:
    method: get
    uri: https://www.bingapis.com/api/v6/search?AppId=***REMOVED***&count=20&mkt=en-US&offset=0&q=item%20(site:gov%20OR%20site:mil)&responseFilter=WebPages,SpellSuggestions&safeSearch=moderate&textDecorations=true&traffictype=test
    body:
      encoding: US-ASCII
      string: ''
    headers:
      User-Agent:
      - USASearch
      Ocp-Apim-Subscription-Key:
      - ***REMOVED***
      Accept-Encoding:
      - gzip;q=1.0,deflate;q=0.6,identity;q=0.3
      Accept:
      - "*/*"
      Connection:
      - keep-alive
      Keep-Alive:
      - 30
  response:
    status:
      code: 200
      message: OK
    headers:
      Cache-Control:
      - private, max-age=0
      Content-Length:
      - '3194'
      Content-Type:
      - application/json; charset=utf-8
      Expires:
      - Tue, 07 Mar 2017 20:10:34 GMT
      Vary:
      - Accept-Encoding
      Server:
      - Microsoft-IIS/8.5
      P3p:
      - CP="NON UNI COM NAV STA LOC CURa DEVa PSAa PSDa OUR IND"
      Set-Cookie:
      - MUID=3F59093934C26D0D2307030735556CA8; path=/; expires=Thu, 07-Mar-2019 20:11:34
        GMT; domain=bingapis.com
      - MUIDB=3F59093934C26D0D2307030735556CA8; path=/; httponly; expires=Thu, 07-Mar-2019
        20:11:34 GMT
      - SRCHD=AF=NOFORM; domain=.bingapis.com; expires=Thu, 07-Mar-2019 20:11:34 GMT;
        path=/
      - SRCHUID=V=2&GUID=5BECF19E274D4105AE639477D23428E8; expires=Thu, 07-Mar-2019
        20:11:34 GMT; path=/
      - SRCHUSR=DOB=20170307; domain=.bingapis.com; expires=Thu, 07-Mar-2019 20:11:34
        GMT; path=/
      - _EDGE_S=mkt=en-us&F=1&SID=14567994DC6161F10C2073AADDF66084; path=/; httponly;
        domain=bingapis.com
      - _EDGE_V=1; path=/; httponly; expires=Thu, 07-Mar-2019 20:11:34 GMT; domain=bingapis.com
      - _SS=SID=14567994DC6161F10C2073AADDF66084; domain=.bingapis.com; path=/
      Bingapis-Traceid:
      - DF64E71077A9473FAEF5406D99D43DC6
      X-Msedge-Clientid:
      - 3F59093934C26D0D2307030735556CA8
      X-Msapi-Userstate:
      - 0f94
      Bingapis-Market:
      - en-US
      X-Msedge-Ref:
      - 'Ref A: DF64E71077A9473FAEF5406D99D43DC6 Ref B: CO1EDGE0416 Ref C: Tue Mar  7
        12:11:34 2017 PST'
      Date:
      - Tue, 07 Mar 2017 20:11:34 GMT
    body:
      encoding: UTF-8
      string: '{"_type": "SearchResponse", "instrumentation": {"pingUrlBase": "https:\/\/www.bingapis.com\/api\/ping?IG=A7169FFA8879444FBD39A42F666129DF&CID=3F59093934C26D0D2307030735556CA8&ID=",
        "pageLoadPingUrl": "https:\/\/www.bingapis.com\/api\/ping\/pageload?IG=A7169FFA8879444FBD39A42F666129DF&CID=3F59093934C26D0D2307030735556CA8&Type=Event.CPT&DATA=0"},
        "webPages": {"webSearchUrl": "https:\/\/www.bing.com\/search?q=item+(site%3agov+OR+site%3amil)",
        "webSearchUrlPingSuffix": "DevEx,5479.1", "totalEstimatedMatches": 1960000,
        "value": [{"id": "https:\/\/www.bingapis.com\/api\/v6\/#WebPages.0", "name":
        "Form 8-K - Official Site", "url": "https:\/\/www.sec.gov\/about\/forms\/form8-k.pdf",
        "urlPingSuffix": "DevEx,5079.1", "displayUrl": "https:\/\/www.sec.gov\/about\/forms\/form8-k.pdf",
        "snippet": "If a report on Form 8-K contains disclosures under Item 2.02
        or Item 7.01, whether or not the report contains disclosures regarding other
        items, ...", "dateLastCrawled": "2017-03-06T10:33:00.0000000Z"}, {"id": "https:\/\/www.bingapis.com\/api\/v6\/#WebPages.1",
        "name": "Bishop Arnett | Library of Congress", "url": "https:\/\/www.loc.gov\/item\/2016697726\/",
        "urlPingSuffix": "DevEx,5090.1", "displayUrl": "https:\/\/www.loc.gov\/item\/2016697726",
        "snippet": "No, the item is not digitized. Please go to #2. Do the Access
        Advisory or Call Number fields above indicate that a non-digital surrogate
        exists ...", "dateLastCrawled": "2017-03-05T13:51:00.0000000Z"}, {"id": "https:\/\/www.bingapis.com\/api\/v6\/#WebPages.2",
        "name": "Peking Street | Library of Congress", "url": "https:\/\/www.loc.gov\/item\/ggb2004009001\/",
        "urlPingSuffix": "DevEx,5102.1", "displayUrl": "https:\/\/www.loc.gov\/item\/ggb2004009001",
        "snippet": "No, the item is not digitized. Please go to #2. Do the Access
        Advisory or Call Number fields above indicate that a non-digital surrogate
        exists ...", "dateLastCrawled": "2017-03-04T20:01:00.0000000Z"}, {"id": "https:\/\/www.bingapis.com\/api\/v6\/#WebPages.3",
        "name": "Regulation S-K Compliance and Disclosure Interpretations", "url":
        "https:\/\/www.sec.gov\/divisions\/corpfin\/guidance\/regs-kinterp.htm", "urlPingSuffix":
        "DevEx,5115.1", "displayUrl": "https:\/\/www.sec.gov\/divisions\/corpfin\/guidance\/regs-kinterp.htm",
        "snippet": "QUESTIONS AND ANSWERS OF GENERAL APPLICABILITY Section 101. Regulation
        S-K — General Guidance. None. Section 102. Item 10 — General Question 102.01",
        "dateLastCrawled": "2017-02-26T13:45:00.0000000Z"}, {"id": "https:\/\/www.bingapis.com\/api\/v6\/#WebPages.4",
        "name": "Doris Stevens | Library of Congress", "url": "https:\/\/www.loc.gov\/item\/ggb2005022370\/",
        "urlPingSuffix": "DevEx,5127.1", "displayUrl": "https:\/\/www.loc.gov\/item\/ggb2005022370",
        "snippet": "No, the item is not digitized. Please go to #2. Do the Access
        Advisory or Call Number fields above indicate that a non-digital surrogate
        exists ...", "dateLastCrawled": "2017-03-05T13:40:00.0000000Z"}, {"id": "https:\/\/www.bingapis.com\/api\/v6\/#WebPages.5",
        "name": "Bulk Item Disposal | City of New York", "url": "http:\/\/www1.nyc.gov\/nyc-resources\/service\/1038\/bulk-item-disposal",
        "urlPingSuffix": "DevEx,5141.1", "displayUrl": "www1.nyc.gov\/nyc-resources\/service\/1038\/bulk-item-disposal",
        "snippet": "A bulk item is something that is too large to fit into a garbage
        bin or bag. You can get free curbside removal of bulk items from residences.
        Bulk metal and rigid ...", "dateLastCrawled": "2017-03-05T22:42:00.0000000Z"},
        {"id": "https:\/\/www.bingapis.com\/api\/v6\/#WebPages.6", "name": "Tips on
        Completing Item 6 of the HSR Form | Federal Trade ...", "url": "https:\/\/www.ftc.gov\/enforcement\/premerger-notification-program\/hsr-resources\/tips-completing-item-6-hsr-form",
        "urlPingSuffix": "DevEx,5159.1", "displayUrl": "https:\/\/www.ftc.gov\/...\/hsr-resources\/tips-completing-item-6-hsr-form",
        "snippet": "The HSR form requires a filing party to disclose information on
        its subsidiaries in Item 6(a), its share or interest holders in Item 6(b)
        and its minority holdings in ...", "dateLastCrawled": "2017-03-05T13:42:00.0000000Z"},
        {"id": "https:\/\/www.bingapis.com\/api\/v6\/#WebPages.7", "name": "Item
        402 of Regulation S-K - Executive Compensation", "url": "https:\/\/www.sec.gov\/divisions\/corpfin\/guidance\/execcomp402interp.htm",
        "urlPingSuffix": "DevEx,5172.1", "displayUrl": "https:\/\/www.sec.gov\/divisions\/corpfin\/guidance\/execcomp402interp.htm",
        "snippet": "Item 402 of Regulation S-K — Executive Compensation Last Update:
        August 8, 2007. The bracketed date following each interpretation is the latest
        date of publication ...", "dateLastCrawled": "2017-03-02T22:38:00.0000000Z"},
        {"id": "https:\/\/www.bingapis.com\/api\/v6\/#WebPages.8", "name": "Clotilde.
        Libretto. Italian | Library of Congress", "url": "https:\/\/www.loc.gov\/item\/2010666122\/",
        "urlPingSuffix": "DevEx,5184.1", "displayUrl": "https:\/\/www.loc.gov\/item\/2010666122",
        "snippet": "Per il Nicolini, In Venetia, monographic, 1696. Image. Retrieved
        from the Library of Congress, <https:\/\/www.loc.gov\/item\/2010666122\/>.
        More Books like this. Book", "dateLastCrawled": "2017-03-07T14:09:00.0000000Z"},
        {"id": "https:\/\/www.bingapis.com\/api\/v6\/#WebPages.9", "name": "ITEM
        #0601020A – STAMPED CONCRETE - Connecticut", "url": "http:\/\/www.ct.gov\/dot\/lib\/dot\/0601020a_-stamped_concrete__rev_7_12_10_.pdf",
        "urlPingSuffix": "DevEx,5195.1", "displayUrl": "www.ct.gov\/dot\/lib\/dot\/0601020a_-stamped_concrete__rev_7_12_10_.pdf",
        "snippet": "ITEM #0601020A minimum of 5 references proving the satisfactory
        completion of such work performed by the concrete contractor within 7 calendar
        days of the award of ...", "dateLastCrawled": "2017-02-11T16:18:00.0000000Z"},
        {"id": "https:\/\/www.bingapis.com\/api\/v6\/#WebPages.10", "name": "gobi4rp.dot.ga.gov",
        "url": "http:\/\/gobi4rp.dot.ga.gov\/ISA\/ItemMeanSummary.jsp", "urlPingSuffix":
        "DevEx,5206.1", "displayUrl": "gobi4rp.dot.ga.gov\/ISA\/ItemMeanSummary.jsp",
        "snippet": "gobi4rp.dot.ga.gov", "dateLastCrawled": "2017-02-28T15:56:00.0000000Z"},
        {"id": "https:\/\/www.bingapis.com\/api\/v6\/#WebPages.11", "name": "San Jose,
        CA - Official Website - Junk pickup", "url": "http:\/\/www.sanjoseca.gov\/index.aspx?NID=3649",
        "urlPingSuffix": "DevEx,5222.1", "displayUrl": "www.sanjoseca.gov\/index.aspx?NID=3649",
        "snippet": "Large Item Collection, junk pickup, large item pickup, bulky,
        mattresses, sofas, refrigerators, tires, recycle, recycling, large items,
        schedule, hauler, curbside ...", "dateLastCrawled": "2017-02-25T22:00:00.0000000Z"},
        {"id": "https:\/\/www.bingapis.com\/api\/v6\/#WebPages.12", "name": "Road
        Item Lists - TN.Gov", "url": "https:\/\/www.tdot.tn.gov\/APPLICATIONS\/RoadwayItems",
        "urlPingSuffix": "DevEx,5236.1", "displayUrl": "https:\/\/www.tdot.tn.gov\/APPLICATIONS\/RoadwayItems",
        "snippet": "Road Item Lists SearchOptions. English (Spec. Year 2000) ...
        Partial Item Numbers and Partial Description Keywords are allowed in the
        search.)", "dateLastCrawled": "2017-03-01T18:04:00.0000000Z"}, {"id": "https:\/\/www.bingapis.com\/api\/v6\/#WebPages.13",
        "name": "NAVSEA Standard Item 009-26 (Including Attachment A)", "url": "http:\/\/www.navsea.navy.mil\/Home\/RMC\/CNRMC\/Our-Programs\/SSRAC\/",
        "urlPingSuffix": "DevEx,5248.1", "displayUrl": "www.navsea.navy.mil\/Home\/RMC\/CNRMC\/Our-Programs\/SSRAC",
        "snippet": "NAVSEA Standard Specifications for Ship Repair and Alteration
        Committee (SSRAC) What''s New. The new, draft, Standard Item 009-BB is posted
        on the SSRAC website to ...", "dateLastCrawled": "2017-03-06T08:31:00.0000000Z"},
        {"id": "https:\/\/www.bingapis.com\/api\/v6\/#WebPages.14", "name": "[Untitled]
        | Library of Congress", "url": "https:\/\/www.loc.gov\/item\/owi2001029423\/PP\/",
        "urlPingSuffix": "DevEx,5260.1", "displayUrl": "https:\/\/www.loc.gov\/item\/owi2001029423\/PP",
        "snippet": "No, the item is not digitized. Please go to #2. Do the Access
        Advisory or Call Number fields above indicate that a non-digital surrogate
        exists ...", "dateLastCrawled": "2017-03-01T01:22:00.0000000Z"}, {"id": "https:\/\/www.bingapis.com\/api\/v6\/#WebPages.15",
        "name": "Form 10-K - Sec", "url": "https:\/\/www.sec.gov\/about\/forms\/form10-k.pdf",
        "urlPingSuffix": "DevEx,5271.1", "displayUrl": "https:\/\/www.sec.gov\/about\/forms\/form10-k.pdf",
        "snippet": "FORM 10-K ANNUAL REPORT ... Information required by any item
        or other requirement of this form with respect to any foreign subsidiary may
        be omitted", "dateLastCrawled": "2017-03-06T06:12:00.0000000Z"}, {"id": "https:\/\/www.bingapis.com\/api\/v6\/#WebPages.16",
        "name": "current SEC Form N-1A", "url": "https:\/\/www.sec.gov\/about\/forms\/formn-1a.pdf",
        "urlPingSuffix": "DevEx,5281.1", "displayUrl": "https:\/\/www.sec.gov\/about\/forms\/formn-1a.pdf",
        "snippet": "FORM N-1A OMB APPROVAL OMB Number: 3235-0307 Expires: February
        28, 2018 Estimated average burden ... When an item of Form N-1A specifically
        applies to", "dateLastCrawled": "2017-03-03T09:15:00.0000000Z"}, {"id": "https:\/\/www.bingapis.com\/api\/v6\/#WebPages.17",
        "name": "Gitana | Library of Congress", "url": "https:\/\/www.loc.gov\/item\/det1994003933\/PP\/",
        "urlPingSuffix": "DevEx,5292.1", "displayUrl": "https:\/\/www.loc.gov\/item\/det1994003933\/PP",
        "snippet": "No, the item is not digitized. Please go to #2. Do the Access
        Advisory or Call Number fields above indicate that a non-digital surrogate
        exists ...", "dateLastCrawled": "2017-03-03T15:19:00.0000000Z"}, {"id": "https:\/\/www.bingapis.com\/api\/v6\/#WebPages.18",
        "name": "Meemer | Library of Congress", "url": "https:\/\/www.loc.gov\/item\/det1994001781\/PP\/",
        "urlPingSuffix": "DevEx,5304.1", "displayUrl": "https:\/\/www.loc.gov\/item\/det1994001781\/PP",
        "snippet": "No, the item is not digitized. Please go to #2. Do the Access
        Advisory or Call Number fields above indicate that a non-digital surrogate
        exists ...", "dateLastCrawled": "2017-03-07T02:04:00.0000000Z"}, {"id": "https:\/\/www.bingapis.com\/api\/v6\/#WebPages.19",
        "name": "ITEM 607.41010010 - TEMPORARY PLASTIC BARRIER FENCE ...", "url":
        "https:\/\/www.dot.ny.gov\/spec-repository-us\/607.41010010.pdf", "urlPingSuffix":
        "DevEx,5316.1", "displayUrl": "https:\/\/www.dot.ny.gov\/spec-repository-us\/607.41010010.pdf",
        "snippet": "ITEM 607.41010010 - TEMPORARY PLASTIC BARRIER FENCE Page 1 of
        2 May, 2012 DESCRIPTION This work shall consist of furnishing, installing,
        and maintaining Temporary ...", "dateLastCrawled": "2017-02-25T12:56:00.0000000Z"}]},
        "rankingResponse": {"mainline": {"items": [{"answerType": "DictionaryWords"},
        {"answerType": "WebPages", "resultIndex": 0, "value": {"id": "https:\/\/www.bingapis.com\/api\/v6\/#WebPages.0"}},
        {"answerType": "WebPages", "resultIndex": 1, "value": {"id": "https:\/\/www.bingapis.com\/api\/v6\/#WebPages.1"}},
        {"answerType": "WebPages", "resultIndex": 2, "value": {"id": "https:\/\/www.bingapis.com\/api\/v6\/#WebPages.2"}},
        {"answerType": "WebPages", "resultIndex": 3, "value": {"id": "https:\/\/www.bingapis.com\/api\/v6\/#WebPages.3"}},
        {"answerType": "WebPages", "resultIndex": 4, "value": {"id": "https:\/\/www.bingapis.com\/api\/v6\/#WebPages.4"}},
        {"answerType": "WebPages", "resultIndex": 5, "value": {"id": "https:\/\/www.bingapis.com\/api\/v6\/#WebPages.5"}},
        {"answerType": "WebPages", "resultIndex": 6, "value": {"id": "https:\/\/www.bingapis.com\/api\/v6\/#WebPages.6"}},
        {"answerType": "WebPages", "resultIndex": 7, "value": {"id": "https:\/\/www.bingapis.com\/api\/v6\/#WebPages.7"}},
        {"answerType": "WebPages", "resultIndex": 8, "value": {"id": "https:\/\/www.bingapis.com\/api\/v6\/#WebPages.8"}},
        {"answerType": "WebPages", "resultIndex": 9, "value": {"id": "https:\/\/www.bingapis.com\/api\/v6\/#WebPages.9"}},
        {"answerType": "WebPages", "resultIndex": 10, "value": {"id": "https:\/\/www.bingapis.com\/api\/v6\/#WebPages.10"}},
        {"answerType": "WebPages", "resultIndex": 11, "value": {"id": "https:\/\/www.bingapis.com\/api\/v6\/#WebPages.11"}},
        {"answerType": "WebPages", "resultIndex": 12, "value": {"id": "https:\/\/www.bingapis.com\/api\/v6\/#WebPages.12"}},
        {"answerType": "WebPages", "resultIndex": 13, "value": {"id": "https:\/\/www.bingapis.com\/api\/v6\/#WebPages.13"}},
        {"answerType": "WebPages", "resultIndex": 14, "value": {"id": "https:\/\/www.bingapis.com\/api\/v6\/#WebPages.14"}},
        {"answerType": "WebPages", "resultIndex": 15, "value": {"id": "https:\/\/www.bingapis.com\/api\/v6\/#WebPages.15"}},
        {"answerType": "WebPages", "resultIndex": 16, "value": {"id": "https:\/\/www.bingapis.com\/api\/v6\/#WebPages.16"}},
        {"answerType": "WebPages", "resultIndex": 17, "value": {"id": "https:\/\/www.bingapis.com\/api\/v6\/#WebPages.17"}},
        {"answerType": "WebPages", "resultIndex": 18, "value": {"id": "https:\/\/www.bingapis.com\/api\/v6\/#WebPages.18"}},
        {"answerType": "WebPages", "resultIndex": 19, "value": {"id": "https:\/\/www.bingapis.com\/api\/v6\/#WebPages.19"}}]}}}'
    http_version: 
  recorded_at: Tue, 07 Mar 2017 20:11:34 GMT
- request:
    method: get
    uri: https://www.bingapis.com/api/v6/search?AppId=***REMOVED***&count=20&mkt=en-US&offset=0&q=item%20(site:gov%20OR%20site:mil)&responseFilter=WebPages,SpellSuggestions&safeSearch=moderate&textDecorations=true&traffictype=test
    body:
      encoding: US-ASCII
      string: ''
    headers:
      User-Agent:
      - USASearch
      Ocp-Apim-Subscription-Key:
      - ***REMOVED***
      Accept-Encoding:
      - gzip;q=1.0,deflate;q=0.6,identity;q=0.3
      Accept:
      - "*/*"
      Connection:
      - keep-alive
      Keep-Alive:
      - 30
  response:
    status:
      code: 200
      message: OK
    headers:
      Cache-Control:
      - private, max-age=0
      Content-Length:
      - '3656'
      Content-Type:
      - application/json; charset=utf-8
      Expires:
      - Tue, 07 Mar 2017 20:10:35 GMT
      Vary:
      - Accept-Encoding
      Server:
      - Microsoft-IIS/8.5
      P3p:
      - CP="NON UNI COM NAV STA LOC CURa DEVa PSAa PSDa OUR IND"
      Set-Cookie:
      - MUID=23EEB2ACC2156B523E67B892C3826AD8; path=/; expires=Thu, 07-Mar-2019 20:11:35
        GMT; domain=bingapis.com
      - MUIDB=23EEB2ACC2156B523E67B892C3826AD8; path=/; httponly; expires=Thu, 07-Mar-2019
        20:11:35 GMT
      - SRCHD=AF=NOFORM; domain=.bingapis.com; expires=Thu, 07-Mar-2019 20:11:35 GMT;
        path=/
      - SRCHUID=V=2&GUID=1A52BAEB6E564E60A3796C08D0E23558; expires=Thu, 07-Mar-2019
        20:11:35 GMT; path=/
      - SRCHUSR=DOB=20170307; domain=.bingapis.com; expires=Thu, 07-Mar-2019 20:11:35
        GMT; path=/
      - _EDGE_S=mkt=en-us&F=1&SID=319F0D561CE8617F0A5D07681D7F608A; path=/; httponly;
        domain=bingapis.com
      - _EDGE_V=1; path=/; httponly; expires=Thu, 07-Mar-2019 20:11:35 GMT; domain=bingapis.com
      - _SS=SID=319F0D561CE8617F0A5D07681D7F608A; domain=.bingapis.com; path=/
      Bingapis-Traceid:
      - DCC0FED836B540B7BB8E5D88AA5AB709
      X-Msedge-Clientid:
      - 23EEB2ACC2156B523E67B892C3826AD8
      X-Msapi-Userstate:
      - 018c
      Bingapis-Market:
      - en-US
      X-Msedge-Ref:
      - 'Ref A: DCC0FED836B540B7BB8E5D88AA5AB709 Ref B: CO1EDGE0509 Ref C: Tue Mar  7
        12:11:35 2017 PST'
      Date:
      - Tue, 07 Mar 2017 20:11:35 GMT
    body:
      encoding: UTF-8
      string: '{"_type": "SearchResponse", "instrumentation": {"pingUrlBase": "https:\/\/www.bingapis.com\/api\/ping?IG=8EF141BCA2164DD3B04F614DAC059830&CID=23EEB2ACC2156B523E67B892C3826AD8&ID=",
        "pageLoadPingUrl": "https:\/\/www.bingapis.com\/api\/ping\/pageload?IG=8EF141BCA2164DD3B04F614DAC059830&CID=23EEB2ACC2156B523E67B892C3826AD8&Type=Event.CPT&DATA=0"},
        "webPages": {"webSearchUrl": "https:\/\/www.bing.com\/search?q=item+(site%3agov+OR+site%3amil)",
        "webSearchUrlPingSuffix": "DevEx,5489.1", "totalEstimatedMatches": 1970000,
        "value": [{"id": "https:\/\/www.bingapis.com\/api\/v6\/#WebPages.0", "name":
        "Regulation S-K Compliance and Disclosure Interpretations", "url": "https:\/\/www.sec.gov\/divisions\/corpfin\/guidance\/regs-kinterp.htm",
        "urlPingSuffix": "DevEx,5080.1", "displayUrl": "https:\/\/www.sec.gov\/divisions\/corpfin\/guidance\/regs-kinterp.htm",
        "snippet": "QUESTIONS AND ANSWERS OF GENERAL APPLICABILITY Section 101. Regulation
        S-K — General Guidance. None. Section 102. Item 10 — General Question 102.01",
        "dateLastCrawled": "2017-02-26T13:45:00.0000000Z"}, {"id": "https:\/\/www.bingapis.com\/api\/v6\/#WebPages.1",
        "name": "Form 8-K - Official Site", "url": "https:\/\/www.sec.gov\/about\/forms\/form8-k.pdf",
        "urlPingSuffix": "DevEx,5093.1", "displayUrl": "https:\/\/www.sec.gov\/about\/forms\/form8-k.pdf",
        "snippet": "If a report on Form 8-K contains disclosures under Item 2.02
        or Item 7.01, whether or not the report contains disclosures regarding other
        items, ...", "dateLastCrawled": "2017-03-06T10:33:00.0000000Z"}, {"id": "https:\/\/www.bingapis.com\/api\/v6\/#WebPages.2",
        "name": "Peking Street | Library of Congress", "url": "https:\/\/www.loc.gov\/item\/ggb2004009001\/",
        "urlPingSuffix": "DevEx,5104.1", "displayUrl": "https:\/\/www.loc.gov\/item\/ggb2004009001",
        "snippet": "No, the item is not digitized. Please go to #2. Do the Access
        Advisory or Call Number fields above indicate that a non-digital surrogate
        exists ...", "dateLastCrawled": "2017-03-04T20:01:00.0000000Z"}, {"id": "https:\/\/www.bingapis.com\/api\/v6\/#WebPages.3",
        "name": "Bishop Arnett | Library of Congress", "url": "https:\/\/www.loc.gov\/item\/2016697726\/",
        "urlPingSuffix": "DevEx,5116.1", "displayUrl": "https:\/\/www.loc.gov\/item\/2016697726",
        "snippet": "No, the item is not digitized. Please go to #2. Do the Access
        Advisory or Call Number fields above indicate that a non-digital surrogate
        exists ...", "dateLastCrawled": "2017-03-05T13:51:00.0000000Z"}, {"id": "https:\/\/www.bingapis.com\/api\/v6\/#WebPages.4",
        "name": "Disputing Errors on Credit Reports | Consumer Information", "url":
        "https:\/\/www.consumer.ftc.gov\/articles\/0151-disputing-errors-credit-reports",
        "urlPingSuffix": "DevEx,5128.1", "displayUrl": "https:\/\/www.consumer.ftc.gov\/articles\/0151-disputing-errors-credit...",
        "snippet": "If the provider continues to report the item you disputed to
        a credit reporting company, it must let the credit reporting company know
        about your dispute.", "dateLastCrawled": "2017-03-03T00:52:00.0000000Z"},
        {"id": "https:\/\/www.bingapis.com\/api\/v6\/#WebPages.5", "name": "Home
        Inventory Checklist - Department of Financial", "url": "http:\/\/www.dfs.ny.gov\/consumer\/homeown\/home_invchklst.pdf",
        "urlPingSuffix": "DevEx,5140.1", "displayUrl": "www.dfs.ny.gov\/consumer\/homeown\/home_invchklst.pdf",
        "snippet": "HOME INVENTORY CHECKLIST Household Inventory Checklist | 2 Number
        Of Items Item Year Bought Cost Living Room Air Conditioner Window Units",
        "dateLastCrawled": "2017-03-02T21:26:00.0000000Z"}, {"id": "https:\/\/www.bingapis.com\/api\/v6\/#WebPages.6",
        "name": "Form 10-K - Sec", "url": "https:\/\/www.sec.gov\/about\/forms\/form10-k.pdf",
        "urlPingSuffix": "DevEx,5151.1", "displayUrl": "https:\/\/www.sec.gov\/about\/forms\/form10-k.pdf",
        "snippet": "FORM 10-K ANNUAL REPORT ... Information required by any item
        or other requirement of this form with respect to any foreign subsidiary may
        be omitted", "dateLastCrawled": "2017-03-06T06:12:00.0000000Z"}, {"id": "https:\/\/www.bingapis.com\/api\/v6\/#WebPages.7",
        "name": "PRICE ITEM PRICE ITEM REQUESTED", "url": "https:\/\/www.bop.gov\/locations\/institutions\/tha\/THX_CommList.pdf",
        "urlPingSuffix": "DevEx,5162.1", "displayUrl": "https:\/\/www.bop.gov\/locations\/institutions\/tha\/THX_CommList.pdf",
        "snippet": "no refunds or exchanges on any item. inmates are responsible
        for filling out commissary list in a legible manner. ensure the item you
        mark is the item you want.", "dateLastCrawled": "2017-03-02T17:14:00.0000000Z"},
        {"id": "https:\/\/www.bingapis.com\/api\/v6\/#WebPages.8", "name": "Travel
        Tips | Transportation Security Administration", "url": "https:\/\/www.tsa.gov\/travel\/travel-tips",
        "urlPingSuffix": "DevEx,5177.1", "displayUrl": "https:\/\/www.tsa.gov\/travel\/travel-tips",
        "snippet": "You are encouraged to keep these travel tips in mind to help
        facilitate the security screening ... These are limited to 3.4 ounces (100
        milliliters) or less per item.", "dateLastCrawled": "2017-03-05T19:25:00.0000000Z"},
        {"id": "https:\/\/www.bingapis.com\/api\/v6\/#WebPages.9", "name": "Tips on
        Completing Item 6 of the HSR Form | Federal Trade ...", "url": "https:\/\/www.ftc.gov\/enforcement\/premerger-notification-program\/hsr-resources\/tips-completing-item-6-hsr-form",
        "urlPingSuffix": "DevEx,5194.1", "displayUrl": "https:\/\/www.ftc.gov\/...\/hsr-resources\/tips-completing-item-6-hsr-form",
        "snippet": "The HSR form requires a filing party to disclose information on
        its subsidiaries in Item 6(a), its share or interest holders in Item 6(b)
        and its minority holdings in ...", "dateLastCrawled": "2017-03-05T13:42:00.0000000Z"},
        {"id": "https:\/\/www.bingapis.com\/api\/v6\/#WebPages.10", "name": "Lost
        & Found | Transportation Security Administration", "url": "https:\/\/www.tsa.gov\/contact\/lost-and-found",
        "urlPingSuffix": "DevEx,5210.1", "displayUrl": "https:\/\/www.tsa.gov\/contact\/lost-and-found",
        "snippet": "The Lost & Found contacts are for items left at TSA security
        checkpoints or items missing from checked baggage. For items left in other
        areas of the airport, please ...", "dateLastCrawled": "2017-02-28T18:16:00.0000000Z"},
        {"id": "https:\/\/www.bingapis.com\/api\/v6\/#WebPages.11", "name": "Bulk
        Item Disposal | City of New York", "url": "http:\/\/www1.nyc.gov\/nyc-resources\/service\/1038\/bulk-item-disposal",
        "urlPingSuffix": "DevEx,5224.1", "displayUrl": "www1.nyc.gov\/nyc-resources\/service\/1038\/bulk-item-disposal",
        "snippet": "A bulk item is something that is too large to fit into a garbage
        bin or bag. You can get free curbside removal of bulk items from residences.
        Bulk metal and rigid ...", "dateLastCrawled": "2017-03-02T17:16:00.0000000Z"},
        {"id": "https:\/\/www.bingapis.com\/api\/v6\/#WebPages.12", "name": "NAVSEA
        Standard Item 009-26 (Including Attachment A)", "url": "http:\/\/www.navsea.navy.mil\/Home\/RMC\/CNRMC\/Our-Programs\/SSRAC\/",
        "urlPingSuffix": "DevEx,5236.1", "displayUrl": "www.navsea.navy.mil\/Home\/RMC\/CNRMC\/Our-Programs\/SSRAC",
        "snippet": "NAVSEA Standard Specifications for Ship Repair and Alteration
        Committee (SSRAC) What''s New. The new, draft, Standard Item 009-BB is posted
        on the SSRAC website to ...", "dateLastCrawled": "2017-03-03T03:28:00.0000000Z"},
        {"id": "https:\/\/www.bingapis.com\/api\/v6\/#WebPages.13", "name": "Clotilde.
        Libretto. Italian | Library of Congress", "url": "https:\/\/www.loc.gov\/item\/2010666122\/",
        "urlPingSuffix": "DevEx,5248.1", "displayUrl": "https:\/\/www.loc.gov\/item\/2010666122",
        "snippet": "Per il Nicolini, In Venetia, monographic, 1696. Image. Retrieved
        from the Library of Congress, <https:\/\/www.loc.gov\/item\/2010666122\/>.
        More Books like this. Book", "dateLastCrawled": "2017-03-07T14:09:00.0000000Z"},
        {"id": "https:\/\/www.bingapis.com\/api\/v6\/#WebPages.14", "name": "Unordered
        Merchandise | Consumer Information", "url": "https:\/\/www.consumer.ftc.gov\/articles\/0181-unordered-merchandise",
        "urlPingSuffix": "DevEx,5262.1", "displayUrl": "https:\/\/www.consumer.ftc.gov\/articles\/0181-unordered-merchandise",
        "snippet": "Federal laws prohibit mailing unordered merchandise to consumers
        and then demanding payment. Here are some questions and answers about dealing
        with unordered merchandise.", "dateLastCrawled": "2017-02-26T09:29:00.0000000Z"},
        {"id": "https:\/\/www.bingapis.com\/api\/v6\/#WebPages.15", "name": "CARE
        Item Set and B-CARE", "url": "http:\/\/www.cms.gov\/Medicare\/Quality-Initiatives-Patient-Assessment-Instruments\/Post-Acute-Care-Quality-Initiatives\/CARE-Item-Set-and-B-CARE.html",
        "urlPingSuffix": "DevEx,5277.1", "displayUrl": "www.cms.gov\/...\/CARE-Item-Set-and-B-CARE.html",
        "snippet": "The Development and Testing of the Continuity Assessment Record
        and Evaluation (CARE) Item Set: Final Report on the Development of the CARE
        Item Set.", "dateLastCrawled": "2017-03-03T17:51:00.0000000Z"}, {"id": "https:\/\/www.bingapis.com\/api\/v6\/#WebPages.16",
        "name": "[Untitled] | Library of Congress", "url": "https:\/\/www.loc.gov\/item\/fsa2000048751\/PP\/",
        "urlPingSuffix": "DevEx,5289.1", "displayUrl": "https:\/\/www.loc.gov\/item\/fsa2000048751\/PP",
        "snippet": "No, the item is not digitized. Please go to #2. Do the Access
        Advisory or Call Number fields above indicate that a non-digital surrogate
        exists ...", "dateLastCrawled": "2017-03-05T13:35:00.0000000Z"}, {"id": "https:\/\/www.bingapis.com\/api\/v6\/#WebPages.17",
        "name": "Part 12—Acquisition of Commercial Items", "url": "https:\/\/www.acquisition.gov\/sites\/default\/files\/current\/far\/html\/FARTOCP12.html",
        "urlPingSuffix": "DevEx,5301.1", "displayUrl": "https:\/\/www.acquisition.gov\/sites\/default\/files\/current\/far\/html\/...",
        "snippet": "Part 12—Acquisition of Commercial Items. 12.000 Scope of part.
        12.001 Definition. Subpart 12.1—Acquisition of Commercial Items—General. 12.101
        Policy.", "dateLastCrawled": "2017-03-01T21:31:00.0000000Z"}, {"id": "https:\/\/www.bingapis.com\/api\/v6\/#WebPages.18",
        "name": "FR ANCHISE RULE 16 C. F.R. Part 436", "url": "https:\/\/www.ftc.gov\/system\/files\/documents\/plain-language\/bus70-franchise-rule-compliance-guide.pdf",
        "urlPingSuffix": "DevEx,5312.1", "displayUrl": "https:\/\/www.ftc.gov\/...\/bus70-franchise-rule-compliance-guide.pdf",
        "snippet": "FR ANCHISE RULE 16 C. F.R. Part 436 COMPLIANCE GUIDE ... Item
        1: The Franchisor and Any Parents, Predecessors, and Affiliates. . . . . .
        . . . . . . . . 29", "dateLastCrawled": "2017-03-05T19:50:00.0000000Z"}, {"id":
        "https:\/\/www.bingapis.com\/api\/v6\/#WebPages.19", "name": "Durable medical
        equipment | Medicare.gov", "url": "https:\/\/www.medicare.gov\/what-medicare-covers\/part-b\/durable-medical-equipment.html",
        "urlPingSuffix": "DevEx,5324.1", "displayUrl": "https:\/\/www.medicare.gov\/...\/part-b\/durable-medical-equipment.html",
        "snippet": "See what durable medical equipment (DME) Medicare covers,
        Competitive Bidding Program, getting DME and supplies at home and travelling.",
        "dateLastCrawled": "2017-03-02T00:31:00.0000000Z"}]}, "rankingResponse": {"mainline":
        {"items": [{"answerType": "DictionaryWords"}, {"answerType": "WebPages", "resultIndex":
        0, "value": {"id": "https:\/\/www.bingapis.com\/api\/v6\/#WebPages.0"}}, {"answerType":
        "WebPages", "resultIndex": 1, "value": {"id": "https:\/\/www.bingapis.com\/api\/v6\/#WebPages.1"}},
        {"answerType": "WebPages", "resultIndex": 2, "value": {"id": "https:\/\/www.bingapis.com\/api\/v6\/#WebPages.2"}},
        {"answerType": "WebPages", "resultIndex": 3, "value": {"id": "https:\/\/www.bingapis.com\/api\/v6\/#WebPages.3"}},
        {"answerType": "WebPages", "resultIndex": 4, "value": {"id": "https:\/\/www.bingapis.com\/api\/v6\/#WebPages.4"}},
        {"answerType": "WebPages", "resultIndex": 5, "value": {"id": "https:\/\/www.bingapis.com\/api\/v6\/#WebPages.5"}},
        {"answerType": "WebPages", "resultIndex": 6, "value": {"id": "https:\/\/www.bingapis.com\/api\/v6\/#WebPages.6"}},
        {"answerType": "WebPages", "resultIndex": 7, "value": {"id": "https:\/\/www.bingapis.com\/api\/v6\/#WebPages.7"}},
        {"answerType": "WebPages", "resultIndex": 8, "value": {"id": "https:\/\/www.bingapis.com\/api\/v6\/#WebPages.8"}},
        {"answerType": "WebPages", "resultIndex": 9, "value": {"id": "https:\/\/www.bingapis.com\/api\/v6\/#WebPages.9"}},
        {"answerType": "WebPages", "resultIndex": 10, "value": {"id": "https:\/\/www.bingapis.com\/api\/v6\/#WebPages.10"}},
        {"answerType": "WebPages", "resultIndex": 11, "value": {"id": "https:\/\/www.bingapis.com\/api\/v6\/#WebPages.11"}},
        {"answerType": "WebPages", "resultIndex": 12, "value": {"id": "https:\/\/www.bingapis.com\/api\/v6\/#WebPages.12"}},
        {"answerType": "WebPages", "resultIndex": 13, "value": {"id": "https:\/\/www.bingapis.com\/api\/v6\/#WebPages.13"}},
        {"answerType": "WebPages", "resultIndex": 14, "value": {"id": "https:\/\/www.bingapis.com\/api\/v6\/#WebPages.14"}},
        {"answerType": "WebPages", "resultIndex": 15, "value": {"id": "https:\/\/www.bingapis.com\/api\/v6\/#WebPages.15"}},
        {"answerType": "WebPages", "resultIndex": 16, "value": {"id": "https:\/\/www.bingapis.com\/api\/v6\/#WebPages.16"}},
        {"answerType": "WebPages", "resultIndex": 17, "value": {"id": "https:\/\/www.bingapis.com\/api\/v6\/#WebPages.17"}},
        {"answerType": "WebPages", "resultIndex": 18, "value": {"id": "https:\/\/www.bingapis.com\/api\/v6\/#WebPages.18"}},
        {"answerType": "WebPages", "resultIndex": 19, "value": {"id": "https:\/\/www.bingapis.com\/api\/v6\/#WebPages.19"}}]}}}'
    http_version: 
  recorded_at: Tue, 07 Mar 2017 20:11:35 GMT
recorded_with: VCR 3.0.3
