---
http_interactions:
- request:
    method: get
    uri: http://api.bing.net/json.aspx?Adult=moderate&AppId=A4C32FAE6F3DB386FC32ED1C4F3024742ED30906&Options=EnableHighlighting&fdtrace=1&query=(item)%20language:en%20(scopeid:usagovall%20OR%20site:gov%20OR%20site:mil)&sources=Spell%20Web&traffictype=test&web.count=20
    body:
      encoding: US-ASCII
      string: ''
    headers:
      User-Agent:
      - USASearch
      Accept-Encoding:
      - gzip;q=1.0,deflate;q=0.6,identity;q=0.3
      Accept:
      - "*/*"
      Connection:
      - keep-alive
      Keep-Alive:
      - 30
  response:
    status:
      code: 200
      message: ''
    headers:
      Content-Type:
      - application/json; charset=utf-8
      Server:
      - Microsoft-IIS/8.5
      X-Content-Type-Options:
      - nosniff
      Date:
      - Thu, 08 Dec 2016 23:02:26 GMT
      Content-Length:
      - '11406'
    body:
      encoding: UTF-8
      string: '{"SearchResponse":{"Version":"2.2","Query":{"SearchTerms":"\u0028item\u0029
        language\u003aen \u0028scopeid\u003ausagovall OR site\u003agov OR site\u003amil\u0029"},"Web":{"Total":5170000,"Offset":0,"Results":[{"Title":"Prohibited
        Items \u007c Transportation Security Administration","Description":"Even if
        an item is generally permitted, ... appears to have been tampered with,
        or poses other security concerns. Read about civil penalties for prohibited
        items. ...","Url":"https\u003a\u002f\u002fwww.tsa.gov\u002ftravel\u002fsecurity-screening\u002fprohibited-items","CacheUrl":"http\u003a\u002f\u002fcc.bingj.com\u002fcache.aspx\u003fq\u003ditem\u0026d\u003d4973917333883453\u0026w\u003djywu7OkRWPfV4GpAmqzWTvUAeMS4QO7Z","DisplayUrl":"https\u003a\u002f\u002fwww.tsa.gov\u002ftravel\u002fsecurity-screening\u002fprohibited-items","DateTime":"2016-12-02T05\u003a59\u003a00Z"},{"Title":"Item
        5.03 of Form 8-K - SEC.gov","Description":"If a report on Form 8-K contains
        disclosures under Item 2.02 or Item 7.01, whether or not the report contains
        disclosures regarding other items, ...","Url":"https\u003a\u002f\u002fwww.sec.gov\u002fabout\u002fforms\u002fform8-k.pdf","DisplayUrl":"https\u003a\u002f\u002fwww.sec.gov\u002fabout\u002fforms\u002fform8-k.pdf","DateTime":"2016-11-30T09\u003a40\u003a00Z"},{"Title":"\u005bUntitled\u005d
        \u007c Library of Congress","Description":"No, the item is not digitized.
        Please go to \u00232. Do the Access Advisory or Call Number fields above indicate
        that a non-digital surrogate exists ...","Url":"https\u003a\u002f\u002fwww.loc.gov\u002fitem\u002fowi2001013360\u002fPP\u002f","CacheUrl":"http\u003a\u002f\u002fcc.bingj.com\u002fcache.aspx\u003fq\u003ditem\u0026d\u003d3317265631076\u0026w\u003dhu3-RQkn_dZgLPUfeZn_ARL9wfZEi7vQ","DisplayUrl":"https\u003a\u002f\u002fwww.loc.gov\u002fitem\u002fowi2001013360\u002fPP","DateTime":"2016-12-08T10\u003a20\u003a00Z"},{"Title":"CPSC
        Home \u007c CPSC.gov","Description":"You are about to leave the U.S. Consumer
        Product Safety Commission \u0028CPSC\u0029 public website. The link you selected
        is for a destination outside of the Federal Government.","Url":"https\u003a\u002f\u002fwww.cpsc.gov\u002f","CacheUrl":"http\u003a\u002f\u002fcc.bingj.com\u002fcache.aspx\u003fq\u003ditem\u0026d\u003d4965752616322327\u0026w\u003dX24MFtprmibSKbKcdfmc7s8DApc7RmX8","DisplayUrl":"https\u003a\u002f\u002fwww.cpsc.gov","DateTime":"2016-12-02T20\u003a27\u003a00Z"},{"Title":"ISTEP\u002b
        Grades 3-8 \u007c IDOE","Description":"Item Samplers. The Item Samplers
        on this website provide information about ISTEP\u002b for students, parents,
        educators, and others. The items in each sampler are examples ...","Url":"http\u003a\u002f\u002fwww.doe.in.gov\u002fassessment\u002fistep-grades-3-8","CacheUrl":"http\u003a\u002f\u002fcc.bingj.com\u002fcache.aspx\u003fq\u003ditem\u0026d\u003d5002397274538636\u0026w\u003dGhmnvy5Pw0zi05nX3UukSxrtXK_Sjvpc","DisplayUrl":"www.doe.in.gov\u002fassessment\u002fistep-grades-3-8","DateTime":"2016-12-01T01\u003a56\u003a00Z"},{"Title":"Agenda
        Item 10 - calpers.ca.gov","Description":"Agenda Item 10 Pension and Health
        Benefits Committee Page 2 of 5 website twice a month with its pharmaceutical
        pricing data 4\u003b however, this public data omits","Url":"https\u003a\u002f\u002fwww.calpers.ca.gov\u002fdocs\u002fboard-agendas\u002f201606\u002fpension\u002fitem-10.pdf","DisplayUrl":"https\u003a\u002f\u002fwww.calpers.ca.gov\u002fdocs\u002fboard-agendas\u002f201606\u002fpension\u002fitem...","DateTime":"2016-12-03T22\u003a35\u003a00Z"},{"Title":"Don\u0027t
        bite the hand that\u0027s feeding you \u007c Library of Congress","Description":"Don\u0027t
        bite the hand that\u0027s feeding you Contributor Names Morgan, Jimmie. ...
        Articles and Essays with this item\u003a Immigration - Primary Source Set\u003b","Url":"https\u003a\u002f\u002fwww.loc.gov\u002fitem\u002f00694050\u002f","CacheUrl":"http\u003a\u002f\u002fcc.bingj.com\u002fcache.aspx\u003fq\u003ditem\u0026d\u003d4882232691525011\u0026w\u003d8d2Qj32lrSasLqCZY6uge9mxqAJ07v7j","DisplayUrl":"https\u003a\u002f\u002fwww.loc.gov\u002fitem\u002f00694050","DateTime":"2016-11-19T15\u003a45\u003a00Z"},{"Title":"Disputing
        Errors on Credit Reports \u007c Consumer Information","Description":"If the
        provider continues to report the item you disputed to a credit reporting
        company, it must let the credit reporting company know about your dispute.","Url":"https\u003a\u002f\u002fwww.consumer.ftc.gov\u002farticles\u002f0151-disputing-errors-credit-reports","CacheUrl":"http\u003a\u002f\u002fcc.bingj.com\u002fcache.aspx\u003fq\u003ditem\u0026d\u003d4735632566190562\u0026w\u003d_lrkinqDmS9phBQ8j0uNoDX131wY-CqT","DisplayUrl":"https\u003a\u002f\u002fwww.consumer.ftc.gov\u002farticles\u002f0151-disputing-errors-credit...","DateTime":"2016-11-30T03\u003a38\u003a00Z"},{"Title":"Modern
        Figures \u007c NASA","Description":"As seen in the movie Hidden Figures, NASA
        has a long-standing cultural commitment to excellence that is largely driven
        by data, including data about our people. Today ...","Url":"https\u003a\u002f\u002fwww.nasa.gov\u002fmodernfigures","CacheUrl":"http\u003a\u002f\u002fcc.bingj.com\u002fcache.aspx\u003fq\u003ditem\u0026d\u003d3179826662222\u0026w\u003dsGftoIyyGGzW4FglHOIxvVCKXjQyfuaT","DisplayUrl":"https\u003a\u002f\u002fwww.nasa.gov\u002fmodernfigures","DateTime":"2016-12-01T20\u003a17\u003a00Z"},{"Title":"Travel
        Tips \u007c Transportation Security Administration","Description":"Travel
        Tips. Preparing for travel may be stressful, but it doesn\u2019t need to be.
        ... These are limited to 3.4 ounces \u0028100 milliliters\u0029 or less per
        item.","Url":"https\u003a\u002f\u002fwww.tsa.gov\u002ftravel\u002ftravel-tips","CacheUrl":"http\u003a\u002f\u002fcc.bingj.com\u002fcache.aspx\u003fq\u003ditem\u0026d\u003d4917296788802228\u0026w\u003ddqItcQtjPBe8IOocbIPwnpynVSe5lZSS","DisplayUrl":"https\u003a\u002f\u002fwww.tsa.gov\u002ftravel\u002ftravel-tips","DateTime":"2016-11-30T06\u003a10\u003a00Z"},{"Title":"Lost
        \u0026 Found \u007c Transportation Security Administration","Description":"The
        Lost \u0026 Found contacts are for items left at TSA security checkpoints
        or items missing from checked baggage. For items left in other areas of the
        airport, please ...","Url":"https\u003a\u002f\u002fwww.tsa.gov\u002fcontact\u002flost-and-found","CacheUrl":"http\u003a\u002f\u002fcc.bingj.com\u002fcache.aspx\u003fq\u003ditem\u0026d\u003d4520815493972818\u0026w\u003d1pwv5zYemh8H1CIGSZKbgQ5LHVgDSqJ7","DisplayUrl":"https\u003a\u002f\u002fwww.tsa.gov\u002fcontact\u002flost-and-found","DateTime":"2016-12-02T07\u003a40\u003a00Z"},{"Title":"Category
        and Item Commentary Business Nonprofit Criteria","Description":"This item
        asks about the competitive environment in which your organization operates,
        including your key strategic challenges and advantages.","Url":"https\u003a\u002f\u002fwww.nist.gov\u002fdocument-5784","DisplayUrl":"https\u003a\u002f\u002fwww.nist.gov\u002fdocument-5784","DateTime":"2016-11-30T05\u003a46\u003a00Z"},{"Title":"SEC.gov
        \u007c Form 8-K","Description":"Form 8-K. In addition to filing annual reports
        on Form 10-K and quarterly reports on Form 10-Q, ... Item 1.01\u003a Entry
        into a Material Definitive Agreement\u003a Item 1.02\u003a","Url":"https\u003a\u002f\u002fwww.sec.gov\u002fanswers\u002fform8k.htm","CacheUrl":"http\u003a\u002f\u002fcc.bingj.com\u002fcache.aspx\u003fq\u003ditem\u0026d\u003d4829829812193188\u0026w\u003dGUPdFV79_r6UWlqk0Gp2BiY9Mps_27ni","DisplayUrl":"https\u003a\u002f\u002fwww.sec.gov\u002fanswers\u002fform8k.htm","DateTime":"2016-12-01T23\u003a03\u003a00Z"},{"Title":"E-Items
        Current - Connecticut","Description":"Current E-Items. Item_\u0023 Eff.Date
        Subject\u003b 0936-E\u003a 01\u002f01\u002f2006\u003a Increase in Family Sick
        Leave for Executives\u003a 1631-E\u003a 12\u002f01\u002f2010\u003a Extension
        of Arbitration Award ...","Url":"http\u003a\u002f\u002fdas.ct.gov\u002ffp1.aspx\u003fpage\u003d301","CacheUrl":"http\u003a\u002f\u002fcc.bingj.com\u002fcache.aspx\u003fq\u003ditem\u0026d\u003d4699301473878069\u0026w\u003dvdZdhOfYS59Y_oHTt7DRNzA90w-77vpK","DisplayUrl":"das.ct.gov\u002ffp1.aspx\u003fpage\u003d301","DateTime":"2016-12-03T13\u003a21\u003a00Z"},{"Title":"Home
        Inventory Checklist - Department of Financial","Description":"HOME INVENTORY
        CHECKLIST Household Inventory Checklist \u007c 3 Number Of Items Item Year
        Bought Cost Dining Room Air Conditioner Window Units","Url":"http\u003a\u002f\u002fwww.dfs.ny.gov\u002fconsumer\u002fhomeown\u002fhome_invchklst.pdf","DisplayUrl":"www.dfs.ny.gov\u002fconsumer\u002fhomeown\u002fhome_invchklst.pdf","DateTime":"2016-11-28T17\u003a19\u003a00Z"},{"Title":"Form
        8-K\u2019s Item 5.07 \u2013 New Question 121A.01","Description":"Exchange
        Act Form 8-K Last Update\u003a May 16, 2013. These interpretations replace
        the Form 8-K interpretations in the July 1997 Manual of Publicly Available
        Telephone ...","Url":"https\u003a\u002f\u002fwww.sec.gov\u002fdivisions\u002fcorpfin\u002fguidance\u002f8-kinterp.htm","CacheUrl":"http\u003a\u002f\u002fcc.bingj.com\u002fcache.aspx\u003fq\u003ditem\u0026d\u003d4905532853652276\u0026w\u003d3kpyFsTih4m2x3BHDjTyrRKW__vNIpyi","DisplayUrl":"https\u003a\u002f\u002fwww.sec.gov\u002fdivisions\u002fcorpfin\u002fguidance\u002f8-kinterp.htm","DateTime":"2016-11-30T14\u003a11\u003a00Z"},{"Title":"Shines
        \u007c Library of Congress","Description":"No, the item is not digitized.
        Please go to \u00232. Do the Access Advisory or Call Number fields above indicate
        that a non-digital surrogate exists ...","Url":"https\u003a\u002f\u002fwww.loc.gov\u002fitem\u002fdet1994004840\u002fPP\u002f","CacheUrl":"http\u003a\u002f\u002fcc.bingj.com\u002fcache.aspx\u003fq\u003ditem\u0026d\u003d9501986291035\u0026w\u003du6uFTDab18-eLELUKKzRvwLOkCO6JgRc","DisplayUrl":"https\u003a\u002f\u002fwww.loc.gov\u002fitem\u002fdet1994004840\u002fPP","DateTime":"2016-12-07T13\u003a55\u003a00Z"},{"Title":"Agenda
        Item 14 - The Medical Board of California","Description":"Agenda Item
        14 BRD 14 - 7. Attachment 2 . State of California BUSINESS AND PROFESSIONS
        CODE DIVISION 2. HEALING ARTS Chapter 5. Medicine Article 4.","Url":"http\u003a\u002f\u002fwww.mbc.ca.gov\u002fAbout_Us\u002fMeetings\u002f2016\u002fMaterials\u002fmaterials_20160121_brd-14.pdf","DisplayUrl":"www.mbc.ca.gov\u002fAbout_Us\u002fMeetings\u002f2016\u002fMaterials\u002fmaterials_20160121...","DateTime":"2016-12-03T05\u003a50\u003a00Z"},{"Title":"ITEM
        - placer.ca.gov","Description":"ITEM YEAR TOTAL VALUE Miscellaneous Livestock
        2015 \u0024 1,716,000 and Poultry Products\u002a 2014 \u0024 1,783,000 \u002aMiscellaneous
        Livestock and Poultry Products includes milk ...","Url":"http\u003a\u002f\u002fwww.placer.ca.gov\u002f\u007e\u002fmedia\u002fagr\u002fcrop\u002520report\u002fplacer\u002520crop\u002520report\u0025202015.pdf\u003fla\u003den","DisplayUrl":"www.placer.ca.gov\u002f\u007e\u002fmedia\u002fagr\u002fcrop
        report\u002fplacer crop report 2015...","DateTime":"2016-12-02T02\u003a36\u003a00Z"},{"Title":"gobi4rp.dot.ga.gov","Description":"gobi4rp.dot.ga.gov","Url":"http\u003a\u002f\u002fgobi4rp.dot.ga.gov\u002fISA\u002fItemMeanSummary.jsp","DisplayUrl":"gobi4rp.dot.ga.gov\u002fISA\u002fItemMeanSummary.jsp","DateTime":"2016-12-01T03\u003a27\u003a00Z"}]}}}'
    http_version: 
  recorded_at: Fri, 06 Dec 2017 17:00:00 GMT
- request:
    method: get
    uri: http://api.bing.net/json.aspx?Adult=moderate&AppId=A4C32FAE6F3DB386FC32ED1C4F3024742ED30906&Options=EnableHighlighting&fdtrace=1&query=(item)%20language:en%20(scopeid:usagovall%20OR%20site:gov%20OR%20site:mil)&sources=Spell%20Web&traffictype=test&web.count=20
    body:
      encoding: US-ASCII
      string: ''
    headers:
      User-Agent:
      - USASearch
      Accept-Encoding:
      - gzip;q=1.0,deflate;q=0.6,identity;q=0.3
      Accept:
      - "*/*"
      Connection:
      - keep-alive
      Keep-Alive:
      - 30
  response:
    status:
      code: 200
      message: ''
    headers:
      Content-Type:
      - application/json; charset=utf-8
      Server:
      - Microsoft-IIS/8.5
      X-Content-Type-Options:
      - nosniff
      Date:
      - Thu, 08 Dec 2016 23:02:27 GMT
      Content-Length:
      - '12294'
    body:
      encoding: UTF-8
      string: '{"SearchResponse":{"Version":"2.2","Query":{"SearchTerms":"\u0028item\u0029
        language\u003aen \u0028scopeid\u003ausagovall OR site\u003agov OR site\u003amil\u0029"},"Web":{"Total":5170000,"Offset":0,"Results":[{"Title":"Prohibited
        Items \u007c Transportation Security Administration","Description":"Even if
        an item is generally permitted, ... appears to have been tampered with,
        or poses other security concerns. Read about civil penalties for prohibited
        items. ...","Url":"https\u003a\u002f\u002fwww.tsa.gov\u002ftravel\u002fsecurity-screening\u002fprohibited-items","CacheUrl":"http\u003a\u002f\u002fcc.bingj.com\u002fcache.aspx\u003fq\u003ditem\u0026d\u003d4973917333883453\u0026w\u003djywu7OkRWPfV4GpAmqzWTvUAeMS4QO7Z","DisplayUrl":"https\u003a\u002f\u002fwww.tsa.gov\u002ftravel\u002fsecurity-screening\u002fprohibited-items","DateTime":"2016-12-02T05\u003a59\u003a00Z"},{"Title":"Item
        5.03 of Form 8-K - SEC.gov","Description":"If a report on Form 8-K contains
        disclosures under Item 2.02 or Item 7.01, whether or not the report contains
        disclosures regarding other items, ...","Url":"https\u003a\u002f\u002fwww.sec.gov\u002fabout\u002fforms\u002fform8-k.pdf","DisplayUrl":"https\u003a\u002f\u002fwww.sec.gov\u002fabout\u002fforms\u002fform8-k.pdf","DateTime":"2016-11-30T09\u003a40\u003a00Z"},{"Title":"\u005bUntitled\u005d
        \u007c Library of Congress","Description":"No, the item is not digitized.
        Please go to \u00232. Do the Access Advisory or Call Number fields above indicate
        that a non-digital surrogate exists ...","Url":"https\u003a\u002f\u002fwww.loc.gov\u002fitem\u002fowi2001013360\u002fPP\u002f","CacheUrl":"http\u003a\u002f\u002fcc.bingj.com\u002fcache.aspx\u003fq\u003ditem\u0026d\u003d3317265631076\u0026w\u003dhu3-RQkn_dZgLPUfeZn_ARL9wfZEi7vQ","DisplayUrl":"https\u003a\u002f\u002fwww.loc.gov\u002fitem\u002fowi2001013360\u002fPP","DateTime":"2016-12-08T10\u003a20\u003a00Z"},{"Title":"ITEM
        - placer.ca.gov","Description":"ITEM YEAR TOTAL VALUE Miscellaneous Livestock
        2015 \u0024 1,716,000 and Poultry Products\u002a 2014 \u0024 1,783,000 \u002aMiscellaneous
        Livestock and Poultry Products includes milk ...","Url":"http\u003a\u002f\u002fwww.placer.ca.gov\u002f\u007e\u002fmedia\u002fagr\u002fcrop\u002520report\u002fplacer\u002520crop\u002520report\u0025202015.pdf\u003fla\u003den","DisplayUrl":"www.placer.ca.gov\u002f\u007e\u002fmedia\u002fagr\u002fcrop
        report\u002fplacer crop report 2015...","DateTime":"2016-12-02T02\u003a36\u003a00Z"},{"Title":"ISTEP\u002b
        Grades 3-8 \u007c IDOE","Description":"Item Samplers. The Item Samplers
        on this website provide information about ISTEP\u002b for students, parents,
        educators, and others. The items in each sampler are examples ...","Url":"http\u003a\u002f\u002fwww.doe.in.gov\u002fassessment\u002fistep-grades-3-8","CacheUrl":"http\u003a\u002f\u002fcc.bingj.com\u002fcache.aspx\u003fq\u003ditem\u0026d\u003d5002397274538636\u0026w\u003dGhmnvy5Pw0zi05nX3UukSxrtXK_Sjvpc","DisplayUrl":"www.doe.in.gov\u002fassessment\u002fistep-grades-3-8","DateTime":"2016-12-01T01\u003a56\u003a00Z"},{"Title":"Shines
        \u007c Library of Congress","Description":"No, the item is not digitized.
        Please go to \u00232. Do the Access Advisory or Call Number fields above indicate
        that a non-digital surrogate exists ...","Url":"https\u003a\u002f\u002fwww.loc.gov\u002fitem\u002fdet1994004840\u002fPP\u002f","CacheUrl":"http\u003a\u002f\u002fcc.bingj.com\u002fcache.aspx\u003fq\u003ditem\u0026d\u003d9501986291035\u0026w\u003du6uFTDab18-eLELUKKzRvwLOkCO6JgRc","DisplayUrl":"https\u003a\u002f\u002fwww.loc.gov\u002fitem\u002fdet1994004840\u002fPP","DateTime":"2016-12-07T13\u003a55\u003a00Z"},{"Title":"Form
        8-K\u2019s Item 5.07 \u2013 New Question 121A.01","Description":"Exchange
        Act Form 8-K Last Update\u003a May 16, 2013. These interpretations replace
        the Form 8-K interpretations in the July 1997 Manual of Publicly Available
        Telephone ...","Url":"https\u003a\u002f\u002fwww.sec.gov\u002fdivisions\u002fcorpfin\u002fguidance\u002f8-kinterp.htm","CacheUrl":"http\u003a\u002f\u002fcc.bingj.com\u002fcache.aspx\u003fq\u003ditem\u0026d\u003d4905532853652276\u0026w\u003d3kpyFsTih4m2x3BHDjTyrRKW__vNIpyi","DisplayUrl":"https\u003a\u002f\u002fwww.sec.gov\u002fdivisions\u002fcorpfin\u002fguidance\u002f8-kinterp.htm","DateTime":"2016-11-30T14\u003a11\u003a00Z"},{"Title":"Agenda
        Item 14 - The Medical Board of California","Description":"Agenda Item
        14 BRD 14 - 7. Attachment 2 . State of California BUSINESS AND PROFESSIONS
        CODE DIVISION 2. HEALING ARTS Chapter 5. Medicine Article 4.","Url":"http\u003a\u002f\u002fwww.mbc.ca.gov\u002fAbout_Us\u002fMeetings\u002f2016\u002fMaterials\u002fmaterials_20160121_brd-14.pdf","DisplayUrl":"www.mbc.ca.gov\u002fAbout_Us\u002fMeetings\u002f2016\u002fMaterials\u002fmaterials_20160121...","DateTime":"2016-12-03T05\u003a50\u003a00Z"},{"Title":"General
        Records Schedule 1 \u007c National Archives","Description":"See item 10b
        for disposition of I-9 Forms and item 23 of this schedule for disposition
        of temporary performance-related records. \u0028N1-GRS-97-4 item 10a\u0029
        b.","Url":"https\u003a\u002f\u002fwww.archives.gov\u002frecords-mgmt\u002fgrs\u002fgrs01.html","CacheUrl":"http\u003a\u002f\u002fcc.bingj.com\u002fcache.aspx\u003fq\u003ditem\u0026d\u003d4737346279640115\u0026w\u003df_kkmblSITpqS_54yydbaicDkYpD_nlJ","DisplayUrl":"https\u003a\u002f\u002fwww.archives.gov\u002frecords-mgmt\u002fgrs\u002fgrs01.html","DateTime":"2016-12-04T04\u003a43\u003a00Z"},{"Title":"Modern
        Figures \u007c NASA","Description":"As seen in the movie Hidden Figures, NASA
        has a long-standing cultural commitment to excellence that is largely driven
        by data, including data about our people. Today ...","Url":"https\u003a\u002f\u002fwww.nasa.gov\u002fmodernfigures","CacheUrl":"http\u003a\u002f\u002fcc.bingj.com\u002fcache.aspx\u003fq\u003ditem\u0026d\u003d3179826662222\u0026w\u003dsGftoIyyGGzW4FglHOIxvVCKXjQyfuaT","DisplayUrl":"https\u003a\u002f\u002fwww.nasa.gov\u002fmodernfigures","DateTime":"2016-12-01T20\u003a17\u003a00Z"},{"Title":"Part
        12\u2014Acquisition of Commercial Items","Description":"Part 12\u2014Acquisition
        of Commercial Items. 12.000 Scope of part. 12.001 Definition. Subpart 12.1\u2014Acquisition
        of Commercial Items\u2014General. 12.101 Policy.","Url":"https\u003a\u002f\u002fwww.acquisition.gov\u002fsites\u002fdefault\u002ffiles\u002fcurrent\u002ffar\u002fhtml\u002fFARTOCP12.html","CacheUrl":"http\u003a\u002f\u002fcc.bingj.com\u002fcache.aspx\u003fq\u003ditem\u0026d\u003d4565822479794483\u0026w\u003dLWdUCW9Zm1kcS4yoIni2MfYf2oRBadzf","DisplayUrl":"https\u003a\u002f\u002fwww.acquisition.gov\u002fsites\u002fdefault\u002ffiles\u002fcurrent\u002ffar\u002fhtml\u002f...","DateTime":"2016-12-02T09\u003a10\u003a00Z"},{"Title":"New
        York City \u0022ghetto\u0022 fish market \u007c Library of Congress","Description":"New
        York City \u0022ghetto\u0022 fish market ... Retrieved from the Library of
        Congress, https\u003a\u002f\u002fwww.loc.gov\u002fitem\u002f00694374\u002f.
        \u0028Accessed December 02, 2016.\u0029 APA citation style\u003a","Url":"https\u003a\u002f\u002fwww.loc.gov\u002fitem\u002f00694374","CacheUrl":"http\u003a\u002f\u002fcc.bingj.com\u002fcache.aspx\u003fq\u003ditem\u0026d\u003d5047786467426319\u0026w\u003dvuq0RJW_2KP3d4BrakSJ_17WE1pTcc9H","DisplayUrl":"https\u003a\u002f\u002fwww.loc.gov\u002fitem\u002f00694374","DateTime":"2016-12-03T18\u003a08\u003a00Z"},{"Title":"Manual
        of Publicly Available Telephone Interpretations","Description":"SEC Division
        of Corporation Finance Manual of Publicly Available Telephone Interpretations
        I. REGULATION S-K 1. Item 10 of Regulation S-K\u003b Rule 134","Url":"https\u003a\u002f\u002fwww.sec.gov\u002finterps\u002ftelephone\u002fcftelinterps_regs-k.pdf","DisplayUrl":"https\u003a\u002f\u002fwww.sec.gov\u002finterps\u002ftelephone\u002fcftelinterps_regs-k.pdf","DateTime":"2016-12-03T00\u003a03\u003a00Z"},{"Title":"Chiropractic
        services \u007c Medicare.gov","Description":"Chiropractic services. How often
        is it covered\u003f Medicare Part B \u0028Medical Insurance\u0029 ... To find
        out how much your specific test, item, or service will cost, ...","Url":"https\u003a\u002f\u002fwww.medicare.gov\u002fcoverage\u002fchiropractic-services.html","CacheUrl":"http\u003a\u002f\u002fcc.bingj.com\u002fcache.aspx\u003fq\u003ditem\u0026d\u003d4787975351828948\u0026w\u003d6CBtCgvRr4qBUZLeiV4qnewR3iwzegaO","DisplayUrl":"https\u003a\u002f\u002fwww.medicare.gov\u002fcoverage\u002fchiropractic-services.html","DateTime":"2016-11-30T00\u003a30\u003a00Z"},{"Title":"Recall
        Listing \u007c CPSC.gov","Description":"Find recalls from around the world
        Global Recall Portal\u003b Inside CPSC\u003a Recalls\u003b Safety Education\u003b
        Regulations, Laws \u0026 Standards\u003b Research \u0026 Statistics\u003b
        Business ...","Url":"https\u003a\u002f\u002fwww.cpsc.gov\u002fRecalls\u002f","CacheUrl":"http\u003a\u002f\u002fcc.bingj.com\u002fcache.aspx\u003fq\u003ditem\u0026d\u003d4858764945329401\u0026w\u003dgyRdcP7fwtuhgvsURdOMNdgzLxryprqW","DisplayUrl":"https\u003a\u002f\u002fwww.cpsc.gov\u002fRecalls","DateTime":"2016-12-04T09\u003a31\u003a00Z"},{"Title":"CARE
        Item Set and B-CARE","Description":"The Development and Testing of the Continuity
        Assessment Record and Evaluation \u0028CARE\u0029 Item Set\u003a Final Report
        on the Development of the CARE Item Set.","Url":"http\u003a\u002f\u002fwww.cms.gov\u002fMedicare\u002fQuality-Initiatives-Patient-Assessment-Instruments\u002fPost-Acute-Care-Quality-Initiatives\u002fCARE-Item-Set-and-B-CARE.html","CacheUrl":"http\u003a\u002f\u002fcc.bingj.com\u002fcache.aspx\u003fq\u003ditem\u0026d\u003d4723426313831970\u0026w\u003dYBauBM9o5qpj9z-u1qJ9Yw_n12Ii7wxL","DisplayUrl":"www.cms.gov\u002f...\u002fCARE-Item-Set-and-B-CARE.html","DateTime":"2016-12-02T04\u003a12\u003a00Z"},{"Title":"Railroads
        in Michigan, with ... - Library of Congress","Description":"Retrieved from
        the Library of Congress, https\u003a\u002f\u002fwww.loc.gov\u002fitem\u002f98688497\u002f.
        \u0028Accessed October 30, 2016.\u0029 APA citation style\u003a Doggett, J.
        \u00281848\u0029 ...","Url":"https\u003a\u002f\u002fwww.loc.gov\u002fitem\u002f98688497\u002f","CacheUrl":"http\u003a\u002f\u002fcc.bingj.com\u002fcache.aspx\u003fq\u003ditem\u0026d\u003d4804416469340267\u0026w\u003dbv8jUPLsOxKIy94W_7Q7RlMPavcAUktY","DisplayUrl":"https\u003a\u002f\u002fwww.loc.gov\u002fitem\u002f98688497","DateTime":"2016-10-31T20\u003a05\u003a00Z"},{"Title":"Sample
        Numeracy items - National Center for Education ...","Description":"Sample
        Numeracy items. Numeracy \u2013 Sample Item 1. This sample item focuses
        on the following aspects of the numeracy construct\u003a","Url":"http\u003a\u002f\u002fnces.ed.gov\u002fsurveys\u002fpiaac\u002fsample_num.asp","CacheUrl":"http\u003a\u002f\u002fcc.bingj.com\u002fcache.aspx\u003fq\u003ditem\u0026d\u003d5040695507158481\u0026w\u003dgpjT6sOUT370PjkWMlLKRS588o3kHoKE","DisplayUrl":"nces.ed.gov\u002fsurveys\u002fpiaac\u002fsample_num.asp","DateTime":"2016-11-30T08\u003a23\u003a00Z"},{"Title":"DEPARTMENT
        OF THE NAVY HEADQUARTERS UN ITED STATES MARINE ...","Description":"DEPARTMENT
        OF THE NAVY HEADQUARTERS UN ITED STATES MARINE CORPS ... item on an individual
        basis at all depending on its cost and\u002for application.","Url":"http\u003a\u002f\u002fwww.marines.mil\u002fPortals\u002f59\u002fPublications\u002fMCBUL\u0025204130\u002520DTD\u0025203SEP12.pdf","DisplayUrl":"www.marines.mil\u002fPortals\u002f59\u002fPublications\u002fMCBUL
        4130 DTD 3SEP12.pdf","DateTime":"2016-12-02T22\u003a39\u003a00Z"},{"Title":"Edison
        kinetoscopic record of a sneeze, January 7, 1894 ...","Description":"Articles
        and Essays with this item\u003a ... Edison kinetoscopic record of a sneeze,
        January 7, 1894. United States\u003a Edison Manufacturing Co, 1894. Video.","Url":"https\u003a\u002f\u002fwww.loc.gov\u002fitem\u002f00694192","CacheUrl":"http\u003a\u002f\u002fcc.bingj.com\u002fcache.aspx\u003fq\u003ditem\u0026d\u003d4998703598666441\u0026w\u003dGMWrmPtYBFjhJZ0ShFsY15vONAv685ge","DisplayUrl":"https\u003a\u002f\u002fwww.loc.gov\u002fitem\u002f00694192","DateTime":"2016-12-03T09\u003a08\u003a00Z"}]}}}'
    http_version: 
  recorded_at: Fri, 06 Dec 2017 17:00:00 GMT
- request:
    method: get
    uri: http://api.bing.net/json.aspx?Adult=moderate&AppId=A4C32FAE6F3DB386FC32ED1C4F3024742ED30906&Options=EnableHighlighting&fdtrace=1&query=(item)%20language:en%20(scopeid:usagovall%20OR%20site:gov%20OR%20site:mil)&sources=Spell%20Web&traffictype=test&web.count=20
    body:
      encoding: US-ASCII
      string: ''
    headers:
      User-Agent:
      - USASearch
      Accept-Encoding:
      - gzip;q=1.0,deflate;q=0.6,identity;q=0.3
      Accept:
      - "*/*"
      Connection:
      - keep-alive
      Keep-Alive:
      - 30
  response:
    status:
      code: 200
      message: ''
    headers:
      Content-Type:
      - application/json; charset=utf-8
      Server:
      - Microsoft-IIS/8.5
      X-Content-Type-Options:
      - nosniff
      Date:
      - Thu, 08 Dec 2016 23:02:28 GMT
      Content-Length:
      - '11496'
    body:
      encoding: UTF-8
      string: '{"SearchResponse":{"Version":"2.2","Query":{"SearchTerms":"\u0028item\u0029
        language\u003aen \u0028scopeid\u003ausagovall OR site\u003agov OR site\u003amil\u0029"},"Web":{"Total":5170000,"Offset":0,"Results":[{"Title":"Prohibited
        Items \u007c Transportation Security Administration","Description":"Even if
        an item is generally permitted, ... appears to have been tampered with,
        or poses other security concerns. Read about civil penalties for prohibited
        items. ...","Url":"https\u003a\u002f\u002fwww.tsa.gov\u002ftravel\u002fsecurity-screening\u002fprohibited-items","CacheUrl":"http\u003a\u002f\u002fcc.bingj.com\u002fcache.aspx\u003fq\u003ditem\u0026d\u003d4973917333883453\u0026w\u003djywu7OkRWPfV4GpAmqzWTvUAeMS4QO7Z","DisplayUrl":"https\u003a\u002f\u002fwww.tsa.gov\u002ftravel\u002fsecurity-screening\u002fprohibited-items","DateTime":"2016-12-02T05\u003a59\u003a00Z"},{"Title":"Item
        5.03 of Form 8-K - SEC.gov","Description":"If a report on Form 8-K contains
        disclosures under Item 2.02 or Item 7.01, whether or not the report contains
        disclosures regarding other items, ...","Url":"https\u003a\u002f\u002fwww.sec.gov\u002fabout\u002fforms\u002fform8-k.pdf","DisplayUrl":"https\u003a\u002f\u002fwww.sec.gov\u002fabout\u002fforms\u002fform8-k.pdf","DateTime":"2016-11-30T09\u003a40\u003a00Z"},{"Title":"\u005bUntitled\u005d
        \u007c Library of Congress","Description":"No, the item is not digitized.
        Please go to \u00232. Do the Access Advisory or Call Number fields above indicate
        that a non-digital surrogate exists ...","Url":"https\u003a\u002f\u002fwww.loc.gov\u002fitem\u002fowi2001013360\u002fPP\u002f","CacheUrl":"http\u003a\u002f\u002fcc.bingj.com\u002fcache.aspx\u003fq\u003ditem\u0026d\u003d3317265631076\u0026w\u003dhu3-RQkn_dZgLPUfeZn_ARL9wfZEi7vQ","DisplayUrl":"https\u003a\u002f\u002fwww.loc.gov\u002fitem\u002fowi2001013360\u002fPP","DateTime":"2016-12-08T10\u003a20\u003a00Z"},{"Title":"CPSC
        Home \u007c CPSC.gov","Description":"You are about to leave the U.S. Consumer
        Product Safety Commission \u0028CPSC\u0029 public website. The link you selected
        is for a destination outside of the Federal Government.","Url":"https\u003a\u002f\u002fwww.cpsc.gov\u002f","CacheUrl":"http\u003a\u002f\u002fcc.bingj.com\u002fcache.aspx\u003fq\u003ditem\u0026d\u003d4965752616322327\u0026w\u003dX24MFtprmibSKbKcdfmc7s8DApc7RmX8","DisplayUrl":"https\u003a\u002f\u002fwww.cpsc.gov","DateTime":"2016-12-02T20\u003a27\u003a00Z"},{"Title":"ISTEP\u002b
        Grades 3-8 \u007c IDOE","Description":"Item Samplers. The Item Samplers
        on this website provide information about ISTEP\u002b for students, parents,
        educators, and others. The items in each sampler are examples ...","Url":"http\u003a\u002f\u002fwww.doe.in.gov\u002fassessment\u002fistep-grades-3-8","CacheUrl":"http\u003a\u002f\u002fcc.bingj.com\u002fcache.aspx\u003fq\u003ditem\u0026d\u003d5002397274538636\u0026w\u003dGhmnvy5Pw0zi05nX3UukSxrtXK_Sjvpc","DisplayUrl":"www.doe.in.gov\u002fassessment\u002fistep-grades-3-8","DateTime":"2016-12-01T01\u003a56\u003a00Z"},{"Title":"Agenda
        Item 10 - calpers.ca.gov","Description":"Agenda Item 10 Pension and Health
        Benefits Committee Page 2 of 5 website twice a month with its pharmaceutical
        pricing data 4\u003b however, this public data omits","Url":"https\u003a\u002f\u002fwww.calpers.ca.gov\u002fdocs\u002fboard-agendas\u002f201606\u002fpension\u002fitem-10.pdf","DisplayUrl":"https\u003a\u002f\u002fwww.calpers.ca.gov\u002fdocs\u002fboard-agendas\u002f201606\u002fpension\u002fitem...","DateTime":"2016-12-03T22\u003a35\u003a00Z"},{"Title":"Don\u0027t
        bite the hand that\u0027s feeding you \u007c Library of Congress","Description":"Don\u0027t
        bite the hand that\u0027s feeding you Contributor Names Morgan, Jimmie. ...
        Articles and Essays with this item\u003a Immigration - Primary Source Set\u003b","Url":"https\u003a\u002f\u002fwww.loc.gov\u002fitem\u002f00694050\u002f","CacheUrl":"http\u003a\u002f\u002fcc.bingj.com\u002fcache.aspx\u003fq\u003ditem\u0026d\u003d4882232691525011\u0026w\u003d8d2Qj32lrSasLqCZY6uge9mxqAJ07v7j","DisplayUrl":"https\u003a\u002f\u002fwww.loc.gov\u002fitem\u002f00694050","DateTime":"2016-11-19T15\u003a45\u003a00Z"},{"Title":"Disputing
        Errors on Credit Reports \u007c Consumer Information","Description":"If the
        provider continues to report the item you disputed to a credit reporting
        company, it must let the credit reporting company know about your dispute.","Url":"https\u003a\u002f\u002fwww.consumer.ftc.gov\u002farticles\u002f0151-disputing-errors-credit-reports","CacheUrl":"http\u003a\u002f\u002fcc.bingj.com\u002fcache.aspx\u003fq\u003ditem\u0026d\u003d4735632566190562\u0026w\u003d_lrkinqDmS9phBQ8j0uNoDX131wY-CqT","DisplayUrl":"https\u003a\u002f\u002fwww.consumer.ftc.gov\u002farticles\u002f0151-disputing-errors-credit...","DateTime":"2016-11-30T03\u003a38\u003a00Z"},{"Title":"Modern
        Figures \u007c NASA","Description":"As seen in the movie Hidden Figures, NASA
        has a long-standing cultural commitment to excellence that is largely driven
        by data, including data about our people. Today ...","Url":"https\u003a\u002f\u002fwww.nasa.gov\u002fmodernfigures","CacheUrl":"http\u003a\u002f\u002fcc.bingj.com\u002fcache.aspx\u003fq\u003ditem\u0026d\u003d3179826662222\u0026w\u003dsGftoIyyGGzW4FglHOIxvVCKXjQyfuaT","DisplayUrl":"https\u003a\u002f\u002fwww.nasa.gov\u002fmodernfigures","DateTime":"2016-12-01T20\u003a17\u003a00Z"},{"Title":"Travel
        Tips \u007c Transportation Security Administration","Description":"Travel
        Tips. Preparing for travel may be stressful, but it doesn\u2019t need to be.
        ... These are limited to 3.4 ounces \u0028100 milliliters\u0029 or less per
        item.","Url":"https\u003a\u002f\u002fwww.tsa.gov\u002ftravel\u002ftravel-tips","CacheUrl":"http\u003a\u002f\u002fcc.bingj.com\u002fcache.aspx\u003fq\u003ditem\u0026d\u003d4917296788802228\u0026w\u003ddqItcQtjPBe8IOocbIPwnpynVSe5lZSS","DisplayUrl":"https\u003a\u002f\u002fwww.tsa.gov\u002ftravel\u002ftravel-tips","DateTime":"2016-11-30T06\u003a10\u003a00Z"},{"Title":"Lost
        \u0026 Found \u007c Transportation Security Administration","Description":"The
        Lost \u0026 Found contacts are for items left at TSA security checkpoints
        or items missing from checked baggage. For items left in other areas of the
        airport, please ...","Url":"https\u003a\u002f\u002fwww.tsa.gov\u002fcontact\u002flost-and-found","CacheUrl":"http\u003a\u002f\u002fcc.bingj.com\u002fcache.aspx\u003fq\u003ditem\u0026d\u003d4520815493972818\u0026w\u003d1pwv5zYemh8H1CIGSZKbgQ5LHVgDSqJ7","DisplayUrl":"https\u003a\u002f\u002fwww.tsa.gov\u002fcontact\u002flost-and-found","DateTime":"2016-12-02T07\u003a40\u003a00Z"},{"Title":"Category
        and Item Commentary Business Nonprofit Criteria","Description":"This item
        asks about the competitive environment in which your organization operates,
        including your key strategic challenges and advantages.","Url":"https\u003a\u002f\u002fwww.nist.gov\u002fdocument-5784","DisplayUrl":"https\u003a\u002f\u002fwww.nist.gov\u002fdocument-5784","DateTime":"2016-11-30T05\u003a46\u003a00Z"},{"Title":"SEC.gov
        \u007c Form 8-K","Description":"Form 8-K. In addition to filing annual reports
        on Form 10-K and quarterly reports on Form 10-Q, ... Item 1.01\u003a Entry
        into a Material Definitive Agreement\u003a Item 1.02\u003a","Url":"https\u003a\u002f\u002fwww.sec.gov\u002fanswers\u002fform8k.htm","CacheUrl":"http\u003a\u002f\u002fcc.bingj.com\u002fcache.aspx\u003fq\u003ditem\u0026d\u003d4829829812193188\u0026w\u003dGUPdFV79_r6UWlqk0Gp2BiY9Mps_27ni","DisplayUrl":"https\u003a\u002f\u002fwww.sec.gov\u002fanswers\u002fform8k.htm","DateTime":"2016-12-01T23\u003a03\u003a00Z"},{"Title":"E-Items
        Current - Connecticut","Description":"Current E-Items. Item_\u0023 Eff.Date
        Subject\u003b 0936-E\u003a 01\u002f01\u002f2006\u003a Increase in Family Sick
        Leave for Executives\u003a 1631-E\u003a 12\u002f01\u002f2010\u003a Extension
        of Arbitration Award ...","Url":"http\u003a\u002f\u002fdas.ct.gov\u002ffp1.aspx\u003fpage\u003d301","CacheUrl":"http\u003a\u002f\u002fcc.bingj.com\u002fcache.aspx\u003fq\u003ditem\u0026d\u003d4699301473878069\u0026w\u003dvdZdhOfYS59Y_oHTt7DRNzA90w-77vpK","DisplayUrl":"das.ct.gov\u002ffp1.aspx\u003fpage\u003d301","DateTime":"2016-12-03T13\u003a21\u003a00Z"},{"Title":"Form
        8-K\u2019s Item 5.07 \u2013 New Question 121A.01","Description":"Exchange
        Act Form 8-K Last Update\u003a May 16, 2013. These interpretations replace
        the Form 8-K interpretations in the July 1997 Manual of Publicly Available
        Telephone ...","Url":"https\u003a\u002f\u002fwww.sec.gov\u002fdivisions\u002fcorpfin\u002fguidance\u002f8-kinterp.htm","CacheUrl":"http\u003a\u002f\u002fcc.bingj.com\u002fcache.aspx\u003fq\u003ditem\u0026d\u003d4905532853652276\u0026w\u003d3kpyFsTih4m2x3BHDjTyrRKW__vNIpyi","DisplayUrl":"https\u003a\u002f\u002fwww.sec.gov\u002fdivisions\u002fcorpfin\u002fguidance\u002f8-kinterp.htm","DateTime":"2016-11-30T14\u003a11\u003a00Z"},{"Title":"Shines
        \u007c Library of Congress","Description":"No, the item is not digitized.
        Please go to \u00232. Do the Access Advisory or Call Number fields above indicate
        that a non-digital surrogate exists ...","Url":"https\u003a\u002f\u002fwww.loc.gov\u002fitem\u002fdet1994004840\u002fPP\u002f","CacheUrl":"http\u003a\u002f\u002fcc.bingj.com\u002fcache.aspx\u003fq\u003ditem\u0026d\u003d9501986291035\u0026w\u003du6uFTDab18-eLELUKKzRvwLOkCO6JgRc","DisplayUrl":"https\u003a\u002f\u002fwww.loc.gov\u002fitem\u002fdet1994004840\u002fPP","DateTime":"2016-12-07T13\u003a55\u003a00Z"},{"Title":"Agenda
        Item 14 - The Medical Board of California","Description":"Agenda Item
        14 BRD 14 - 7. Attachment 2 . State of California BUSINESS AND PROFESSIONS
        CODE DIVISION 2. HEALING ARTS Chapter 5. Medicine Article 4.","Url":"http\u003a\u002f\u002fwww.mbc.ca.gov\u002fAbout_Us\u002fMeetings\u002f2016\u002fMaterials\u002fmaterials_20160121_brd-14.pdf","DisplayUrl":"www.mbc.ca.gov\u002fAbout_Us\u002fMeetings\u002f2016\u002fMaterials\u002fmaterials_20160121...","DateTime":"2016-12-03T05\u003a50\u003a00Z"},{"Title":"ITEM
        - placer.ca.gov","Description":"ITEM YEAR TOTAL VALUE Miscellaneous Livestock
        2015 \u0024 1,716,000 and Poultry Products\u002a 2014 \u0024 1,783,000 \u002aMiscellaneous
        Livestock and Poultry Products includes milk ...","Url":"http\u003a\u002f\u002fwww.placer.ca.gov\u002f\u007e\u002fmedia\u002fagr\u002fcrop\u002520report\u002fplacer\u002520crop\u002520report\u0025202015.pdf\u003fla\u003den","DisplayUrl":"www.placer.ca.gov\u002f\u007e\u002fmedia\u002fagr\u002fcrop
        report\u002fplacer crop report 2015...","DateTime":"2016-12-02T02\u003a36\u003a00Z"},{"Title":"gobi4rp.dot.ga.gov","Description":"gobi4rp.dot.ga.gov","Url":"http\u003a\u002f\u002fgobi4rp.dot.ga.gov\u002fISA\u002fItemMeanSummary.jsp","DisplayUrl":"gobi4rp.dot.ga.gov\u002fISA\u002fItemMeanSummary.jsp","DateTime":"2016-12-01T03\u003a27\u003a00Z"},{"Title":"Item
        13 -d -1 Page 1 of2 - Medicaid.gov","Description":"State ofOhio Attachment
        4.19 -B Item 13 -d -1 Page 2 of2 13. Other diagnostic, screening, preventive,
        and rehabilitation services, i.e., other than","Url":"https\u003a\u002f\u002fwww.medicaid.gov\u002fState-resource-center\u002fMedicaid-State-Plan-Amendments\u002fDownloads\u002fOH\u002fOH-08-011-Att.pdf","DisplayUrl":"https\u003a\u002f\u002fwww.medicaid.gov\u002fState-resource-center\u002fMedicaid-State-Plan...","DateTime":"2016-11-18T21\u003a20\u003a00Z"}]}}}'
    http_version: 
  recorded_at: Fri, 06 Dec 2017 17:00:00 GMT
- request:
    method: get
    uri: http://api.bing.net/json.aspx?Adult=moderate&AppId=A4C32FAE6F3DB386FC32ED1C4F3024742ED30906&Options=EnableHighlighting&fdtrace=1&query=(item)%20language:en%20(scopeid:usagovall%20OR%20site:gov%20OR%20site:mil)&sources=Spell%20Web&traffictype=test&web.count=20
    body:
      encoding: US-ASCII
      string: ''
    headers:
      User-Agent:
      - USASearch
      Accept-Encoding:
      - gzip;q=1.0,deflate;q=0.6,identity;q=0.3
      Accept:
      - "*/*"
      Connection:
      - keep-alive
      Keep-Alive:
      - 30
  response:
    status:
      code: 200
      message: ''
    headers:
      Content-Type:
      - application/json; charset=utf-8
      Server:
      - Microsoft-IIS/8.5
      X-Content-Type-Options:
      - nosniff
      Date:
      - Thu, 08 Dec 2016 23:02:28 GMT
      Content-Length:
      - '11496'
    body:
      encoding: UTF-8
      string: '{"SearchResponse":{"Version":"2.2","Query":{"SearchTerms":"\u0028item\u0029
        language\u003aen \u0028scopeid\u003ausagovall OR site\u003agov OR site\u003amil\u0029"},"Web":{"Total":5170000,"Offset":0,"Results":[{"Title":"Prohibited
        Items \u007c Transportation Security Administration","Description":"Even if
        an item is generally permitted, ... appears to have been tampered with,
        or poses other security concerns. Read about civil penalties for prohibited
        items. ...","Url":"https\u003a\u002f\u002fwww.tsa.gov\u002ftravel\u002fsecurity-screening\u002fprohibited-items","CacheUrl":"http\u003a\u002f\u002fcc.bingj.com\u002fcache.aspx\u003fq\u003ditem\u0026d\u003d4973917333883453\u0026w\u003djywu7OkRWPfV4GpAmqzWTvUAeMS4QO7Z","DisplayUrl":"https\u003a\u002f\u002fwww.tsa.gov\u002ftravel\u002fsecurity-screening\u002fprohibited-items","DateTime":"2016-12-02T05\u003a59\u003a00Z"},{"Title":"Item
        5.03 of Form 8-K - SEC.gov","Description":"If a report on Form 8-K contains
        disclosures under Item 2.02 or Item 7.01, whether or not the report contains
        disclosures regarding other items, ...","Url":"https\u003a\u002f\u002fwww.sec.gov\u002fabout\u002fforms\u002fform8-k.pdf","DisplayUrl":"https\u003a\u002f\u002fwww.sec.gov\u002fabout\u002fforms\u002fform8-k.pdf","DateTime":"2016-11-30T09\u003a40\u003a00Z"},{"Title":"\u005bUntitled\u005d
        \u007c Library of Congress","Description":"No, the item is not digitized.
        Please go to \u00232. Do the Access Advisory or Call Number fields above indicate
        that a non-digital surrogate exists ...","Url":"https\u003a\u002f\u002fwww.loc.gov\u002fitem\u002fowi2001013360\u002fPP\u002f","CacheUrl":"http\u003a\u002f\u002fcc.bingj.com\u002fcache.aspx\u003fq\u003ditem\u0026d\u003d3317265631076\u0026w\u003dhu3-RQkn_dZgLPUfeZn_ARL9wfZEi7vQ","DisplayUrl":"https\u003a\u002f\u002fwww.loc.gov\u002fitem\u002fowi2001013360\u002fPP","DateTime":"2016-12-08T10\u003a20\u003a00Z"},{"Title":"CPSC
        Home \u007c CPSC.gov","Description":"You are about to leave the U.S. Consumer
        Product Safety Commission \u0028CPSC\u0029 public website. The link you selected
        is for a destination outside of the Federal Government.","Url":"https\u003a\u002f\u002fwww.cpsc.gov\u002f","CacheUrl":"http\u003a\u002f\u002fcc.bingj.com\u002fcache.aspx\u003fq\u003ditem\u0026d\u003d4965752616322327\u0026w\u003dX24MFtprmibSKbKcdfmc7s8DApc7RmX8","DisplayUrl":"https\u003a\u002f\u002fwww.cpsc.gov","DateTime":"2016-12-02T20\u003a27\u003a00Z"},{"Title":"ISTEP\u002b
        Grades 3-8 \u007c IDOE","Description":"Item Samplers. The Item Samplers
        on this website provide information about ISTEP\u002b for students, parents,
        educators, and others. The items in each sampler are examples ...","Url":"http\u003a\u002f\u002fwww.doe.in.gov\u002fassessment\u002fistep-grades-3-8","CacheUrl":"http\u003a\u002f\u002fcc.bingj.com\u002fcache.aspx\u003fq\u003ditem\u0026d\u003d5002397274538636\u0026w\u003dGhmnvy5Pw0zi05nX3UukSxrtXK_Sjvpc","DisplayUrl":"www.doe.in.gov\u002fassessment\u002fistep-grades-3-8","DateTime":"2016-12-01T01\u003a56\u003a00Z"},{"Title":"Agenda
        Item 10 - calpers.ca.gov","Description":"Agenda Item 10 Pension and Health
        Benefits Committee Page 2 of 5 website twice a month with its pharmaceutical
        pricing data 4\u003b however, this public data omits","Url":"https\u003a\u002f\u002fwww.calpers.ca.gov\u002fdocs\u002fboard-agendas\u002f201606\u002fpension\u002fitem-10.pdf","DisplayUrl":"https\u003a\u002f\u002fwww.calpers.ca.gov\u002fdocs\u002fboard-agendas\u002f201606\u002fpension\u002fitem...","DateTime":"2016-12-03T22\u003a35\u003a00Z"},{"Title":"Don\u0027t
        bite the hand that\u0027s feeding you \u007c Library of Congress","Description":"Don\u0027t
        bite the hand that\u0027s feeding you Contributor Names Morgan, Jimmie. ...
        Articles and Essays with this item\u003a Immigration - Primary Source Set\u003b","Url":"https\u003a\u002f\u002fwww.loc.gov\u002fitem\u002f00694050\u002f","CacheUrl":"http\u003a\u002f\u002fcc.bingj.com\u002fcache.aspx\u003fq\u003ditem\u0026d\u003d4882232691525011\u0026w\u003d8d2Qj32lrSasLqCZY6uge9mxqAJ07v7j","DisplayUrl":"https\u003a\u002f\u002fwww.loc.gov\u002fitem\u002f00694050","DateTime":"2016-11-19T15\u003a45\u003a00Z"},{"Title":"Disputing
        Errors on Credit Reports \u007c Consumer Information","Description":"If the
        provider continues to report the item you disputed to a credit reporting
        company, it must let the credit reporting company know about your dispute.","Url":"https\u003a\u002f\u002fwww.consumer.ftc.gov\u002farticles\u002f0151-disputing-errors-credit-reports","CacheUrl":"http\u003a\u002f\u002fcc.bingj.com\u002fcache.aspx\u003fq\u003ditem\u0026d\u003d4735632566190562\u0026w\u003d_lrkinqDmS9phBQ8j0uNoDX131wY-CqT","DisplayUrl":"https\u003a\u002f\u002fwww.consumer.ftc.gov\u002farticles\u002f0151-disputing-errors-credit...","DateTime":"2016-11-30T03\u003a38\u003a00Z"},{"Title":"Modern
        Figures \u007c NASA","Description":"As seen in the movie Hidden Figures, NASA
        has a long-standing cultural commitment to excellence that is largely driven
        by data, including data about our people. Today ...","Url":"https\u003a\u002f\u002fwww.nasa.gov\u002fmodernfigures","CacheUrl":"http\u003a\u002f\u002fcc.bingj.com\u002fcache.aspx\u003fq\u003ditem\u0026d\u003d3179826662222\u0026w\u003dsGftoIyyGGzW4FglHOIxvVCKXjQyfuaT","DisplayUrl":"https\u003a\u002f\u002fwww.nasa.gov\u002fmodernfigures","DateTime":"2016-12-01T20\u003a17\u003a00Z"},{"Title":"Travel
        Tips \u007c Transportation Security Administration","Description":"Travel
        Tips. Preparing for travel may be stressful, but it doesn\u2019t need to be.
        ... These are limited to 3.4 ounces \u0028100 milliliters\u0029 or less per
        item.","Url":"https\u003a\u002f\u002fwww.tsa.gov\u002ftravel\u002ftravel-tips","CacheUrl":"http\u003a\u002f\u002fcc.bingj.com\u002fcache.aspx\u003fq\u003ditem\u0026d\u003d4917296788802228\u0026w\u003ddqItcQtjPBe8IOocbIPwnpynVSe5lZSS","DisplayUrl":"https\u003a\u002f\u002fwww.tsa.gov\u002ftravel\u002ftravel-tips","DateTime":"2016-11-30T06\u003a10\u003a00Z"},{"Title":"Lost
        \u0026 Found \u007c Transportation Security Administration","Description":"The
        Lost \u0026 Found contacts are for items left at TSA security checkpoints
        or items missing from checked baggage. For items left in other areas of the
        airport, please ...","Url":"https\u003a\u002f\u002fwww.tsa.gov\u002fcontact\u002flost-and-found","CacheUrl":"http\u003a\u002f\u002fcc.bingj.com\u002fcache.aspx\u003fq\u003ditem\u0026d\u003d4520815493972818\u0026w\u003d1pwv5zYemh8H1CIGSZKbgQ5LHVgDSqJ7","DisplayUrl":"https\u003a\u002f\u002fwww.tsa.gov\u002fcontact\u002flost-and-found","DateTime":"2016-12-02T07\u003a40\u003a00Z"},{"Title":"Category
        and Item Commentary Business Nonprofit Criteria","Description":"This item
        asks about the competitive environment in which your organization operates,
        including your key strategic challenges and advantages.","Url":"https\u003a\u002f\u002fwww.nist.gov\u002fdocument-5784","DisplayUrl":"https\u003a\u002f\u002fwww.nist.gov\u002fdocument-5784","DateTime":"2016-11-30T05\u003a46\u003a00Z"},{"Title":"SEC.gov
        \u007c Form 8-K","Description":"Form 8-K. In addition to filing annual reports
        on Form 10-K and quarterly reports on Form 10-Q, ... Item 1.01\u003a Entry
        into a Material Definitive Agreement\u003a Item 1.02\u003a","Url":"https\u003a\u002f\u002fwww.sec.gov\u002fanswers\u002fform8k.htm","CacheUrl":"http\u003a\u002f\u002fcc.bingj.com\u002fcache.aspx\u003fq\u003ditem\u0026d\u003d4829829812193188\u0026w\u003dGUPdFV79_r6UWlqk0Gp2BiY9Mps_27ni","DisplayUrl":"https\u003a\u002f\u002fwww.sec.gov\u002fanswers\u002fform8k.htm","DateTime":"2016-12-01T23\u003a03\u003a00Z"},{"Title":"E-Items
        Current - Connecticut","Description":"Current E-Items. Item_\u0023 Eff.Date
        Subject\u003b 0936-E\u003a 01\u002f01\u002f2006\u003a Increase in Family Sick
        Leave for Executives\u003a 1631-E\u003a 12\u002f01\u002f2010\u003a Extension
        of Arbitration Award ...","Url":"http\u003a\u002f\u002fdas.ct.gov\u002ffp1.aspx\u003fpage\u003d301","CacheUrl":"http\u003a\u002f\u002fcc.bingj.com\u002fcache.aspx\u003fq\u003ditem\u0026d\u003d4699301473878069\u0026w\u003dvdZdhOfYS59Y_oHTt7DRNzA90w-77vpK","DisplayUrl":"das.ct.gov\u002ffp1.aspx\u003fpage\u003d301","DateTime":"2016-12-03T13\u003a21\u003a00Z"},{"Title":"Form
        8-K\u2019s Item 5.07 \u2013 New Question 121A.01","Description":"Exchange
        Act Form 8-K Last Update\u003a May 16, 2013. These interpretations replace
        the Form 8-K interpretations in the July 1997 Manual of Publicly Available
        Telephone ...","Url":"https\u003a\u002f\u002fwww.sec.gov\u002fdivisions\u002fcorpfin\u002fguidance\u002f8-kinterp.htm","CacheUrl":"http\u003a\u002f\u002fcc.bingj.com\u002fcache.aspx\u003fq\u003ditem\u0026d\u003d4905532853652276\u0026w\u003d3kpyFsTih4m2x3BHDjTyrRKW__vNIpyi","DisplayUrl":"https\u003a\u002f\u002fwww.sec.gov\u002fdivisions\u002fcorpfin\u002fguidance\u002f8-kinterp.htm","DateTime":"2016-11-30T14\u003a11\u003a00Z"},{"Title":"Shines
        \u007c Library of Congress","Description":"No, the item is not digitized.
        Please go to \u00232. Do the Access Advisory or Call Number fields above indicate
        that a non-digital surrogate exists ...","Url":"https\u003a\u002f\u002fwww.loc.gov\u002fitem\u002fdet1994004840\u002fPP\u002f","CacheUrl":"http\u003a\u002f\u002fcc.bingj.com\u002fcache.aspx\u003fq\u003ditem\u0026d\u003d9501986291035\u0026w\u003du6uFTDab18-eLELUKKzRvwLOkCO6JgRc","DisplayUrl":"https\u003a\u002f\u002fwww.loc.gov\u002fitem\u002fdet1994004840\u002fPP","DateTime":"2016-12-07T13\u003a55\u003a00Z"},{"Title":"Agenda
        Item 14 - The Medical Board of California","Description":"Agenda Item
        14 BRD 14 - 7. Attachment 2 . State of California BUSINESS AND PROFESSIONS
        CODE DIVISION 2. HEALING ARTS Chapter 5. Medicine Article 4.","Url":"http\u003a\u002f\u002fwww.mbc.ca.gov\u002fAbout_Us\u002fMeetings\u002f2016\u002fMaterials\u002fmaterials_20160121_brd-14.pdf","DisplayUrl":"www.mbc.ca.gov\u002fAbout_Us\u002fMeetings\u002f2016\u002fMaterials\u002fmaterials_20160121...","DateTime":"2016-12-03T05\u003a50\u003a00Z"},{"Title":"ITEM
        - placer.ca.gov","Description":"ITEM YEAR TOTAL VALUE Miscellaneous Livestock
        2015 \u0024 1,716,000 and Poultry Products\u002a 2014 \u0024 1,783,000 \u002aMiscellaneous
        Livestock and Poultry Products includes milk ...","Url":"http\u003a\u002f\u002fwww.placer.ca.gov\u002f\u007e\u002fmedia\u002fagr\u002fcrop\u002520report\u002fplacer\u002520crop\u002520report\u0025202015.pdf\u003fla\u003den","DisplayUrl":"www.placer.ca.gov\u002f\u007e\u002fmedia\u002fagr\u002fcrop
        report\u002fplacer crop report 2015...","DateTime":"2016-12-02T02\u003a36\u003a00Z"},{"Title":"gobi4rp.dot.ga.gov","Description":"gobi4rp.dot.ga.gov","Url":"http\u003a\u002f\u002fgobi4rp.dot.ga.gov\u002fISA\u002fItemMeanSummary.jsp","DisplayUrl":"gobi4rp.dot.ga.gov\u002fISA\u002fItemMeanSummary.jsp","DateTime":"2016-12-01T03\u003a27\u003a00Z"},{"Title":"Item
        13 -d -1 Page 1 of2 - Medicaid.gov","Description":"State ofOhio Attachment
        4.19 -B Item 13 -d -1 Page 2 of2 13. Other diagnostic, screening, preventive,
        and rehabilitation services, i.e., other than","Url":"https\u003a\u002f\u002fwww.medicaid.gov\u002fState-resource-center\u002fMedicaid-State-Plan-Amendments\u002fDownloads\u002fOH\u002fOH-08-011-Att.pdf","DisplayUrl":"https\u003a\u002f\u002fwww.medicaid.gov\u002fState-resource-center\u002fMedicaid-State-Plan...","DateTime":"2016-11-18T21\u003a20\u003a00Z"}]}}}'
    http_version: 
  recorded_at: Fri, 06 Dec 2017 17:00:00 GMT
- request:
    method: get
    uri: https://www.bingapis.com/api/v6/search?AppId=***REMOVED***&count=20&mkt=en-US&offset=0&q=item%20(site:gov%20OR%20site:mil)&responseFilter=WebPages,SpellSuggestions&safeSearch=moderate&textDecorations=true&traffictype=test
    body:
      encoding: US-ASCII
      string: ''
    headers:
      User-Agent:
      - USASearch
      Ocp-Apim-Subscription-Key:
      - ***REMOVED***
      Accept-Encoding:
      - gzip;q=1.0,deflate;q=0.6,identity;q=0.3
      Accept:
      - "*/*"
      Connection:
      - keep-alive
      Keep-Alive:
      - 30
  response:
    status:
      code: 200
      message: OK
    headers:
      Cache-Control:
      - private, max-age=0
      Content-Length:
      - '3835'
      Content-Type:
      - application/json; charset=utf-8
      Expires:
      - Tue, 03 Jan 2017 22:56:26 GMT
      Vary:
      - Accept-Encoding
      Server:
      - Microsoft-IIS/8.5
      P3p:
      - CP="NON UNI COM NAV STA LOC CURa DEVa PSAa PSDa OUR IND"
      Set-Cookie:
      - MUID=213219D8C6646B7D33BD1027C7F36AE5; path=/; expires=Thu, 03-Jan-2019 22:57:27
        GMT; domain=bingapis.com
      - MUIDB=213219D8C6646B7D33BD1027C7F36AE5; path=/; httponly; expires=Thu, 03-Jan-2019
        22:57:27 GMT
      - SRCHD=AF=NOFORM; domain=.bingapis.com; expires=Thu, 03-Jan-2019 22:57:26 GMT;
        path=/
      - SRCHUID=V=2&GUID=699AFE94AF6C447D8DF1F6DA0C2DD6F6; expires=Thu, 03-Jan-2019
        22:57:26 GMT; path=/
      - SRCHUSR=DOB=20170103; domain=.bingapis.com; expires=Thu, 03-Jan-2019 22:57:26
        GMT; path=/
      - _EDGE_S=mkt=en-us&F=1&SID=170CA0C4C59469FA2CB2A93BC4036827; path=/; httponly;
        domain=bingapis.com
      - _EDGE_V=1; path=/; httponly; expires=Thu, 03-Jan-2019 22:57:27 GMT; domain=bingapis.com
      - _SS=SID=170CA0C4C59469FA2CB2A93BC4036827; domain=.bingapis.com; path=/
      Bingapis-Traceid:
      - D489BE692EB04B039A1E5787E59874A9
      X-Msedge-Clientid:
      - 213219D8C6646B7D33BD1027C7F36AE5
      X-Msapi-Userstate:
      - e0c4
      Bingapis-Market:
      - en-US
      X-Msedge-Ref:
      - 'Ref A: D489BE692EB04B039A1E5787E59874A9 Ref B: 54E90995967BDA1916334087E155B9A1
        Ref C: Tue Jan  3 14:57:27 2017 PST'
      Date:
      - Tue, 03 Jan 2017 22:57:26 GMT
    body:
      encoding: UTF-8
      string: '{"_type": "SearchResponse", "instrumentation": {"pingUrlBase": "https:\/\/www.bingapis.com\/api\/ping?IG=AD83AE131EA444688EAAE36B64E60D8A&CID=213219D8C6646B7D33BD1027C7F36AE5&ID=",
        "pageLoadPingUrl": "https:\/\/www.bingapis.com\/api\/ping\/pageload?IG=AD83AE131EA444688EAAE36B64E60D8A&CID=213219D8C6646B7D33BD1027C7F36AE5&Type=Event.CPT&DATA=0"},
        "webPages": {"webSearchUrl": "https:\/\/www.bing.com\/search?q=item+(site%3agov+OR+site%3amil)",
        "webSearchUrlPingSuffix": "DevEx,5485.1", "totalEstimatedMatches": 3940000,
        "value": [{"id": "https:\/\/www.bingapis.com\/api\/v6\/#WebPages.0", "name":
        "Prohibited Items | Transportation Security Administration", "url": "https:\/\/www.tsa.gov\/travel\/security-screening\/prohibited-items",
        "urlPingSuffix": "DevEx,5093.1", "displayUrl": "https:\/\/www.tsa.gov\/travel\/security-screening\/prohibited-items",
        "snippet": "The final decision rests with the TSA officer on whether an item
        is allowed through the checkpoint. Explosives\/Flammable; Firearms; Food;
        Self Defense; Sharp Objects;", "deepLinks": [{"name": "Liquids Rule", "url":
        "https:\/\/www.tsa.gov\/travel\/security-screening\/liquids-rule", "urlPingSuffix":
        "DevEx,5084.1"}, {"name": "Special Procedures", "url": "https:\/\/www.tsa.gov\/travel\/special-procedures",
        "urlPingSuffix": "DevEx,5085.1"}, {"name": "Travel Tips", "url": "https:\/\/www.tsa.gov\/travel\/travel-tips",
        "urlPingSuffix": "DevEx,5086.1"}, {"name": "Identification", "url": "https:\/\/www.tsa.gov\/travel\/security-screening\/identification",
        "urlPingSuffix": "DevEx,5087.1"}, {"name": "TSA Pre", "url": "https:\/\/www.tsa.gov\/precheck",
        "urlPingSuffix": "DevEx,5088.1"}], "dateLastCrawled": "2016-12-28T17:31:00.0000000Z"},
        {"id": "https:\/\/www.bingapis.com\/api\/v6\/#WebPages.1", "name": "Form
        8-K - Official Site", "url": "https:\/\/www.sec.gov\/about\/forms\/form8-k.pdf",
        "urlPingSuffix": "DevEx,5105.1", "displayUrl": "https:\/\/www.sec.gov\/about\/forms\/form8-k.pdf",
        "snippet": "If a report on Form 8-K contains disclosures under Item 2.02
        or Item 7.01, whether or not the report contains disclosures regarding other
        items, ...", "dateLastCrawled": "2016-12-24T02:45:00.0000000Z"}, {"id": "https:\/\/www.bingapis.com\/api\/v6\/#WebPages.2",
        "name": "Regulation S-K Compliance and Disclosure Interpretations", "url":
        "https:\/\/www.sec.gov\/divisions\/corpfin\/guidance\/regs-kinterp.htm", "urlPingSuffix":
        "DevEx,5117.1", "displayUrl": "https:\/\/www.sec.gov\/divisions\/corpfin\/guidance\/regs-kinterp.htm",
        "snippet": "Item 401 — Directors, Executive Officers, Promoters and Control
        Persons. 216.01 Item 401(d) requires disclosure where a director''s wife
        is the first cousin of an ...", "dateLastCrawled": "2016-12-25T08:07:00.0000000Z"},
        {"id": "https:\/\/www.bingapis.com\/api\/v6\/#WebPages.3", "name": "Item
        402 of Regulation S-K — Executive Compensation", "url": "https:\/\/www.sec.gov\/divisions\/corpfin\/guidance\/execcomp402interp.htm",
        "urlPingSuffix": "DevEx,5129.1", "displayUrl": "https:\/\/www.sec.gov\/divisions\/corpfin\/guidance\/execcomp402interp.htm",
        "snippet": "Item 402 of Regulation S-K — Executive Compensation Last Update:
        August 8, 2007. The bracketed date following each interpretation is the latest
        date of publication ...", "dateLastCrawled": "2016-12-27T07:36:00.0000000Z"},
        {"id": "https:\/\/www.bingapis.com\/api\/v6\/#WebPages.4", "name": "Form 8-K’s
        Item 5.07 – New Question 121A.01", "url": "https:\/\/www.sec.gov\/divisions\/corpfin\/guidance\/8-kinterp.htm",
        "urlPingSuffix": "DevEx,5141.1", "displayUrl": "https:\/\/www.sec.gov\/divisions\/corpfin\/guidance\/8-kinterp.htm",
        "snippet": "Item 1.01 Entry into a Material Definitive Agreement. Question
        102.01. Question: If an agreement that was not material at the time the registrant
        entered into it ...", "dateLastCrawled": "2017-01-01T22:09:00.0000000Z"},
        {"id": "https:\/\/www.bingapis.com\/api\/v6\/#WebPages.5", "name": "E-Items
        Current", "url": "http:\/\/das.ct.gov\/fp1.aspx?page=301", "urlPingSuffix":
        "DevEx,5154.1", "displayUrl": "das.ct.gov\/fp1.aspx?page=301", "snippet":
        "Current E-Items. Item_# Eff.Date Subject; 0936-E: 01\/01\/2006: Increase
        in Family Sick Leave for Executives: 1631-E: 12\/01\/2010: Extension of Arbitration
        Award ...", "dateLastCrawled": "2016-12-31T03:04:00.0000000Z"}, {"id": "https:\/\/www.bingapis.com\/api\/v6\/#WebPages.6",
        "name": "Bulky Item Collection Overview - San Antonio", "url": "http:\/\/www.sanantonio.gov\/swmd\/Bulky",
        "urlPingSuffix": "DevEx,5165.1", "displayUrl": "www.sanantonio.gov\/swmd\/Bulky",
        "snippet": "Bulky item collection is provided to all City residential solid
        waste ratepayers. To find out if you are a solid waste customer, check your
        CPS Energy bill.", "dateLastCrawled": "2016-12-27T04:39:00.0000000Z"}, {"id":
        "https:\/\/www.bingapis.com\/api\/v6\/#WebPages.7", "name": "Minister dog
        | Library of Congress", "url": "https:\/\/www.loc.gov\/item\/2016699360\/",
        "urlPingSuffix": "DevEx,5177.1", "displayUrl": "https:\/\/www.loc.gov\/item\/2016699360",
        "snippet": "No, the item is not digitized. Please go to #2. Do the Access
        Advisory or Call Number fields above indicate that a non-digital surrogate
        exists ...", "dateLastCrawled": "2017-01-01T13:02:00.0000000Z"}, {"id": "https:\/\/www.bingapis.com\/api\/v6\/#WebPages.8",
        "name": "U.S. Consumer Product Safety Commission - Official Site", "url":
        "https:\/\/www.cpsc.gov\/", "urlPingSuffix": "DevEx,5190.1", "displayUrl":
        "https:\/\/www.cpsc.gov", "snippet": "The link you selected is for a destination
        outside of the Federal Government. CPSC does not control this external site
        or its privacy policy and cannot attest to the ...", "dateLastCrawled": "2017-01-01T00:40:00.0000000Z"},
        {"id": "https:\/\/www.bingapis.com\/api\/v6\/#WebPages.9", "name": "Publication
        561 (4\/2007), Determining the Value of Donated ...", "url": "https:\/\/www.irs.gov\/publications\/p561\/ar02.html",
        "urlPingSuffix": "DevEx,5202.1", "displayUrl": "https:\/\/www.irs.gov\/publications\/p561\/ar02.html",
        "snippet": "An item of clothing that is not in good used condition or better
        for which you take a deduction of more than $500 requires a qualified appraisal.",
        "dateLastCrawled": "2016-12-27T08:12:00.0000000Z"}, {"id": "https:\/\/www.bingapis.com\/api\/v6\/#WebPages.10",
        "name": "Lost & Found | Transportation Security Administration", "url": "https:\/\/www.tsa.gov\/contact\/lost-and-found",
        "urlPingSuffix": "DevEx,5214.1", "displayUrl": "https:\/\/www.tsa.gov\/contact\/lost-and-found",
        "snippet": "The Lost & Found contacts are for items left at TSA security checkpoints
        or items missing from checked baggage. For items left in other areas of the
        airport, please ...", "dateLastCrawled": "2016-12-28T19:58:00.0000000Z"},
        {"id": "https:\/\/www.bingapis.com\/api\/v6\/#WebPages.11", "name": "CARE
        Item Set and B-CARE", "url": "http:\/\/www.cms.gov\/Medicare\/Quality-Initiatives-Patient-Assessment-Instruments\/Post-Acute-Care-Quality-Initiatives\/CARE-Item-Set-and-B-CARE.html",
        "urlPingSuffix": "DevEx,5226.1", "displayUrl": "www.cms.gov\/...\/CARE-Item-Set-and-B-CARE.html",
        "snippet": "The Development and Testing of the Continuity Assessment Record
        and Evaluation (CARE) Item Set: Final Report on the Development of the CARE
        Item Set.", "dateLastCrawled": "2016-12-31T15:41:00.0000000Z"}, {"id": "https:\/\/www.bingapis.com\/api\/v6\/#WebPages.12",
        "name": "Agenda Item 10 - calpers.ca.gov", "url": "https:\/\/www.calpers.ca.gov\/docs\/board-agendas\/201606\/pension\/item-10.pdf",
        "urlPingSuffix": "DevEx,5238.1", "displayUrl": "https:\/\/www.calpers.ca.gov\/docs\/board-agendas\/201606\/pension\/item...",
        "snippet": "Agenda Item 10 Pension and Health Benefits Committee Page 2
        of 5 website twice a month with its pharmaceutical pricing data 4; however,
        this public data omits", "dateLastCrawled": "2016-12-21T05:45:00.0000000Z"},
        {"id": "https:\/\/www.bingapis.com\/api\/v6\/#WebPages.13", "name": "Disputing
        Errors on Credit Reports | Consumer Information", "url": "https:\/\/www.consumer.ftc.gov\/articles\/0151-disputing-errors-credit-reports",
        "urlPingSuffix": "DevEx,5249.1", "displayUrl": "https:\/\/www.consumer.ftc.gov\/articles\/0151-disputing-errors-credit...",
        "snippet": "If the provider continues to report the item you disputed to
        a credit reporting company, it must let the credit reporting company know
        about your dispute.", "dateLastCrawled": "2016-12-27T04:19:00.0000000Z"},
        {"id": "https:\/\/www.bingapis.com\/api\/v6\/#WebPages.14", "name": "Form
        10-K - Sec", "url": "https:\/\/www.sec.gov\/about\/forms\/form10-k.pdf", "urlPingSuffix":
        "DevEx,5260.1", "displayUrl": "https:\/\/www.sec.gov\/about\/forms\/form10-k.pdf",
        "snippet": "included in Part I of Form 10-K under an appropriate caption.
        See Instruction 3 to Item 401(b) of Regulation S-K (§ 229.401(b) of this
        chapter).", "dateLastCrawled": "2016-12-28T07:46:00.0000000Z"}, {"id": "https:\/\/www.bingapis.com\/api\/v6\/#WebPages.15",
        "name": "ISTEP+ Grades 3-8 | IDOE", "url": "http:\/\/www.doe.in.gov\/assessment\/istep-grades-3-8",
        "urlPingSuffix": "DevEx,5272.1", "displayUrl": "www.doe.in.gov\/assessment\/istep-grades-3-8",
        "snippet": "Item Samplers. The Item Samplers on this website provide information
        about ISTEP+ for students, parents, educators, and others. The items in each
        sampler are examples ...", "dateLastCrawled": "2016-12-31T20:22:00.0000000Z"},
        {"id": "https:\/\/www.bingapis.com\/api\/v6\/#WebPages.16", "name": "Home
        Inventory Checklist - Department of Financial", "url": "http:\/\/www.dfs.ny.gov\/consumer\/homeown\/home_invchklst.pdf",
        "urlPingSuffix": "DevEx,5282.1", "displayUrl": "www.dfs.ny.gov\/consumer\/homeown\/home_invchklst.pdf",
        "snippet": "HOME INVENTORY CHECKLIST Household Inventory Checklist | 3 Number
        Of Items Item Year Bought Cost Dining Room Air Conditioner Window Units",
        "dateLastCrawled": "2016-12-28T17:18:00.0000000Z"}, {"id": "https:\/\/www.bingapis.com\/api\/v6\/#WebPages.17",
        "name": "MDOT - Design Services", "url": "http:\/\/www.michigan.gov\/mdot\/0,1607,7-151-9625_21540_36037---,00.html",
        "urlPingSuffix": "DevEx,5294.1", "displayUrl": "www.michigan.gov\/mdot\/0,1607,7-151-9625_21540_36037---,00.html",
        "snippet": "Design. Plan Development Services for Consultants The following
        areas provide links to the most common reference materials and tools used
        in the preparation of plans ...", "dateLastCrawled": "2016-12-15T23:42:00.0000000Z"},
        {"id": "https:\/\/www.bingapis.com\/api\/v6\/#WebPages.18", "name": "Is your
        test, item, or service covered? | Medicare.gov", "url": "https:\/\/www.medicare.gov\/coverage\/is-your-test-item-or-service-covered.html",
        "urlPingSuffix": "DevEx,5306.1", "displayUrl": "https:\/\/www.medicare.gov\/coverage\/is-your-test-item-or-service...",
        "snippet": "If your test, item or service isn’t listed, talk to your doctor
        or other health care provider about why you need certain tests, items or services.",
        "dateLastCrawled": "2016-12-31T22:29:00.0000000Z"}, {"id": "https:\/\/www.bingapis.com\/api\/v6\/#WebPages.19",
        "name": "SEC.gov | Form 8-K", "url": "https:\/\/www.sec.gov\/answers\/form8k.htm",
        "urlPingSuffix": "DevEx,5319.1", "displayUrl": "https:\/\/www.sec.gov\/answers\/form8k.htm",
        "snippet": "Item 8.01: Other Events (The registrant can use this Item
        to report events that are not specifically called for by Form 8-K, that the
        registrant considers to be ...", "dateLastCrawled": "2016-12-30T05:16:00.0000000Z"}]},
        "rankingResponse": {"mainline": {"items": [{"answerType": "DictionaryWords"},
        {"answerType": "WebPages", "resultIndex": 0, "value": {"id": "https:\/\/www.bingapis.com\/api\/v6\/#WebPages.0"}},
        {"answerType": "WebPages", "resultIndex": 1, "value": {"id": "https:\/\/www.bingapis.com\/api\/v6\/#WebPages.1"}},
        {"answerType": "WebPages", "resultIndex": 2, "value": {"id": "https:\/\/www.bingapis.com\/api\/v6\/#WebPages.2"}},
        {"answerType": "WebPages", "resultIndex": 3, "value": {"id": "https:\/\/www.bingapis.com\/api\/v6\/#WebPages.3"}},
        {"answerType": "WebPages", "resultIndex": 4, "value": {"id": "https:\/\/www.bingapis.com\/api\/v6\/#WebPages.4"}},
        {"answerType": "WebPages", "resultIndex": 5, "value": {"id": "https:\/\/www.bingapis.com\/api\/v6\/#WebPages.5"}},
        {"answerType": "WebPages", "resultIndex": 6, "value": {"id": "https:\/\/www.bingapis.com\/api\/v6\/#WebPages.6"}},
        {"answerType": "WebPages", "resultIndex": 7, "value": {"id": "https:\/\/www.bingapis.com\/api\/v6\/#WebPages.7"}},
        {"answerType": "WebPages", "resultIndex": 8, "value": {"id": "https:\/\/www.bingapis.com\/api\/v6\/#WebPages.8"}},
        {"answerType": "WebPages", "resultIndex": 9, "value": {"id": "https:\/\/www.bingapis.com\/api\/v6\/#WebPages.9"}},
        {"answerType": "WebPages", "resultIndex": 10, "value": {"id": "https:\/\/www.bingapis.com\/api\/v6\/#WebPages.10"}},
        {"answerType": "WebPages", "resultIndex": 11, "value": {"id": "https:\/\/www.bingapis.com\/api\/v6\/#WebPages.11"}},
        {"answerType": "WebPages", "resultIndex": 12, "value": {"id": "https:\/\/www.bingapis.com\/api\/v6\/#WebPages.12"}},
        {"answerType": "WebPages", "resultIndex": 13, "value": {"id": "https:\/\/www.bingapis.com\/api\/v6\/#WebPages.13"}},
        {"answerType": "WebPages", "resultIndex": 14, "value": {"id": "https:\/\/www.bingapis.com\/api\/v6\/#WebPages.14"}},
        {"answerType": "WebPages", "resultIndex": 15, "value": {"id": "https:\/\/www.bingapis.com\/api\/v6\/#WebPages.15"}},
        {"answerType": "WebPages", "resultIndex": 16, "value": {"id": "https:\/\/www.bingapis.com\/api\/v6\/#WebPages.16"}},
        {"answerType": "WebPages", "resultIndex": 17, "value": {"id": "https:\/\/www.bingapis.com\/api\/v6\/#WebPages.17"}},
        {"answerType": "WebPages", "resultIndex": 18, "value": {"id": "https:\/\/www.bingapis.com\/api\/v6\/#WebPages.18"}},
        {"answerType": "WebPages", "resultIndex": 19, "value": {"id": "https:\/\/www.bingapis.com\/api\/v6\/#WebPages.19"}}]}}}'
    http_version: 
  recorded_at: Tue, 03 Jan 2017 22:57:27 GMT
- request:
    method: get
    uri: https://www.bingapis.com/api/v6/search?AppId=***REMOVED***&count=20&mkt=en-US&offset=0&q=item%20(site:gov%20OR%20site:mil)&responseFilter=WebPages,SpellSuggestions&safeSearch=moderate&textDecorations=true&traffictype=test
    body:
      encoding: US-ASCII
      string: ''
    headers:
      User-Agent:
      - USASearch
      Ocp-Apim-Subscription-Key:
      - ***REMOVED***
      Accept-Encoding:
      - gzip;q=1.0,deflate;q=0.6,identity;q=0.3
      Accept:
      - "*/*"
      Connection:
      - keep-alive
      Keep-Alive:
      - 30
  response:
    status:
      code: 200
      message: OK
    headers:
      Cache-Control:
      - private, max-age=0
      Content-Length:
      - '3837'
      Content-Type:
      - application/json; charset=utf-8
      Expires:
      - Tue, 03 Jan 2017 22:56:27 GMT
      Vary:
      - Accept-Encoding
      Server:
      - Microsoft-IIS/8.5
      P3p:
      - CP="NON UNI COM NAV STA LOC CURa DEVa PSAa PSDa OUR IND"
      Set-Cookie:
      - MUID=3419315854F76747006938A755606653; path=/; expires=Thu, 03-Jan-2019 22:57:27
        GMT; domain=bingapis.com
      - MUIDB=3419315854F76747006938A755606653; path=/; httponly; expires=Thu, 03-Jan-2019
        22:57:27 GMT
      - SRCHD=AF=NOFORM; domain=.bingapis.com; expires=Thu, 03-Jan-2019 22:57:27 GMT;
        path=/
      - SRCHUID=V=2&GUID=E8B5D745299E44D49BB33D12A20B36C5; expires=Thu, 03-Jan-2019
        22:57:27 GMT; path=/
      - SRCHUSR=DOB=20170103; domain=.bingapis.com; expires=Thu, 03-Jan-2019 22:57:27
        GMT; path=/
      - _EDGE_S=mkt=en-us&F=1&SID=3437B33E3AE86E862333BAC13B7F6FA8; path=/; httponly;
        domain=bingapis.com
      - _EDGE_V=1; path=/; httponly; expires=Thu, 03-Jan-2019 22:57:27 GMT; domain=bingapis.com
      - _SS=SID=3437B33E3AE86E862333BAC13B7F6FA8; domain=.bingapis.com; path=/
      Bingapis-Traceid:
      - 3C081A2043F44400AEA93E1A2F09B62F
      X-Msedge-Clientid:
      - 3419315854F76747006938A755606653
      X-Msapi-Userstate:
      - 1ba4
      Bingapis-Market:
      - en-US
      X-Msedge-Ref:
      - 'Ref A: 3C081A2043F44400AEA93E1A2F09B62F Ref B: 8E9B66BC85F18D80A1AF6C024BE72B90
        Ref C: Tue Jan  3 14:57:27 2017 PST'
      Date:
      - Tue, 03 Jan 2017 22:57:27 GMT
    body:
      encoding: UTF-8
      string: '{"_type": "SearchResponse", "instrumentation": {"pingUrlBase": "https:\/\/www.bingapis.com\/api\/ping?IG=8BD5A4C489E9471495F50FEA5B24DB9E&CID=3419315854F76747006938A755606653&ID=",
        "pageLoadPingUrl": "https:\/\/www.bingapis.com\/api\/ping\/pageload?IG=8BD5A4C489E9471495F50FEA5B24DB9E&CID=3419315854F76747006938A755606653&Type=Event.CPT&DATA=0"},
        "webPages": {"webSearchUrl": "https:\/\/www.bing.com\/search?q=item+(site%3agov+OR+site%3amil)",
        "webSearchUrlPingSuffix": "DevEx,5495.1", "totalEstimatedMatches": 3940000,
        "value": [{"id": "https:\/\/www.bingapis.com\/api\/v6\/#WebPages.0", "name":
        "Prohibited Items | Transportation Security Administration", "url": "https:\/\/www.tsa.gov\/travel\/security-screening\/prohibited-items",
        "urlPingSuffix": "DevEx,5111.1", "displayUrl": "https:\/\/www.tsa.gov\/travel\/security-screening\/prohibited-items",
        "snippet": "The final decision rests with the TSA officer on whether an item
        is allowed through the checkpoint. Explosives\/Flammable; Firearms; Food;
        Self Defense; Sharp Objects;", "deepLinks": [{"name": "Liquids Rule", "url":
        "https:\/\/www.tsa.gov\/travel\/security-screening\/liquids-rule", "urlPingSuffix":
        "DevEx,5102.1"}, {"name": "Special Procedures", "url": "https:\/\/www.tsa.gov\/travel\/special-procedures",
        "urlPingSuffix": "DevEx,5103.1"}, {"name": "Travel Tips", "url": "https:\/\/www.tsa.gov\/travel\/travel-tips",
        "urlPingSuffix": "DevEx,5104.1"}, {"name": "Identification", "url": "https:\/\/www.tsa.gov\/travel\/security-screening\/identification",
        "urlPingSuffix": "DevEx,5105.1"}, {"name": "TSA Pre", "url": "https:\/\/www.tsa.gov\/precheck",
        "urlPingSuffix": "DevEx,5106.1"}], "dateLastCrawled": "2016-12-28T17:31:00.0000000Z"},
        {"id": "https:\/\/www.bingapis.com\/api\/v6\/#WebPages.1", "name": "Form
        8-K - Official Site", "url": "https:\/\/www.sec.gov\/about\/forms\/form8-k.pdf",
        "urlPingSuffix": "DevEx,5122.1", "displayUrl": "https:\/\/www.sec.gov\/about\/forms\/form8-k.pdf",
        "snippet": "Item 2.02 or Item 7.01 will be deemed furnished, and not ﬁ
        led, unless the registrant speci ﬁ es, under Item 9.01 (Financial Statements
        and", "dateLastCrawled": "2016-12-24T02:45:00.0000000Z"}, {"id": "https:\/\/www.bingapis.com\/api\/v6\/#WebPages.2",
        "name": "Regulation S-K Compliance and Disclosure Interpretations", "url":
        "https:\/\/www.sec.gov\/divisions\/corpfin\/guidance\/regs-kinterp.htm", "urlPingSuffix":
        "DevEx,5133.1", "displayUrl": "https:\/\/www.sec.gov\/divisions\/corpfin\/guidance\/regs-kinterp.htm",
        "snippet": "QUESTIONS AND ANSWERS OF GENERAL APPLICABILITY Section 101. Regulation
        S-K — General Guidance. None. Section 102. Item 10 — General Question 102.01",
        "dateLastCrawled": "2016-12-31T05:30:00.0000000Z"}, {"id": "https:\/\/www.bingapis.com\/api\/v6\/#WebPages.3",
        "name": "Item 402 of Regulation S-K — Executive Compensation", "url": "https:\/\/www.sec.gov\/divisions\/corpfin\/guidance\/execcomp402interp.htm",
        "urlPingSuffix": "DevEx,5145.1", "displayUrl": "https:\/\/www.sec.gov\/divisions\/corpfin\/guidance\/execcomp402interp.htm",
        "snippet": "Item 402 of Regulation S-K — Executive Compensation Last Update:
        August 8, 2007. The bracketed date following each interpretation is the latest
        date of publication ...", "dateLastCrawled": "2016-12-27T07:36:00.0000000Z"},
        {"id": "https:\/\/www.bingapis.com\/api\/v6\/#WebPages.4", "name": "Form 8-K’s
        Item 5.07 – New Question 121A.01", "url": "https:\/\/www.sec.gov\/divisions\/corpfin\/guidance\/8-kinterp.htm",
        "urlPingSuffix": "DevEx,5157.1", "displayUrl": "https:\/\/www.sec.gov\/divisions\/corpfin\/guidance\/8-kinterp.htm",
        "snippet": "Item 1.01 Entry into a Material Definitive Agreement. Question
        102.01. Question: If an agreement that was not material at the time the registrant
        entered into it ...", "dateLastCrawled": "2016-12-27T02:32:00.0000000Z"},
        {"id": "https:\/\/www.bingapis.com\/api\/v6\/#WebPages.5", "name": "E-Items
        Current", "url": "http:\/\/das.ct.gov\/fp1.aspx?page=301", "urlPingSuffix":
        "DevEx,5169.1", "displayUrl": "das.ct.gov\/fp1.aspx?page=301", "snippet":
        "Item_# Eff.Date Subject; 0936-E: 01\/01\/2006: Increase in Family Sick
        Leave for Executives: 1631-E: 12\/01\/2010: Extension of Arbitration Award
        Regarding the Alternate ...", "dateLastCrawled": "2016-12-28T11:03:00.0000000Z"},
        {"id": "https:\/\/www.bingapis.com\/api\/v6\/#WebPages.6", "name": "Bulky
        Item Collection Overview - San Antonio", "url": "http:\/\/www.sanantonio.gov\/swmd\/Bulky",
        "urlPingSuffix": "DevEx,5180.1", "displayUrl": "www.sanantonio.gov\/swmd\/Bulky",
        "snippet": "Bulky item collection is provided to all City residential solid
        waste ratepayers. To find out if you are a solid waste customer, check your
        CPS Energy bill.", "dateLastCrawled": "2016-12-27T04:39:00.0000000Z"}, {"id":
        "https:\/\/www.bingapis.com\/api\/v6\/#WebPages.7", "name": "Minister dog
        | Library of Congress", "url": "https:\/\/www.loc.gov\/item\/2016699360\/",
        "urlPingSuffix": "DevEx,5192.1", "displayUrl": "https:\/\/www.loc.gov\/item\/2016699360",
        "snippet": "No, the item is not digitized. Please go to #2. Do the Access
        Advisory or Call Number fields above indicate that a non-digital surrogate
        exists ...", "dateLastCrawled": "2017-01-01T13:02:00.0000000Z"}, {"id": "https:\/\/www.bingapis.com\/api\/v6\/#WebPages.8",
        "name": "U.S. Consumer Product Safety Commission - Official Site", "url":
        "https:\/\/www.cpsc.gov\/", "urlPingSuffix": "DevEx,5204.1", "displayUrl":
        "https:\/\/www.cpsc.gov", "snippet": "The link you selected is for a destination
        outside of the Federal Government. CPSC does not control this external site
        or its privacy policy and cannot attest to the ...", "dateLastCrawled": "2016-12-28T14:19:00.0000000Z"},
        {"id": "https:\/\/www.bingapis.com\/api\/v6\/#WebPages.9", "name": "Publication
        561 (4\/2007), Determining the Value of Donated ...", "url": "https:\/\/www.irs.gov\/publications\/p561\/ar02.html",
        "urlPingSuffix": "DevEx,5216.1", "displayUrl": "https:\/\/www.irs.gov\/publications\/p561\/ar02.html",
        "snippet": "An item of clothing that is not in good used condition or better
        for which you take a deduction of more than $500 requires a qualified appraisal.",
        "dateLastCrawled": "2016-12-27T08:12:00.0000000Z"}, {"id": "https:\/\/www.bingapis.com\/api\/v6\/#WebPages.10",
        "name": "Lost & Found | Transportation Security Administration", "url": "https:\/\/www.tsa.gov\/contact\/lost-and-found",
        "urlPingSuffix": "DevEx,5228.1", "displayUrl": "https:\/\/www.tsa.gov\/contact\/lost-and-found",
        "snippet": "The Lost & Found contacts are for items left at TSA security checkpoints
        or items missing from checked baggage. For items left in other areas of the
        airport, please ...", "dateLastCrawled": "2017-01-01T03:48:00.0000000Z"},
        {"id": "https:\/\/www.bingapis.com\/api\/v6\/#WebPages.11", "name": "CARE
        Item Set and B-CARE", "url": "http:\/\/www.cms.gov\/Medicare\/Quality-Initiatives-Patient-Assessment-Instruments\/Post-Acute-Care-Quality-Initiatives\/CARE-Item-Set-and-B-CARE.html",
        "urlPingSuffix": "DevEx,5240.1", "displayUrl": "www.cms.gov\/...\/CARE-Item-Set-and-B-CARE.html",
        "snippet": "The Development and Testing of the Continuity Assessment Record
        and Evaluation (CARE) Item Set: Final Report on the Development of the CARE
        Item Set.", "dateLastCrawled": "2016-12-24T18:10:00.0000000Z"}, {"id": "https:\/\/www.bingapis.com\/api\/v6\/#WebPages.12",
        "name": "Agenda Item 10 - calpers.ca.gov", "url": "https:\/\/www.calpers.ca.gov\/docs\/board-agendas\/201606\/pension\/item-10.pdf",
        "urlPingSuffix": "DevEx,5251.1", "displayUrl": "https:\/\/www.calpers.ca.gov\/docs\/board-agendas\/201606\/pension\/item...",
        "snippet": "Agenda Item 10 Pension and Health Benefits Committee Page 2
        of 5 website twice a month with its pharmaceutical pricing data 4; however,
        this public data omits", "dateLastCrawled": "2016-12-21T05:45:00.0000000Z"},
        {"id": "https:\/\/www.bingapis.com\/api\/v6\/#WebPages.13", "name": "Disputing
        Errors on Credit Reports | Consumer Information", "url": "https:\/\/www.consumer.ftc.gov\/articles\/0151-disputing-errors-credit-reports",
        "urlPingSuffix": "DevEx,5263.1", "displayUrl": "https:\/\/www.consumer.ftc.gov\/articles\/0151-disputing-errors-credit...",
        "snippet": "If the provider continues to report the item you disputed to
        a credit reporting company, it must let the credit reporting company know
        about your dispute.", "dateLastCrawled": "2016-12-27T04:19:00.0000000Z"},
        {"id": "https:\/\/www.bingapis.com\/api\/v6\/#WebPages.14", "name": "Form
        10-K - Sec", "url": "https:\/\/www.sec.gov\/about\/forms\/form10-k.pdf", "urlPingSuffix":
        "DevEx,5273.1", "displayUrl": "https:\/\/www.sec.gov\/about\/forms\/form10-k.pdf",
        "snippet": "included in Part I of Form 10-K under an appropriate caption.
        See Instruction 3 to Item 401(b) of Regulation S-K (§ 229.401(b) of this
        chapter).", "dateLastCrawled": "2016-12-28T07:46:00.0000000Z"}, {"id": "https:\/\/www.bingapis.com\/api\/v6\/#WebPages.15",
        "name": "ISTEP+ Grades 3-8 | IDOE", "url": "http:\/\/www.doe.in.gov\/assessment\/istep-grades-3-8",
        "urlPingSuffix": "DevEx,5284.1", "displayUrl": "www.doe.in.gov\/assessment\/istep-grades-3-8",
        "snippet": "Item Samplers. The Item Samplers on this website provide information
        about ISTEP+ for students, parents, educators, and others. The items in each
        sampler are examples ...", "dateLastCrawled": "2016-12-28T00:37:00.0000000Z"},
        {"id": "https:\/\/www.bingapis.com\/api\/v6\/#WebPages.16", "name": "Home
        Inventory Checklist - Department of Financial", "url": "http:\/\/www.dfs.ny.gov\/consumer\/homeown\/home_invchklst.pdf",
        "urlPingSuffix": "DevEx,5294.1", "displayUrl": "www.dfs.ny.gov\/consumer\/homeown\/home_invchklst.pdf",
        "snippet": "HOME INVENTORY CHECKLIST Household Inventory Checklist | 3 Number
        Of Items Item Year Bought Cost Dining Room Air Conditioner Window Units",
        "dateLastCrawled": "2016-12-28T17:18:00.0000000Z"}, {"id": "https:\/\/www.bingapis.com\/api\/v6\/#WebPages.17",
        "name": "MDOT - Design Services", "url": "http:\/\/www.michigan.gov\/mdot\/0,1607,7-151-9625_21540_36037---,00.html",
        "urlPingSuffix": "DevEx,5305.1", "displayUrl": "www.michigan.gov\/mdot\/0,1607,7-151-9625_21540_36037---,00.html",
        "snippet": "Design. Plan Development Services for Consultants The following
        areas provide links to the most common reference materials and tools used
        in the preparation of plans ...", "dateLastCrawled": "2016-12-15T23:42:00.0000000Z"},
        {"id": "https:\/\/www.bingapis.com\/api\/v6\/#WebPages.18", "name": "Is your
        test, item, or service covered? | Medicare.gov", "url": "https:\/\/www.medicare.gov\/coverage\/is-your-test-item-or-service-covered.html",
        "urlPingSuffix": "DevEx,5317.1", "displayUrl": "https:\/\/www.medicare.gov\/coverage\/is-your-test-item-or-service...",
        "snippet": "If your test, item or service isn’t listed, talk to your doctor
        or other health care provider about why you need certain tests, items or services.",
        "dateLastCrawled": "2016-12-28T07:29:00.0000000Z"}, {"id": "https:\/\/www.bingapis.com\/api\/v6\/#WebPages.19",
        "name": "SEC.gov | Form 8-K", "url": "https:\/\/www.sec.gov\/answers\/form8k.htm",
        "urlPingSuffix": "DevEx,5329.1", "displayUrl": "https:\/\/www.sec.gov\/answers\/form8k.htm",
        "snippet": "Item 8.01: Other Events (The registrant can use this Item
        to report events that are not specifically called for by Form 8-K, that the
        registrant considers to be ...", "dateLastCrawled": "2016-12-23T18:16:00.0000000Z"}]},
        "rankingResponse": {"mainline": {"items": [{"answerType": "DictionaryWords"},
        {"answerType": "WebPages", "resultIndex": 0, "value": {"id": "https:\/\/www.bingapis.com\/api\/v6\/#WebPages.0"}},
        {"answerType": "WebPages", "resultIndex": 1, "value": {"id": "https:\/\/www.bingapis.com\/api\/v6\/#WebPages.1"}},
        {"answerType": "WebPages", "resultIndex": 2, "value": {"id": "https:\/\/www.bingapis.com\/api\/v6\/#WebPages.2"}},
        {"answerType": "WebPages", "resultIndex": 3, "value": {"id": "https:\/\/www.bingapis.com\/api\/v6\/#WebPages.3"}},
        {"answerType": "WebPages", "resultIndex": 4, "value": {"id": "https:\/\/www.bingapis.com\/api\/v6\/#WebPages.4"}},
        {"answerType": "WebPages", "resultIndex": 5, "value": {"id": "https:\/\/www.bingapis.com\/api\/v6\/#WebPages.5"}},
        {"answerType": "WebPages", "resultIndex": 6, "value": {"id": "https:\/\/www.bingapis.com\/api\/v6\/#WebPages.6"}},
        {"answerType": "WebPages", "resultIndex": 7, "value": {"id": "https:\/\/www.bingapis.com\/api\/v6\/#WebPages.7"}},
        {"answerType": "WebPages", "resultIndex": 8, "value": {"id": "https:\/\/www.bingapis.com\/api\/v6\/#WebPages.8"}},
        {"answerType": "WebPages", "resultIndex": 9, "value": {"id": "https:\/\/www.bingapis.com\/api\/v6\/#WebPages.9"}},
        {"answerType": "WebPages", "resultIndex": 10, "value": {"id": "https:\/\/www.bingapis.com\/api\/v6\/#WebPages.10"}},
        {"answerType": "WebPages", "resultIndex": 11, "value": {"id": "https:\/\/www.bingapis.com\/api\/v6\/#WebPages.11"}},
        {"answerType": "WebPages", "resultIndex": 12, "value": {"id": "https:\/\/www.bingapis.com\/api\/v6\/#WebPages.12"}},
        {"answerType": "WebPages", "resultIndex": 13, "value": {"id": "https:\/\/www.bingapis.com\/api\/v6\/#WebPages.13"}},
        {"answerType": "WebPages", "resultIndex": 14, "value": {"id": "https:\/\/www.bingapis.com\/api\/v6\/#WebPages.14"}},
        {"answerType": "WebPages", "resultIndex": 15, "value": {"id": "https:\/\/www.bingapis.com\/api\/v6\/#WebPages.15"}},
        {"answerType": "WebPages", "resultIndex": 16, "value": {"id": "https:\/\/www.bingapis.com\/api\/v6\/#WebPages.16"}},
        {"answerType": "WebPages", "resultIndex": 17, "value": {"id": "https:\/\/www.bingapis.com\/api\/v6\/#WebPages.17"}},
        {"answerType": "WebPages", "resultIndex": 18, "value": {"id": "https:\/\/www.bingapis.com\/api\/v6\/#WebPages.18"}},
        {"answerType": "WebPages", "resultIndex": 19, "value": {"id": "https:\/\/www.bingapis.com\/api\/v6\/#WebPages.19"}}]}}}'
    http_version: 
  recorded_at: Tue, 03 Jan 2017 22:57:27 GMT
- request:
    method: get
    uri: https://www.bingapis.com/api/v6/search?AppId=***REMOVED***&count=20&mkt=en-US&offset=0&q=item%20(site:gov%20OR%20site:mil)&responseFilter=WebPages,SpellSuggestions&safeSearch=moderate&textDecorations=true&traffictype=test
    body:
      encoding: US-ASCII
      string: ''
    headers:
      User-Agent:
      - USASearch
      Ocp-Apim-Subscription-Key:
      - ***REMOVED***
      Accept-Encoding:
      - gzip;q=1.0,deflate;q=0.6,identity;q=0.3
      Accept:
      - "*/*"
      Connection:
      - keep-alive
      Keep-Alive:
      - 30
  response:
    status:
      code: 200
      message: OK
    headers:
      Cache-Control:
      - private, max-age=0
      Content-Length:
      - '3838'
      Content-Type:
      - application/json; charset=utf-8
      Expires:
      - Tue, 03 Jan 2017 22:56:28 GMT
      Vary:
      - Accept-Encoding
      Server:
      - Microsoft-IIS/8.5
      P3p:
      - CP="NON UNI COM NAV STA LOC CURa DEVa PSAa PSDa OUR IND"
      Set-Cookie:
      - MUID=34ACDAD0752E62153C4CD32F74B96338; path=/; expires=Thu, 03-Jan-2019 22:57:28
        GMT; domain=bingapis.com
      - MUIDB=34ACDAD0752E62153C4CD32F74B96338; path=/; httponly; expires=Thu, 03-Jan-2019
        22:57:28 GMT
      - SRCHD=AF=NOFORM; domain=.bingapis.com; expires=Thu, 03-Jan-2019 22:57:28 GMT;
        path=/
      - SRCHUID=V=2&GUID=E097A09777634C3B931210074E21BE39; expires=Thu, 03-Jan-2019
        22:57:28 GMT; path=/
      - SRCHUSR=DOB=20170103; domain=.bingapis.com; expires=Thu, 03-Jan-2019 22:57:28
        GMT; path=/
      - _EDGE_S=mkt=en-us&F=1&SID=3396E1DC16C267661F18E823175566E0; path=/; httponly;
        domain=bingapis.com
      - _EDGE_V=1; path=/; httponly; expires=Thu, 03-Jan-2019 22:57:28 GMT; domain=bingapis.com
      - _SS=SID=3396E1DC16C267661F18E823175566E0; domain=.bingapis.com; path=/
      Bingapis-Traceid:
      - 21D1DAF4C7224795B6A625809BD3A93C
      X-Msedge-Clientid:
      - 34ACDAD0752E62153C4CD32F74B96338
      X-Msapi-Userstate:
      - 9be3
      Bingapis-Market:
      - en-US
      X-Msedge-Ref:
      - 'Ref A: 21D1DAF4C7224795B6A625809BD3A93C Ref B: 91AD88F2342949C0B1757C06D12C6146
        Ref C: Tue Jan  3 14:57:28 2017 PST'
      Date:
      - Tue, 03 Jan 2017 22:57:28 GMT
    body:
      encoding: UTF-8
      string: '{"_type": "SearchResponse", "instrumentation": {"pingUrlBase": "https:\/\/www.bingapis.com\/api\/ping?IG=18271A7E86564E098C42A60EA4A80AF7&CID=34ACDAD0752E62153C4CD32F74B96338&ID=",
        "pageLoadPingUrl": "https:\/\/www.bingapis.com\/api\/ping\/pageload?IG=18271A7E86564E098C42A60EA4A80AF7&CID=34ACDAD0752E62153C4CD32F74B96338&Type=Event.CPT&DATA=0"},
        "webPages": {"webSearchUrl": "https:\/\/www.bing.com\/search?q=item+(site%3agov+OR+site%3amil)",
        "webSearchUrlPingSuffix": "DevEx,5477.1", "totalEstimatedMatches": 3940000,
        "value": [{"id": "https:\/\/www.bingapis.com\/api\/v6\/#WebPages.0", "name":
        "Prohibited Items | Transportation Security Administration", "url": "https:\/\/www.tsa.gov\/travel\/security-screening\/prohibited-items",
        "urlPingSuffix": "DevEx,5093.1", "displayUrl": "https:\/\/www.tsa.gov\/travel\/security-screening\/prohibited-items",
        "snippet": "The final decision rests with the TSA officer on whether an item
        is allowed through the checkpoint. Explosives\/Flammable; Firearms; Food;
        Self Defense; Sharp Objects;", "deepLinks": [{"name": "Liquids Rule", "url":
        "https:\/\/www.tsa.gov\/travel\/security-screening\/liquids-rule", "urlPingSuffix":
        "DevEx,5084.1"}, {"name": "Special Procedures", "url": "https:\/\/www.tsa.gov\/travel\/special-procedures",
        "urlPingSuffix": "DevEx,5085.1"}, {"name": "Travel Tips", "url": "https:\/\/www.tsa.gov\/travel\/travel-tips",
        "urlPingSuffix": "DevEx,5086.1"}, {"name": "Identification", "url": "https:\/\/www.tsa.gov\/travel\/security-screening\/identification",
        "urlPingSuffix": "DevEx,5087.1"}, {"name": "TSA Pre", "url": "https:\/\/www.tsa.gov\/precheck",
        "urlPingSuffix": "DevEx,5088.1"}], "dateLastCrawled": "2016-12-28T17:31:00.0000000Z"},
        {"id": "https:\/\/www.bingapis.com\/api\/v6\/#WebPages.1", "name": "Form
        8-K - Official Site", "url": "https:\/\/www.sec.gov\/about\/forms\/form8-k.pdf",
        "urlPingSuffix": "DevEx,5104.1", "displayUrl": "https:\/\/www.sec.gov\/about\/forms\/form8-k.pdf",
        "snippet": "Item 2.02 or Item 7.01 will be deemed furnished, and not ﬁ
        led, unless the registrant speci ﬁ es, under Item 9.01 (Financial Statements
        and", "dateLastCrawled": "2016-12-24T02:45:00.0000000Z"}, {"id": "https:\/\/www.bingapis.com\/api\/v6\/#WebPages.2",
        "name": "Regulation S-K Compliance and Disclosure Interpretations", "url":
        "https:\/\/www.sec.gov\/divisions\/corpfin\/guidance\/regs-kinterp.htm", "urlPingSuffix":
        "DevEx,5115.1", "displayUrl": "https:\/\/www.sec.gov\/divisions\/corpfin\/guidance\/regs-kinterp.htm",
        "snippet": "QUESTIONS AND ANSWERS OF GENERAL APPLICABILITY Section 101. Regulation
        S-K — General Guidance. None. Section 102. Item 10 — General Question 102.01",
        "dateLastCrawled": "2016-12-31T05:30:00.0000000Z"}, {"id": "https:\/\/www.bingapis.com\/api\/v6\/#WebPages.3",
        "name": "Item 402 of Regulation S-K — Executive Compensation", "url": "https:\/\/www.sec.gov\/divisions\/corpfin\/guidance\/execcomp402interp.htm",
        "urlPingSuffix": "DevEx,5127.1", "displayUrl": "https:\/\/www.sec.gov\/divisions\/corpfin\/guidance\/execcomp402interp.htm",
        "snippet": "Item 402 of Regulation S-K — Executive Compensation Last Update:
        August 8, 2007. The bracketed date following each interpretation is the latest
        date of publication ...", "dateLastCrawled": "2016-12-27T07:36:00.0000000Z"},
        {"id": "https:\/\/www.bingapis.com\/api\/v6\/#WebPages.4", "name": "Form 8-K’s
        Item 5.07 – New Question 121A.01", "url": "https:\/\/www.sec.gov\/divisions\/corpfin\/guidance\/8-kinterp.htm",
        "urlPingSuffix": "DevEx,5139.1", "displayUrl": "https:\/\/www.sec.gov\/divisions\/corpfin\/guidance\/8-kinterp.htm",
        "snippet": "Item 1.01 Entry into a Material Definitive Agreement. Question
        102.01. Question: If an agreement that was not material at the time the registrant
        entered into it ...", "dateLastCrawled": "2016-12-27T02:32:00.0000000Z"},
        {"id": "https:\/\/www.bingapis.com\/api\/v6\/#WebPages.5", "name": "E-Items
        Current", "url": "http:\/\/das.ct.gov\/fp1.aspx?page=301", "urlPingSuffix":
        "DevEx,5151.1", "displayUrl": "das.ct.gov\/fp1.aspx?page=301", "snippet":
        "Item_# Eff.Date Subject; 0936-E: 01\/01\/2006: Increase in Family Sick
        Leave for Executives: 1631-E: 12\/01\/2010: Extension of Arbitration Award
        Regarding the Alternate ...", "dateLastCrawled": "2016-12-28T11:03:00.0000000Z"},
        {"id": "https:\/\/www.bingapis.com\/api\/v6\/#WebPages.6", "name": "Bulky
        Item Collection Overview - San Antonio", "url": "http:\/\/www.sanantonio.gov\/swmd\/Bulky",
        "urlPingSuffix": "DevEx,5162.1", "displayUrl": "www.sanantonio.gov\/swmd\/Bulky",
        "snippet": "Bulky item collection is provided to all City residential solid
        waste ratepayers. To find out if you are a solid waste customer, check your
        CPS Energy bill.", "dateLastCrawled": "2016-12-27T04:39:00.0000000Z"}, {"id":
        "https:\/\/www.bingapis.com\/api\/v6\/#WebPages.7", "name": "Minister dog
        | Library of Congress", "url": "https:\/\/www.loc.gov\/item\/2016699360\/",
        "urlPingSuffix": "DevEx,5174.1", "displayUrl": "https:\/\/www.loc.gov\/item\/2016699360",
        "snippet": "No, the item is not digitized. Please go to #2. Do the Access
        Advisory or Call Number fields above indicate that a non-digital surrogate
        exists ...", "dateLastCrawled": "2017-01-01T13:02:00.0000000Z"}, {"id": "https:\/\/www.bingapis.com\/api\/v6\/#WebPages.8",
        "name": "U.S. Consumer Product Safety Commission - Official Site", "url":
        "https:\/\/www.cpsc.gov\/", "urlPingSuffix": "DevEx,5186.1", "displayUrl":
        "https:\/\/www.cpsc.gov", "snippet": "The link you selected is for a destination
        outside of the Federal Government. CPSC does not control this external site
        or its privacy policy and cannot attest to the ...", "dateLastCrawled": "2016-12-28T14:19:00.0000000Z"},
        {"id": "https:\/\/www.bingapis.com\/api\/v6\/#WebPages.9", "name": "Publication
        561 (4\/2007), Determining the Value of Donated ...", "url": "https:\/\/www.irs.gov\/publications\/p561\/ar02.html",
        "urlPingSuffix": "DevEx,5198.1", "displayUrl": "https:\/\/www.irs.gov\/publications\/p561\/ar02.html",
        "snippet": "An item of clothing that is not in good used condition or better
        for which you take a deduction of more than $500 requires a qualified appraisal.",
        "dateLastCrawled": "2016-12-27T08:12:00.0000000Z"}, {"id": "https:\/\/www.bingapis.com\/api\/v6\/#WebPages.10",
        "name": "Lost & Found | Transportation Security Administration", "url": "https:\/\/www.tsa.gov\/contact\/lost-and-found",
        "urlPingSuffix": "DevEx,5210.1", "displayUrl": "https:\/\/www.tsa.gov\/contact\/lost-and-found",
        "snippet": "The Lost & Found contacts are for items left at TSA security checkpoints
        or items missing from checked baggage. For items left in other areas of the
        airport, please ...", "dateLastCrawled": "2017-01-01T03:48:00.0000000Z"},
        {"id": "https:\/\/www.bingapis.com\/api\/v6\/#WebPages.11", "name": "CARE
        Item Set and B-CARE", "url": "http:\/\/www.cms.gov\/Medicare\/Quality-Initiatives-Patient-Assessment-Instruments\/Post-Acute-Care-Quality-Initiatives\/CARE-Item-Set-and-B-CARE.html",
        "urlPingSuffix": "DevEx,5222.1", "displayUrl": "www.cms.gov\/...\/CARE-Item-Set-and-B-CARE.html",
        "snippet": "The Development and Testing of the Continuity Assessment Record
        and Evaluation (CARE) Item Set: Final Report on the Development of the CARE
        Item Set.", "dateLastCrawled": "2016-12-24T18:10:00.0000000Z"}, {"id": "https:\/\/www.bingapis.com\/api\/v6\/#WebPages.12",
        "name": "Agenda Item 10 - calpers.ca.gov", "url": "https:\/\/www.calpers.ca.gov\/docs\/board-agendas\/201606\/pension\/item-10.pdf",
        "urlPingSuffix": "DevEx,5233.1", "displayUrl": "https:\/\/www.calpers.ca.gov\/docs\/board-agendas\/201606\/pension\/item...",
        "snippet": "Agenda Item 10 Pension and Health Benefits Committee Page 2
        of 5 website twice a month with its pharmaceutical pricing data 4; however,
        this public data omits", "dateLastCrawled": "2016-12-21T05:45:00.0000000Z"},
        {"id": "https:\/\/www.bingapis.com\/api\/v6\/#WebPages.13", "name": "Disputing
        Errors on Credit Reports | Consumer Information", "url": "https:\/\/www.consumer.ftc.gov\/articles\/0151-disputing-errors-credit-reports",
        "urlPingSuffix": "DevEx,5245.1", "displayUrl": "https:\/\/www.consumer.ftc.gov\/articles\/0151-disputing-errors-credit...",
        "snippet": "If the provider continues to report the item you disputed to
        a credit reporting company, it must let the credit reporting company know
        about your dispute.", "dateLastCrawled": "2016-12-27T04:19:00.0000000Z"},
        {"id": "https:\/\/www.bingapis.com\/api\/v6\/#WebPages.14", "name": "Form
        10-K - Sec", "url": "https:\/\/www.sec.gov\/about\/forms\/form10-k.pdf", "urlPingSuffix":
        "DevEx,5255.1", "displayUrl": "https:\/\/www.sec.gov\/about\/forms\/form10-k.pdf",
        "snippet": "included in Part I of Form 10-K under an appropriate caption.
        See Instruction 3 to Item 401(b) of Regulation S-K (§ 229.401(b) of this
        chapter).", "dateLastCrawled": "2016-12-28T07:46:00.0000000Z"}, {"id": "https:\/\/www.bingapis.com\/api\/v6\/#WebPages.15",
        "name": "ISTEP+ Grades 3-8 | IDOE", "url": "http:\/\/www.doe.in.gov\/assessment\/istep-grades-3-8",
        "urlPingSuffix": "DevEx,5266.1", "displayUrl": "www.doe.in.gov\/assessment\/istep-grades-3-8",
        "snippet": "Item Samplers. The Item Samplers on this website provide information
        about ISTEP+ for students, parents, educators, and others. The items in each
        sampler are examples ...", "dateLastCrawled": "2016-12-28T00:37:00.0000000Z"},
        {"id": "https:\/\/www.bingapis.com\/api\/v6\/#WebPages.16", "name": "Home
        Inventory Checklist - Department of Financial", "url": "http:\/\/www.dfs.ny.gov\/consumer\/homeown\/home_invchklst.pdf",
        "urlPingSuffix": "DevEx,5276.1", "displayUrl": "www.dfs.ny.gov\/consumer\/homeown\/home_invchklst.pdf",
        "snippet": "HOME INVENTORY CHECKLIST Household Inventory Checklist | 3 Number
        Of Items Item Year Bought Cost Dining Room Air Conditioner Window Units",
        "dateLastCrawled": "2016-12-28T17:18:00.0000000Z"}, {"id": "https:\/\/www.bingapis.com\/api\/v6\/#WebPages.17",
        "name": "MDOT - Design Services", "url": "http:\/\/www.michigan.gov\/mdot\/0,1607,7-151-9625_21540_36037---,00.html",
        "urlPingSuffix": "DevEx,5287.1", "displayUrl": "www.michigan.gov\/mdot\/0,1607,7-151-9625_21540_36037---,00.html",
        "snippet": "Design. Plan Development Services for Consultants The following
        areas provide links to the most common reference materials and tools used
        in the preparation of plans ...", "dateLastCrawled": "2016-12-15T23:42:00.0000000Z"},
        {"id": "https:\/\/www.bingapis.com\/api\/v6\/#WebPages.18", "name": "Is your
        test, item, or service covered? | Medicare.gov", "url": "https:\/\/www.medicare.gov\/coverage\/is-your-test-item-or-service-covered.html",
        "urlPingSuffix": "DevEx,5299.1", "displayUrl": "https:\/\/www.medicare.gov\/coverage\/is-your-test-item-or-service...",
        "snippet": "If your test, item or service isn’t listed, talk to your doctor
        or other health care provider about why you need certain tests, items or services.",
        "dateLastCrawled": "2016-12-28T07:29:00.0000000Z"}, {"id": "https:\/\/www.bingapis.com\/api\/v6\/#WebPages.19",
        "name": "SEC.gov | Form 8-K", "url": "https:\/\/www.sec.gov\/answers\/form8k.htm",
        "urlPingSuffix": "DevEx,5311.1", "displayUrl": "https:\/\/www.sec.gov\/answers\/form8k.htm",
        "snippet": "Item 8.01: Other Events (The registrant can use this Item
        to report events that are not specifically called for by Form 8-K, that the
        registrant considers to be ...", "dateLastCrawled": "2016-12-23T18:16:00.0000000Z"}]},
        "rankingResponse": {"mainline": {"items": [{"answerType": "DictionaryWords"},
        {"answerType": "WebPages", "resultIndex": 0, "value": {"id": "https:\/\/www.bingapis.com\/api\/v6\/#WebPages.0"}},
        {"answerType": "WebPages", "resultIndex": 1, "value": {"id": "https:\/\/www.bingapis.com\/api\/v6\/#WebPages.1"}},
        {"answerType": "WebPages", "resultIndex": 2, "value": {"id": "https:\/\/www.bingapis.com\/api\/v6\/#WebPages.2"}},
        {"answerType": "WebPages", "resultIndex": 3, "value": {"id": "https:\/\/www.bingapis.com\/api\/v6\/#WebPages.3"}},
        {"answerType": "WebPages", "resultIndex": 4, "value": {"id": "https:\/\/www.bingapis.com\/api\/v6\/#WebPages.4"}},
        {"answerType": "WebPages", "resultIndex": 5, "value": {"id": "https:\/\/www.bingapis.com\/api\/v6\/#WebPages.5"}},
        {"answerType": "WebPages", "resultIndex": 6, "value": {"id": "https:\/\/www.bingapis.com\/api\/v6\/#WebPages.6"}},
        {"answerType": "WebPages", "resultIndex": 7, "value": {"id": "https:\/\/www.bingapis.com\/api\/v6\/#WebPages.7"}},
        {"answerType": "WebPages", "resultIndex": 8, "value": {"id": "https:\/\/www.bingapis.com\/api\/v6\/#WebPages.8"}},
        {"answerType": "WebPages", "resultIndex": 9, "value": {"id": "https:\/\/www.bingapis.com\/api\/v6\/#WebPages.9"}},
        {"answerType": "WebPages", "resultIndex": 10, "value": {"id": "https:\/\/www.bingapis.com\/api\/v6\/#WebPages.10"}},
        {"answerType": "WebPages", "resultIndex": 11, "value": {"id": "https:\/\/www.bingapis.com\/api\/v6\/#WebPages.11"}},
        {"answerType": "WebPages", "resultIndex": 12, "value": {"id": "https:\/\/www.bingapis.com\/api\/v6\/#WebPages.12"}},
        {"answerType": "WebPages", "resultIndex": 13, "value": {"id": "https:\/\/www.bingapis.com\/api\/v6\/#WebPages.13"}},
        {"answerType": "WebPages", "resultIndex": 14, "value": {"id": "https:\/\/www.bingapis.com\/api\/v6\/#WebPages.14"}},
        {"answerType": "WebPages", "resultIndex": 15, "value": {"id": "https:\/\/www.bingapis.com\/api\/v6\/#WebPages.15"}},
        {"answerType": "WebPages", "resultIndex": 16, "value": {"id": "https:\/\/www.bingapis.com\/api\/v6\/#WebPages.16"}},
        {"answerType": "WebPages", "resultIndex": 17, "value": {"id": "https:\/\/www.bingapis.com\/api\/v6\/#WebPages.17"}},
        {"answerType": "WebPages", "resultIndex": 18, "value": {"id": "https:\/\/www.bingapis.com\/api\/v6\/#WebPages.18"}},
        {"answerType": "WebPages", "resultIndex": 19, "value": {"id": "https:\/\/www.bingapis.com\/api\/v6\/#WebPages.19"}}]}}}'
    http_version: 
  recorded_at: Tue, 03 Jan 2017 22:57:28 GMT
- request:
    method: get
    uri: https://www.bingapis.com/api/v6/search?AppId=***REMOVED***&count=20&mkt=en-US&offset=0&q=item%20(site:gov%20OR%20site:mil)&responseFilter=WebPages,SpellSuggestions&safeSearch=moderate&textDecorations=true&traffictype=test
    body:
      encoding: US-ASCII
      string: ''
    headers:
      User-Agent:
      - USASearch
      Ocp-Apim-Subscription-Key:
      - ***REMOVED***
      Accept-Encoding:
      - gzip;q=1.0,deflate;q=0.6,identity;q=0.3
      Accept:
      - "*/*"
      Connection:
      - keep-alive
      Keep-Alive:
      - 30
  response:
    status:
      code: 200
      message: OK
    headers:
      Cache-Control:
      - private, max-age=0
      Content-Length:
      - '3836'
      Content-Type:
      - application/json; charset=utf-8
      Expires:
      - Tue, 03 Jan 2017 22:56:28 GMT
      Vary:
      - Accept-Encoding
      Server:
      - Microsoft-IIS/8.5
      P3p:
      - CP="NON UNI COM NAV STA LOC CURa DEVa PSAa PSDa OUR IND"
      Set-Cookie:
      - MUID=1CD362466A0C62241A876BB96B9B63AA; path=/; expires=Thu, 03-Jan-2019 22:57:29
        GMT; domain=bingapis.com
      - MUIDB=1CD362466A0C62241A876BB96B9B63AA; path=/; httponly; expires=Thu, 03-Jan-2019
        22:57:29 GMT
      - SRCHD=AF=NOFORM; domain=.bingapis.com; expires=Thu, 03-Jan-2019 22:57:28 GMT;
        path=/
      - SRCHUID=V=2&GUID=18A80EA9FAC243E5ADDF166C90647235; expires=Thu, 03-Jan-2019
        22:57:28 GMT; path=/
      - SRCHUSR=DOB=20170103; domain=.bingapis.com; expires=Thu, 03-Jan-2019 22:57:28
        GMT; path=/
      - _EDGE_S=mkt=en-us&F=1&SID=2714D1EBB4BC63CE033ED814B52B6249; path=/; httponly;
        domain=bingapis.com
      - _EDGE_V=1; path=/; httponly; expires=Thu, 03-Jan-2019 22:57:29 GMT; domain=bingapis.com
      - _SS=SID=2714D1EBB4BC63CE033ED814B52B6249; domain=.bingapis.com; path=/
      Bingapis-Traceid:
      - 88ACC7525FEB495B997C4DDFF2EA4E0B
      X-Msedge-Clientid:
      - 1CD362466A0C62241A876BB96B9B63AA
      X-Msapi-Userstate:
      - c4a3
      Bingapis-Market:
      - en-US
      X-Msedge-Ref:
      - 'Ref A: 88ACC7525FEB495B997C4DDFF2EA4E0B Ref B: 3753755ACD75D6B5D196F1B9C09113FA
        Ref C: Tue Jan  3 14:57:29 2017 PST'
      Date:
      - Tue, 03 Jan 2017 22:57:28 GMT
    body:
      encoding: UTF-8
      string: '{"_type": "SearchResponse", "instrumentation": {"pingUrlBase": "https:\/\/www.bingapis.com\/api\/ping?IG=0503E8A3B125461D95414428F9E9C354&CID=1CD362466A0C62241A876BB96B9B63AA&ID=",
        "pageLoadPingUrl": "https:\/\/www.bingapis.com\/api\/ping\/pageload?IG=0503E8A3B125461D95414428F9E9C354&CID=1CD362466A0C62241A876BB96B9B63AA&Type=Event.CPT&DATA=0"},
        "webPages": {"webSearchUrl": "https:\/\/www.bing.com\/search?q=item+(site%3agov+OR+site%3amil)",
        "webSearchUrlPingSuffix": "DevEx,5485.1", "totalEstimatedMatches": 3940000,
        "value": [{"id": "https:\/\/www.bingapis.com\/api\/v6\/#WebPages.0", "name":
        "Prohibited Items | Transportation Security Administration", "url": "https:\/\/www.tsa.gov\/travel\/security-screening\/prohibited-items",
        "urlPingSuffix": "DevEx,5093.1", "displayUrl": "https:\/\/www.tsa.gov\/travel\/security-screening\/prohibited-items",
        "snippet": "The final decision rests with the TSA officer on whether an item
        is allowed through the checkpoint. Explosives\/Flammable; Firearms; Food;
        Self Defense; Sharp Objects;", "deepLinks": [{"name": "Liquids Rule", "url":
        "https:\/\/www.tsa.gov\/travel\/security-screening\/liquids-rule", "urlPingSuffix":
        "DevEx,5084.1"}, {"name": "Special Procedures", "url": "https:\/\/www.tsa.gov\/travel\/special-procedures",
        "urlPingSuffix": "DevEx,5085.1"}, {"name": "Travel Tips", "url": "https:\/\/www.tsa.gov\/travel\/travel-tips",
        "urlPingSuffix": "DevEx,5086.1"}, {"name": "Identification", "url": "https:\/\/www.tsa.gov\/travel\/security-screening\/identification",
        "urlPingSuffix": "DevEx,5087.1"}, {"name": "TSA Pre", "url": "https:\/\/www.tsa.gov\/precheck",
        "urlPingSuffix": "DevEx,5088.1"}], "dateLastCrawled": "2016-12-28T17:31:00.0000000Z"},
        {"id": "https:\/\/www.bingapis.com\/api\/v6\/#WebPages.1", "name": "Form
        8-K - Official Site", "url": "https:\/\/www.sec.gov\/about\/forms\/form8-k.pdf",
        "urlPingSuffix": "DevEx,5105.1", "displayUrl": "https:\/\/www.sec.gov\/about\/forms\/form8-k.pdf",
        "snippet": "If a report on Form 8-K contains disclosures under Item 2.02
        or Item 7.01, whether or not the report contains disclosures regarding other
        items, ...", "dateLastCrawled": "2016-12-24T02:45:00.0000000Z"}, {"id": "https:\/\/www.bingapis.com\/api\/v6\/#WebPages.2",
        "name": "Regulation S-K Compliance and Disclosure Interpretations", "url":
        "https:\/\/www.sec.gov\/divisions\/corpfin\/guidance\/regs-kinterp.htm", "urlPingSuffix":
        "DevEx,5117.1", "displayUrl": "https:\/\/www.sec.gov\/divisions\/corpfin\/guidance\/regs-kinterp.htm",
        "snippet": "Item 401 — Directors, Executive Officers, Promoters and Control
        Persons. 216.01 Item 401(d) requires disclosure where a director''s wife
        is the first cousin of an ...", "dateLastCrawled": "2016-12-25T08:07:00.0000000Z"},
        {"id": "https:\/\/www.bingapis.com\/api\/v6\/#WebPages.3", "name": "Item
        402 of Regulation S-K — Executive Compensation", "url": "https:\/\/www.sec.gov\/divisions\/corpfin\/guidance\/execcomp402interp.htm",
        "urlPingSuffix": "DevEx,5129.1", "displayUrl": "https:\/\/www.sec.gov\/divisions\/corpfin\/guidance\/execcomp402interp.htm",
        "snippet": "Item 402 of Regulation S-K — Executive Compensation Last Update:
        August 8, 2007. The bracketed date following each interpretation is the latest
        date of publication ...", "dateLastCrawled": "2016-12-27T07:36:00.0000000Z"},
        {"id": "https:\/\/www.bingapis.com\/api\/v6\/#WebPages.4", "name": "Form 8-K’s
        Item 5.07 – New Question 121A.01", "url": "https:\/\/www.sec.gov\/divisions\/corpfin\/guidance\/8-kinterp.htm",
        "urlPingSuffix": "DevEx,5141.1", "displayUrl": "https:\/\/www.sec.gov\/divisions\/corpfin\/guidance\/8-kinterp.htm",
        "snippet": "Item 1.01 Entry into a Material Definitive Agreement. Question
        102.01. Question: If an agreement that was not material at the time the registrant
        entered into it ...", "dateLastCrawled": "2017-01-01T22:09:00.0000000Z"},
        {"id": "https:\/\/www.bingapis.com\/api\/v6\/#WebPages.5", "name": "E-Items
        Current", "url": "http:\/\/das.ct.gov\/fp1.aspx?page=301", "urlPingSuffix":
        "DevEx,5154.1", "displayUrl": "das.ct.gov\/fp1.aspx?page=301", "snippet":
        "Current E-Items. Item_# Eff.Date Subject; 0936-E: 01\/01\/2006: Increase
        in Family Sick Leave for Executives: 1631-E: 12\/01\/2010: Extension of Arbitration
        Award ...", "dateLastCrawled": "2016-12-31T03:04:00.0000000Z"}, {"id": "https:\/\/www.bingapis.com\/api\/v6\/#WebPages.6",
        "name": "Bulky Item Collection Overview - San Antonio", "url": "http:\/\/www.sanantonio.gov\/swmd\/Bulky",
        "urlPingSuffix": "DevEx,5165.1", "displayUrl": "www.sanantonio.gov\/swmd\/Bulky",
        "snippet": "Bulky item collection is provided to all City residential solid
        waste ratepayers. To find out if you are a solid waste customer, check your
        CPS Energy bill.", "dateLastCrawled": "2016-12-27T04:39:00.0000000Z"}, {"id":
        "https:\/\/www.bingapis.com\/api\/v6\/#WebPages.7", "name": "Minister dog
        | Library of Congress", "url": "https:\/\/www.loc.gov\/item\/2016699360\/",
        "urlPingSuffix": "DevEx,5177.1", "displayUrl": "https:\/\/www.loc.gov\/item\/2016699360",
        "snippet": "No, the item is not digitized. Please go to #2. Do the Access
        Advisory or Call Number fields above indicate that a non-digital surrogate
        exists ...", "dateLastCrawled": "2017-01-01T13:02:00.0000000Z"}, {"id": "https:\/\/www.bingapis.com\/api\/v6\/#WebPages.8",
        "name": "U.S. Consumer Product Safety Commission - Official Site", "url":
        "https:\/\/www.cpsc.gov\/", "urlPingSuffix": "DevEx,5190.1", "displayUrl":
        "https:\/\/www.cpsc.gov", "snippet": "The link you selected is for a destination
        outside of the Federal Government. CPSC does not control this external site
        or its privacy policy and cannot attest to the ...", "dateLastCrawled": "2017-01-01T00:40:00.0000000Z"},
        {"id": "https:\/\/www.bingapis.com\/api\/v6\/#WebPages.9", "name": "Publication
        561 (4\/2007), Determining the Value of Donated ...", "url": "https:\/\/www.irs.gov\/publications\/p561\/ar02.html",
        "urlPingSuffix": "DevEx,5202.1", "displayUrl": "https:\/\/www.irs.gov\/publications\/p561\/ar02.html",
        "snippet": "An item of clothing that is not in good used condition or better
        for which you take a deduction of more than $500 requires a qualified appraisal.",
        "dateLastCrawled": "2016-12-27T08:12:00.0000000Z"}, {"id": "https:\/\/www.bingapis.com\/api\/v6\/#WebPages.10",
        "name": "Lost & Found | Transportation Security Administration", "url": "https:\/\/www.tsa.gov\/contact\/lost-and-found",
        "urlPingSuffix": "DevEx,5214.1", "displayUrl": "https:\/\/www.tsa.gov\/contact\/lost-and-found",
        "snippet": "The Lost & Found contacts are for items left at TSA security checkpoints
        or items missing from checked baggage. For items left in other areas of the
        airport, please ...", "dateLastCrawled": "2016-12-28T19:58:00.0000000Z"},
        {"id": "https:\/\/www.bingapis.com\/api\/v6\/#WebPages.11", "name": "CARE
        Item Set and B-CARE", "url": "http:\/\/www.cms.gov\/Medicare\/Quality-Initiatives-Patient-Assessment-Instruments\/Post-Acute-Care-Quality-Initiatives\/CARE-Item-Set-and-B-CARE.html",
        "urlPingSuffix": "DevEx,5226.1", "displayUrl": "www.cms.gov\/...\/CARE-Item-Set-and-B-CARE.html",
        "snippet": "The Development and Testing of the Continuity Assessment Record
        and Evaluation (CARE) Item Set: Final Report on the Development of the CARE
        Item Set.", "dateLastCrawled": "2016-12-31T15:41:00.0000000Z"}, {"id": "https:\/\/www.bingapis.com\/api\/v6\/#WebPages.12",
        "name": "Agenda Item 10 - calpers.ca.gov", "url": "https:\/\/www.calpers.ca.gov\/docs\/board-agendas\/201606\/pension\/item-10.pdf",
        "urlPingSuffix": "DevEx,5238.1", "displayUrl": "https:\/\/www.calpers.ca.gov\/docs\/board-agendas\/201606\/pension\/item...",
        "snippet": "Agenda Item 10 Pension and Health Benefits Committee Page 2
        of 5 website twice a month with its pharmaceutical pricing data 4; however,
        this public data omits", "dateLastCrawled": "2016-12-21T05:45:00.0000000Z"},
        {"id": "https:\/\/www.bingapis.com\/api\/v6\/#WebPages.13", "name": "Disputing
        Errors on Credit Reports | Consumer Information", "url": "https:\/\/www.consumer.ftc.gov\/articles\/0151-disputing-errors-credit-reports",
        "urlPingSuffix": "DevEx,5249.1", "displayUrl": "https:\/\/www.consumer.ftc.gov\/articles\/0151-disputing-errors-credit...",
        "snippet": "If the provider continues to report the item you disputed to
        a credit reporting company, it must let the credit reporting company know
        about your dispute.", "dateLastCrawled": "2016-12-27T04:19:00.0000000Z"},
        {"id": "https:\/\/www.bingapis.com\/api\/v6\/#WebPages.14", "name": "Form
        10-K - Sec", "url": "https:\/\/www.sec.gov\/about\/forms\/form10-k.pdf", "urlPingSuffix":
        "DevEx,5260.1", "displayUrl": "https:\/\/www.sec.gov\/about\/forms\/form10-k.pdf",
        "snippet": "included in Part I of Form 10-K under an appropriate caption.
        See Instruction 3 to Item 401(b) of Regulation S-K (§ 229.401(b) of this
        chapter).", "dateLastCrawled": "2016-12-28T07:46:00.0000000Z"}, {"id": "https:\/\/www.bingapis.com\/api\/v6\/#WebPages.15",
        "name": "ISTEP+ Grades 3-8 | IDOE", "url": "http:\/\/www.doe.in.gov\/assessment\/istep-grades-3-8",
        "urlPingSuffix": "DevEx,5272.1", "displayUrl": "www.doe.in.gov\/assessment\/istep-grades-3-8",
        "snippet": "Item Samplers. The Item Samplers on this website provide information
        about ISTEP+ for students, parents, educators, and others. The items in each
        sampler are examples ...", "dateLastCrawled": "2016-12-31T20:22:00.0000000Z"},
        {"id": "https:\/\/www.bingapis.com\/api\/v6\/#WebPages.16", "name": "Home
        Inventory Checklist - Department of Financial", "url": "http:\/\/www.dfs.ny.gov\/consumer\/homeown\/home_invchklst.pdf",
        "urlPingSuffix": "DevEx,5282.1", "displayUrl": "www.dfs.ny.gov\/consumer\/homeown\/home_invchklst.pdf",
        "snippet": "HOME INVENTORY CHECKLIST Household Inventory Checklist | 3 Number
        Of Items Item Year Bought Cost Dining Room Air Conditioner Window Units",
        "dateLastCrawled": "2016-12-28T17:18:00.0000000Z"}, {"id": "https:\/\/www.bingapis.com\/api\/v6\/#WebPages.17",
        "name": "MDOT - Design Services", "url": "http:\/\/www.michigan.gov\/mdot\/0,1607,7-151-9625_21540_36037---,00.html",
        "urlPingSuffix": "DevEx,5294.1", "displayUrl": "www.michigan.gov\/mdot\/0,1607,7-151-9625_21540_36037---,00.html",
        "snippet": "Design. Plan Development Services for Consultants The following
        areas provide links to the most common reference materials and tools used
        in the preparation of plans ...", "dateLastCrawled": "2016-12-15T23:42:00.0000000Z"},
        {"id": "https:\/\/www.bingapis.com\/api\/v6\/#WebPages.18", "name": "Is your
        test, item, or service covered? | Medicare.gov", "url": "https:\/\/www.medicare.gov\/coverage\/is-your-test-item-or-service-covered.html",
        "urlPingSuffix": "DevEx,5306.1", "displayUrl": "https:\/\/www.medicare.gov\/coverage\/is-your-test-item-or-service...",
        "snippet": "If your test, item or service isn’t listed, talk to your doctor
        or other health care provider about why you need certain tests, items or services.",
        "dateLastCrawled": "2016-12-31T22:29:00.0000000Z"}, {"id": "https:\/\/www.bingapis.com\/api\/v6\/#WebPages.19",
        "name": "SEC.gov | Form 8-K", "url": "https:\/\/www.sec.gov\/answers\/form8k.htm",
        "urlPingSuffix": "DevEx,5319.1", "displayUrl": "https:\/\/www.sec.gov\/answers\/form8k.htm",
        "snippet": "Item 8.01: Other Events (The registrant can use this Item
        to report events that are not specifically called for by Form 8-K, that the
        registrant considers to be ...", "dateLastCrawled": "2016-12-30T05:16:00.0000000Z"}]},
        "rankingResponse": {"mainline": {"items": [{"answerType": "DictionaryWords"},
        {"answerType": "WebPages", "resultIndex": 0, "value": {"id": "https:\/\/www.bingapis.com\/api\/v6\/#WebPages.0"}},
        {"answerType": "WebPages", "resultIndex": 1, "value": {"id": "https:\/\/www.bingapis.com\/api\/v6\/#WebPages.1"}},
        {"answerType": "WebPages", "resultIndex": 2, "value": {"id": "https:\/\/www.bingapis.com\/api\/v6\/#WebPages.2"}},
        {"answerType": "WebPages", "resultIndex": 3, "value": {"id": "https:\/\/www.bingapis.com\/api\/v6\/#WebPages.3"}},
        {"answerType": "WebPages", "resultIndex": 4, "value": {"id": "https:\/\/www.bingapis.com\/api\/v6\/#WebPages.4"}},
        {"answerType": "WebPages", "resultIndex": 5, "value": {"id": "https:\/\/www.bingapis.com\/api\/v6\/#WebPages.5"}},
        {"answerType": "WebPages", "resultIndex": 6, "value": {"id": "https:\/\/www.bingapis.com\/api\/v6\/#WebPages.6"}},
        {"answerType": "WebPages", "resultIndex": 7, "value": {"id": "https:\/\/www.bingapis.com\/api\/v6\/#WebPages.7"}},
        {"answerType": "WebPages", "resultIndex": 8, "value": {"id": "https:\/\/www.bingapis.com\/api\/v6\/#WebPages.8"}},
        {"answerType": "WebPages", "resultIndex": 9, "value": {"id": "https:\/\/www.bingapis.com\/api\/v6\/#WebPages.9"}},
        {"answerType": "WebPages", "resultIndex": 10, "value": {"id": "https:\/\/www.bingapis.com\/api\/v6\/#WebPages.10"}},
        {"answerType": "WebPages", "resultIndex": 11, "value": {"id": "https:\/\/www.bingapis.com\/api\/v6\/#WebPages.11"}},
        {"answerType": "WebPages", "resultIndex": 12, "value": {"id": "https:\/\/www.bingapis.com\/api\/v6\/#WebPages.12"}},
        {"answerType": "WebPages", "resultIndex": 13, "value": {"id": "https:\/\/www.bingapis.com\/api\/v6\/#WebPages.13"}},
        {"answerType": "WebPages", "resultIndex": 14, "value": {"id": "https:\/\/www.bingapis.com\/api\/v6\/#WebPages.14"}},
        {"answerType": "WebPages", "resultIndex": 15, "value": {"id": "https:\/\/www.bingapis.com\/api\/v6\/#WebPages.15"}},
        {"answerType": "WebPages", "resultIndex": 16, "value": {"id": "https:\/\/www.bingapis.com\/api\/v6\/#WebPages.16"}},
        {"answerType": "WebPages", "resultIndex": 17, "value": {"id": "https:\/\/www.bingapis.com\/api\/v6\/#WebPages.17"}},
        {"answerType": "WebPages", "resultIndex": 18, "value": {"id": "https:\/\/www.bingapis.com\/api\/v6\/#WebPages.18"}},
        {"answerType": "WebPages", "resultIndex": 19, "value": {"id": "https:\/\/www.bingapis.com\/api\/v6\/#WebPages.19"}}]}}}'
    http_version: 
  recorded_at: Tue, 03 Jan 2017 22:57:29 GMT
recorded_with: VCR 3.0.3
