---
http_interactions:
- request:
    method: get
    uri: https://www.bingapis.com/api/v6/search?AppId=***REMOVED***&count=20&mkt=en-US&offset=0&q=first%20item%20(site:gov%20OR%20site:mil)&responseFilter=WebPages,SpellSuggestions&safeSearch=moderate&textDecorations=true&traffictype=test
    body:
      encoding: US-ASCII
      string: ''
    headers:
      User-Agent:
      - USASearch
      Ocp-Apim-Subscription-Key:
      - ***REMOVED***
      Accept-Encoding:
      - gzip;q=1.0,deflate;q=0.6,identity;q=0.3
      Accept:
      - "*/*"
      Connection:
      - keep-alive
      Keep-Alive:
      - 30
  response:
    status:
      code: 200
      message: OK
    headers:
      Cache-Control:
      - private, max-age=0
      Content-Length:
      - '3771'
      Content-Type:
      - application/json; charset=utf-8
      Expires:
      - Wed, 12 Apr 2017 02:15:07 GMT
      Vary:
      - Accept-Encoding
      Server:
      - Microsoft-IIS/8.5
      P3p:
      - CP="NON UNI COM NAV STA LOC CURa DEVa PSAa PSDa OUR IND"
      Set-Cookie:
      - MUID=074701EAAAF2662B0CEA0B88AB656708; path=/; expires=Fri, 12-Apr-2019 02:16:08
        GMT; domain=bingapis.com
      - MUIDB=074701EAAAF2662B0CEA0B88AB656708; path=/; httponly; expires=Fri, 12-Apr-2019
        02:16:08 GMT
      - SRCHD=AF=NOFORM; domain=.bingapis.com; expires=Fri, 12-Apr-2019 02:16:07 GMT;
        path=/
      - SRCHUID=V=2&GUID=8C3B180E19E640ABBEC2802203449285; expires=Fri, 12-Apr-2019
        02:16:07 GMT; path=/
      - SRCHUSR=DOB=20170412; domain=.bingapis.com; expires=Fri, 12-Apr-2019 02:16:07
        GMT; path=/
      - _EDGE_S=mkt=en-us&F=1&SID=3964E959B289606634E3E33BB31E611F; path=/; httponly;
        domain=bingapis.com
      - _EDGE_V=1; path=/; httponly; expires=Fri, 12-Apr-2019 02:16:08 GMT; domain=bingapis.com
      - _SS=SID=3964E959B289606634E3E33BB31E611F; domain=.bingapis.com; path=/
      Bingapis-Traceid:
      - 701724050EBB4D48877B658CB31AEFD8
      X-Msedge-Clientid:
      - 074701EAAAF2662B0CEA0B88AB656708
      X-Msapi-Userstate:
      - fa19
      Bingapis-Market:
      - en-US
      X-Msedge-Ref:
      - 'Ref A: 701724050EBB4D48877B658CB31AEFD8 Ref B: CO1EDGE0407 Ref C: Tue Apr
        11 19:16:08 2017 PST'
      Date:
      - Wed, 12 Apr 2017 02:16:07 GMT
    body:
      encoding: UTF-8
      string: '{"_type": "SearchResponse", "instrumentation": {"pingUrlBase": "https:\/\/www.bingapis.com\/api\/ping?IG=BDD6D2A661F04040B57DB94D72F66F8A&CID=074701EAAAF2662B0CEA0B88AB656708&ID=",
        "pageLoadPingUrl": "https:\/\/www.bingapis.com\/api\/ping\/pageload?IG=BDD6D2A661F04040B57DB94D72F66F8A&CID=074701EAAAF2662B0CEA0B88AB656708&Type=Event.CPT&DATA=0"},
        "webPages": {"webSearchUrl": "https:\/\/www.bing.com\/search?q=first+item+(site%3agov+OR+site%3amil)",
        "webSearchUrlPingSuffix": "DevEx,5432.1", "totalEstimatedMatches": 234000,
        "value": [{"id": "https:\/\/www.bingapis.com\/api\/v6\/#WebPages.0", "name":
        "\"The first vote\" - loc.gov", "url": "https:\/\/www.loc.gov\/pictures\/item\/00651117\/",
        "urlPingSuffix": "DevEx,5078.1", "displayUrl": "https:\/\/www.loc.gov\/pictures\/item\/00651117",
        "snippet": "\"The first vote\" About This Item; ... Title: \"The first
        vote\" \/ AW [monogram] ; drawn by A.R. Waud. Related Names: Waud, Alfred
        R ...", "dateLastCrawled": "2017-02-09T07:52:00.0000000Z"}, {"id": "https:\/\/www.bingapis.com\/api\/v6\/#WebPages.1",
        "name": "How to Understand and Use the Nutrition Facts Label", "url": "https:\/\/www.fda.gov\/Food\/IngredientsPackagingLabeling\/LabelingNutrition\/ucm274593.htm",
        "urlPingSuffix": "DevEx,5090.1", "displayUrl": "https:\/\/www.fda.gov\/Food\/IngredientsPackagingLabeling\/Labeling...",
        "snippet": "The first place to start when you look at the Nutrition Facts
        label is the serving size and the number of servings in the package.", "dateLastCrawled":
        "2017-04-02T21:53:00.0000000Z"}, {"id": "https:\/\/www.bingapis.com\/api\/v6\/#WebPages.2",
        "name": "The first colored senator and ... - Library of Congress", "url":
        "https:\/\/www.loc.gov\/item\/98501907\/", "urlPingSuffix": "DevEx,5104.1",
        "displayUrl": "https:\/\/www.loc.gov\/item\/98501907", "snippet": "Title
        The first colored senator and representatives - in the 41st and 42nd Congress
        of the United States Summary Group portrait of ...", "dateLastCrawled": "2017-03-10T23:48:00.0000000Z"},
        {"id": "https:\/\/www.bingapis.com\/api\/v6\/#WebPages.3", "name": "The first
        sleigh-ride | Library of Congress", "url": "https:\/\/www.loc.gov\/item\/00694206\/",
        "urlPingSuffix": "DevEx,5117.1", "displayUrl": "https:\/\/www.loc.gov\/item\/00694206",
        "snippet": "The first sleigh-ride Summary ... reproduction, or other use
        of protected items beyond that allowed by fair use or other statutory exemptions.
        ...", "dateLastCrawled": "2017-03-04T02:43:00.0000000Z"}, {"id": "https:\/\/www.bingapis.com\/api\/v6\/#WebPages.4",
        "name": "The first circus | Library of Congress", "url": "https:\/\/www.loc.gov\/item\/00694026\/",
        "urlPingSuffix": "DevEx,5131.1", "displayUrl": "https:\/\/www.loc.gov\/item\/00694026",
        "snippet": "The First Circus. United States: Rialto Productions, 1921. Video.
        Retrieved from the Library of Congress, https:\/\/www.loc.gov\/item\/00694026\/.
        (Accessed April 04, 2017.)", "dateLastCrawled": "2017-04-04T21:12:00.0000000Z"},
        {"id": "https:\/\/www.bingapis.com\/api\/v6\/#WebPages.5", "name": "The first
        Thanksgiving 1621 \/ J.L.G. Ferris. | Library of ...", "url": "https:\/\/www.loc.gov\/item\/2001699850\/",
        "urlPingSuffix": "DevEx,5145.1", "displayUrl": "https:\/\/www.loc.gov\/item\/2001699850",
        "snippet": "Articles and Essays with this item: ... The first Thanksgiving
        1621 \/ J.L.G. Ferris. Massachusetts, ... from its first settlement in
        1620, ...", "dateLastCrawled": "2017-03-24T01:22:00.0000000Z"}, {"id": "https:\/\/www.bingapis.com\/api\/v6\/#WebPages.6",
        "name": "Guidance for Industry: A Food Labeling Guide (6 ...", "url": "https:\/\/www.fda.gov\/Food\/GuidanceRegulation\/GuidanceDocumentsRegulatoryInformation\/LabelingNutrition\/ucm064880.htm",
        "urlPingSuffix": "DevEx,5157.1", "displayUrl": "https:\/\/www.fda.gov\/Food\/GuidanceRegulation\/GuidanceDocuments...",
        "snippet": "The word \"Contains\" with a capital \"C\" must be the first
        word used to begin a \"Contains\" statement.", "dateLastCrawled": "2017-04-03T04:07:00.0000000Z"},
        {"id": "https:\/\/www.bingapis.com\/api\/v6\/#WebPages.7", "name": "Home
        Inventory Checklist", "url": "http:\/\/www.dfs.ny.gov\/consumer\/homeown\/home_invchklst.pdf",
        "urlPingSuffix": "DevEx,5168.1", "displayUrl": "www.dfs.ny.gov\/consumer\/homeown\/home_invchklst.pdf",
        "snippet": "HOME INVENTORY CHECKLIST Household Inventory Checklist | 2
        Number Of Items Item Year Bought Cost Living Room Air Conditioner Window
        Units", "dateLastCrawled": "2017-04-06T07:18:00.0000000Z"}, {"id": "https:\/\/www.bingapis.com\/api\/v6\/#WebPages.8",
        "name": "Form 8-K - Official Site", "url": "https:\/\/www.sec.gov\/about\/forms\/form8-k.pdf",
        "urlPingSuffix": "DevEx,5178.1", "displayUrl": "https:\/\/www.sec.gov\/about\/forms\/form8-k.pdf",
        "snippet": "If a report on Form 8-K contains disclosures under Item 2.02
        or Item 7.01, whether or not the report contains disclosures regarding other
        items, ...", "dateLastCrawled": "2017-04-04T11:24:00.0000000Z"}, {"id":
        "https:\/\/www.bingapis.com\/api\/v6\/#WebPages.9", "name": "Basic Disaster
        Supplies Kit | Ready.gov", "url": "https:\/\/www.ready.gov\/kit", "urlPingSuffix":
        "DevEx,5190.1", "displayUrl": "https:\/\/www.ready.gov\/kit", "snippet":
        "Additional Emergency Supplies. Once you have gathered the supplies for a
        basic emergency kit, you may want to consider adding the following items:",
        "dateLastCrawled": "2017-04-03T03:50:00.0000000Z"}, {"id": "https:\/\/www.bingapis.com\/api\/v6\/#WebPages.10",
        "name": "First Hemp Crop | ExploreKYHistory", "url": "http:\/\/explorekyhistory.ky.gov\/items\/show\/108",
        "urlPingSuffix": "DevEx,5204.1", "displayUrl": "explorekyhistory.ky.gov\/items\/show\/108",
        "snippet": "Historical Marker #1279 in Danville notes the first recorded
        hemp crop in Kentucky, which was grown on Clark''s Run Creek in 1775. Hemp
        has a long history in Kentucky.", "dateLastCrawled": "2017-03-19T23:44:00.0000000Z"},
        {"id": "https:\/\/www.bingapis.com\/api\/v6\/#WebPages.11", "name": "Developmental
        Assessment of Young Children - 2nd Edition ...", "url": "https:\/\/dese.mo.gov\/sites\/default\/files\/se-fs-dayc-2-powerpoint-3slides.pdf",
        "urlPingSuffix": "DevEx,5215.1", "displayUrl": "https:\/\/dese.mo.gov\/sites\/default\/files\/se-fs-dayc-2-powerpoint-3...",
        "snippet": "Developmental Assessment of Young Children – 2. nd . Edition
        (DAYC-2) ... • A list of all entry points are listed directly above the first
        item to be", "dateLastCrawled": "2017-04-03T00:02:00.0000000Z"}, {"id": "https:\/\/www.bingapis.com\/api\/v6\/#WebPages.12",
        "name": "Taxable Receipt - How Discounts, Trade-Ins, and Additional ...",
        "url": "http:\/\/www.tax.ny.gov\/pubs_and_bulls\/tg_bulletins\/st\/taxable_receipt.htm",
        "urlPingSuffix": "DevEx,5227.1", "displayUrl": "www.tax.ny.gov\/pubs_and_bulls\/tg_bulletins\/st\/taxable_receipt.htm",
        "snippet": "However, if items are packaged together for one price and cannot
        be broken out and purchased separately, you must collect tax on the total
        price.", "dateLastCrawled": "2017-04-05T22:18:00.0000000Z"}, {"id": "https:\/\/www.bingapis.com\/api\/v6\/#WebPages.13",
        "name": "OF MINNESOTA FIRST JUDICIAL DISTRICT COURT OF", "url": "http:\/\/www.mncourts.gov\/mncourtsgov\/media\/CIOMediaLibrary\/Documents\/Inventory.pdf",
        "urlPingSuffix": "DevEx,5237.1", "displayUrl": "www.mncourts.gov\/mncourtsgov\/media\/CIOMediaLibrary\/Documents\/...",
        "snippet": "Filed in First Judicial District Court 1\/4\/2017 2:38:15 PM
        Carver County, MN ... List the gross fair market value of each item Without
        subtracting for mortgages or ...", "dateLastCrawled": "2017-04-09T00:27:00.0000000Z"},
        {"id": "https:\/\/www.bingapis.com\/api\/v6\/#WebPages.14", "name": "Pack
        Smart | Travelers'' Health | CDC", "url": "https:\/\/wwwnc.cdc.gov\/travel\/page\/pack-smart",
        "urlPingSuffix": "DevEx,5248.1", "displayUrl": "https:\/\/wwwnc.cdc.gov\/travel\/page\/pack-smart",
        "snippet": "Pack to prevent Zika. If you are traveling to an area with Zika,
        you can pack a few items in your travel health kit to protect yourself and
        your family.", "dateLastCrawled": "2017-03-09T17:24:00.0000000Z"}, {"id":
        "https:\/\/www.bingapis.com\/api\/v6\/#WebPages.15", "name": "Item 3. MSHA
        Individual Identification Number (MIIN) Item ...", "url": "https:\/\/www.msha.gov\/sites\/default\/files\/uploads\/forms-and-filings\/500041.pdf",
        "urlPingSuffix": "DevEx,5259.1", "displayUrl": "https:\/\/www.msha.gov\/sites\/default\/files\/uploads\/forms-and-filings\/...",
        "snippet": "MSHA Individual Identification Number (MIIN) Item 4. Address
        Selector Item 5. Name (Last, First, M) Item 6. Miner Requested Send
        To Address Foreman Assistant Foreman ...", "dateLastCrawled": "2017-04-06T23:43:00.0000000Z"},
        {"id": "https:\/\/www.bingapis.com\/api\/v6\/#WebPages.16", "name": "Presidential
        Inauguration 2017 | USA.gov", "url": "https:\/\/www.usa.gov\/inauguration-2017",
        "urlPingSuffix": "DevEx,5271.1", "displayUrl": "https:\/\/www.usa.gov\/inauguration-2017",
        "snippet": "See portraits of the First Ladies throughout history. Back to
        Top. Last Updated: January 24, 2017. Do you need help? Ask us any question
        about the U.S. government for ...", "dateLastCrawled": "2017-03-30T04:25:00.0000000Z"},
        {"id": "https:\/\/www.bingapis.com\/api\/v6\/#WebPages.17", "name": "First
        Aid List - Occupational Safety and Health Administration", "url": "https:\/\/www.osha.gov\/recordkeeping\/firstaid_list.pdf",
        "urlPingSuffix": "DevEx,5282.1", "displayUrl": "https:\/\/www.osha.gov\/recordkeeping\/firstaid_list.pdf",
        "snippet": "First Aid List 1904.7 (b)(5)(ii) What is “first aid”? For
        the purposes of Part 1904, \"first aid\" means the following: (A) Using
        a nonprescription medication at ...", "dateLastCrawled": "2017-04-05T06:14:00.0000000Z"},
        {"id": "https:\/\/www.bingapis.com\/api\/v6\/#WebPages.18", "name": "King
        Andrew the First", "url": "http:\/\/www.loc.gov\/pictures\/item\/2008661753\/",
        "urlPingSuffix": "DevEx,5294.1", "displayUrl": "www.loc.gov\/pictures\/item\/2008661753",
        "snippet": "King Andrew the First. About This Item; Obtaining Copies;
        Access to Original; Title: King Andrew the First Date Created\/Published:
        [New York? : s.n .], 1833. ...", "dateLastCrawled": "2017-04-04T15:31:00.0000000Z"},
        {"id": "https:\/\/www.bingapis.com\/api\/v6\/#WebPages.19", "name": "First-aid
        Kits (Mandatory). - 1910.266 App A ...", "url": "https:\/\/www.osha.gov\/pls\/oshaweb\/owadisp.show_document?p_table=STANDARDS&p_id=9863",
        "urlPingSuffix": "DevEx,5306.1", "displayUrl": "https:\/\/www.osha.gov\/pls\/oshaweb\/owadisp.show_document?p_table=...",
        "snippet": "The following list sets forth the minimally acceptable number
        and type of first-aid supplies for first-aid kits required under paragraph
        (d)(2) of the logging standard.", "dateLastCrawled": "2017-03-29T20:13:00.0000000Z"}]},
        "rankingResponse": {"mainline": {"items": [{"answerType": "WebPages", "resultIndex":
        0, "value": {"id": "https:\/\/www.bingapis.com\/api\/v6\/#WebPages.0"}}, {"answerType":
        "WebPages", "resultIndex": 1, "value": {"id": "https:\/\/www.bingapis.com\/api\/v6\/#WebPages.1"}},
        {"answerType": "WebPages", "resultIndex": 2, "value": {"id": "https:\/\/www.bingapis.com\/api\/v6\/#WebPages.2"}},
        {"answerType": "WebPages", "resultIndex": 3, "value": {"id": "https:\/\/www.bingapis.com\/api\/v6\/#WebPages.3"}},
        {"answerType": "WebPages", "resultIndex": 4, "value": {"id": "https:\/\/www.bingapis.com\/api\/v6\/#WebPages.4"}},
        {"answerType": "WebPages", "resultIndex": 5, "value": {"id": "https:\/\/www.bingapis.com\/api\/v6\/#WebPages.5"}},
        {"answerType": "WebPages", "resultIndex": 6, "value": {"id": "https:\/\/www.bingapis.com\/api\/v6\/#WebPages.6"}},
        {"answerType": "WebPages", "resultIndex": 7, "value": {"id": "https:\/\/www.bingapis.com\/api\/v6\/#WebPages.7"}},
        {"answerType": "WebPages", "resultIndex": 8, "value": {"id": "https:\/\/www.bingapis.com\/api\/v6\/#WebPages.8"}},
        {"answerType": "WebPages", "resultIndex": 9, "value": {"id": "https:\/\/www.bingapis.com\/api\/v6\/#WebPages.9"}},
        {"answerType": "WebPages", "resultIndex": 10, "value": {"id": "https:\/\/www.bingapis.com\/api\/v6\/#WebPages.10"}},
        {"answerType": "WebPages", "resultIndex": 11, "value": {"id": "https:\/\/www.bingapis.com\/api\/v6\/#WebPages.11"}},
        {"answerType": "WebPages", "resultIndex": 12, "value": {"id": "https:\/\/www.bingapis.com\/api\/v6\/#WebPages.12"}},
        {"answerType": "WebPages", "resultIndex": 13, "value": {"id": "https:\/\/www.bingapis.com\/api\/v6\/#WebPages.13"}},
        {"answerType": "WebPages", "resultIndex": 14, "value": {"id": "https:\/\/www.bingapis.com\/api\/v6\/#WebPages.14"}},
        {"answerType": "WebPages", "resultIndex": 15, "value": {"id": "https:\/\/www.bingapis.com\/api\/v6\/#WebPages.15"}},
        {"answerType": "WebPages", "resultIndex": 16, "value": {"id": "https:\/\/www.bingapis.com\/api\/v6\/#WebPages.16"}},
        {"answerType": "WebPages", "resultIndex": 17, "value": {"id": "https:\/\/www.bingapis.com\/api\/v6\/#WebPages.17"}},
        {"answerType": "WebPages", "resultIndex": 18, "value": {"id": "https:\/\/www.bingapis.com\/api\/v6\/#WebPages.18"}},
        {"answerType": "WebPages", "resultIndex": 19, "value": {"id": "https:\/\/www.bingapis.com\/api\/v6\/#WebPages.19"}}]}}}'
    http_version: 
  recorded_at: Wed, 12 Apr 2017 02:16:08 GMT
- request:
    method: get
    uri: https://www.bingapis.com/api/v6/search?AppId=***REMOVED***&count=20&mkt=en-US&offset=0&q=first%20item%20(site:gov%20OR%20site:mil)&responseFilter=WebPages,SpellSuggestions&safeSearch=moderate&textDecorations=true&traffictype=test
    body:
      encoding: US-ASCII
      string: ''
    headers:
      User-Agent:
      - USASearch
      Ocp-Apim-Subscription-Key:
      - ***REMOVED***
      Accept-Encoding:
      - gzip;q=1.0,deflate;q=0.6,identity;q=0.3
      Accept:
      - "*/*"
      Connection:
      - keep-alive
      Keep-Alive:
      - 30
  response:
    status:
      code: 200
      message: OK
    headers:
      Cache-Control:
      - private, max-age=0
      Content-Length:
      - '3567'
      Content-Type:
      - application/json; charset=utf-8
      Expires:
      - Wed, 12 Apr 2017 02:15:09 GMT
      Vary:
      - Accept-Encoding
      Server:
      - Microsoft-IIS/8.5
      P3p:
      - CP="NON UNI COM NAV STA LOC CURa DEVa PSAa PSDa OUR IND"
      Set-Cookie:
      - MUID=0BC1BF417C47653C1347B5237DD064EF; path=/; expires=Fri, 12-Apr-2019 02:16:09
        GMT; domain=bingapis.com
      - MUIDB=0BC1BF417C47653C1347B5237DD064EF; path=/; httponly; expires=Fri, 12-Apr-2019
        02:16:09 GMT
      - SRCHD=AF=NOFORM; domain=.bingapis.com; expires=Fri, 12-Apr-2019 02:16:09 GMT;
        path=/
      - SRCHUID=V=2&GUID=6909C4099B5B4E33B152D2A435F48C06; expires=Fri, 12-Apr-2019
        02:16:09 GMT; path=/
      - SRCHUSR=DOB=20170412; domain=.bingapis.com; expires=Fri, 12-Apr-2019 02:16:09
        GMT; path=/
      - _EDGE_S=mkt=en-us&F=1&SID=279259D97BF96B450B2253BB7A6E6AB5; path=/; httponly;
        domain=bingapis.com
      - _EDGE_V=1; path=/; httponly; expires=Fri, 12-Apr-2019 02:16:09 GMT; domain=bingapis.com
      - _SS=SID=279259D97BF96B450B2253BB7A6E6AB5; domain=.bingapis.com; path=/
      Bingapis-Traceid:
      - 27540622DCEC4C21B38C6072E96125FD
      X-Msedge-Clientid:
      - 0BC1BF417C47653C1347B5237DD064EF
      X-Msapi-Userstate:
      - d36a
      Bingapis-Market:
      - en-US
      X-Msedge-Ref:
      - 'Ref A: 27540622DCEC4C21B38C6072E96125FD Ref B: CO1EDGE0118 Ref C: Tue Apr
        11 19:16:09 2017 PST'
      Date:
      - Wed, 12 Apr 2017 02:16:08 GMT
    body:
      encoding: UTF-8
      string: '{"_type": "SearchResponse", "instrumentation": {"pingUrlBase": "https:\/\/www.bingapis.com\/api\/ping?IG=A017014902FD47509A75E450546F4247&CID=0BC1BF417C47653C1347B5237DD064EF&ID=",
        "pageLoadPingUrl": "https:\/\/www.bingapis.com\/api\/ping\/pageload?IG=A017014902FD47509A75E450546F4247&CID=0BC1BF417C47653C1347B5237DD064EF&Type=Event.CPT&DATA=0"},
        "webPages": {"webSearchUrl": "https:\/\/www.bing.com\/search?q=first+item+(site%3agov+OR+site%3amil)",
        "webSearchUrlPingSuffix": "DevEx,5440.1", "totalEstimatedMatches": 234000,
        "value": [{"id": "https:\/\/www.bingapis.com\/api\/v6\/#WebPages.0", "name":
        "\"The first vote\"", "url": "https:\/\/www.loc.gov\/pictures\/item\/00651117\/",
        "urlPingSuffix": "DevEx,5078.1", "displayUrl": "https:\/\/www.loc.gov\/pictures\/item\/00651117",
        "snippet": "\"The first vote\" About This Item; ... Title: \"The first
        vote\" \/ AW [monogram] ; drawn by A.R. Waud. Related Names: Waud, Alfred
        R ...", "dateLastCrawled": "2017-02-09T07:52:00.0000000Z"}, {"id": "https:\/\/www.bingapis.com\/api\/v6\/#WebPages.1",
        "name": "How to Understand and Use the Nutrition Facts Label", "url": "https:\/\/www.fda.gov\/Food\/IngredientsPackagingLabeling\/LabelingNutrition\/ucm274593.htm",
        "urlPingSuffix": "DevEx,5090.1", "displayUrl": "https:\/\/www.fda.gov\/Food\/IngredientsPackagingLabeling\/Labeling...",
        "snippet": "The first place to start when you look at the Nutrition Facts
        label is the serving size and the number of servings in the package.", "dateLastCrawled":
        "2017-04-02T21:53:00.0000000Z"}, {"id": "https:\/\/www.bingapis.com\/api\/v6\/#WebPages.2",
        "name": "The first sleigh-ride | Library of Congress", "url": "https:\/\/www.loc.gov\/item\/00694206\/",
        "urlPingSuffix": "DevEx,5103.1", "displayUrl": "https:\/\/www.loc.gov\/item\/00694206",
        "snippet": "The first sleigh-ride Summary ... reproduction, or other use
        of protected items beyond that allowed by fair use or other statutory exemptions.
        ...", "dateLastCrawled": "2017-03-04T02:43:00.0000000Z"}, {"id": "https:\/\/www.bingapis.com\/api\/v6\/#WebPages.3",
        "name": "The first colored senator and representatives - in the ...", "url":
        "https:\/\/www.loc.gov\/item\/98501907\/", "urlPingSuffix": "DevEx,5117.1",
        "displayUrl": "https:\/\/www.loc.gov\/item\/98501907", "snippet": "Title
        The first colored senator and representatives - in the 41st and 42nd Congress
        of the United States Summary Group portrait of ...", "dateLastCrawled": "2017-03-10T23:48:00.0000000Z"},
        {"id": "https:\/\/www.bingapis.com\/api\/v6\/#WebPages.4", "name": "The first
        Thanksgiving 1621 \/ J.L.G. Ferris. | Library of ...", "url": "https:\/\/www.loc.gov\/item\/2001699850\/",
        "urlPingSuffix": "DevEx,5131.1", "displayUrl": "https:\/\/www.loc.gov\/item\/2001699850",
        "snippet": "Articles and Essays with this item: ... The first Thanksgiving
        1621 \/ J.L.G. Ferris. Massachusetts, ... from its first settlement in
        1620, ...", "dateLastCrawled": "2017-03-24T01:22:00.0000000Z"}, {"id": "https:\/\/www.bingapis.com\/api\/v6\/#WebPages.5",
        "name": "Guidance for Industry: A Food Labeling Guide (6 ...", "url": "https:\/\/www.fda.gov\/Food\/GuidanceRegulation\/GuidanceDocumentsRegulatoryInformation\/LabelingNutrition\/ucm064880.htm",
        "urlPingSuffix": "DevEx,5143.1", "displayUrl": "https:\/\/www.fda.gov\/Food\/GuidanceRegulation\/GuidanceDocuments...",
        "snippet": "The word \"Contains\" with a capital \"C\" must be the first
        word used to begin a \"Contains\" statement.", "dateLastCrawled": "2017-04-03T04:07:00.0000000Z"},
        {"id": "https:\/\/www.bingapis.com\/api\/v6\/#WebPages.6", "name": "First
        Hemp Crop | ExploreKYHistory", "url": "http:\/\/explorekyhistory.ky.gov\/items\/show\/108",
        "urlPingSuffix": "DevEx,5157.1", "displayUrl": "explorekyhistory.ky.gov\/items\/show\/108",
        "snippet": "Historical Marker #1279 in Danville notes the first recorded
        hemp crop in Kentucky, which was grown on Clark''s Run Creek in 1775. Hemp
        has a long history in Kentucky.", "dateLastCrawled": "2017-03-19T23:44:00.0000000Z"},
        {"id": "https:\/\/www.bingapis.com\/api\/v6\/#WebPages.7", "name": "Home
        Inventory Checklist", "url": "http:\/\/www.dfs.ny.gov\/consumer\/homeown\/home_invchklst.pdf",
        "urlPingSuffix": "DevEx,5168.1", "displayUrl": "www.dfs.ny.gov\/consumer\/homeown\/home_invchklst.pdf",
        "snippet": "HOME INVENTORY CHECKLIST Household Inventory Checklist | 2
        Number Of Items Item Year Bought Cost Living Room Air Conditioner Window
        Units", "dateLastCrawled": "2017-04-06T07:18:00.0000000Z"}, {"id": "https:\/\/www.bingapis.com\/api\/v6\/#WebPages.8",
        "name": "Form 8-K - Official Site", "url": "https:\/\/www.sec.gov\/about\/forms\/form8-k.pdf",
        "urlPingSuffix": "DevEx,5178.1", "displayUrl": "https:\/\/www.sec.gov\/about\/forms\/form8-k.pdf",
        "snippet": "If a report on Form 8-K contains disclosures under Item 2.02
        or Item 7.01, whether or not the report contains disclosures regarding other
        items, ...", "dateLastCrawled": "2017-04-04T11:24:00.0000000Z"}, {"id":
        "https:\/\/www.bingapis.com\/api\/v6\/#WebPages.9", "name": "Basic Disaster
        Supplies Kit | Ready.gov", "url": "https:\/\/www.ready.gov\/kit", "urlPingSuffix":
        "DevEx,5190.1", "displayUrl": "https:\/\/www.ready.gov\/kit", "snippet":
        "Additional Emergency Supplies. Once you have gathered the supplies for a
        basic emergency kit, you may want to consider adding the following items:",
        "dateLastCrawled": "2017-04-03T03:50:00.0000000Z"}, {"id": "https:\/\/www.bingapis.com\/api\/v6\/#WebPages.10",
        "name": "The first circus | Library of Congress", "url": "https:\/\/www.loc.gov\/item\/00694026\/",
        "urlPingSuffix": "DevEx,5204.1", "displayUrl": "https:\/\/www.loc.gov\/item\/00694026",
        "snippet": "The First Circus. United States: Rialto Productions, 1921. Video.
        Retrieved from the Library of Congress, https:\/\/www.loc.gov\/item\/00694026\/.
        (Accessed April 04, 2017.)", "dateLastCrawled": "2017-04-04T21:12:00.0000000Z"},
        {"id": "https:\/\/www.bingapis.com\/api\/v6\/#WebPages.11", "name": "OF MINNESOTA
        FIRST JUDICIAL DISTRICT COURT OF", "url": "http:\/\/www.mncourts.gov\/mncourtsgov\/media\/CIOMediaLibrary\/Documents\/Inventory.pdf",
        "urlPingSuffix": "DevEx,5214.1", "displayUrl": "www.mncourts.gov\/mncourtsgov\/media\/CIOMediaLibrary\/Documents\/...",
        "snippet": "Filed in First Judicial District Court 1\/4\/2017 2:38:15 PM
        Carver County, MN ... List the gross fair market value of each item Without
        subtracting for mortgages or ...", "dateLastCrawled": "2017-04-09T00:27:00.0000000Z"},
        {"id": "https:\/\/www.bingapis.com\/api\/v6\/#WebPages.12", "name": "First
        Aid List", "url": "https:\/\/www.osha.gov\/recordkeeping\/firstaid_list.pdf",
        "urlPingSuffix": "DevEx,5224.1", "displayUrl": "https:\/\/www.osha.gov\/recordkeeping\/firstaid_list.pdf",
        "snippet": "First Aid List 1904.7 (b)(5)(ii) What is “first aid”? For
        the purposes of Part 1904, \"first aid\" means the following: (A) Using
        a nonprescription medication at ...", "dateLastCrawled": "2017-03-30T12:19:00.0000000Z"},
        {"id": "https:\/\/www.bingapis.com\/api\/v6\/#WebPages.13", "name": "The First
        Ladies | whitehouse.gov", "url": "https:\/\/www.whitehouse.gov\/1600\/first-ladies",
        "urlPingSuffix": "DevEx,5237.1", "displayUrl": "https:\/\/www.whitehouse.gov\/1600\/first-ladies",
        "snippet": "Which two first ladies met their husbands through local newspapers?
        Who was the first First Lady to make regular nationwide radio broadcasts?",
        "dateLastCrawled": "2017-04-08T07:19:00.0000000Z"}, {"id": "https:\/\/www.bingapis.com\/api\/v6\/#WebPages.14",
        "name": "Publication 538 (12\/2016), Accounting Periods and Methods", "url":
        "https:\/\/www.irs.gov\/publications\/p538\/ar02.html", "urlPingSuffix": "DevEx,5249.1",
        "displayUrl": "https:\/\/www.irs.gov\/publications\/p538\/ar02.html", "snippet":
        "The LIFO (last-in first-out) method assumes the items of inventory you
        purchased or produced last are the first items you sold, consumed, or otherwise
        ...", "dateLastCrawled": "2017-04-03T02:45:00.0000000Z"}, {"id": "https:\/\/www.bingapis.com\/api\/v6\/#WebPages.15",
        "name": "King Andrew the First", "url": "http:\/\/www.loc.gov\/pictures\/item\/2008661753\/",
        "urlPingSuffix": "DevEx,5262.1", "displayUrl": "www.loc.gov\/pictures\/item\/2008661753",
        "snippet": "King Andrew the First. About This Item; Obtaining Copies;
        Access to Original; Title: King Andrew the First Date Created\/Published:
        [New York? : s.n .], 1833. ...", "dateLastCrawled": "2017-04-04T15:31:00.0000000Z"},
        {"id": "https:\/\/www.bingapis.com\/api\/v6\/#WebPages.16", "name": "Sales
        Tax Holiday FAQ''s - Ohio Department of Taxation", "url": "http:\/\/www.tax.ohio.gov\/sales_and_use\/salestaxholiday\/holidayfaq.aspx",
        "urlPingSuffix": "DevEx,5275.1", "displayUrl": "www.tax.ohio.gov\/sales_and_use\/salestaxholiday\/holidayfaq.aspx",
        "snippet": "Sales Tax Holiday FAQ''s. Business Links. Ohio Business Gateway;
        File Other Business Taxes; ... Does the $75 exemption apply to the first
        $75 of an item of clothing?", "dateLastCrawled": "2017-04-09T16:48:00.0000000Z"},
        {"id": "https:\/\/www.bingapis.com\/api\/v6\/#WebPages.17", "name": "First
        snow \/ etched by Ernest C. Rost . | Library of Congress", "url": "https:\/\/www.loc.gov\/item\/2005696489\/",
        "urlPingSuffix": "DevEx,5289.1", "displayUrl": "https:\/\/www.loc.gov\/item\/2005696489",
        "snippet": "The Library of Congress does not own rights to material ...
        as well as access to the original items, see: Popular Graphic ... First
        snow \/ etched by Ernest C ...", "dateLastCrawled": "2017-03-13T20:35:00.0000000Z"},
        {"id": "https:\/\/www.bingapis.com\/api\/v6\/#WebPages.18", "name": "Form
        10-Q Instructions - SEC.gov", "url": "https:\/\/www.sec.gov\/about\/forms\/form10-q.pdf",
        "urlPingSuffix": "DevEx,5300.1", "displayUrl": "https:\/\/www.sec.gov\/about\/forms\/form10-q.pdf",
        "snippet": "Form 10-Q shall be used ... to Rule 13a-13 or Rule 15d-13 shall
        be filed within the following period after the end of each of the first
        three ... item or items of ...", "dateLastCrawled": "2017-04-05T08:50:00.0000000Z"},
        {"id": "https:\/\/www.bingapis.com\/api\/v6\/#WebPages.19", "name": "Presidential
        Inauguration 2017 | USA.gov", "url": "https:\/\/www.usa.gov\/inauguration-2017",
        "urlPingSuffix": "DevEx,5313.1", "displayUrl": "https:\/\/www.usa.gov\/inauguration-2017",
        "snippet": "Presidential Inauguration 2017. Meet the new President and his
        team. Learn about the 2017 Presidential Inauguration and the history of
        Presidential Inaugurations.", "dateLastCrawled": "2017-04-04T12:02:00.0000000Z"}]},
        "rankingResponse": {"mainline": {"items": [{"answerType": "WebPages", "resultIndex":
        0, "value": {"id": "https:\/\/www.bingapis.com\/api\/v6\/#WebPages.0"}}, {"answerType":
        "WebPages", "resultIndex": 1, "value": {"id": "https:\/\/www.bingapis.com\/api\/v6\/#WebPages.1"}},
        {"answerType": "WebPages", "resultIndex": 2, "value": {"id": "https:\/\/www.bingapis.com\/api\/v6\/#WebPages.2"}},
        {"answerType": "WebPages", "resultIndex": 3, "value": {"id": "https:\/\/www.bingapis.com\/api\/v6\/#WebPages.3"}},
        {"answerType": "WebPages", "resultIndex": 4, "value": {"id": "https:\/\/www.bingapis.com\/api\/v6\/#WebPages.4"}},
        {"answerType": "WebPages", "resultIndex": 5, "value": {"id": "https:\/\/www.bingapis.com\/api\/v6\/#WebPages.5"}},
        {"answerType": "WebPages", "resultIndex": 6, "value": {"id": "https:\/\/www.bingapis.com\/api\/v6\/#WebPages.6"}},
        {"answerType": "WebPages", "resultIndex": 7, "value": {"id": "https:\/\/www.bingapis.com\/api\/v6\/#WebPages.7"}},
        {"answerType": "WebPages", "resultIndex": 8, "value": {"id": "https:\/\/www.bingapis.com\/api\/v6\/#WebPages.8"}},
        {"answerType": "WebPages", "resultIndex": 9, "value": {"id": "https:\/\/www.bingapis.com\/api\/v6\/#WebPages.9"}},
        {"answerType": "WebPages", "resultIndex": 10, "value": {"id": "https:\/\/www.bingapis.com\/api\/v6\/#WebPages.10"}},
        {"answerType": "WebPages", "resultIndex": 11, "value": {"id": "https:\/\/www.bingapis.com\/api\/v6\/#WebPages.11"}},
        {"answerType": "WebPages", "resultIndex": 12, "value": {"id": "https:\/\/www.bingapis.com\/api\/v6\/#WebPages.12"}},
        {"answerType": "WebPages", "resultIndex": 13, "value": {"id": "https:\/\/www.bingapis.com\/api\/v6\/#WebPages.13"}},
        {"answerType": "WebPages", "resultIndex": 14, "value": {"id": "https:\/\/www.bingapis.com\/api\/v6\/#WebPages.14"}},
        {"answerType": "WebPages", "resultIndex": 15, "value": {"id": "https:\/\/www.bingapis.com\/api\/v6\/#WebPages.15"}},
        {"answerType": "WebPages", "resultIndex": 16, "value": {"id": "https:\/\/www.bingapis.com\/api\/v6\/#WebPages.16"}},
        {"answerType": "WebPages", "resultIndex": 17, "value": {"id": "https:\/\/www.bingapis.com\/api\/v6\/#WebPages.17"}},
        {"answerType": "WebPages", "resultIndex": 18, "value": {"id": "https:\/\/www.bingapis.com\/api\/v6\/#WebPages.18"}},
        {"answerType": "WebPages", "resultIndex": 19, "value": {"id": "https:\/\/www.bingapis.com\/api\/v6\/#WebPages.19"}}]}}}'
    http_version: 
  recorded_at: Wed, 12 Apr 2017 02:16:09 GMT
- request:
    method: get
    uri: https://www.bingapis.com/api/v6/search?AppId=***REMOVED***&count=20&mkt=en-US&offset=0&q=loren%20(site:gov%20OR%20site:mil)&responseFilter=WebPages,SpellSuggestions&safeSearch=moderate&textDecorations=true&traffictype=test
    body:
      encoding: US-ASCII
      string: ''
    headers:
      User-Agent:
      - USASearch
      Ocp-Apim-Subscription-Key:
      - ***REMOVED***
      Accept-Encoding:
      - gzip;q=1.0,deflate;q=0.6,identity;q=0.3
      Accept:
      - "*/*"
      Connection:
      - keep-alive
      Keep-Alive:
      - 30
  response:
    status:
      code: 200
      message: OK
    headers:
      Cache-Control:
      - private, max-age=0
      Content-Length:
      - '3796'
      Content-Type:
      - application/json; charset=utf-8
      Expires:
      - Wed, 12 Apr 2017 02:15:10 GMT
      Vary:
      - Accept-Encoding
      Server:
      - Microsoft-IIS/8.5
      P3p:
      - CP="NON UNI COM NAV STA LOC CURa DEVa PSAa PSDa OUR IND"
      Set-Cookie:
      - MUID=271A88773C716DBE059D82153DE66C78; path=/; expires=Fri, 12-Apr-2019 02:16:10
        GMT; domain=bingapis.com
      - MUIDB=271A88773C716DBE059D82153DE66C78; path=/; httponly; expires=Fri, 12-Apr-2019
        02:16:10 GMT
      - SRCHD=AF=NOFORM; domain=.bingapis.com; expires=Fri, 12-Apr-2019 02:16:10 GMT;
        path=/
      - SRCHUID=V=2&GUID=93FD7E2323864527A6251F7A41782A8A; expires=Fri, 12-Apr-2019
        02:16:10 GMT; path=/
      - SRCHUSR=DOB=20170412; domain=.bingapis.com; expires=Fri, 12-Apr-2019 02:16:10
        GMT; path=/
      - _EDGE_S=mkt=en-us&F=1&SID=242F9A64FCD860FE22B19006FD4F61D2; path=/; httponly;
        domain=bingapis.com
      - _EDGE_V=1; path=/; httponly; expires=Fri, 12-Apr-2019 02:16:10 GMT; domain=bingapis.com
      - _SS=SID=242F9A64FCD860FE22B19006FD4F61D2; domain=.bingapis.com; path=/
      Bingapis-Traceid:
      - 68E0D1526BED4B588EEC961A098FE615
      X-Msedge-Clientid:
      - 271A88773C716DBE059D82153DE66C78
      X-Msapi-Userstate:
      - 493a
      Bingapis-Market:
      - en-US
      X-Msedge-Ref:
      - 'Ref A: 68E0D1526BED4B588EEC961A098FE615 Ref B: CO1EDGE0121 Ref C: Tue Apr
        11 19:16:10 2017 PST'
      Date:
      - Wed, 12 Apr 2017 02:16:09 GMT
    body:
      encoding: UTF-8
      string: '{"_type": "SearchResponse", "instrumentation": {"pingUrlBase": "https:\/\/www.bingapis.com\/api\/ping?IG=3574174B80634DD1B50FB56FDC01C04D&CID=271A88773C716DBE059D82153DE66C78&ID=",
        "pageLoadPingUrl": "https:\/\/www.bingapis.com\/api\/ping\/pageload?IG=3574174B80634DD1B50FB56FDC01C04D&CID=271A88773C716DBE059D82153DE66C78&Type=Event.CPT&DATA=0"},
        "webPages": {"webSearchUrl": "https:\/\/www.bing.com\/search?q=loren+(site%3agov+OR+site%3amil)",
        "webSearchUrlPingSuffix": "DevEx,5452.1", "totalEstimatedMatches": 149000,
        "value": [{"id": "https:\/\/www.bingapis.com\/api\/v6\/#WebPages.0", "name":
        "Loren Kieve", "url": "http:\/\/www.calbar.ca.gov\/AboutUs\/BoardofTrustees\/Elections\/2016BoardofTrusteesCandidates\/LorenKieve.aspx",
        "urlPingSuffix": "DevEx,5077.1", "displayUrl": "www.calbar.ca.gov\/...\/2016BoardofTrusteesCandidates\/LorenKieve.aspx",
        "snippet": "2016 Board of Trustees Election Candidate for District 1 Loren
        Kieve City: San Francisco. Admitted to practice law in California: July 6,
        1973 Public disciplinary ...", "dateLastCrawled": "2017-03-29T18:47:00.0000000Z"},
        {"id": "https:\/\/www.bingapis.com\/api\/v6\/#WebPages.1", "name": "Loren
        ''Renn'' Cannon Named Special Agent in Charge of the ...", "url": "https:\/\/www.fbi.gov\/news\/pressrel\/press-releases\/loren-renn-cannon-named-special-agent-in-charge-of-the-portland-division",
        "urlPingSuffix": "DevEx,5093.1", "displayUrl": "https:\/\/www.fbi.gov\/news\/pressrel\/press-releases\/loren-renn-cannon...",
        "snippet": "FBI Director James B. Comey has named Loren (Renn) Cannon as
        the special agent in charge of the Portland Division.", "dateLastCrawled":
        "2017-04-05T23:16:00.0000000Z"}, {"id": "https:\/\/www.bingapis.com\/api\/v6\/#WebPages.2",
        "name": "Loren Miller Legal Services - calbar.ca.gov", "url": "http:\/\/www.calbar.ca.gov\/AboutUs\/Awards\/LorenMillerLegalServices.aspx?platform=hootsuite",
        "urlPingSuffix": "DevEx,5105.1", "displayUrl": "www.calbar.ca.gov\/AboutUs\/Awards\/LorenMillerLegalServices.aspx?...",
        "snippet": "Self-nominations are accepted. A nominee must be a California
        attorney. The Loren Miller Legal Services Award is considered a lifetime
        achievement award.", "dateLastCrawled": "2017-03-14T04:30:00.0000000Z"}, {"id":
        "https:\/\/www.bingapis.com\/api\/v6\/#WebPages.3", "name": "Loren Alving,
        MD | California Alzheimer''s Disease Centers", "url": "http:\/\/cadc.cdph.ca.gov\/centers\/leadership\/lalving.html",
        "urlPingSuffix": "DevEx,5118.1", "displayUrl": "cadc.cdph.ca.gov\/centers\/leadership\/lalving.html",
        "snippet": "Loren Alving, MD, is the Principal Investigator for the California
        Alzheimer’s Disease Center at UCSF Fresno and is a Co-Director of UCSF Fresno
        Alzheimer’s ...", "dateLastCrawled": "2017-03-30T12:06:00.0000000Z"}, {"id":
        "https:\/\/www.bingapis.com\/api\/v6\/#WebPages.4", "name": "Loren W. Holzhueter
        and ISC, Inc. (d\/b\/a Insurance Service ...", "url": "https:\/\/www.sec.gov\/litigation\/complaints\/2015\/comp23182.pdf",
        "urlPingSuffix": "DevEx,5129.1", "displayUrl": "https:\/\/www.sec.gov\/litigation\/complaints\/2015\/comp23182.pdf",
        "snippet": "LOREN W. HOLZHUETER, and ISC, Inc. : (d\/b\/a Insurance Service
        Center) , : JURY DEMANDED: ... This case centers on a fraudulent scheme perpetrated
        by Defendant Loren W.", "dateLastCrawled": "2017-04-05T03:12:00.0000000Z"},
        {"id": "https:\/\/www.bingapis.com\/api\/v6\/#WebPages.5", "name": "Representative
        Zoe Lofgren - Official Site", "url": "https:\/\/lofgren.house.gov\/", "urlPingSuffix":
        "DevEx,5141.1", "about": [{"name": "Zoe Lofgren"}], "displayUrl": "https:\/\/lofgren.house.gov",
        "snippet": "CONGRESSWOMAN Zoe Lofgren Representing California''s 19th District
        Silicon Valley''s Cities of San José, Morgan Hill, and Gilroy", "dateLastCrawled":
        "2017-04-08T17:34:00.0000000Z"}, {"id": "https:\/\/www.bingapis.com\/api\/v6\/#WebPages.6",
        "name": "Assistant Commissioner Loren Colman \/ Minnesota Department ...",
        "url": "http:\/\/mn.gov\/dhs\/media\/executive-staff-bios\/media-bio-colman.jsp",
        "urlPingSuffix": "DevEx,5154.1", "displayUrl": "mn.gov\/dhs\/media\/executive-staff-bios\/media-bio-colman.jsp",
        "snippet": "Loren Colman is assistant commissioner for Continuing Care for
        Older Adults and had been assistant commissioner of Continuing Care for the
        Minnesota Department of ...", "dateLastCrawled": "2017-04-08T20:14:00.0000000Z"},
        {"id": "https:\/\/www.bingapis.com\/api\/v6\/#WebPages.7", "name": "Colville
        Service Unit | Healthcare Facilities", "url": "https:\/\/www.ihs.gov\/portland\/healthcarefacilities\/colville\/",
        "urlPingSuffix": "DevEx,5167.1", "displayUrl": "https:\/\/www.ihs.gov\/portland\/healthcarefacilities\/colville",
        "snippet": "Healthcare Facilities; Colville Service Unit; Fort Hall Service
        Unit; Warm Springs Service Unit; ... Clinical Director: Loren L. Lewis,
        MD, 509-634-2913 . Services ...", "dateLastCrawled": "2017-04-02T20:16:00.0000000Z"},
        {"id": "https:\/\/www.bingapis.com\/api\/v6\/#WebPages.8", "name": "OITS -
        Office of Information Technology Services Contacts", "url": "http:\/\/oits.ks.gov\/oits-contacts",
        "urlPingSuffix": "DevEx,5180.1", "displayUrl": "oits.ks.gov\/oits-contacts",
        "snippet": "Kansas Office of Information Technology Services''s Website,
        OITS. Home; Services. Services Catalog; ... Information Systems. Loren
        Westerdale, Director 785-296-6236;", "dateLastCrawled": "2017-03-20T11:43:00.0000000Z"},
        {"id": "https:\/\/www.bingapis.com\/api\/v6\/#WebPages.9", "name": "Oregon
        - Official Site", "url": "http:\/\/www.oregon.gov\/pages\/index.aspx", "urlPingSuffix":
        "DevEx,5193.1", "displayUrl": "www.oregon.gov", "snippet": "The official
        web site of the state of Oregon. Get quick access to Oregon government
        online services, forms, and information.", "dateLastCrawled": "2017-04-08T18:21:00.0000000Z"},
        {"id": "https:\/\/www.bingapis.com\/api\/v6\/#WebPages.10", "name": "Departments
        and Staff - Conservation - Polk County Iowa", "url": "https:\/\/www.polkcountyiowa.gov\/conservation\/about-us\/departments-and-staff\/",
        "urlPingSuffix": "DevEx,5206.1", "displayUrl": "https:\/\/www.polkcountyiowa.gov\/...\/about-us\/departments-and-staff",
        "snippet": "Departments and Staff Administration. Richard Leopold. Director.
        515-323-5322. Email. Douglas Romig. Deputy Director. 515-323-5355. Email.
        Loren Lown. Parks and ...", "dateLastCrawled": "2017-04-08T06:30:00.0000000Z"},
        {"id": "https:\/\/www.bingapis.com\/api\/v6\/#WebPages.11", "name": "courts.mt.gov
        > locator > dist5", "url": "http:\/\/courts.mt.gov\/locator\/dist5", "urlPingSuffix":
        "DevEx,5221.1", "displayUrl": "courts.mt.gov\/locator\/dist5", "snippet":
        "Wednesday 201 Centennial P.O. Box H Boulder, MT 59632 225-4042; 225-4044
        fax Diane Kaatz (Same address, phone, fax as Judge) Kathy Hilton 683-2858",
        "dateLastCrawled": "2017-04-08T11:32:00.0000000Z"}, {"id": "https:\/\/www.bingapis.com\/api\/v6\/#WebPages.12",
        "name": "Loren Winter v. Rick Kessinger, Green County Assessor ...", "url":
        "https:\/\/stc.mo.gov\/legal\/loren-winter-v-rick-kessinger-green-county-assessor\/",
        "urlPingSuffix": "DevEx,5232.1", "displayUrl": "https:\/\/stc.mo.gov\/legal\/loren-winter-v-rick-kessinger-green...",
        "snippet": "Loren Winter v. Rick Kessinger, Green County Assessor July 18th,
        2014 . State Tax Commission of Missouri . LOREN WINTER,) ) Complainant,)
        ) ) Appeal Number 13-33021 )", "dateLastCrawled": "2017-04-08T18:43:00.0000000Z"},
        {"id": "https:\/\/www.bingapis.com\/api\/v6\/#WebPages.13", "name": "Staff
        Directory - Travis County, Texas", "url": "https:\/\/www.traviscountytx.gov\/purchasing\/contact",
        "urlPingSuffix": "DevEx,5245.1", "displayUrl": "https:\/\/www.traviscountytx.gov\/purchasing\/contact",
        "snippet": "Staff Directory Travis County Purchasing Office Staff; BONNIE
        S. FLOYD, MBA, CPPO, CPPB - PURCHASING AGENT ... Loren Breland, CPPB - Purchasing
        Agent Assistant IV", "dateLastCrawled": "2017-04-09T10:28:00.0000000Z"}, {"id":
        "https:\/\/www.bingapis.com\/api\/v6\/#WebPages.14", "name": "State of Oregon:
        Oregon Construction Contractors Board - Home", "url": "http:\/\/www.oregon.gov\/ccb\/Pages\/index.aspx",
        "urlPingSuffix": "DevEx,5257.1", "displayUrl": "www.oregon.gov\/ccb\/Pages",
        "snippet": "Oregon Construction Contractors Board ; Skip to the main content
        of the page; Oregon Construction Contractors Board. Anyone can pretend to
        be a ...", "dateLastCrawled": "2017-04-02T01:20:00.0000000Z"}, {"id": "https:\/\/www.bingapis.com\/api\/v6\/#WebPages.15",
        "name": "Hon. Loren Baily-Schiffman - NYCOURTS.GOV", "url": "http:\/\/www.nycourts.gov\/courts\/2jd\/kings\/civil\/BailySchiffmanRules.shtml",
        "urlPingSuffix": "DevEx,5269.1", "displayUrl": "www.nycourts.gov\/courts\/2jd\/kings\/civil\/BailySchiffmanRules.shtml",
        "snippet": "Hon. Loren Baily-Schiffman. Part 65 Rules. Motions Motions are
        heard on Thursdays. First call at 9:45 AM Second call at 10:30 AM Oral argument
        is required on all motions.", "dateLastCrawled": "2017-04-06T18:52:00.0000000Z"},
        {"id": "https:\/\/www.bingapis.com\/api\/v6\/#WebPages.16", "name": "Loren
        E Parks and Parks Foundation vs Commissioner", "url": "http:\/\/ustaxcourt.gov\/UstcInOp\/OpinionViewer.aspx?ID=10625",
        "urlPingSuffix": "DevEx,5281.1", "displayUrl": "ustaxcourt.gov\/UstcInOp\/OpinionViewer.aspx?ID=10625",
        "snippet": "ciencies for petitioner Loren E. Parks and petitioner Parks
        Foundation (Foundation) as summarized in the following tables.1 Mr. Parks,
        Docket No. 7043–07", "dateLastCrawled": "2017-04-01T23:19:00.0000000Z"}, {"id":
        "https:\/\/www.bingapis.com\/api\/v6\/#WebPages.17", "name": "Office of Counsel",
        "url": "https:\/\/www.treasury.gov\/about\/organizational-structure\/ig\/Pages\/OIGOC.aspx",
        "urlPingSuffix": "DevEx,5297.1", "displayUrl": "https:\/\/www.treasury.gov\/about\/organizational-structure\/ig\/Pages\/...",
        "snippet": "Office of Counsel Currently selected; Office of Investigations;
        Office of Management; OIG Hotline; Organizational Chart; Reports ; American
        Recovery & Reinvestment ...", "dateLastCrawled": "2017-04-05T10:11:00.0000000Z"},
        {"id": "https:\/\/www.bingapis.com\/api\/v6\/#WebPages.18", "name": "Loring
        Job Corps: Benefits", "url": "http:\/\/loring.jobcorps.gov\/benefits.aspx",
        "urlPingSuffix": "DevEx,5310.1", "displayUrl": "loring.jobcorps.gov\/benefits.aspx",
        "snippet": "Benefits Pay and Allowances. Job Corps pays each student a living
        allowance twice a month while in the program. But just like a real job, taxes
        are deducted from this ...", "dateLastCrawled": "2017-03-28T16:56:00.0000000Z"},
        {"id": "https:\/\/www.bingapis.com\/api\/v6\/#WebPages.19", "name": "Meet
        Our Leadership Team - Lincoln Regional Benefit Office", "url": "http:\/\/www.benefits.va.gov\/ROLINCOLN\/leadership.asp",
        "urlPingSuffix": "DevEx,5323.1", "displayUrl": "www.benefits.va.gov\/ROLINCOLN\/leadership.asp",
        "snippet": "Lincoln Regional Benefit Office leadership team. skip to page
        content. Attention A T users. To access the menus on this page please perform
        the ...", "dateLastCrawled": "2017-03-09T23:55:00.0000000Z"}]}, "rankingResponse":
        {"mainline": {"items": [{"answerType": "WebPages", "resultIndex": 0, "value":
        {"id": "https:\/\/www.bingapis.com\/api\/v6\/#WebPages.0"}}, {"answerType":
        "WebPages", "resultIndex": 1, "value": {"id": "https:\/\/www.bingapis.com\/api\/v6\/#WebPages.1"}},
        {"answerType": "WebPages", "resultIndex": 2, "value": {"id": "https:\/\/www.bingapis.com\/api\/v6\/#WebPages.2"}},
        {"answerType": "WebPages", "resultIndex": 3, "value": {"id": "https:\/\/www.bingapis.com\/api\/v6\/#WebPages.3"}},
        {"answerType": "WebPages", "resultIndex": 4, "value": {"id": "https:\/\/www.bingapis.com\/api\/v6\/#WebPages.4"}},
        {"answerType": "WebPages", "resultIndex": 5, "value": {"id": "https:\/\/www.bingapis.com\/api\/v6\/#WebPages.5"}},
        {"answerType": "WebPages", "resultIndex": 6, "value": {"id": "https:\/\/www.bingapis.com\/api\/v6\/#WebPages.6"}},
        {"answerType": "WebPages", "resultIndex": 7, "value": {"id": "https:\/\/www.bingapis.com\/api\/v6\/#WebPages.7"}},
        {"answerType": "WebPages", "resultIndex": 8, "value": {"id": "https:\/\/www.bingapis.com\/api\/v6\/#WebPages.8"}},
        {"answerType": "WebPages", "resultIndex": 9, "value": {"id": "https:\/\/www.bingapis.com\/api\/v6\/#WebPages.9"}},
        {"answerType": "WebPages", "resultIndex": 10, "value": {"id": "https:\/\/www.bingapis.com\/api\/v6\/#WebPages.10"}},
        {"answerType": "WebPages", "resultIndex": 11, "value": {"id": "https:\/\/www.bingapis.com\/api\/v6\/#WebPages.11"}},
        {"answerType": "WebPages", "resultIndex": 12, "value": {"id": "https:\/\/www.bingapis.com\/api\/v6\/#WebPages.12"}},
        {"answerType": "WebPages", "resultIndex": 13, "value": {"id": "https:\/\/www.bingapis.com\/api\/v6\/#WebPages.13"}},
        {"answerType": "WebPages", "resultIndex": 14, "value": {"id": "https:\/\/www.bingapis.com\/api\/v6\/#WebPages.14"}},
        {"answerType": "WebPages", "resultIndex": 15, "value": {"id": "https:\/\/www.bingapis.com\/api\/v6\/#WebPages.15"}},
        {"answerType": "WebPages", "resultIndex": 16, "value": {"id": "https:\/\/www.bingapis.com\/api\/v6\/#WebPages.16"}},
        {"answerType": "WebPages", "resultIndex": 17, "value": {"id": "https:\/\/www.bingapis.com\/api\/v6\/#WebPages.17"}},
        {"answerType": "WebPages", "resultIndex": 18, "value": {"id": "https:\/\/www.bingapis.com\/api\/v6\/#WebPages.18"}},
        {"answerType": "WebPages", "resultIndex": 19, "value": {"id": "https:\/\/www.bingapis.com\/api\/v6\/#WebPages.19"}}]}}}'
    http_version: 
  recorded_at: Wed, 12 Apr 2017 02:16:10 GMT
- request:
    method: get
    uri: https://www.bingapis.com/api/v6/search?AppId=***REMOVED***&count=20&mkt=en-US&offset=0&q=noticia%20uno%20(site:gov%20OR%20site:mil)&responseFilter=WebPages,SpellSuggestions&safeSearch=moderate&textDecorations=true&traffictype=test
    body:
      encoding: US-ASCII
      string: ''
    headers:
      User-Agent:
      - USASearch
      Ocp-Apim-Subscription-Key:
      - ***REMOVED***
      Accept-Encoding:
      - gzip;q=1.0,deflate;q=0.6,identity;q=0.3
      Accept:
      - "*/*"
      Connection:
      - keep-alive
      Keep-Alive:
      - 30
  response:
    status:
      code: 200
      message: OK
    headers:
      Cache-Control:
      - private, max-age=0
      Content-Length:
      - '3270'
      Content-Type:
      - application/json; charset=utf-8
      Expires:
      - Wed, 12 Apr 2017 02:15:12 GMT
      Vary:
      - Accept-Encoding
      Server:
      - Microsoft-IIS/8.5
      P3p:
      - CP="NON UNI COM NAV STA LOC CURa DEVa PSAa PSDa OUR IND"
      Set-Cookie:
      - MUID=0797D96E1A4D65A008B6D30C1BDA6426; path=/; expires=Fri, 12-Apr-2019 02:16:12
        GMT; domain=bingapis.com
      - MUIDB=0797D96E1A4D65A008B6D30C1BDA6426; path=/; httponly; expires=Fri, 12-Apr-2019
        02:16:12 GMT
      - SRCHD=AF=NOFORM; domain=.bingapis.com; expires=Fri, 12-Apr-2019 02:16:12 GMT;
        path=/
      - SRCHUID=V=2&GUID=7CEC3AC695414C7094FBB0D861231EE8; expires=Fri, 12-Apr-2019
        02:16:12 GMT; path=/
      - SRCHUSR=DOB=20170412; domain=.bingapis.com; expires=Fri, 12-Apr-2019 02:16:12
        GMT; path=/
      - _EDGE_S=mkt=en-us&F=1&SID=03596FBFD1C06EF523C865DDD0576FC1; path=/; httponly;
        domain=bingapis.com
      - _EDGE_V=1; path=/; httponly; expires=Fri, 12-Apr-2019 02:16:12 GMT; domain=bingapis.com
      - _SS=SID=03596FBFD1C06EF523C865DDD0576FC1; domain=.bingapis.com; path=/
      Bingapis-Traceid:
      - C8AD24E855374FEF9D5372A605CA9E8B
      X-Msedge-Clientid:
      - 0797D96E1A4D65A008B6D30C1BDA6426
      X-Msapi-Userstate:
      - 2a7d
      Bingapis-Market:
      - en-US
      X-Msedge-Ref:
      - 'Ref A: C8AD24E855374FEF9D5372A605CA9E8B Ref B: CO1EDGE0214 Ref C: Tue Apr
        11 19:16:12 2017 PST'
      Date:
      - Wed, 12 Apr 2017 02:16:11 GMT
    body:
      encoding: UTF-8
      string: '{"_type": "SearchResponse", "instrumentation": {"pingUrlBase": "https:\/\/www.bingapis.com\/api\/ping?IG=BA8AC9FEE4624084BA7527E1FB41212F&CID=0797D96E1A4D65A008B6D30C1BDA6426&ID=",
        "pageLoadPingUrl": "https:\/\/www.bingapis.com\/api\/ping\/pageload?IG=BA8AC9FEE4624084BA7527E1FB41212F&CID=0797D96E1A4D65A008B6D30C1BDA6426&Type=Event.CPT&DATA=0"},
        "webPages": {"webSearchUrl": "https:\/\/www.bing.com\/search?q=noticia+uno+(site%3agov+OR+site%3amil)",
        "webSearchUrlPingSuffix": "DevEx,5438.1", "totalEstimatedMatches": 55500,
        "value": [{"id": "https:\/\/www.bingapis.com\/api\/v6\/#WebPages.0", "name":
        "Un exceso de sudor puede provocar un sufrimiento emocional ...", "url": "https:\/\/medlineplus.gov\/spanish\/news\/fullstory_164540.html",
        "urlPingSuffix": "DevEx,5077.1", "displayUrl": "https:\/\/medlineplus.gov\/spanish\/news\/fullstory_164540.html",
        "snippet": "En general esto es así, pero no si se es uno de los 7 millones
        de estadounidenses ... Las noticias son escritas y proporcionadas por HealthDay
        y no reflejan ...", "dateLastCrawled": "2017-04-10T16:36:00.0000000Z"}, {"id":
        "https:\/\/www.bingapis.com\/api\/v6\/#WebPages.1", "name": "A medida que
        la legalización de la marihuana gana terreno ...", "url": "https:\/\/medlineplus.gov\/spanish\/news\/fullstory_163841.html",
        "urlPingSuffix": "DevEx,5090.1", "displayUrl": "https:\/\/medlineplus.gov\/spanish\/news\/fullstory_163841.html",
        "snippet": "Últimas noticias de salud → Noticia. Dirección de esta página:
        https: \/\/medlineplus.gov ... uno de los autores del nuevo informe de la
        academia. ...", "dateLastCrawled": "2017-03-31T11:05:00.0000000Z"}, {"id":
        "https:\/\/www.bingapis.com\/api\/v6\/#WebPages.2", "name": "¿La exposición
        al plomo en la niñez lleva a un CI más bajo ...", "url": "https:\/\/medlineplus.gov\/spanish\/news\/fullstory_164365.html",
        "urlPingSuffix": "DevEx,5103.1", "displayUrl": "https:\/\/medlineplus.gov\/spanish\/news\/fullstory_164365.html",
        "snippet": "Noticia. Dirección de esta página: https: ... Cuando el estudio
        comenzó, Nueva Zelanda tenía uno de los niveles de plomo en la gasolina
        más altos del mundo.", "dateLastCrawled": "2017-03-30T16:17:00.0000000Z"},
        {"id": "https:\/\/www.bingapis.com\/api\/v6\/#WebPages.3", "name": "Uno
        de cada cuatro usuarios adolescentes de cigarrillos ...", "url": "https:\/\/medlineplus.gov\/spanish\/news\/fullstory_163480.html",
        "urlPingSuffix": "DevEx,5116.1", "displayUrl": "https:\/\/medlineplus.gov\/spanish\/news\/fullstory_163480.html",
        "snippet": "Uno de cada cuatro usuarios de cigarrillos electrónicos había
        ... Las noticias son escritas y proporcionadas por HealthDay y no reflejan
        los puntos de vista de ...", "dateLastCrawled": "2017-04-08T18:06:00.0000000Z"},
        {"id": "https:\/\/www.bingapis.com\/api\/v6\/#WebPages.4", "name": "Unos sensores
        portátiles podrían detectar la enfermedad ...", "url": "https:\/\/medlineplus.gov\/spanish\/news\/fullstory_163059.html",
        "urlPingSuffix": "DevEx,5129.1", "displayUrl": "https:\/\/medlineplus.gov\/spanish\/news\/fullstory_163059.html",
        "snippet": "Cuando uno anda por el pasillo de un avión, ... Las noticias
        son escritas y proporcionadas por HealthDay y no reflejan los puntos de vista
        de la política federal, ...", "dateLastCrawled": "2017-03-29T10:25:00.0000000Z"},
        {"id": "https:\/\/www.bingapis.com\/api\/v6\/#WebPages.5", "name": "Noticias
        ordenadas por tema que comienzan con C ...", "url": "https:\/\/medlineplus.gov\/spanish\/alphanews_c.html",
        "urlPingSuffix": "DevEx,5144.1", "displayUrl": "https:\/\/medlineplus.gov\/spanish\/alphanews_c.html",
        "snippet": "Noticias ordenadas por tema que comienzan con C: ... Uno de
        cada cuatro usuarios adolescentes de cigarrillos electrónicos ha probado el
        ''goteo'' (07\/02\/2017, HealthDay)", "dateLastCrawled": "2017-04-07T22:48:00.0000000Z"},
        {"id": "https:\/\/www.bingapis.com\/api\/v6\/#WebPages.6", "name": "Uno
        de cada diez embarazos afectados por el Zika en EE. UU ...", "url": "https:\/\/medlineplus.gov\/spanish\/news\/fullstory_164491.html",
        "urlPingSuffix": "DevEx,5158.1", "displayUrl": "https:\/\/medlineplus.gov\/spanish\/news\/fullstory_164491.html",
        "snippet": "Uno de cada diez embarazos afectados por el Zika en EE. UU.
        sufre ... Las noticias son escritas y proporcionadas por HealthDay y no
        reflejan los puntos de vista ...", "dateLastCrawled": "2017-04-06T16:47:00.0000000Z"},
        {"id": "https:\/\/www.bingapis.com\/api\/v6\/#WebPages.7", "name": "¿Se sentiría
        usted seguro en una ambulancia sin conductor ...", "url": "https:\/\/medlineplus.gov\/spanish\/news\/fullstory_163975.html",
        "urlPingSuffix": "DevEx,5171.1", "displayUrl": "https:\/\/medlineplus.gov\/spanish\/news\/fullstory_163975.html",
        "snippet": "(*estas noticias no estarán ... pacientes llegar al hospital
        mucho más rápida y fácilmente mientras recibe atención de dos proveedores
        en lugar de uno\", ...", "dateLastCrawled": "2017-04-08T08:46:00.0000000Z"},
        {"id": "https:\/\/www.bingapis.com\/api\/v6\/#WebPages.8", "name": "Unos ''gorros
        de enfriamiento'' podrían detener la pérdida ...", "url": "https:\/\/medlineplus.gov\/spanish\/news\/fullstory_163617.html",
        "urlPingSuffix": "DevEx,5184.1", "displayUrl": "https:\/\/medlineplus.gov\/spanish\/news\/fullstory_163617.html",
        "snippet": "Uno de dos ensayos se detuvo temprano porque los resultados
        ... Las noticias son escritas y proporcionadas por HealthDay y no reflejan
        los puntos de vista de ...", "dateLastCrawled": "2017-03-19T02:20:00.0000000Z"},
        {"id": "https:\/\/www.bingapis.com\/api\/v6\/#WebPages.9", "name": "Uno
        de cada tres adultos diagnosticados con asma quizá no ...", "url": "https:\/\/medlineplus.gov\/spanish\/news\/fullstory_163130.html",
        "urlPingSuffix": "DevEx,5197.1", "displayUrl": "https:\/\/medlineplus.gov\/spanish\/news\/fullstory_163130.html",
        "snippet": "Uno de cada tres adultos diagnosticados con asma quizá no sufra
        de la afección, ... (*estas noticias no estarán disponibles después del
        04\/18\/2017)", "dateLastCrawled": "2017-04-06T08:17:00.0000000Z"}, {"id":
        "https:\/\/www.bingapis.com\/api\/v6\/#WebPages.10", "name": "Unos monitores
        del azúcar en la sangre de alta tecnología ...", "url": "https:\/\/medlineplus.gov\/spanish\/news\/fullstory_163260.html",
        "urlPingSuffix": "DevEx,5210.1", "displayUrl": "https:\/\/medlineplus.gov\/spanish\/news\/fullstory_163260.html",
        "snippet": "Se asignó aleatoriamente a los pacientes a uno de dos grupos.
        ... Las noticias son escritas y proporcionadas por HealthDay y no reflejan
        los puntos de vista de la ...", "dateLastCrawled": "2017-04-01T19:21:00.0000000Z"},
        {"id": "https:\/\/www.bingapis.com\/api\/v6\/#WebPages.11", "name": "Los genes
        más un sueño errático podrían aumentar las ...", "url": "https:\/\/medlineplus.gov\/spanish\/news\/fullstory_164071.html",
        "urlPingSuffix": "DevEx,5223.1", "displayUrl": "https:\/\/medlineplus.gov\/spanish\/news\/fullstory_164071.html",
        "snippet": "La cantidad de sueño podría inclinar la balanza si uno está
        predispuesto a ... Las noticias son escritas y proporcionadas por HealthDay
        y no reflejan los ...", "dateLastCrawled": "2017-04-09T05:47:00.0000000Z"},
        {"id": "https:\/\/www.bingapis.com\/api\/v6\/#WebPages.12", "name": "ES-05-10977.pdf
        - ssa.gov", "url": "http:\/\/www.ssa.gov\/pubs\/ES-05-10977.pdf", "urlPingSuffix":
        "DevEx,5232.1", "displayUrl": "www.ssa.gov\/pubs\/ES-05-10977.pdf", "snippet":
        "uno de los cambios mencionados en esta sección. 8. NOTA ACLARATORIA: El
        no informarnos un cambio puede resultar en un sobrepago. Debe entender que
        si recibe un ...", "dateLastCrawled": "2017-04-06T21:28:00.0000000Z"}, {"id":
        "https:\/\/www.bingapis.com\/api\/v6\/#WebPages.13", "name": "Demasiadas víctimas
        de ACV no reciben un anticoagulante ...", "url": "https:\/\/medlineplus.gov\/spanish\/news\/fullstory_163794.html",
        "urlPingSuffix": "DevEx,5245.1", "displayUrl": "https:\/\/medlineplus.gov\/spanish\/news\/fullstory_163794.html",
        "snippet": "Los pacientes tratados en uno de los hospitales de más rendimiento
        en el programa ... Las noticias son escritas y proporcionadas por HealthDay
        y no reflejan ...", "dateLastCrawled": "2017-04-08T11:50:00.0000000Z"}, {"id":
        "https:\/\/www.bingapis.com\/api\/v6\/#WebPages.14", "name": "El impacto de
        la pobreza en la salud mental de un niño ...", "url": "https:\/\/medlineplus.gov\/spanish\/news\/fullstory_163010.html",
        "urlPingSuffix": "DevEx,5258.1", "displayUrl": "https:\/\/medlineplus.gov\/spanish\/news\/fullstory_163010.html",
        "snippet": "Últimas noticias de salud → Noticia. Dirección de esta página:
        https: \/\/medlineplus.gov ... \"Con la pobreza, uno se expone a mucho estrés.",
        "dateLastCrawled": "2017-04-08T01:38:00.0000000Z"}, {"id": "https:\/\/www.bingapis.com\/api\/v6\/#WebPages.15",
        "name": "Médico, propietario de una clínica y cinco enfermeros del ...", "url":
        "https:\/\/www.justice.gov\/espanol\/pr\/m-dico-propietario-de-una-cl-nica-y-cinco-enfermeros-del-sur-de-la-florida-se-declaran",
        "urlPingSuffix": "DevEx,5271.1", "displayUrl": "https:\/\/www.justice.gov\/espanol\/pr\/m-dico-propietario-de-una-cl...",
        "snippet": "Noticias; Agencias y Organizaciones; Noticias. Share. Facebook;
        ... cada uno de los enfermeros trabajó en diferentes momentos para ABC Home
        Health Care Inc. y\/o ...", "dateLastCrawled": "2016-07-17T02:43:00.0000000Z"},
        {"id": "https:\/\/www.bingapis.com\/api\/v6\/#WebPages.16", "name": "Noticias
        ordenadas por tema que comienzan con D ...", "url": "https:\/\/medlineplus.gov\/spanish\/alphanews_d.html",
        "urlPingSuffix": "DevEx,5287.1", "displayUrl": "https:\/\/medlineplus.gov\/spanish\/alphanews_d.html",
        "snippet": "Noticias ordenadas por tema que comienzan con D: MedlinePlus
        en español. Omita y vaya al Contenido. Biblioteca Nacional de Medicina de
        los EE. UU ...", "dateLastCrawled": "2017-04-09T06:05:00.0000000Z"}, {"id":
        "https:\/\/www.bingapis.com\/api\/v6\/#WebPages.17", "name": "Tarjeta Verde
        para un Familiar Inmediato de un Ciudadano ...", "url": "https:\/\/www.uscis.gov\/es\/tarjeta-verde\/traves-de-su-familia\/tarjeta-verde-para-un-familiar-inmediato-de-un-ciudadano-de-los-estados-unidos",
        "urlPingSuffix": "DevEx,5304.1", "displayUrl": "https:\/\/www.uscis.gov\/es\/tarjeta-verde\/traves-de-su-familia\/...",
        "snippet": "NOTICIAS . Alertas ... Paso Uno- Su familiar que es ciudadano
        estadounidense debe presentar el Formulario I-130 peticionándole, ...", "dateLastCrawled":
        "2017-03-24T06:07:00.0000000Z"}, {"id": "https:\/\/www.bingapis.com\/api\/v6\/#WebPages.18",
        "name": "AVISO PARA SUBSANAR EN UN PLAZO DE 30 DÍAS O DESALOJAR ...", "url":
        "http:\/\/dhcd.dc.gov\/sites\/default\/files\/dc\/sites\/dhcd\/publication\/attachments\/Form%2010%20-%2030%20Day%20Notice%20to%20Correct%20or%20Vacate%20%28Spanish%29%289.10%29.pdf",
        "urlPingSuffix": "DevEx,5314.1", "displayUrl": "dhcd.dc.gov\/sites\/default\/files\/dc\/sites\/dhcd\/publication...",
        "snippet": "... (marque sólo uno de los siguientes): Por notificación personal
        al inquilino (insertar el nombre y la dirección del inquilino): ...", "dateLastCrawled":
        "2017-04-01T19:24:00.0000000Z"}, {"id": "https:\/\/www.bingapis.com\/api\/v6\/#WebPages.19",
        "name": "Lo que necesita saber si recibe beneficios de Seguridad de ...",
        "url": "http:\/\/www.ssa.gov\/pubs\/ES-05-11024.pdf", "urlPingSuffix": "DevEx,5323.1",
        "displayUrl": "www.ssa.gov\/pubs\/ES-05-11024.pdf", "snippet": "4 Introducción
        Esta publicación explica algunos de sus derechos y responsabilidades cuando
        recibe beneficios de Seguridad de Ingreso Suplementario (SSI, por sus ...",
        "dateLastCrawled": "2017-03-31T17:42:00.0000000Z"}]}, "rankingResponse": {"mainline":
        {"items": [{"answerType": "WebPages", "resultIndex": 0, "value": {"id": "https:\/\/www.bingapis.com\/api\/v6\/#WebPages.0"}},
        {"answerType": "WebPages", "resultIndex": 1, "value": {"id": "https:\/\/www.bingapis.com\/api\/v6\/#WebPages.1"}},
        {"answerType": "WebPages", "resultIndex": 2, "value": {"id": "https:\/\/www.bingapis.com\/api\/v6\/#WebPages.2"}},
        {"answerType": "WebPages", "resultIndex": 3, "value": {"id": "https:\/\/www.bingapis.com\/api\/v6\/#WebPages.3"}},
        {"answerType": "WebPages", "resultIndex": 4, "value": {"id": "https:\/\/www.bingapis.com\/api\/v6\/#WebPages.4"}},
        {"answerType": "WebPages", "resultIndex": 5, "value": {"id": "https:\/\/www.bingapis.com\/api\/v6\/#WebPages.5"}},
        {"answerType": "WebPages", "resultIndex": 6, "value": {"id": "https:\/\/www.bingapis.com\/api\/v6\/#WebPages.6"}},
        {"answerType": "WebPages", "resultIndex": 7, "value": {"id": "https:\/\/www.bingapis.com\/api\/v6\/#WebPages.7"}},
        {"answerType": "WebPages", "resultIndex": 8, "value": {"id": "https:\/\/www.bingapis.com\/api\/v6\/#WebPages.8"}},
        {"answerType": "WebPages", "resultIndex": 9, "value": {"id": "https:\/\/www.bingapis.com\/api\/v6\/#WebPages.9"}},
        {"answerType": "WebPages", "resultIndex": 10, "value": {"id": "https:\/\/www.bingapis.com\/api\/v6\/#WebPages.10"}},
        {"answerType": "WebPages", "resultIndex": 11, "value": {"id": "https:\/\/www.bingapis.com\/api\/v6\/#WebPages.11"}},
        {"answerType": "WebPages", "resultIndex": 12, "value": {"id": "https:\/\/www.bingapis.com\/api\/v6\/#WebPages.12"}},
        {"answerType": "WebPages", "resultIndex": 13, "value": {"id": "https:\/\/www.bingapis.com\/api\/v6\/#WebPages.13"}},
        {"answerType": "WebPages", "resultIndex": 14, "value": {"id": "https:\/\/www.bingapis.com\/api\/v6\/#WebPages.14"}},
        {"answerType": "WebPages", "resultIndex": 15, "value": {"id": "https:\/\/www.bingapis.com\/api\/v6\/#WebPages.15"}},
        {"answerType": "WebPages", "resultIndex": 16, "value": {"id": "https:\/\/www.bingapis.com\/api\/v6\/#WebPages.16"}},
        {"answerType": "WebPages", "resultIndex": 17, "value": {"id": "https:\/\/www.bingapis.com\/api\/v6\/#WebPages.17"}},
        {"answerType": "WebPages", "resultIndex": 18, "value": {"id": "https:\/\/www.bingapis.com\/api\/v6\/#WebPages.18"}},
        {"answerType": "WebPages", "resultIndex": 19, "value": {"id": "https:\/\/www.bingapis.com\/api\/v6\/#WebPages.19"}}]}}}'
    http_version: 
  recorded_at: Wed, 12 Apr 2017 02:16:12 GMT
- request:
    method: get
    uri: https://www.bingapis.com/api/v6/search?AppId=***REMOVED***&count=20&mkt=en-US&offset=0&q=item%20(site:gov%20OR%20site:mil)&responseFilter=WebPages,SpellSuggestions&safeSearch=moderate&textDecorations=true&traffictype=test
    body:
      encoding: US-ASCII
      string: ''
    headers:
      User-Agent:
      - USASearch
      Ocp-Apim-Subscription-Key:
      - ***REMOVED***
      Accept-Encoding:
      - gzip;q=1.0,deflate;q=0.6,identity;q=0.3
      Accept:
      - "*/*"
      Connection:
      - keep-alive
      Keep-Alive:
      - 30
  response:
    status:
      code: 200
      message: OK
    headers:
      Cache-Control:
      - private, max-age=0
      Content-Length:
      - '3718'
      Content-Type:
      - application/json; charset=utf-8
      Expires:
      - Wed, 12 Apr 2017 02:15:13 GMT
      Vary:
      - Accept-Encoding
      Server:
      - Microsoft-IIS/8.5
      P3p:
      - CP="NON UNI COM NAV STA LOC CURa DEVa PSAa PSDa OUR IND"
      Set-Cookie:
      - MUID=12B09611CFDF616414A89C73CE48609B; path=/; expires=Fri, 12-Apr-2019 02:16:13
        GMT; domain=bingapis.com
      - MUIDB=12B09611CFDF616414A89C73CE48609B; path=/; httponly; expires=Fri, 12-Apr-2019
        02:16:13 GMT
      - SRCHD=AF=NOFORM; domain=.bingapis.com; expires=Fri, 12-Apr-2019 02:16:13 GMT;
        path=/
      - SRCHUID=V=2&GUID=D05D46BFE0C940EDAF2EEC8E33D49EC3; expires=Fri, 12-Apr-2019
        02:16:13 GMT; path=/
      - SRCHUSR=DOB=20170412; domain=.bingapis.com; expires=Fri, 12-Apr-2019 02:16:13
        GMT; path=/
      - _EDGE_S=mkt=en-us&F=1&SID=3738B36A2E7C659F0FFAB9082FEB64A6; path=/; httponly;
        domain=bingapis.com
      - _EDGE_V=1; path=/; httponly; expires=Fri, 12-Apr-2019 02:16:13 GMT; domain=bingapis.com
      - _SS=SID=3738B36A2E7C659F0FFAB9082FEB64A6; domain=.bingapis.com; path=/
      Bingapis-Traceid:
      - F1BEDD265F4C4CCABDB7C8ECA102F740
      X-Msedge-Clientid:
      - 12B09611CFDF616414A89C73CE48609B
      X-Msapi-Userstate:
      - '4069'
      Bingapis-Market:
      - en-US
      X-Msedge-Ref:
      - 'Ref A: F1BEDD265F4C4CCABDB7C8ECA102F740 Ref B: CO1EDGE0519 Ref C: Tue Apr
        11 19:16:13 2017 PST'
      Date:
      - Wed, 12 Apr 2017 02:16:13 GMT
    body:
      encoding: UTF-8
      string: '{"_type": "SearchResponse", "instrumentation": {"pingUrlBase": "https:\/\/www.bingapis.com\/api\/ping?IG=B91536054DF74D30A29F579AA6437179&CID=12B09611CFDF616414A89C73CE48609B&ID=",
        "pageLoadPingUrl": "https:\/\/www.bingapis.com\/api\/ping\/pageload?IG=B91536054DF74D30A29F579AA6437179&CID=12B09611CFDF616414A89C73CE48609B&Type=Event.CPT&DATA=0"},
        "webPages": {"webSearchUrl": "https:\/\/www.bing.com\/search?q=item+(site%3agov+OR+site%3amil)",
        "webSearchUrlPingSuffix": "DevEx,5486.1", "totalEstimatedMatches": 3670000,
        "value": [{"id": "https:\/\/www.bingapis.com\/api\/v6\/#WebPages.0", "name":
        "Items", "url": "http:\/\/www.dol.gov\/oasam\/LearningLink\/AssigningWorkingItems.pdf",
        "urlPingSuffix": "DevEx,5077.1", "displayUrl": "www.dol.gov\/oasam\/LearningLink\/AssigningWorkingItems.pdf",
        "snippet": "Items: Main Concepts An item is an assignable unit that can
        be tracked in the SuccessFactors Learning system. It may be a learning or
        non- learning activity.", "dateLastCrawled": "2017-03-31T22:57:00.0000000Z"},
        {"id": "https:\/\/www.bingapis.com\/api\/v6\/#WebPages.1", "name": "Prohibited
        Items | Transportation Security Administration", "url": "https:\/\/www.tsa.gov\/travel\/security-screening\/prohibited-items",
        "urlPingSuffix": "DevEx,5098.1", "displayUrl": "https:\/\/www.tsa.gov\/travel\/security-screening\/prohibited-items",
        "snippet": "Even if an item is generally permitted, ... or poses other security
        concerns. Read about civil penalties for prohibited items. For items not
        listed here, ...", "deepLinks": [{"name": "Liquids Rule", "url": "https:\/\/www.tsa.gov\/travel\/security-screening\/liquids-rule",
        "urlPingSuffix": "DevEx,5091.1"}, {"name": "Identification", "url": "https:\/\/www.tsa.gov\/travel\/security-screening\/identification",
        "urlPingSuffix": "DevEx,5092.1"}, {"name": "Travel Tips", "url": "https:\/\/www.tsa.gov\/travel\/travel-tips",
        "urlPingSuffix": "DevEx,5093.1"}, {"name": "Special Procedures", "url": "https:\/\/www.tsa.gov\/travel\/special-procedures",
        "urlPingSuffix": "DevEx,5094.1"}], "dateLastCrawled": "2017-04-03T22:38:00.0000000Z"},
        {"id": "https:\/\/www.bingapis.com\/api\/v6\/#WebPages.2", "name": "Regulation
        S-K Compliance and Disclosure Interpretations", "url": "https:\/\/www.sec.gov\/divisions\/corpfin\/guidance\/regs-kinterp.htm",
        "urlPingSuffix": "DevEx,5111.1", "displayUrl": "https:\/\/www.sec.gov\/divisions\/corpfin\/guidance\/regs-kinterp.htm",
        "snippet": "QUESTIONS AND ANSWERS OF GENERAL APPLICABILITY Section 101. Regulation
        S-K — General Guidance. None. Section 102. Item 10 — General Question 102.01",
        "dateLastCrawled": "2017-04-09T14:18:00.0000000Z"}, {"id": "https:\/\/www.bingapis.com\/api\/v6\/#WebPages.3",
        "name": "IDES - Home", "url": "http:\/\/www.ides.illinois.gov\/Pages\/default.aspx",
        "urlPingSuffix": "DevEx,5124.1", "displayUrl": "www.ides.illinois.gov\/Pages\/default.aspx",
        "snippet": "Item Title Unemployment ... Vendor Contracted by Illinois Department
        of Employment Security Data Breached: 3\/24\/17 ...", "dateLastCrawled":
        "2017-04-09T13:57:00.0000000Z"}, {"id": "https:\/\/www.bingapis.com\/api\/v6\/#WebPages.4",
        "name": "Form 8-K - Official Site", "url": "https:\/\/www.sec.gov\/about\/forms\/form8-k.pdf",
        "urlPingSuffix": "DevEx,5135.1", "displayUrl": "https:\/\/www.sec.gov\/about\/forms\/form8-k.pdf",
        "snippet": "If a report on Form 8-K contains disclosures under Item 2.02
        or Item 7.01, whether or not the report contains disclosures regarding other
        items, ...", "dateLastCrawled": "2017-04-04T11:24:00.0000000Z"}, {"id": "https:\/\/www.bingapis.com\/api\/v6\/#WebPages.5",
        "name": "SEC.gov | Home", "url": "https:\/\/www.sec.gov\/", "urlPingSuffix":
        "DevEx,5147.1", "displayUrl": "https:\/\/www.sec.gov", "snippet": "Search
        SEC.gov. Company Filings | More Search Options. About. What We Do; Commissioners;
        Securities Laws; SEC Docket; Reports and Publications; Careers; Contact
        ...", "dateLastCrawled": "2017-04-03T05:18:00.0000000Z"}, {"id": "https:\/\/www.bingapis.com\/api\/v6\/#WebPages.6",
        "name": "Bulk Item Disposal | City of New York", "url": "http:\/\/www1.nyc.gov\/nyc-resources\/service\/1038\/bulk-item-disposal",
        "urlPingSuffix": "DevEx,5161.1", "displayUrl": "www1.nyc.gov\/nyc-resources\/service\/1038\/bulk-item-disposal",
        "snippet": "A bulk item is something that is too large to fit into a garbage
        bin or bag. You can get free curbside removal of bulk items from residences.
        Bulk metal and rigid ...", "dateLastCrawled": "2017-04-08T09:39:00.0000000Z"},
        {"id": "https:\/\/www.bingapis.com\/api\/v6\/#WebPages.7", "name": "Item
        402 of Regulation S-K - Executive Compensation", "url": "https:\/\/www.sec.gov\/divisions\/corpfin\/guidance\/execcomp402interp.htm",
        "urlPingSuffix": "DevEx,5174.1", "displayUrl": "https:\/\/www.sec.gov\/divisions\/corpfin\/guidance\/execcomp402interp.htm",
        "snippet": "Item 402 of Regulation S-K — Executive Compensation Last Update:
        August 8, 2007. The bracketed date following each interpretation is the latest
        date of publication ...", "dateLastCrawled": "2017-03-30T22:21:00.0000000Z"},
        {"id": "https:\/\/www.bingapis.com\/api\/v6\/#WebPages.8", "name": "Travel
        Tips | Transportation Security Administration", "url": "https:\/\/www.tsa.gov\/travel\/travel-tips",
        "urlPingSuffix": "DevEx,5189.1", "displayUrl": "https:\/\/www.tsa.gov\/travel\/travel-tips",
        "snippet": "Travel Tips. Preparing for travel may be stressful, but it doesn’t
        need to be. ... These are limited to 3.4 ounces (100 milliliters) or less
        per item.", "dateLastCrawled": "2017-04-08T13:10:00.0000000Z"}, {"id": "https:\/\/www.bingapis.com\/api\/v6\/#WebPages.9",
        "name": "ASSIST-QuickSearch Basic Search", "url": "http:\/\/quicksearch.dla.mil\/",
        "urlPingSuffix": "DevEx,5200.1", "displayUrl": "quicksearch.dla.mil", "snippet":
        "Enter search criteria in one or more of three text fields: Document ID, Document
        Number, Find Term(s). Filter search results by selecting Status or FSC\/Area
        from drop ...", "dateLastCrawled": "2017-04-06T20:20:00.0000000Z"}, {"id":
        "https:\/\/www.bingapis.com\/api\/v6\/#WebPages.10", "name": "Bulky Item
        Collection Overview - San Antonio", "url": "http:\/\/www.sanantonio.gov\/swmd\/Bulky",
        "urlPingSuffix": "DevEx,5214.1", "displayUrl": "www.sanantonio.gov\/swmd\/Bulky",
        "snippet": "Bulky item collection is provided to all City residential solid
        waste ratepayers. To find out if you are a solid waste customer, check your
        CPS Energy bill.", "dateLastCrawled": "2017-04-08T01:18:00.0000000Z"}, {"id":
        "https:\/\/www.bingapis.com\/api\/v6\/#WebPages.11", "name": "Part 12—Acquisition
        of Commercial Items", "url": "https:\/\/www.acquisition.gov\/sites\/default\/files\/current\/far\/html\/FARTOCP12.html",
        "urlPingSuffix": "DevEx,5226.1", "displayUrl": "https:\/\/www.acquisition.gov\/sites\/default\/files\/current\/far\/html\/...",
        "snippet": "Part 12—Acquisition of Commercial Items. 12.000 Scope of part.
        12.001 Definition. Subpart 12.1—Acquisition of Commercial Items—General. 12.101
        Policy.", "dateLastCrawled": "2017-04-09T05:01:00.0000000Z"}, {"id": "https:\/\/www.bingapis.com\/api\/v6\/#WebPages.12",
        "name": "Is your test, item, or service covered? | Medicare.gov", "url":
        "https:\/\/www.medicare.gov\/coverage\/is-your-test-item-or-service-covered.html",
        "urlPingSuffix": "DevEx,5239.1", "displayUrl": "https:\/\/www.medicare.gov\/coverage\/is-your-test-item-or-service...",
        "snippet": "If your test, item or service isn’t listed, talk to your doctor
        or other health care provider about why you need certain tests, items or services.",
        "dateLastCrawled": "2017-03-23T12:04:00.0000000Z"}, {"id": "https:\/\/www.bingapis.com\/api\/v6\/#WebPages.13",
        "name": "Publication 561 (4\/2007), Determining the Value of Donated ...",
        "url": "https:\/\/www.irs.gov\/publications\/p561\/ar02.html", "urlPingSuffix":
        "DevEx,5252.1", "displayUrl": "https:\/\/www.irs.gov\/publications\/p561\/ar02.html",
        "snippet": "The price an item sold for in an auction may have been the result
        of a rigged sale or a mere bidding duel. The appraiser must analyze the ...",
        "dateLastCrawled": "2017-03-28T02:52:00.0000000Z"}, {"id": "https:\/\/www.bingapis.com\/api\/v6\/#WebPages.14",
        "name": "Agenda Item 10 - calpers.ca.gov", "url": "https:\/\/www.calpers.ca.gov\/docs\/board-agendas\/201606\/pension\/item-10.pdf",
        "urlPingSuffix": "DevEx,5264.1", "displayUrl": "https:\/\/www.calpers.ca.gov\/docs\/board-agendas\/201606\/pension\/item...",
        "snippet": "Agenda Item 10 Pension and Health Benefits Committee Page 2
        of 5 website twice a month with its pharmaceutical pricing data 4; however,
        this public data omits", "dateLastCrawled": "2017-03-30T03:34:00.0000000Z"},
        {"id": "https:\/\/www.bingapis.com\/api\/v6\/#WebPages.15", "name": "gobi4rp.dot.ga.gov",
        "url": "http:\/\/gobi4rp.dot.ga.gov\/ISA\/ItemMeanSummary.jsp", "urlPingSuffix":
        "DevEx,5275.1", "displayUrl": "gobi4rp.dot.ga.gov\/ISA\/ItemMeanSummary.jsp",
        "snippet": "gobi4rp.dot.ga.gov", "dateLastCrawled": "2017-04-03T13:27:00.0000000Z"},
        {"id": "https:\/\/www.bingapis.com\/api\/v6\/#WebPages.16", "name": "Road
        Item Lists - TN", "url": "https:\/\/www.tdot.tn.gov\/APPLICATIONS\/RoadwayItems",
        "urlPingSuffix": "DevEx,5287.1", "displayUrl": "https:\/\/www.tdot.tn.gov\/APPLICATIONS\/RoadwayItems",
        "snippet": "Road Item Lists SearchOptions. English (Spec. Year 2000) ...
        (Note: To display the entire list, search with out entering any Keyword or
        Item Number.", "dateLastCrawled": "2017-04-06T23:57:00.0000000Z"}, {"id":
        "https:\/\/www.bingapis.com\/api\/v6\/#WebPages.17", "name": "Durable medical
        equipment | Medicare.gov", "url": "https:\/\/www.medicare.gov\/what-medicare-covers\/part-b\/durable-medical-equipment.html",
        "urlPingSuffix": "DevEx,5302.1", "displayUrl": "https:\/\/www.medicare.gov\/...\/part-b\/durable-medical-equipment.html",
        "snippet": "See what durable medical equipment (DME) Medicare covers,
        Competitive Bidding Program, getting DME and supplies at home and travelling.",
        "dateLastCrawled": "2017-04-05T10:15:00.0000000Z"}, {"id": "https:\/\/www.bingapis.com\/api\/v6\/#WebPages.18",
        "name": "NPIS - Item Screen", "url": "https:\/\/www.npis.pa.gov\/Screens\/Admin\/Item",
        "urlPingSuffix": "DevEx,5314.1", "displayUrl": "https:\/\/www.npis.pa.gov\/Screens\/Admin\/Item",
        "snippet": "Item Screen : Search Items: Hint: Search using part of the name
        for best results: Item Name: Vendor Name: ISBN #: Item #: Item Eligibility
        Status:", "dateLastCrawled": "2017-04-06T16:09:00.0000000Z"}, {"id": "https:\/\/www.bingapis.com\/api\/v6\/#WebPages.19",
        "name": "FR ANCHISE RULE 16 C. F.R. Part 436", "url": "https:\/\/www.ftc.gov\/system\/files\/documents\/plain-language\/bus70-franchise-rule-compliance-guide.pdf",
        "urlPingSuffix": "DevEx,5324.1", "displayUrl": "https:\/\/www.ftc.gov\/...\/bus70-franchise-rule-compliance-guide.pdf",
        "snippet": "FR ANCHISE RULE 16 C. F.R. Part 436 COMPLIANCE GUIDE ... Item
        1: The Franchisor and Any Parents, Predecessors, and Affiliates. . . . . .
        . . . . . . . . 29", "dateLastCrawled": "2017-03-24T06:06:00.0000000Z"}]},
        "rankingResponse": {"mainline": {"items": [{"answerType": "DictionaryWords"},
        {"answerType": "WebPages", "resultIndex": 0, "value": {"id": "https:\/\/www.bingapis.com\/api\/v6\/#WebPages.0"}},
        {"answerType": "WebPages", "resultIndex": 1, "value": {"id": "https:\/\/www.bingapis.com\/api\/v6\/#WebPages.1"}},
        {"answerType": "WebPages", "resultIndex": 2, "value": {"id": "https:\/\/www.bingapis.com\/api\/v6\/#WebPages.2"}},
        {"answerType": "WebPages", "resultIndex": 3, "value": {"id": "https:\/\/www.bingapis.com\/api\/v6\/#WebPages.3"}},
        {"answerType": "WebPages", "resultIndex": 4, "value": {"id": "https:\/\/www.bingapis.com\/api\/v6\/#WebPages.4"}},
        {"answerType": "WebPages", "resultIndex": 5, "value": {"id": "https:\/\/www.bingapis.com\/api\/v6\/#WebPages.5"}},
        {"answerType": "WebPages", "resultIndex": 6, "value": {"id": "https:\/\/www.bingapis.com\/api\/v6\/#WebPages.6"}},
        {"answerType": "WebPages", "resultIndex": 7, "value": {"id": "https:\/\/www.bingapis.com\/api\/v6\/#WebPages.7"}},
        {"answerType": "WebPages", "resultIndex": 8, "value": {"id": "https:\/\/www.bingapis.com\/api\/v6\/#WebPages.8"}},
        {"answerType": "WebPages", "resultIndex": 9, "value": {"id": "https:\/\/www.bingapis.com\/api\/v6\/#WebPages.9"}},
        {"answerType": "WebPages", "resultIndex": 10, "value": {"id": "https:\/\/www.bingapis.com\/api\/v6\/#WebPages.10"}},
        {"answerType": "WebPages", "resultIndex": 11, "value": {"id": "https:\/\/www.bingapis.com\/api\/v6\/#WebPages.11"}},
        {"answerType": "WebPages", "resultIndex": 12, "value": {"id": "https:\/\/www.bingapis.com\/api\/v6\/#WebPages.12"}},
        {"answerType": "WebPages", "resultIndex": 13, "value": {"id": "https:\/\/www.bingapis.com\/api\/v6\/#WebPages.13"}},
        {"answerType": "WebPages", "resultIndex": 14, "value": {"id": "https:\/\/www.bingapis.com\/api\/v6\/#WebPages.14"}},
        {"answerType": "WebPages", "resultIndex": 15, "value": {"id": "https:\/\/www.bingapis.com\/api\/v6\/#WebPages.15"}},
        {"answerType": "WebPages", "resultIndex": 16, "value": {"id": "https:\/\/www.bingapis.com\/api\/v6\/#WebPages.16"}},
        {"answerType": "WebPages", "resultIndex": 17, "value": {"id": "https:\/\/www.bingapis.com\/api\/v6\/#WebPages.17"}},
        {"answerType": "WebPages", "resultIndex": 18, "value": {"id": "https:\/\/www.bingapis.com\/api\/v6\/#WebPages.18"}},
        {"answerType": "WebPages", "resultIndex": 19, "value": {"id": "https:\/\/www.bingapis.com\/api\/v6\/#WebPages.19"}}]}}}'
    http_version: 
  recorded_at: Wed, 12 Apr 2017 02:16:13 GMT
- request:
    method: get
    uri: https://www.bingapis.com/api/v6/search?AppId=***REMOVED***&count=20&mkt=en-US&offset=0&q=item%20(site:gov%20OR%20site:mil)&responseFilter=WebPages,SpellSuggestions&safeSearch=moderate&textDecorations=true&traffictype=test
    body:
      encoding: US-ASCII
      string: ''
    headers:
      User-Agent:
      - USASearch
      Ocp-Apim-Subscription-Key:
      - ***REMOVED***
      Accept-Encoding:
      - gzip;q=1.0,deflate;q=0.6,identity;q=0.3
      Accept:
      - "*/*"
      Connection:
      - keep-alive
      Keep-Alive:
      - 30
  response:
    status:
      code: 200
      message: OK
    headers:
      Cache-Control:
      - private, max-age=0
      Content-Length:
      - '3724'
      Content-Type:
      - application/json; charset=utf-8
      Expires:
      - Wed, 12 Apr 2017 02:15:15 GMT
      Vary:
      - Accept-Encoding
      Server:
      - Microsoft-IIS/8.5
      P3p:
      - CP="NON UNI COM NAV STA LOC CURa DEVa PSAa PSDa OUR IND"
      Set-Cookie:
      - MUID=1AF15379C10767820D78591BC09066AF; path=/; expires=Fri, 12-Apr-2019 02:16:15
        GMT; domain=bingapis.com
      - MUIDB=1AF15379C10767820D78591BC09066AF; path=/; httponly; expires=Fri, 12-Apr-2019
        02:16:15 GMT
      - SRCHD=AF=NOFORM; domain=.bingapis.com; expires=Fri, 12-Apr-2019 02:16:15 GMT;
        path=/
      - SRCHUID=V=2&GUID=51C4B20ECAC34170A3D1DF2FC76C8931; expires=Fri, 12-Apr-2019
        02:16:15 GMT; path=/
      - SRCHUSR=DOB=20170412; domain=.bingapis.com; expires=Fri, 12-Apr-2019 02:16:15
        GMT; path=/
      - _EDGE_S=mkt=en-us&F=1&SID=3E2AB1A2BC3465C224F1BBC0BDA3640E; path=/; httponly;
        domain=bingapis.com
      - _EDGE_V=1; path=/; httponly; expires=Fri, 12-Apr-2019 02:16:15 GMT; domain=bingapis.com
      - _SS=SID=3E2AB1A2BC3465C224F1BBC0BDA3640E; domain=.bingapis.com; path=/
      Bingapis-Traceid:
      - 7BEC9F37571D40D3813C2E9DBB7848C7
      X-Msedge-Clientid:
      - 1AF15379C10767820D78591BC09066AF
      X-Msapi-Userstate:
      - 0bde
      Bingapis-Market:
      - en-US
      X-Msedge-Ref:
      - 'Ref A: 7BEC9F37571D40D3813C2E9DBB7848C7 Ref B: CO1EDGE0407 Ref C: Tue Apr
        11 19:16:15 2017 PST'
      Date:
      - Wed, 12 Apr 2017 02:16:14 GMT
    body:
      encoding: UTF-8
      string: '{"_type": "SearchResponse", "instrumentation": {"pingUrlBase": "https:\/\/www.bingapis.com\/api\/ping?IG=4E5A0798CE8A4DAB804E5240FD8FB489&CID=1AF15379C10767820D78591BC09066AF&ID=",
        "pageLoadPingUrl": "https:\/\/www.bingapis.com\/api\/ping\/pageload?IG=4E5A0798CE8A4DAB804E5240FD8FB489&CID=1AF15379C10767820D78591BC09066AF&Type=Event.CPT&DATA=0"},
        "webPages": {"webSearchUrl": "https:\/\/www.bing.com\/search?q=item+(site%3agov+OR+site%3amil)",
        "webSearchUrlPingSuffix": "DevEx,5487.1", "totalEstimatedMatches": 3730000,
        "value": [{"id": "https:\/\/www.bingapis.com\/api\/v6\/#WebPages.0", "name":
        "Items", "url": "http:\/\/www.dol.gov\/oasam\/LearningLink\/AssigningWorkingItems.pdf",
        "urlPingSuffix": "DevEx,5078.1", "displayUrl": "www.dol.gov\/oasam\/LearningLink\/AssigningWorkingItems.pdf",
        "snippet": "Items: Main Concepts An item is an assignable unit that can
        be tracked in the SuccessFactors Learning system. It may be a learning or
        non- learning activity.", "dateLastCrawled": "2017-04-06T13:28:00.0000000Z"},
        {"id": "https:\/\/www.bingapis.com\/api\/v6\/#WebPages.1", "name": "Prohibited
        Items | Transportation Security Administration", "url": "https:\/\/www.tsa.gov\/travel\/security-screening\/prohibited-items",
        "urlPingSuffix": "DevEx,5099.1", "displayUrl": "https:\/\/www.tsa.gov\/travel\/security-screening\/prohibited-items",
        "snippet": "Even if an item is generally permitted, ... or poses other security
        concerns. Read about civil penalties for prohibited items. For items not
        listed here, ...", "deepLinks": [{"name": "Liquids Rule", "url": "https:\/\/www.tsa.gov\/travel\/security-screening\/liquids-rule",
        "urlPingSuffix": "DevEx,5092.1"}, {"name": "Identification", "url": "https:\/\/www.tsa.gov\/travel\/security-screening\/identification",
        "urlPingSuffix": "DevEx,5093.1"}, {"name": "Travel Tips", "url": "https:\/\/www.tsa.gov\/travel\/travel-tips",
        "urlPingSuffix": "DevEx,5094.1"}, {"name": "Special Procedures", "url": "https:\/\/www.tsa.gov\/travel\/special-procedures",
        "urlPingSuffix": "DevEx,5095.1"}], "dateLastCrawled": "2017-04-03T22:38:00.0000000Z"},
        {"id": "https:\/\/www.bingapis.com\/api\/v6\/#WebPages.2", "name": "Regulation
        S-K Compliance and Disclosure Interpretations", "url": "https:\/\/www.sec.gov\/divisions\/corpfin\/guidance\/regs-kinterp.htm",
        "urlPingSuffix": "DevEx,5112.1", "displayUrl": "https:\/\/www.sec.gov\/divisions\/corpfin\/guidance\/regs-kinterp.htm",
        "snippet": "QUESTIONS AND ANSWERS OF GENERAL APPLICABILITY Section 101. Regulation
        S-K — General Guidance. None. Section 102. Item 10 — General Question 102.01",
        "dateLastCrawled": "2017-04-03T10:05:00.0000000Z"}, {"id": "https:\/\/www.bingapis.com\/api\/v6\/#WebPages.3",
        "name": "IDES - Home", "url": "http:\/\/www.ides.illinois.gov\/Pages\/default.aspx",
        "urlPingSuffix": "DevEx,5125.1", "displayUrl": "www.ides.illinois.gov\/Pages\/default.aspx",
        "snippet": "Item Title Unemployment ... Vendor Contracted by Illinois Department
        of Employment Security Data Breached: 3\/24\/17 ...", "dateLastCrawled":
        "2017-04-09T13:57:00.0000000Z"}, {"id": "https:\/\/www.bingapis.com\/api\/v6\/#WebPages.4",
        "name": "Form 8-K - Official Site", "url": "https:\/\/www.sec.gov\/about\/forms\/form8-k.pdf",
        "urlPingSuffix": "DevEx,5136.1", "displayUrl": "https:\/\/www.sec.gov\/about\/forms\/form8-k.pdf",
        "snippet": "If a report on Form 8-K contains disclosures under Item 2.02
        or Item 7.01, whether or not the report contains disclosures regarding other
        items, ...", "dateLastCrawled": "2017-04-04T11:24:00.0000000Z"}, {"id": "https:\/\/www.bingapis.com\/api\/v6\/#WebPages.5",
        "name": "SEC.gov | Home", "url": "https:\/\/www.sec.gov\/", "urlPingSuffix":
        "DevEx,5148.1", "displayUrl": "https:\/\/www.sec.gov", "snippet": "Search
        SEC.gov. Company Filings | More Search Options. About. What We Do; Commissioners;
        Securities Laws; SEC Docket; Reports and Publications; Careers; Contact
        ...", "dateLastCrawled": "2017-04-08T08:19:00.0000000Z"}, {"id": "https:\/\/www.bingapis.com\/api\/v6\/#WebPages.6",
        "name": "Bulk Item Disposal | City of New York", "url": "http:\/\/www1.nyc.gov\/nyc-resources\/service\/1038\/bulk-item-disposal",
        "urlPingSuffix": "DevEx,5162.1", "displayUrl": "www1.nyc.gov\/nyc-resources\/service\/1038\/bulk-item-disposal",
        "snippet": "A bulk item is something that is too large to fit into a garbage
        bin or bag. You can get free curbside removal of bulk items from residences.
        Bulk metal and rigid ...", "dateLastCrawled": "2017-04-08T09:39:00.0000000Z"},
        {"id": "https:\/\/www.bingapis.com\/api\/v6\/#WebPages.7", "name": "Item
        402 of Regulation S-K - Executive Compensation", "url": "https:\/\/www.sec.gov\/divisions\/corpfin\/guidance\/execcomp402interp.htm",
        "urlPingSuffix": "DevEx,5175.1", "displayUrl": "https:\/\/www.sec.gov\/divisions\/corpfin\/guidance\/execcomp402interp.htm",
        "snippet": "Item 402 of Regulation S-K — Executive Compensation Last Update:
        August 8, 2007. The bracketed date following each interpretation is the latest
        date of publication ...", "dateLastCrawled": "2017-04-05T11:00:00.0000000Z"},
        {"id": "https:\/\/www.bingapis.com\/api\/v6\/#WebPages.8", "name": "Travel
        Tips | Transportation Security Administration", "url": "https:\/\/www.tsa.gov\/travel\/travel-tips",
        "urlPingSuffix": "DevEx,5190.1", "displayUrl": "https:\/\/www.tsa.gov\/travel\/travel-tips",
        "snippet": "Travel Tips. Preparing for travel may be stressful, but it doesn’t
        need to be. ... These are limited to 3.4 ounces (100 milliliters) or less
        per item.", "dateLastCrawled": "2017-04-08T13:10:00.0000000Z"}, {"id": "https:\/\/www.bingapis.com\/api\/v6\/#WebPages.9",
        "name": "ASSIST-QuickSearch Basic Search", "url": "http:\/\/quicksearch.dla.mil\/",
        "urlPingSuffix": "DevEx,5201.1", "displayUrl": "quicksearch.dla.mil", "snippet":
        "Enter search criteria in one or more of three text fields: Document ID, Document
        Number, Find Term(s). Filter search results by selecting Status or FSC\/Area
        from drop ...", "dateLastCrawled": "2017-04-06T20:20:00.0000000Z"}, {"id":
        "https:\/\/www.bingapis.com\/api\/v6\/#WebPages.10", "name": "Bulky Item
        Collection Overview - San Antonio", "url": "http:\/\/www.sanantonio.gov\/swmd\/Bulky",
        "urlPingSuffix": "DevEx,5215.1", "displayUrl": "www.sanantonio.gov\/swmd\/Bulky",
        "snippet": "Bulky item collection is provided to all City residential solid
        waste ratepayers. To find out if you are a solid waste customer, check your
        CPS Energy bill.", "dateLastCrawled": "2017-04-08T01:18:00.0000000Z"}, {"id":
        "https:\/\/www.bingapis.com\/api\/v6\/#WebPages.11", "name": "Part 12—Acquisition
        of Commercial Items", "url": "https:\/\/www.acquisition.gov\/sites\/default\/files\/current\/far\/html\/FARTOCP12.html",
        "urlPingSuffix": "DevEx,5227.1", "displayUrl": "https:\/\/www.acquisition.gov\/sites\/default\/files\/current\/far\/html\/...",
        "snippet": "Part 12—Acquisition of Commercial Items. 12.000 Scope of part.
        12.001 Definition. Subpart 12.1—Acquisition of Commercial Items—General. 12.101
        Policy.", "dateLastCrawled": "2017-04-09T05:01:00.0000000Z"}, {"id": "https:\/\/www.bingapis.com\/api\/v6\/#WebPages.12",
        "name": "Is your test, item, or service covered? | Medicare.gov", "url":
        "https:\/\/www.medicare.gov\/coverage\/is-your-test-item-or-service-covered.html",
        "urlPingSuffix": "DevEx,5240.1", "displayUrl": "https:\/\/www.medicare.gov\/coverage\/is-your-test-item-or-service...",
        "snippet": "If your test, item or service isn’t listed, talk to your doctor
        or other health care provider about why you need certain tests, items or services.",
        "dateLastCrawled": "2017-03-23T12:04:00.0000000Z"}, {"id": "https:\/\/www.bingapis.com\/api\/v6\/#WebPages.13",
        "name": "Publication 561 (4\/2007), Determining the Value of Donated ...",
        "url": "https:\/\/www.irs.gov\/publications\/p561\/ar02.html", "urlPingSuffix":
        "DevEx,5253.1", "displayUrl": "https:\/\/www.irs.gov\/publications\/p561\/ar02.html",
        "snippet": "The price an item sold for in an auction may have been the result
        of a rigged sale or a mere bidding duel. The appraiser must analyze the ...",
        "dateLastCrawled": "2017-03-28T02:52:00.0000000Z"}, {"id": "https:\/\/www.bingapis.com\/api\/v6\/#WebPages.14",
        "name": "Agenda Item 10 - calpers.ca.gov", "url": "https:\/\/www.calpers.ca.gov\/docs\/board-agendas\/201606\/pension\/item-10.pdf",
        "urlPingSuffix": "DevEx,5265.1", "displayUrl": "https:\/\/www.calpers.ca.gov\/docs\/board-agendas\/201606\/pension\/item...",
        "snippet": "Agenda Item 10 Pension and Health Benefits Committee Page 2
        of 5 website twice a month with its pharmaceutical pricing data 4; however,
        this public data omits", "dateLastCrawled": "2017-03-30T03:34:00.0000000Z"},
        {"id": "https:\/\/www.bingapis.com\/api\/v6\/#WebPages.15", "name": "gobi4rp.dot.ga.gov",
        "url": "http:\/\/gobi4rp.dot.ga.gov\/ISA\/ItemMeanSummary.jsp", "urlPingSuffix":
        "DevEx,5276.1", "displayUrl": "gobi4rp.dot.ga.gov\/ISA\/ItemMeanSummary.jsp",
        "snippet": "gobi4rp.dot.ga.gov", "dateLastCrawled": "2017-04-03T13:27:00.0000000Z"},
        {"id": "https:\/\/www.bingapis.com\/api\/v6\/#WebPages.16", "name": "Road
        Item Lists - TN", "url": "https:\/\/www.tdot.tn.gov\/APPLICATIONS\/RoadwayItems",
        "urlPingSuffix": "DevEx,5288.1", "displayUrl": "https:\/\/www.tdot.tn.gov\/APPLICATIONS\/RoadwayItems",
        "snippet": "Road Item Lists SearchOptions. English (Spec. Year 2000) ...
        (Note: To display the entire list, search with out entering any Keyword or
        Item Number.", "dateLastCrawled": "2017-04-06T23:57:00.0000000Z"}, {"id":
        "https:\/\/www.bingapis.com\/api\/v6\/#WebPages.17", "name": "Durable medical
        equipment | Medicare.gov", "url": "https:\/\/www.medicare.gov\/what-medicare-covers\/part-b\/durable-medical-equipment.html",
        "urlPingSuffix": "DevEx,5303.1", "displayUrl": "https:\/\/www.medicare.gov\/...\/part-b\/durable-medical-equipment.html",
        "snippet": "See what durable medical equipment (DME) Medicare covers,
        Competitive Bidding Program, getting DME and supplies at home and travelling.",
        "dateLastCrawled": "2017-04-05T10:15:00.0000000Z"}, {"id": "https:\/\/www.bingapis.com\/api\/v6\/#WebPages.18",
        "name": "NPIS - Item Screen", "url": "https:\/\/www.npis.pa.gov\/Screens\/Admin\/Item",
        "urlPingSuffix": "DevEx,5315.1", "displayUrl": "https:\/\/www.npis.pa.gov\/Screens\/Admin\/Item",
        "snippet": "Item Screen : Search Items: Hint: Search using part of the name
        for best results: Item Name: Vendor Name: ISBN #: Item #: Item Eligibility
        Status:", "dateLastCrawled": "2017-04-06T16:09:00.0000000Z"}, {"id": "https:\/\/www.bingapis.com\/api\/v6\/#WebPages.19",
        "name": "FR ANCHISE RULE 16 C. F.R. Part 436", "url": "https:\/\/www.ftc.gov\/system\/files\/documents\/plain-language\/bus70-franchise-rule-compliance-guide.pdf",
        "urlPingSuffix": "DevEx,5325.1", "displayUrl": "https:\/\/www.ftc.gov\/...\/bus70-franchise-rule-compliance-guide.pdf",
        "snippet": "FR ANCHISE RULE 16 C. F.R. Part 436 COMPLIANCE GUIDE ... Item
        1: The Franchisor and Any Parents, Predecessors, and Affiliates. . . . . .
        . . . . . . . . 29", "dateLastCrawled": "2017-03-24T06:06:00.0000000Z"}]},
        "rankingResponse": {"mainline": {"items": [{"answerType": "DictionaryWords"},
        {"answerType": "WebPages", "resultIndex": 0, "value": {"id": "https:\/\/www.bingapis.com\/api\/v6\/#WebPages.0"}},
        {"answerType": "WebPages", "resultIndex": 1, "value": {"id": "https:\/\/www.bingapis.com\/api\/v6\/#WebPages.1"}},
        {"answerType": "WebPages", "resultIndex": 2, "value": {"id": "https:\/\/www.bingapis.com\/api\/v6\/#WebPages.2"}},
        {"answerType": "WebPages", "resultIndex": 3, "value": {"id": "https:\/\/www.bingapis.com\/api\/v6\/#WebPages.3"}},
        {"answerType": "WebPages", "resultIndex": 4, "value": {"id": "https:\/\/www.bingapis.com\/api\/v6\/#WebPages.4"}},
        {"answerType": "WebPages", "resultIndex": 5, "value": {"id": "https:\/\/www.bingapis.com\/api\/v6\/#WebPages.5"}},
        {"answerType": "WebPages", "resultIndex": 6, "value": {"id": "https:\/\/www.bingapis.com\/api\/v6\/#WebPages.6"}},
        {"answerType": "WebPages", "resultIndex": 7, "value": {"id": "https:\/\/www.bingapis.com\/api\/v6\/#WebPages.7"}},
        {"answerType": "WebPages", "resultIndex": 8, "value": {"id": "https:\/\/www.bingapis.com\/api\/v6\/#WebPages.8"}},
        {"answerType": "WebPages", "resultIndex": 9, "value": {"id": "https:\/\/www.bingapis.com\/api\/v6\/#WebPages.9"}},
        {"answerType": "WebPages", "resultIndex": 10, "value": {"id": "https:\/\/www.bingapis.com\/api\/v6\/#WebPages.10"}},
        {"answerType": "WebPages", "resultIndex": 11, "value": {"id": "https:\/\/www.bingapis.com\/api\/v6\/#WebPages.11"}},
        {"answerType": "WebPages", "resultIndex": 12, "value": {"id": "https:\/\/www.bingapis.com\/api\/v6\/#WebPages.12"}},
        {"answerType": "WebPages", "resultIndex": 13, "value": {"id": "https:\/\/www.bingapis.com\/api\/v6\/#WebPages.13"}},
        {"answerType": "WebPages", "resultIndex": 14, "value": {"id": "https:\/\/www.bingapis.com\/api\/v6\/#WebPages.14"}},
        {"answerType": "WebPages", "resultIndex": 15, "value": {"id": "https:\/\/www.bingapis.com\/api\/v6\/#WebPages.15"}},
        {"answerType": "WebPages", "resultIndex": 16, "value": {"id": "https:\/\/www.bingapis.com\/api\/v6\/#WebPages.16"}},
        {"answerType": "WebPages", "resultIndex": 17, "value": {"id": "https:\/\/www.bingapis.com\/api\/v6\/#WebPages.17"}},
        {"answerType": "WebPages", "resultIndex": 18, "value": {"id": "https:\/\/www.bingapis.com\/api\/v6\/#WebPages.18"}},
        {"answerType": "WebPages", "resultIndex": 19, "value": {"id": "https:\/\/www.bingapis.com\/api\/v6\/#WebPages.19"}}]}}}'
    http_version: 
  recorded_at: Wed, 12 Apr 2017 02:16:15 GMT
- request:
    method: get
    uri: https://www.bingapis.com/api/v6/search?AppId=***REMOVED***&count=20&mkt=en-US&offset=0&q=obama%20(site:gov%20OR%20site:mil)&responseFilter=WebPages,SpellSuggestions&safeSearch=moderate&textDecorations=true&traffictype=test
    body:
      encoding: US-ASCII
      string: ''
    headers:
      User-Agent:
      - USASearch
      Ocp-Apim-Subscription-Key:
      - ***REMOVED***
      Accept-Encoding:
      - gzip;q=1.0,deflate;q=0.6,identity;q=0.3
      Accept:
      - "*/*"
      Connection:
      - keep-alive
      Keep-Alive:
      - 30
  response:
    status:
      code: 200
      message: OK
    headers:
      Cache-Control:
      - private, max-age=0
      Content-Length:
      - '3098'
      Content-Type:
      - application/json; charset=utf-8
      Expires:
      - Wed, 12 Apr 2017 02:15:16 GMT
      Vary:
      - Accept-Encoding
      Server:
      - Microsoft-IIS/8.5
      P3p:
      - CP="NON UNI COM NAV STA LOC CURa DEVa PSAa PSDa OUR IND"
      Set-Cookie:
      - MUID=329EA8D96CD667EB132DA2BB6D416655; path=/; expires=Fri, 12-Apr-2019 02:16:16
        GMT; domain=bingapis.com
      - MUIDB=329EA8D96CD667EB132DA2BB6D416655; path=/; httponly; expires=Fri, 12-Apr-2019
        02:16:16 GMT
      - SRCHD=AF=NOFORM; domain=.bingapis.com; expires=Fri, 12-Apr-2019 02:16:16 GMT;
        path=/
      - SRCHUID=V=2&GUID=0FC71977481041AF9DEDD43318BE2776; expires=Fri, 12-Apr-2019
        02:16:16 GMT; path=/
      - SRCHUSR=DOB=20170412; domain=.bingapis.com; expires=Fri, 12-Apr-2019 02:16:16
        GMT; path=/
      - _EDGE_S=mkt=en-us&F=1&SID=1BD89CE0276D6D111094968226FA6CCC; path=/; httponly;
        domain=bingapis.com
      - _EDGE_V=1; path=/; httponly; expires=Fri, 12-Apr-2019 02:16:16 GMT; domain=bingapis.com
      - _SS=SID=1BD89CE0276D6D111094968226FA6CCC; domain=.bingapis.com; path=/
      Bingapis-Traceid:
      - D8B4A1556E494A828BAD23C71F5791AC
      X-Msedge-Clientid:
      - 329EA8D96CD667EB132DA2BB6D416655
      X-Msapi-Userstate:
      - f178
      Bingapis-Market:
      - en-US
      X-Msedge-Ref:
      - 'Ref A: D8B4A1556E494A828BAD23C71F5791AC Ref B: CO1EDGE0111 Ref C: Tue Apr
        11 19:16:16 2017 PST'
      Date:
      - Wed, 12 Apr 2017 02:16:16 GMT
    body:
      encoding: UTF-8
      string: '{"_type": "SearchResponse", "instrumentation": {"pingUrlBase": "https:\/\/www.bingapis.com\/api\/ping?IG=866CE140E0CE4E97B1292D3064C13CF0&CID=329EA8D96CD667EB132DA2BB6D416655&ID=",
        "pageLoadPingUrl": "https:\/\/www.bingapis.com\/api\/ping\/pageload?IG=866CE140E0CE4E97B1292D3064C13CF0&CID=329EA8D96CD667EB132DA2BB6D416655&Type=Event.CPT&DATA=0"},
        "webPages": {"webSearchUrl": "https:\/\/www.bing.com\/search?q=obama+(site%3agov+OR+site%3amil)",
        "webSearchUrlPingSuffix": "DevEx,5480.1", "totalEstimatedMatches": 11800000,
        "value": [{"id": "https:\/\/www.bingapis.com\/api\/v6\/#WebPages.0", "name":
        "President Donald J. Trump | whitehouse.gov", "url": "https:\/\/www.whitehouse.gov\/administration\/president-trump",
        "urlPingSuffix": "DevEx,5080.1", "about": [{"name": "Executive Office of the
        President"}, {"name": "Donald Trump"}], "displayUrl": "https:\/\/www.whitehouse.gov\/administration\/president-trump",
        "snippet": "Donald J. Trump is the 45th President of the United States. He
        believes the United States has incredible potential and will go on to exceed
        anything that it has ...", "dateLastCrawled": "2017-04-08T01:00:00.0000000Z"},
        {"id": "https:\/\/www.bingapis.com\/api\/v6\/#WebPages.1", "name": "Get in
        Touch with The White House | whitehouse.gov", "url": "https:\/\/www.whitehouse.gov\/contact",
        "urlPingSuffix": "DevEx,5096.1", "displayUrl": "https:\/\/www.whitehouse.gov\/contact",
        "snippet": "Video Gallery View the most recent videos from the White House",
        "deepLinks": [{"name": "Write Or Call", "url": "https:\/\/www.whitehouse.gov\/contact\/write-or-call",
        "urlPingSuffix": "DevEx,5091.1"}, {"name": "President Barack Obama", "url":
        "https:\/\/www.whitehouse.gov\/administration\/president-trump", "urlPingSuffix":
        "DevEx,5092.1"}], "dateLastCrawled": "2017-04-06T03:31:00.0000000Z"}, {"id":
        "https:\/\/www.bingapis.com\/api\/v6\/#WebPages.2", "name": "The White House
        | whitehouse.gov", "url": "https:\/\/www.whitehouse.gov\/", "urlPingSuffix":
        "DevEx,5123.1", "about": [{"name": "Eisenhower Executive Office Building"},
        {"name": "White House"}], "displayUrl": "https:\/\/www.whitehouse.gov",
        "snippet": "Video Gallery View the most recent videos from the White House.
        Live Events Tune in to White House events and statements as they happen.
        From the Press Office.", "deepLinks": [{"name": "Contact Us", "url": "https:\/\/www.whitehouse.gov\/contact",
        "urlPingSuffix": "DevEx,5109.1"}, {"name": "Tours & Events", "url": "https:\/\/www.whitehouse.gov\/participate\/tours-and-events",
        "urlPingSuffix": "DevEx,5110.1"}, {"name": "Live Events", "url": "https:\/\/www.whitehouse.gov\/live",
        "urlPingSuffix": "DevEx,5111.1"}, {"name": "The White House Blog", "url":
        "https:\/\/www.whitehouse.gov\/blog", "urlPingSuffix": "DevEx,5114.1"}], "dateLastCrawled":
        "2017-04-08T07:05:00.0000000Z"}, {"id": "https:\/\/www.bingapis.com\/api\/v6\/#WebPages.3",
        "name": "Thank You | whitehouse.gov", "url": "https:\/\/obamawhitehouse.archives.gov\/blog\/2017\/01\/19\/thank-you",
        "urlPingSuffix": "DevEx,5136.1", "displayUrl": "https:\/\/obamawhitehouse.archives.gov\/blog\/2017\/01\/19\/thank-you",
        "snippet": "Watch President Obama''s final State of the Union address. The
        Supreme Court. Read what the President is looking for in his next Supreme
        Court nominee. Find Your Park.", "dateLastCrawled": "2017-03-31T19:38:00.0000000Z"},
        {"id": "https:\/\/www.bingapis.com\/api\/v6\/#WebPages.4", "name": "Barack
        Obama | whitehouse.gov", "url": "https:\/\/www.whitehouse.gov\/1600\/presidents\/barackobama",
        "urlPingSuffix": "DevEx,5150.1", "about": [{"name": "Barack Obama"}], "displayUrl":
        "https:\/\/www.whitehouse.gov\/1600\/presidents\/barackobama", "snippet":
        "Barack Obama is the 44th President of the United States. His story is the
        American story -- values from the heartland, a middle-class upbringing in
        a strong family ...", "dateLastCrawled": "2017-04-08T03:34:00.0000000Z"},
        {"id": "https:\/\/www.bingapis.com\/api\/v6\/#WebPages.5", "name": "The White
        House | whitehouse.gov", "url": "https:\/\/obamawhitehouse.archives.gov\/",
        "urlPingSuffix": "DevEx,5163.1", "displayUrl": "https:\/\/obamawhitehouse.archives.gov",
        "snippet": "President Obama has led the fight to ensure equality for all
        Americans. The Administration. President Barack Obama. Vice President Joe
        Biden. First Lady Michelle Obama.", "dateLastCrawled": "2017-04-01T22:28:00.0000000Z"},
        {"id": "https:\/\/www.bingapis.com\/api\/v6\/#WebPages.6", "name": "President
        Obama on the Tragic Shooting in Orlando ...", "url": "https:\/\/obamawhitehouse.archives.gov\/blog\/2016\/06\/12\/president-obama-tragic-shooting-orlando",
        "urlPingSuffix": "DevEx,5176.1", "displayUrl": "https:\/\/obamawhitehouse.archives.gov\/blog\/2016\/06\/12\/president...",
        "snippet": "President Barack Obama walks away from the lectern with Vice
        President Joe Biden after making a statement about the mass shooting in Orlando,
        Fla., June 16, 2016.", "dateLastCrawled": "2017-04-09T09:29:00.0000000Z"},
        {"id": "https:\/\/www.bingapis.com\/api\/v6\/#WebPages.7", "name": "Videos
        | whitehouse.gov", "url": "https:\/\/www.whitehouse.gov\/featured-videos",
        "urlPingSuffix": "DevEx,5189.1", "displayUrl": "https:\/\/www.whitehouse.gov\/featured-videos",
        "snippet": "Video Gallery View the most recent videos from the White House.
        Live Events Tune in to White House events and statements as they happen.
        From the Press Office.", "dateLastCrawled": "2017-04-03T08:10:00.0000000Z"},
        {"id": "https:\/\/www.bingapis.com\/api\/v6\/#WebPages.8", "name": "My Brother''s
        Keeper | The White House", "url": "https:\/\/obamawhitehouse.archives.gov\/node\/279811",
        "urlPingSuffix": "DevEx,5201.1", "displayUrl": "https:\/\/obamawhitehouse.archives.gov\/node\/279811",
        "snippet": "President Obama launched the My Brother’s Keeper initiative
        to address persistent opportunity gaps faced by boys and young men of color
        and ensure that all young ...", "dateLastCrawled": "2017-04-09T14:19:00.0000000Z"},
        {"id": "https:\/\/www.bingapis.com\/api\/v6\/#WebPages.9", "name": "HealthCare.gov
        - Official Site", "url": "https:\/\/www.healthcare.gov\/", "urlPingSuffix":
        "DevEx,5215.1", "displayUrl": "https:\/\/www.healthcare.gov", "snippet":
        "Official site of Affordable Care Act. Enroll now for 2017 coverage. See health
        coverage choices, ways to save today, how law affects you.", "dateLastCrawled":
        "2017-04-09T07:56:00.0000000Z"}, {"id": "https:\/\/www.bingapis.com\/api\/v6\/#WebPages.10",
        "name": "Precision Medicine Initiative | The White House", "url": "https:\/\/obamawhitehouse.archives.gov\/node\/333101",
        "urlPingSuffix": "DevEx,5227.1", "displayUrl": "https:\/\/obamawhitehouse.archives.gov\/node\/333101",
        "snippet": "President Obama has launched the Precision Medicine Initiative
        — a bold new research effort to revolutionize how we improve health and treat
        disease.", "dateLastCrawled": "2017-04-07T22:41:00.0000000Z"}, {"id": "https:\/\/www.bingapis.com\/api\/v6\/#WebPages.11",
        "name": "Statement by the President on the Passing of Fidel Castro ...", "url":
        "https:\/\/obamawhitehouse.archives.gov\/the-press-office\/2016\/11\/26\/statement-president-passing-fidel-castro",
        "urlPingSuffix": "DevEx,5240.1", "displayUrl": "https:\/\/obamawhitehouse.archives.gov\/the-press-office\/2016\/11\/26\/...",
        "snippet": "President Barack Obama; Vice President Joe Biden; First Lady
        Michelle Obama; Dr. Jill Biden; The Cabinet; Executive Office of the President;
        Senior White House ...", "dateLastCrawled": "2017-03-31T05:46:00.0000000Z"},
        {"id": "https:\/\/www.bingapis.com\/api\/v6\/#WebPages.12", "name": "The
        White House Blog - Official Site", "url": "https:\/\/www.whitehouse.gov\/blog",
        "urlPingSuffix": "DevEx,5256.1", "displayUrl": "https:\/\/www.whitehouse.gov\/blog",
        "snippet": "Get the latest news from 1600 Penn on the @WhiteHouse Blog",
        "dateLastCrawled": "2017-04-06T05:37:00.0000000Z"}, {"id": "https:\/\/www.bingapis.com\/api\/v6\/#WebPages.13",
        "name": "President Obama on the Fatal Shootings of Alton Sterling ...",
        "url": "https:\/\/obamawhitehouse.archives.gov\/blog\/2016\/07\/07\/president-obama-fatal-shootings-alton-sterling-and-philando-castile",
        "urlPingSuffix": "DevEx,5271.1", "displayUrl": "https:\/\/obamawhitehouse.archives.gov\/blog\/2016\/07\/07\/president...",
        "snippet": "Update: This evening, President Obama delivered a statement
        on the fatal shootings in Louisiana and Minnesota. Watch below:", "dateLastCrawled":
        "2017-04-08T04:38:00.0000000Z"}, {"id": "https:\/\/www.bingapis.com\/api\/v6\/#WebPages.14",
        "name": "2017 Joint Address | whitehouse.gov", "url": "https:\/\/www.whitehouse.gov\/joint-address",
        "urlPingSuffix": "DevEx,5283.1", "displayUrl": "https:\/\/www.whitehouse.gov\/joint-address",
        "snippet": "President Trump delivered his first address to a Joint Session
        of Congress on February 28th, 2017. You can watch the full address here.",
        "dateLastCrawled": "2017-04-06T14:34:00.0000000Z"}, {"id": "https:\/\/www.bingapis.com\/api\/v6\/#WebPages.15",
        "name": "President Obama''s Trip to Alaska | The White House", "url": "https:\/\/obamawhitehouse.archives.gov\/node\/346361",
        "urlPingSuffix": "DevEx,5296.1", "displayUrl": "https:\/\/obamawhitehouse.archives.gov\/node\/346361",
        "snippet": "President Obama becomes the first President to visit America''s
        Arctic, to witness firsthand the impacts of climate change on this region
        on the frontlines.", "dateLastCrawled": "2017-04-06T22:19:00.0000000Z"}, {"id":
        "https:\/\/www.bingapis.com\/api\/v6\/#WebPages.16", "name": "FACT SHEET:
        Obama Administration Announces Clean Energy ...", "url": "https:\/\/obamawhitehouse.archives.gov\/the-press-office\/2016\/07\/19\/fact-sheet-obama-administration-announces-clean-energy-savings-all",
        "urlPingSuffix": "DevEx,5309.1", "displayUrl": "https:\/\/obamawhitehouse.archives.gov\/the-press-office\/2016\/07\/19\/...",
        "snippet": "That is why, today, the Obama Administration is announcing a
        new cross government partnership – the Clean Energy Savings For All Initiative
        ...", "dateLastCrawled": "2017-04-06T14:24:00.0000000Z"}, {"id": "https:\/\/www.bingapis.com\/api\/v6\/#WebPages.17",
        "name": "Remarks by the President in State of the Union Address ...", "url":
        "https:\/\/obamawhitehouse.archives.gov\/the-press-office\/2015\/01\/20\/remarks-president-state-union-address-january-20-2015",
        "urlPingSuffix": "DevEx,5322.1", "displayUrl": "https:\/\/obamawhitehouse.archives.gov\/the-press-office\/2015\/01\/20\/...",
        "snippet": "President Barack Obama; Vice President Joe Biden; First Lady
        Michelle Obama; Dr. Jill Biden; The Cabinet; Executive Office of the President;
        Senior White House ...", "dateLastCrawled": "2017-04-06T05:42:00.0000000Z"},
        {"id": "https:\/\/www.bingapis.com\/api\/v6\/#WebPages.18", "name": "Osama
        Bin Laden Dead | whitehouse.gov", "url": "https:\/\/obamawhitehouse.archives.gov\/blog\/2011\/05\/02\/osama-bin-laden-dead",
        "urlPingSuffix": "DevEx,5335.1", "displayUrl": "https:\/\/obamawhitehouse.archives.gov\/blog\/2011\/05\/02\/osama-bin...",
        "snippet": "President Obama addresses the Nation to announce that the United
        States has killed Osama bin Laden, the leader of al Qaeda.", "dateLastCrawled":
        "2017-04-08T08:24:00.0000000Z"}, {"id": "https:\/\/www.bingapis.com\/api\/v6\/#WebPages.19",
        "name": "First Lady Melania Trump | whitehouse.gov", "url": "https:\/\/www.whitehouse.gov\/administration\/first-lady-melania-trump",
        "urlPingSuffix": "DevEx,5348.1", "about": [{"name": "Office of the First Lady
        of the United States"}], "displayUrl": "https:\/\/www.whitehouse.gov\/administration\/first-lady-melania-trump",
        "snippet": "First Lady of the United States Melania Trump is the wife of President
        Donald J. Trump, and was born on April 26, 1970 in Slovenia. Melania Knavs
        began her modeling ...", "dateLastCrawled": "2017-04-07T00:09:00.0000000Z"}]},
        "rankingResponse": {"mainline": {"items": [{"answerType": "WebPages", "resultIndex":
        0, "value": {"id": "https:\/\/www.bingapis.com\/api\/v6\/#WebPages.0"}}, {"answerType":
        "WebPages", "resultIndex": 1, "value": {"id": "https:\/\/www.bingapis.com\/api\/v6\/#WebPages.1"}},
        {"answerType": "WebPages", "resultIndex": 2, "value": {"id": "https:\/\/www.bingapis.com\/api\/v6\/#WebPages.2"}},
        {"answerType": "WebPages", "resultIndex": 3, "value": {"id": "https:\/\/www.bingapis.com\/api\/v6\/#WebPages.3"}},
        {"answerType": "WebPages", "resultIndex": 4, "value": {"id": "https:\/\/www.bingapis.com\/api\/v6\/#WebPages.4"}},
        {"answerType": "WebPages", "resultIndex": 5, "value": {"id": "https:\/\/www.bingapis.com\/api\/v6\/#WebPages.5"}},
        {"answerType": "WebPages", "resultIndex": 6, "value": {"id": "https:\/\/www.bingapis.com\/api\/v6\/#WebPages.6"}},
        {"answerType": "WebPages", "resultIndex": 7, "value": {"id": "https:\/\/www.bingapis.com\/api\/v6\/#WebPages.7"}},
        {"answerType": "WebPages", "resultIndex": 8, "value": {"id": "https:\/\/www.bingapis.com\/api\/v6\/#WebPages.8"}},
        {"answerType": "WebPages", "resultIndex": 9, "value": {"id": "https:\/\/www.bingapis.com\/api\/v6\/#WebPages.9"}},
        {"answerType": "WebPages", "resultIndex": 10, "value": {"id": "https:\/\/www.bingapis.com\/api\/v6\/#WebPages.10"}},
        {"answerType": "WebPages", "resultIndex": 11, "value": {"id": "https:\/\/www.bingapis.com\/api\/v6\/#WebPages.11"}},
        {"answerType": "WebPages", "resultIndex": 12, "value": {"id": "https:\/\/www.bingapis.com\/api\/v6\/#WebPages.12"}},
        {"answerType": "WebPages", "resultIndex": 13, "value": {"id": "https:\/\/www.bingapis.com\/api\/v6\/#WebPages.13"}},
        {"answerType": "WebPages", "resultIndex": 14, "value": {"id": "https:\/\/www.bingapis.com\/api\/v6\/#WebPages.14"}},
        {"answerType": "WebPages", "resultIndex": 15, "value": {"id": "https:\/\/www.bingapis.com\/api\/v6\/#WebPages.15"}},
        {"answerType": "WebPages", "resultIndex": 16, "value": {"id": "https:\/\/www.bingapis.com\/api\/v6\/#WebPages.16"}},
        {"answerType": "WebPages", "resultIndex": 17, "value": {"id": "https:\/\/www.bingapis.com\/api\/v6\/#WebPages.17"}},
        {"answerType": "WebPages", "resultIndex": 18, "value": {"id": "https:\/\/www.bingapis.com\/api\/v6\/#WebPages.18"}},
        {"answerType": "WebPages", "resultIndex": 19, "value": {"id": "https:\/\/www.bingapis.com\/api\/v6\/#WebPages.19"}}]}}}'
    http_version: 
  recorded_at: Wed, 12 Apr 2017 02:16:16 GMT
- request:
    method: get
    uri: https://www.bingapis.com/api/v6/search?AppId=***REMOVED***&count=20&mkt=en-US&offset=0&q=obama%20(site:gov%20OR%20site:mil)&responseFilter=WebPages,SpellSuggestions&safeSearch=moderate&textDecorations=true&traffictype=test
    body:
      encoding: US-ASCII
      string: ''
    headers:
      User-Agent:
      - USASearch
      Ocp-Apim-Subscription-Key:
      - ***REMOVED***
      Accept-Encoding:
      - gzip;q=1.0,deflate;q=0.6,identity;q=0.3
      Accept:
      - "*/*"
      Connection:
      - keep-alive
      Keep-Alive:
      - 30
  response:
    status:
      code: 200
      message: OK
    headers:
      Cache-Control:
      - private, max-age=0
      Content-Length:
      - '3073'
      Content-Type:
      - application/json; charset=utf-8
      Expires:
      - Wed, 12 Apr 2017 02:15:17 GMT
      Vary:
      - Accept-Encoding
      Server:
      - Microsoft-IIS/8.5
      P3p:
      - CP="NON UNI COM NAV STA LOC CURa DEVa PSAa PSDa OUR IND"
      Set-Cookie:
      - MUID=21561A463D56691A10EB10243CC168FA; path=/; expires=Fri, 12-Apr-2019 02:16:17
        GMT; domain=bingapis.com
      - MUIDB=21561A463D56691A10EB10243CC168FA; path=/; httponly; expires=Fri, 12-Apr-2019
        02:16:17 GMT
      - SRCHD=AF=NOFORM; domain=.bingapis.com; expires=Fri, 12-Apr-2019 02:16:17 GMT;
        path=/
      - SRCHUID=V=2&GUID=FEDE554A772545D49479C75505A2FBC0; expires=Fri, 12-Apr-2019
        02:16:17 GMT; path=/
      - SRCHUSR=DOB=20170412; domain=.bingapis.com; expires=Fri, 12-Apr-2019 02:16:17
        GMT; path=/
      - _EDGE_S=mkt=en-us&F=1&SID=2D76600115476D4039056A6314D06CD9; path=/; httponly;
        domain=bingapis.com
      - _EDGE_V=1; path=/; httponly; expires=Fri, 12-Apr-2019 02:16:17 GMT; domain=bingapis.com
      - _SS=SID=2D76600115476D4039056A6314D06CD9; domain=.bingapis.com; path=/
      Bingapis-Traceid:
      - A6B434A595EF4616B21B4E281C1BC3C2
      X-Msedge-Clientid:
      - 21561A463D56691A10EB10243CC168FA
      X-Msapi-Userstate:
      - 2f2f
      Bingapis-Market:
      - en-US
      X-Msedge-Ref:
      - 'Ref A: A6B434A595EF4616B21B4E281C1BC3C2 Ref B: CO1EDGE0520 Ref C: Tue Apr
        11 19:16:17 2017 PST'
      Date:
      - Wed, 12 Apr 2017 02:16:17 GMT
    body:
      encoding: UTF-8
      string: '{"_type": "SearchResponse", "instrumentation": {"pingUrlBase": "https:\/\/www.bingapis.com\/api\/ping?IG=EFE281E0F33D47DFBD589B484A6D83D0&CID=21561A463D56691A10EB10243CC168FA&ID=",
        "pageLoadPingUrl": "https:\/\/www.bingapis.com\/api\/ping\/pageload?IG=EFE281E0F33D47DFBD589B484A6D83D0&CID=21561A463D56691A10EB10243CC168FA&Type=Event.CPT&DATA=0"},
        "webPages": {"webSearchUrl": "https:\/\/www.bing.com\/search?q=obama+(site%3agov+OR+site%3amil)",
        "webSearchUrlPingSuffix": "DevEx,5465.1", "totalEstimatedMatches": 11700000,
        "value": [{"id": "https:\/\/www.bingapis.com\/api\/v6\/#WebPages.0", "name":
        "President Donald J. Trump | whitehouse.gov", "url": "https:\/\/www.whitehouse.gov\/administration\/president-trump",
        "urlPingSuffix": "DevEx,5080.1", "about": [{"name": "Executive Office of the
        President"}, {"name": "Donald Trump"}], "displayUrl": "https:\/\/www.whitehouse.gov\/administration\/president-trump",
        "snippet": "Donald J. Trump is the 45th President of the United States. He
        believes the United States has incredible potential and will go on to exceed
        anything that it has ...", "dateLastCrawled": "2017-04-03T12:59:00.0000000Z"},
        {"id": "https:\/\/www.bingapis.com\/api\/v6\/#WebPages.1", "name": "Get in
        Touch with The White House | whitehouse.gov", "url": "https:\/\/www.whitehouse.gov\/contact",
        "urlPingSuffix": "DevEx,5096.1", "displayUrl": "https:\/\/www.whitehouse.gov\/contact",
        "snippet": "Video Gallery View the most recent videos from the White House",
        "deepLinks": [{"name": "Write Or Call", "url": "https:\/\/www.whitehouse.gov\/contact\/write-or-call",
        "urlPingSuffix": "DevEx,5091.1"}, {"name": "President Barack Obama", "url":
        "https:\/\/www.whitehouse.gov\/administration\/president-trump", "urlPingSuffix":
        "DevEx,5092.1"}], "dateLastCrawled": "2017-04-06T03:31:00.0000000Z"}, {"id":
        "https:\/\/www.bingapis.com\/api\/v6\/#WebPages.2", "name": "Barack Obama
        | whitehouse.gov", "url": "https:\/\/www.whitehouse.gov\/1600\/presidents\/barackobama",
        "urlPingSuffix": "DevEx,5110.1", "about": [{"name": "Barack Obama"}], "displayUrl":
        "https:\/\/www.whitehouse.gov\/1600\/presidents\/barackobama", "snippet":
        "Barack Obama is the 44th President of the United States. His story is the
        American story -- values from the heartland, a middle-class upbringing in
        a strong family ...", "dateLastCrawled": "2017-04-08T03:34:00.0000000Z"},
        {"id": "https:\/\/www.bingapis.com\/api\/v6\/#WebPages.3", "name": "The White
        House | whitehouse.gov", "url": "https:\/\/obamawhitehouse.archives.gov\/",
        "urlPingSuffix": "DevEx,5123.1", "displayUrl": "https:\/\/obamawhitehouse.archives.gov",
        "snippet": "President Obama has led the fight to ensure equality for all
        Americans. The Administration. President Barack Obama. Vice President Joe
        Biden. First Lady Michelle Obama.", "dateLastCrawled": "2017-04-06T07:08:00.0000000Z"},
        {"id": "https:\/\/www.bingapis.com\/api\/v6\/#WebPages.4", "name": "Thank
        You | whitehouse.gov", "url": "https:\/\/obamawhitehouse.archives.gov\/blog\/2017\/01\/19\/thank-you",
        "urlPingSuffix": "DevEx,5136.1", "displayUrl": "https:\/\/obamawhitehouse.archives.gov\/blog\/2017\/01\/19\/thank-you",
        "snippet": "Watch President Obama''s final State of the Union address. The
        Supreme Court. Read what the President is looking for in his next Supreme
        Court nominee. Find Your Park.", "dateLastCrawled": "2017-03-31T19:38:00.0000000Z"},
        {"id": "https:\/\/www.bingapis.com\/api\/v6\/#WebPages.5", "name": "President
        Obama on the Tragic Shooting in Orlando ...", "url": "https:\/\/obamawhitehouse.archives.gov\/blog\/2016\/06\/12\/president-obama-tragic-shooting-orlando",
        "urlPingSuffix": "DevEx,5149.1", "displayUrl": "https:\/\/obamawhitehouse.archives.gov\/blog\/2016\/06\/12\/president...",
        "snippet": "President Barack Obama walks away from the lectern with Vice
        President Joe Biden after making a statement about the mass shooting in Orlando,
        Fla., June 16, 2016.", "dateLastCrawled": "2017-04-09T09:29:00.0000000Z"},
        {"id": "https:\/\/www.bingapis.com\/api\/v6\/#WebPages.6", "name": "The White
        House Blog - Official Site", "url": "https:\/\/www.whitehouse.gov\/blog",
        "urlPingSuffix": "DevEx,5165.1", "displayUrl": "https:\/\/www.whitehouse.gov\/blog",
        "snippet": "Get the latest news from 1600 Penn on the @WhiteHouse Blog",
        "dateLastCrawled": "2017-04-06T05:37:00.0000000Z"}, {"id": "https:\/\/www.bingapis.com\/api\/v6\/#WebPages.7",
        "name": "Remarks of President Barack Obama – State of the Union ...", "url":
        "https:\/\/obamawhitehouse.archives.gov\/the-press-office\/2016\/01\/12\/remarks-president-barack-obama-%E2%80%93-prepared-delivery-state-union-address",
        "urlPingSuffix": "DevEx,5178.1", "displayUrl": "https:\/\/obamawhitehouse.archives.gov\/the-press-office\/2016\/01\/12...",
        "snippet": "The White House is once again making the full text of the State
        of the Union widely available online. The text, as prepared for delivery,
        is also available on Medium ...", "dateLastCrawled": "2017-04-03T14:56:00.0000000Z"},
        {"id": "https:\/\/www.bingapis.com\/api\/v6\/#WebPages.8", "name": "The White
        House | whitehouse.gov", "url": "https:\/\/www.whitehouse.gov\/", "urlPingSuffix":
        "DevEx,5191.1", "about": [{"name": "Eisenhower Executive Office Building"},
        {"name": "White House"}], "displayUrl": "https:\/\/www.whitehouse.gov",
        "snippet": "Video Gallery View the most recent videos from the White House.
        Live Events Tune in to White House events and statements as they happen.
        From the Press Office.", "dateLastCrawled": "2017-04-08T07:05:00.0000000Z"},
        {"id": "https:\/\/www.bingapis.com\/api\/v6\/#WebPages.9", "name": "HealthCare.gov
        - Official Site", "url": "https:\/\/www.healthcare.gov\/", "urlPingSuffix":
        "DevEx,5205.1", "displayUrl": "https:\/\/www.healthcare.gov", "snippet":
        "Official site of Affordable Care Act. Enroll now for 2017 coverage. See health
        coverage choices, ways to save today, how law affects you.", "dateLastCrawled":
        "2017-04-09T07:56:00.0000000Z"}, {"id": "https:\/\/www.bingapis.com\/api\/v6\/#WebPages.10",
        "name": "FACT SHEET: Obama Administration Announces Clean Energy ...", "url":
        "https:\/\/obamawhitehouse.archives.gov\/the-press-office\/2016\/07\/19\/fact-sheet-obama-administration-announces-clean-energy-savings-all",
        "urlPingSuffix": "DevEx,5218.1", "displayUrl": "https:\/\/obamawhitehouse.archives.gov\/the-press-office\/2016\/07\/19\/...",
        "snippet": "That is why, today, the Obama Administration is announcing a
        new cross government partnership – the Clean Energy Savings For All Initiative
        ...", "dateLastCrawled": "2017-04-06T14:24:00.0000000Z"}, {"id": "https:\/\/www.bingapis.com\/api\/v6\/#WebPages.11",
        "name": "Statement by the President on the Passing of Fidel Castro ...", "url":
        "https:\/\/obamawhitehouse.archives.gov\/the-press-office\/2016\/11\/26\/statement-president-passing-fidel-castro",
        "urlPingSuffix": "DevEx,5231.1", "displayUrl": "https:\/\/obamawhitehouse.archives.gov\/the-press-office\/2016\/11\/26\/...",
        "snippet": "President Barack Obama; Vice President Joe Biden; First Lady
        Michelle Obama; Dr. Jill Biden; The Cabinet; Executive Office of the President;
        Senior White House ...", "dateLastCrawled": "2017-03-31T05:46:00.0000000Z"},
        {"id": "https:\/\/www.bingapis.com\/api\/v6\/#WebPages.12", "name": "Remarks
        by the President in State of the Union Address ...", "url": "https:\/\/obamawhitehouse.archives.gov\/the-press-office\/2015\/01\/20\/remarks-president-state-union-address-january-20-2015",
        "urlPingSuffix": "DevEx,5244.1", "displayUrl": "https:\/\/obamawhitehouse.archives.gov\/the-press-office\/2015\/01\/20\/...",
        "snippet": "President Barack Obama; Vice President Joe Biden; First Lady
        Michelle Obama; Dr. Jill Biden; The Cabinet; Executive Office of the President;
        Senior White House ...", "dateLastCrawled": "2017-04-06T05:42:00.0000000Z"},
        {"id": "https:\/\/www.bingapis.com\/api\/v6\/#WebPages.13", "name": "Remarks
        by President Obama to the United Nations General ...", "url": "https:\/\/obamawhitehouse.archives.gov\/the-press-office\/2015\/09\/28\/remarks-president-obama-united-nations-general-assembly",
        "urlPingSuffix": "DevEx,5257.1", "displayUrl": "https:\/\/obamawhitehouse.archives.gov\/the-press-office\/2015\/09\/28\/...",
        "snippet": "United Nations Headquarters New York, New York **Please see below
        for a correction, marked with an asterisk. 10:18 A.M. EDT. PRESIDENT OBAMA:
        Mr. President, Mr ...", "dateLastCrawled": "2017-04-05T12:44:00.0000000Z"},
        {"id": "https:\/\/www.bingapis.com\/api\/v6\/#WebPages.14", "name": "First
        Lady Melania Trump | whitehouse.gov", "url": "https:\/\/www.whitehouse.gov\/administration\/first-lady-melania-trump",
        "urlPingSuffix": "DevEx,5270.1", "about": [{"name": "Office of the First Lady
        of the United States"}], "displayUrl": "https:\/\/www.whitehouse.gov\/administration\/first-lady-melania-trump",
        "snippet": "First Lady of the United States Melania Trump is the wife of President
        Donald J. Trump, and was born on April 26, 1970 in Slovenia. Melania Knavs
        began her modeling ...", "dateLastCrawled": "2017-04-07T00:09:00.0000000Z"},
        {"id": "https:\/\/www.bingapis.com\/api\/v6\/#WebPages.15", "name": "Remarks
        by the President in State of the Union Address ...", "url": "https:\/\/obamawhitehouse.archives.gov\/the-press-office\/2012\/01\/24\/remarks-president-state-union-address",
        "urlPingSuffix": "DevEx,5283.1", "displayUrl": "https:\/\/obamawhitehouse.archives.gov\/the-press-office\/2012\/01\/24\/...",
        "snippet": "Find out how you can talk to Obama Administration officials
        about the President’s plan; Watch the enhanced version of the 2012 State of
        the Union Address;", "dateLastCrawled": "2017-04-08T03:07:00.0000000Z"}, {"id":
        "https:\/\/www.bingapis.com\/api\/v6\/#WebPages.16", "name": "Videos | whitehouse.gov",
        "url": "https:\/\/www.whitehouse.gov\/featured-videos", "urlPingSuffix": "DevEx,5296.1",
        "displayUrl": "https:\/\/www.whitehouse.gov\/featured-videos", "snippet":
        "Video Gallery View the most recent videos from the White House. Live
        Events Tune in to White House events and statements as they happen. From
        the Press Office.", "dateLastCrawled": "2017-04-03T08:10:00.0000000Z"}, {"id":
        "https:\/\/www.bingapis.com\/api\/v6\/#WebPages.17", "name": "Precision Medicine
        Initiative | The White House", "url": "https:\/\/obamawhitehouse.archives.gov\/node\/333101",
        "urlPingSuffix": "DevEx,5308.1", "displayUrl": "https:\/\/obamawhitehouse.archives.gov\/node\/333101",
        "snippet": "President Obama has launched the Precision Medicine Initiative
        — a bold new research effort to revolutionize how we improve health and treat
        disease.", "dateLastCrawled": "2017-04-07T22:41:00.0000000Z"}, {"id": "https:\/\/www.bingapis.com\/api\/v6\/#WebPages.18",
        "name": "Osama Bin Laden Dead | whitehouse.gov", "url": "https:\/\/obamawhitehouse.archives.gov\/blog\/2011\/05\/02\/osama-bin-laden-dead",
        "urlPingSuffix": "DevEx,5321.1", "displayUrl": "https:\/\/obamawhitehouse.archives.gov\/blog\/2011\/05\/02\/osama-bin...",
        "snippet": "President Obama addresses the Nation to announce that the United
        States has killed Osama bin Laden, the leader of al Qaeda.", "dateLastCrawled":
        "2017-04-08T08:24:00.0000000Z"}, {"id": "https:\/\/www.bingapis.com\/api\/v6\/#WebPages.19",
        "name": "My Brother''s Keeper | The White House", "url": "https:\/\/obamawhitehouse.archives.gov\/node\/279811",
        "urlPingSuffix": "DevEx,5333.1", "displayUrl": "https:\/\/obamawhitehouse.archives.gov\/node\/279811",
        "snippet": "President Obama launched the My Brother’s Keeper initiative
        to address persistent opportunity gaps faced by boys and young men of color
        and ensure that all young ...", "dateLastCrawled": "2017-04-03T10:18:00.0000000Z"}]},
        "rankingResponse": {"mainline": {"items": [{"answerType": "WebPages", "resultIndex":
        0, "value": {"id": "https:\/\/www.bingapis.com\/api\/v6\/#WebPages.0"}}, {"answerType":
        "WebPages", "resultIndex": 1, "value": {"id": "https:\/\/www.bingapis.com\/api\/v6\/#WebPages.1"}},
        {"answerType": "WebPages", "resultIndex": 2, "value": {"id": "https:\/\/www.bingapis.com\/api\/v6\/#WebPages.2"}},
        {"answerType": "WebPages", "resultIndex": 3, "value": {"id": "https:\/\/www.bingapis.com\/api\/v6\/#WebPages.3"}},
        {"answerType": "WebPages", "resultIndex": 4, "value": {"id": "https:\/\/www.bingapis.com\/api\/v6\/#WebPages.4"}},
        {"answerType": "WebPages", "resultIndex": 5, "value": {"id": "https:\/\/www.bingapis.com\/api\/v6\/#WebPages.5"}},
        {"answerType": "WebPages", "resultIndex": 6, "value": {"id": "https:\/\/www.bingapis.com\/api\/v6\/#WebPages.6"}},
        {"answerType": "WebPages", "resultIndex": 7, "value": {"id": "https:\/\/www.bingapis.com\/api\/v6\/#WebPages.7"}},
        {"answerType": "WebPages", "resultIndex": 8, "value": {"id": "https:\/\/www.bingapis.com\/api\/v6\/#WebPages.8"}},
        {"answerType": "WebPages", "resultIndex": 9, "value": {"id": "https:\/\/www.bingapis.com\/api\/v6\/#WebPages.9"}},
        {"answerType": "WebPages", "resultIndex": 10, "value": {"id": "https:\/\/www.bingapis.com\/api\/v6\/#WebPages.10"}},
        {"answerType": "WebPages", "resultIndex": 11, "value": {"id": "https:\/\/www.bingapis.com\/api\/v6\/#WebPages.11"}},
        {"answerType": "WebPages", "resultIndex": 12, "value": {"id": "https:\/\/www.bingapis.com\/api\/v6\/#WebPages.12"}},
        {"answerType": "WebPages", "resultIndex": 13, "value": {"id": "https:\/\/www.bingapis.com\/api\/v6\/#WebPages.13"}},
        {"answerType": "WebPages", "resultIndex": 14, "value": {"id": "https:\/\/www.bingapis.com\/api\/v6\/#WebPages.14"}},
        {"answerType": "WebPages", "resultIndex": 15, "value": {"id": "https:\/\/www.bingapis.com\/api\/v6\/#WebPages.15"}},
        {"answerType": "WebPages", "resultIndex": 16, "value": {"id": "https:\/\/www.bingapis.com\/api\/v6\/#WebPages.16"}},
        {"answerType": "WebPages", "resultIndex": 17, "value": {"id": "https:\/\/www.bingapis.com\/api\/v6\/#WebPages.17"}},
        {"answerType": "WebPages", "resultIndex": 18, "value": {"id": "https:\/\/www.bingapis.com\/api\/v6\/#WebPages.18"}},
        {"answerType": "WebPages", "resultIndex": 19, "value": {"id": "https:\/\/www.bingapis.com\/api\/v6\/#WebPages.19"}}]}}}'
    http_version: 
  recorded_at: Wed, 12 Apr 2017 02:16:17 GMT
- request:
    method: get
    uri: https://www.bingapis.com/api/v6/search?AppId=***REMOVED***&count=20&mkt=en-US&offset=0&q=obama%20(site:gov%20OR%20site:mil)&responseFilter=WebPages,SpellSuggestions&safeSearch=moderate&textDecorations=true&traffictype=test
    body:
      encoding: US-ASCII
      string: ''
    headers:
      User-Agent:
      - USASearch
      Ocp-Apim-Subscription-Key:
      - ***REMOVED***
      Accept-Encoding:
      - gzip;q=1.0,deflate;q=0.6,identity;q=0.3
      Accept:
      - "*/*"
      Connection:
      - keep-alive
      Keep-Alive:
      - 30
  response:
    status:
      code: 200
      message: OK
    headers:
      Cache-Control:
      - private, max-age=0
      Content-Length:
      - '3122'
      Content-Type:
      - application/json; charset=utf-8
      Expires:
      - Wed, 12 Apr 2017 02:15:18 GMT
      Vary:
      - Accept-Encoding
      Server:
      - Microsoft-IIS/8.5
      P3p:
      - CP="NON UNI COM NAV STA LOC CURa DEVa PSAa PSDa OUR IND"
      Set-Cookie:
      - MUID=0C4062759879633A152D681799EE6266; path=/; expires=Fri, 12-Apr-2019 02:16:20
        GMT; domain=bingapis.com
      - MUIDB=0C4062759879633A152D681799EE6266; path=/; httponly; expires=Fri, 12-Apr-2019
        02:16:20 GMT
      - SRCHD=AF=NOFORM; domain=.bingapis.com; expires=Fri, 12-Apr-2019 02:16:18 GMT;
        path=/
      - SRCHUID=V=2&GUID=5A2057A28B6B4901BF73779D57EF4A4D&dmnchg=1; domain=.bingapis.com;
        expires=Fri, 12-Apr-2019 02:16:18 GMT; path=/
      - SRCHUSR=DOB=20170412; domain=.bingapis.com; expires=Fri, 12-Apr-2019 02:16:18
        GMT; path=/
      - _EDGE_S=mkt=en-us&F=1&SID=21698F8E7F6D6F5326C185EC7EFA6E5A; path=/; httponly;
        domain=bingapis.com
      - _EDGE_V=1; path=/; httponly; expires=Fri, 12-Apr-2019 02:16:20 GMT; domain=bingapis.com
      - _SS=SID=21698F8E7F6D6F5326C185EC7EFA6E5A; domain=.bingapis.com; path=/
      Bingapis-Traceid:
      - 525EB4893C874B64AC19A88A9BECE61D
      X-Msedge-Clientid:
      - 0C4062759879633A152D681799EE6266
      X-Msapi-Userstate:
      - 373b
      Bingapis-Market:
      - en-US
      X-Msedge-Ref:
      - 'Ref A: 525EB4893C874B64AC19A88A9BECE61D Ref B: CO1EDGE0516 Ref C: Tue Apr
        11 19:16:20 2017 PST'
      Date:
      - Wed, 12 Apr 2017 02:16:20 GMT
    body:
      encoding: UTF-8
      string: '{"_type": "SearchResponse", "instrumentation": {"pingUrlBase": "https:\/\/www.bingapis.com\/api\/ping?IG=D01E0222D1964C42895CC00A15D99341&CID=0C4062759879633A152D681799EE6266&ID=",
        "pageLoadPingUrl": "https:\/\/www.bingapis.com\/api\/ping\/pageload?IG=D01E0222D1964C42895CC00A15D99341&CID=0C4062759879633A152D681799EE6266&Type=Event.CPT&DATA=0"},
        "webPages": {"webSearchUrl": "https:\/\/www.bing.com\/search?q=obama+(site%3agov+OR+site%3amil)",
        "webSearchUrlPingSuffix": "DevEx,5501.1", "totalEstimatedMatches": 11800000,
        "value": [{"id": "https:\/\/www.bingapis.com\/api\/v6\/#WebPages.0", "name":
        "President Donald J. Trump | whitehouse.gov", "url": "https:\/\/www.whitehouse.gov\/administration\/president-trump",
        "urlPingSuffix": "DevEx,5083.1", "about": [{"name": "Executive Office of the
        President"}, {"name": "Donald Trump"}], "displayUrl": "https:\/\/www.whitehouse.gov\/administration\/president-trump",
        "snippet": "Donald J. Trump is the 45th President of the United States. He
        believes the United States has incredible potential and will go on to exceed
        anything that it has ...", "dateLastCrawled": "2017-04-08T01:00:00.0000000Z"},
        {"id": "https:\/\/www.bingapis.com\/api\/v6\/#WebPages.1", "name": "Get in
        Touch with The White House | whitehouse.gov", "url": "https:\/\/www.whitehouse.gov\/contact",
        "urlPingSuffix": "DevEx,5099.1", "displayUrl": "https:\/\/www.whitehouse.gov\/contact",
        "snippet": "Video Gallery View the most recent videos from the White House",
        "deepLinks": [{"name": "Write Or Call", "url": "https:\/\/www.whitehouse.gov\/contact\/write-or-call",
        "urlPingSuffix": "DevEx,5094.1"}, {"name": "President Barack Obama", "url":
        "https:\/\/www.whitehouse.gov\/administration\/president-trump", "urlPingSuffix":
        "DevEx,5095.1"}], "dateLastCrawled": "2017-04-06T03:31:00.0000000Z"}, {"id":
        "https:\/\/www.bingapis.com\/api\/v6\/#WebPages.2", "name": "The White House
        | whitehouse.gov", "url": "https:\/\/www.whitehouse.gov\/", "urlPingSuffix":
        "DevEx,5126.1", "about": [{"name": "Eisenhower Executive Office Building"},
        {"name": "White House"}], "displayUrl": "https:\/\/www.whitehouse.gov",
        "snippet": "Video Gallery View the most recent videos from the White House.
        Live Events Tune in to White House events and statements as they happen.
        From the Press Office.", "deepLinks": [{"name": "Contact Us", "url": "https:\/\/www.whitehouse.gov\/contact",
        "urlPingSuffix": "DevEx,5112.1"}, {"name": "Tours & Events", "url": "https:\/\/www.whitehouse.gov\/participate\/tours-and-events",
        "urlPingSuffix": "DevEx,5113.1"}, {"name": "Live Events", "url": "https:\/\/www.whitehouse.gov\/live",
        "urlPingSuffix": "DevEx,5114.1"}, {"name": "The White House Blog", "url":
        "https:\/\/www.whitehouse.gov\/blog", "urlPingSuffix": "DevEx,5117.1"}], "dateLastCrawled":
        "2017-04-08T07:05:00.0000000Z"}, {"id": "https:\/\/www.bingapis.com\/api\/v6\/#WebPages.3",
        "name": "Barack Obama | whitehouse.gov", "url": "https:\/\/www.whitehouse.gov\/1600\/presidents\/barackobama",
        "urlPingSuffix": "DevEx,5140.1", "about": [{"name": "Barack Obama"}], "displayUrl":
        "https:\/\/www.whitehouse.gov\/1600\/presidents\/barackobama", "snippet":
        "Barack Obama is the 44th President of the United States. His story is the
        American story -- values from the heartland, a middle-class upbringing in
        a strong family ...", "dateLastCrawled": "2017-04-08T03:34:00.0000000Z"},
        {"id": "https:\/\/www.bingapis.com\/api\/v6\/#WebPages.4", "name": "Thank
        You | whitehouse.gov", "url": "https:\/\/obamawhitehouse.archives.gov\/blog\/2017\/01\/19\/thank-you",
        "urlPingSuffix": "DevEx,5173.1", "displayUrl": "https:\/\/obamawhitehouse.archives.gov\/blog\/2017\/01\/19\/thank-you",
        "snippet": "Watch President Obama''s final State of the Union address. The
        Supreme Court. Read what the President is looking for in his next Supreme
        Court nominee. Find Your Park.", "dateLastCrawled": "2017-03-31T19:38:00.0000000Z"},
        {"id": "https:\/\/www.bingapis.com\/api\/v6\/#WebPages.5", "name": "The White
        House | whitehouse.gov", "url": "https:\/\/obamawhitehouse.archives.gov\/",
        "urlPingSuffix": "DevEx,5186.1", "displayUrl": "https:\/\/obamawhitehouse.archives.gov",
        "snippet": "President Obama has led the fight to ensure equality for all
        Americans. The Administration. President Barack Obama. Vice President Joe
        Biden. First Lady Michelle Obama.", "dateLastCrawled": "2017-04-06T07:08:00.0000000Z"},
        {"id": "https:\/\/www.bingapis.com\/api\/v6\/#WebPages.6", "name": "Videos
        | whitehouse.gov", "url": "https:\/\/www.whitehouse.gov\/featured-videos",
        "urlPingSuffix": "DevEx,5199.1", "displayUrl": "https:\/\/www.whitehouse.gov\/featured-videos",
        "snippet": "Video Gallery View the most recent videos from the White House.
        Live Events Tune in to White House events and statements as they happen.
        From the Press Office.", "dateLastCrawled": "2017-04-03T08:10:00.0000000Z"},
        {"id": "https:\/\/www.bingapis.com\/api\/v6\/#WebPages.7", "name": "President
        Obama on the Tragic Shooting in Orlando ...", "url": "https:\/\/obamawhitehouse.archives.gov\/blog\/2016\/06\/12\/president-obama-tragic-shooting-orlando",
        "urlPingSuffix": "DevEx,5212.1", "displayUrl": "https:\/\/obamawhitehouse.archives.gov\/blog\/2016\/06\/12\/president...",
        "snippet": "President Barack Obama walks away from the lectern with Vice
        President Joe Biden after making a statement about the mass shooting in Orlando,
        Fla., June 16, 2016.", "dateLastCrawled": "2017-04-09T09:29:00.0000000Z"},
        {"id": "https:\/\/www.bingapis.com\/api\/v6\/#WebPages.8", "name": "The White
        House Blog - Official Site", "url": "https:\/\/www.whitehouse.gov\/blog",
        "urlPingSuffix": "DevEx,5228.1", "displayUrl": "https:\/\/www.whitehouse.gov\/blog",
        "snippet": "Get the latest news from 1600 Penn on the @WhiteHouse Blog",
        "dateLastCrawled": "2017-04-06T05:37:00.0000000Z"}, {"id": "https:\/\/www.bingapis.com\/api\/v6\/#WebPages.9",
        "name": "My Brother''s Keeper | The White House", "url": "https:\/\/obamawhitehouse.archives.gov\/node\/279811",
        "urlPingSuffix": "DevEx,5240.1", "displayUrl": "https:\/\/obamawhitehouse.archives.gov\/node\/279811",
        "snippet": "President Obama launched the My Brother’s Keeper initiative
        to address persistent opportunity gaps faced by boys and young men of color
        and ensure that all young ...", "dateLastCrawled": "2017-04-09T14:19:00.0000000Z"},
        {"id": "https:\/\/www.bingapis.com\/api\/v6\/#WebPages.10", "name": "HealthCare.gov
        - Official Site", "url": "https:\/\/www.healthcare.gov\/", "urlPingSuffix":
        "DevEx,5254.1", "displayUrl": "https:\/\/www.healthcare.gov", "snippet":
        "Official site of Affordable Care Act. Enroll now for 2017 coverage. See health
        coverage choices, ways to save today, how law affects you.", "dateLastCrawled":
        "2017-04-09T07:56:00.0000000Z"}, {"id": "https:\/\/www.bingapis.com\/api\/v6\/#WebPages.11",
        "name": "Precision Medicine Initiative | The White House", "url": "https:\/\/obamawhitehouse.archives.gov\/node\/333101",
        "urlPingSuffix": "DevEx,5266.1", "displayUrl": "https:\/\/obamawhitehouse.archives.gov\/node\/333101",
        "snippet": "President Obama has launched the Precision Medicine Initiative
        — a bold new research effort to revolutionize how we improve health and treat
        disease.", "dateLastCrawled": "2017-03-30T00:36:00.0000000Z"}, {"id": "https:\/\/www.bingapis.com\/api\/v6\/#WebPages.12",
        "name": "President Obama on the Fatal Shootings of Alton Sterling ...",
        "url": "https:\/\/obamawhitehouse.archives.gov\/blog\/2016\/07\/07\/president-obama-fatal-shootings-alton-sterling-and-philando-castile",
        "urlPingSuffix": "DevEx,5281.1", "displayUrl": "https:\/\/obamawhitehouse.archives.gov\/blog\/2016\/07\/07\/president...",
        "snippet": "Update: This evening, President Obama delivered a statement
        on the fatal shootings in Louisiana and Minnesota. Watch below:", "dateLastCrawled":
        "2017-04-08T04:38:00.0000000Z"}, {"id": "https:\/\/www.bingapis.com\/api\/v6\/#WebPages.13",
        "name": "Statement by the President on the Passing of Fidel Castro ...", "url":
        "https:\/\/obamawhitehouse.archives.gov\/the-press-office\/2016\/11\/26\/statement-president-passing-fidel-castro",
        "urlPingSuffix": "DevEx,5293.1", "displayUrl": "https:\/\/obamawhitehouse.archives.gov\/the-press-office\/2016\/11\/26\/...",
        "snippet": "President Barack Obama; Vice President Joe Biden; First Lady
        Michelle Obama; Dr. Jill Biden; The Cabinet; Executive Office of the President;
        Senior White House ...", "dateLastCrawled": "2017-03-31T05:46:00.0000000Z"},
        {"id": "https:\/\/www.bingapis.com\/api\/v6\/#WebPages.14", "name": "FACT
        SHEET: Obama Administration Announces Clean Energy ...", "url": "https:\/\/obamawhitehouse.archives.gov\/the-press-office\/2016\/07\/19\/fact-sheet-obama-administration-announces-clean-energy-savings-all",
        "urlPingSuffix": "DevEx,5306.1", "displayUrl": "https:\/\/obamawhitehouse.archives.gov\/the-press-office\/2016\/07\/19\/...",
        "snippet": "That is why, today, the Obama Administration is announcing a
        new cross government partnership – the Clean Energy Savings For All Initiative
        ...", "dateLastCrawled": "2017-04-06T14:24:00.0000000Z"}, {"id": "https:\/\/www.bingapis.com\/api\/v6\/#WebPages.15",
        "name": "2017 Joint Address | whitehouse.gov", "url": "https:\/\/www.whitehouse.gov\/joint-address",
        "urlPingSuffix": "DevEx,5318.1", "displayUrl": "https:\/\/www.whitehouse.gov\/joint-address",
        "snippet": "President Trump delivered his first address to a Joint Session
        of Congress on February 28th, 2017. You can watch the full address here.",
        "dateLastCrawled": "2017-04-06T14:34:00.0000000Z"}, {"id": "https:\/\/www.bingapis.com\/api\/v6\/#WebPages.16",
        "name": "President Obama''s Trip to Alaska | The White House", "url": "https:\/\/obamawhitehouse.archives.gov\/node\/346361",
        "urlPingSuffix": "DevEx,5331.1", "displayUrl": "https:\/\/obamawhitehouse.archives.gov\/node\/346361",
        "snippet": "President Obama becomes the first President to visit America''s
        Arctic, to witness firsthand the impacts of climate change on this region
        on the frontlines.", "dateLastCrawled": "2017-04-06T22:19:00.0000000Z"}, {"id":
        "https:\/\/www.bingapis.com\/api\/v6\/#WebPages.17", "name": "Remarks by the
        President in State of the Union Address ...", "url": "https:\/\/obamawhitehouse.archives.gov\/the-press-office\/2015\/01\/20\/remarks-president-state-union-address-january-20-2015",
        "urlPingSuffix": "DevEx,5344.1", "displayUrl": "https:\/\/obamawhitehouse.archives.gov\/the-press-office\/2015\/01\/20\/...",
        "snippet": "President Barack Obama; Vice President Joe Biden; First Lady
        Michelle Obama; Dr. Jill Biden; The Cabinet; Executive Office of the President;
        Senior White House ...", "dateLastCrawled": "2017-04-01T17:20:00.0000000Z"},
        {"id": "https:\/\/www.bingapis.com\/api\/v6\/#WebPages.18", "name": "Osama
        Bin Laden Dead | whitehouse.gov", "url": "https:\/\/obamawhitehouse.archives.gov\/blog\/2011\/05\/02\/osama-bin-laden-dead",
        "urlPingSuffix": "DevEx,5357.1", "displayUrl": "https:\/\/obamawhitehouse.archives.gov\/blog\/2011\/05\/02\/osama-bin...",
        "snippet": "President Obama addresses the Nation to announce that the United
        States has killed Osama bin Laden, the leader of al Qaeda.", "dateLastCrawled":
        "2017-04-08T08:24:00.0000000Z"}, {"id": "https:\/\/www.bingapis.com\/api\/v6\/#WebPages.19",
        "name": "The Digital Transition: How the Presidential Transition ...", "url":
        "https:\/\/obamawhitehouse.archives.gov\/blog\/2016\/10\/31\/digital-transition-how-presidential-transition-works-social-media-age",
        "urlPingSuffix": "DevEx,5369.1", "displayUrl": "https:\/\/obamawhitehouse.archives.gov\/blog\/2016\/10\/31\/digital...",
        "snippet": "President Obama is the first “social media president”: the first
        to have @POTUS on Twitter, the first to go live on Facebook from the Oval
        Office, the first to ...", "dateLastCrawled": "2017-04-05T03:03:00.0000000Z"}]},
        "rankingResponse": {"mainline": {"items": [{"answerType": "WebPages", "resultIndex":
        0, "value": {"id": "https:\/\/www.bingapis.com\/api\/v6\/#WebPages.0"}}, {"answerType":
        "WebPages", "resultIndex": 1, "value": {"id": "https:\/\/www.bingapis.com\/api\/v6\/#WebPages.1"}},
        {"answerType": "WebPages", "resultIndex": 2, "value": {"id": "https:\/\/www.bingapis.com\/api\/v6\/#WebPages.2"}},
        {"answerType": "WebPages", "resultIndex": 3, "value": {"id": "https:\/\/www.bingapis.com\/api\/v6\/#WebPages.3"}},
        {"answerType": "WebPages", "resultIndex": 4, "value": {"id": "https:\/\/www.bingapis.com\/api\/v6\/#WebPages.4"}},
        {"answerType": "WebPages", "resultIndex": 5, "value": {"id": "https:\/\/www.bingapis.com\/api\/v6\/#WebPages.5"}},
        {"answerType": "WebPages", "resultIndex": 6, "value": {"id": "https:\/\/www.bingapis.com\/api\/v6\/#WebPages.6"}},
        {"answerType": "WebPages", "resultIndex": 7, "value": {"id": "https:\/\/www.bingapis.com\/api\/v6\/#WebPages.7"}},
        {"answerType": "WebPages", "resultIndex": 8, "value": {"id": "https:\/\/www.bingapis.com\/api\/v6\/#WebPages.8"}},
        {"answerType": "WebPages", "resultIndex": 9, "value": {"id": "https:\/\/www.bingapis.com\/api\/v6\/#WebPages.9"}},
        {"answerType": "WebPages", "resultIndex": 10, "value": {"id": "https:\/\/www.bingapis.com\/api\/v6\/#WebPages.10"}},
        {"answerType": "WebPages", "resultIndex": 11, "value": {"id": "https:\/\/www.bingapis.com\/api\/v6\/#WebPages.11"}},
        {"answerType": "WebPages", "resultIndex": 12, "value": {"id": "https:\/\/www.bingapis.com\/api\/v6\/#WebPages.12"}},
        {"answerType": "WebPages", "resultIndex": 13, "value": {"id": "https:\/\/www.bingapis.com\/api\/v6\/#WebPages.13"}},
        {"answerType": "WebPages", "resultIndex": 14, "value": {"id": "https:\/\/www.bingapis.com\/api\/v6\/#WebPages.14"}},
        {"answerType": "WebPages", "resultIndex": 15, "value": {"id": "https:\/\/www.bingapis.com\/api\/v6\/#WebPages.15"}},
        {"answerType": "WebPages", "resultIndex": 16, "value": {"id": "https:\/\/www.bingapis.com\/api\/v6\/#WebPages.16"}},
        {"answerType": "WebPages", "resultIndex": 17, "value": {"id": "https:\/\/www.bingapis.com\/api\/v6\/#WebPages.17"}},
        {"answerType": "WebPages", "resultIndex": 18, "value": {"id": "https:\/\/www.bingapis.com\/api\/v6\/#WebPages.18"}},
        {"answerType": "WebPages", "resultIndex": 19, "value": {"id": "https:\/\/www.bingapis.com\/api\/v6\/#WebPages.19"}}]}}}'
    http_version: 
  recorded_at: Wed, 12 Apr 2017 02:16:20 GMT
recorded_with: VCR 3.0.3
