---
http_interactions:
- request:
    method: get
    uri: https://www.bingapis.com/api/v6/search?AppId=***REMOVED***&count=20&mkt=en-US&offset=0&q=hippopotomonstrosesquippedaliophobia%20(site:nih.gov)&responseFilter=WebPages,SpellSuggestions&safeSearch=moderate&textDecorations=true&traffictype=test
    body:
      encoding: US-ASCII
      string: ''
    headers:
      User-Agent:
      - USASearch
      Ocp-Apim-Subscription-Key:
      - ***REMOVED***
      Accept-Encoding:
      - gzip;q=1.0,deflate;q=0.6,identity;q=0.3
      Accept:
      - "*/*"
      Connection:
      - keep-alive
      Keep-Alive:
      - '30'
  response:
    status:
      code: 200
      message: OK
    headers:
      Cache-Control:
      - private, max-age=0
      Content-Length:
      - '591'
      Content-Type:
      - application/json; charset=utf-8
      Expires:
      - Mon, 29 Jan 2018 19:45:51 GMT
      Vary:
      - Accept-Encoding
      P3p:
      - CP="NON UNI COM NAV STA LOC CURa DEVa PSAa PSDa OUR IND"
      Set-Cookie:
      - MUID=0ACC22AFBCE469853FDC2929BD4B6839; path=/; expires=Sat, 23-Feb-2019 19:46:51
        GMT; domain=bingapis.com
      - MUIDB=0ACC22AFBCE469853FDC2929BD4B6839; path=/; httponly; expires=Sat, 23-Feb-2019
        19:46:51 GMT
      - SRCHD=AF=NOFORM; domain=.bingapis.com; expires=Wed, 29-Jan-2020 19:46:51 GMT;
        path=/
      - SRCHUID=V=2&GUID=4565C988FE084D3AAE7F753B6B25A55C&dmnchg=1; domain=.bingapis.com;
        expires=Wed, 29-Jan-2020 19:46:51 GMT; path=/
      - SRCHUSR=DOB=20180129; domain=.bingapis.com; expires=Wed, 29-Jan-2020 19:46:51
        GMT; path=/
      - _EDGE_S=mkt=en-us&F=1&SID=038A7FCD7438698D2AA0744B7597689D; path=/; httponly;
        domain=bingapis.com
      - _EDGE_V=1; path=/; httponly; expires=Sat, 23-Feb-2019 19:46:51 GMT; domain=bingapis.com
      - _SS=SID=038A7FCD7438698D2AA0744B7597689D; domain=.bingapis.com; path=/
      Bingapis-Traceid:
      - F7A977C46EF74611A5F9DD5390B9B13D
      X-Msedge-Clientid:
      - 0ACC22AFBCE469853FDC2929BD4B6839
      X-Msapi-Userstate:
      - 43ce
      Bingapis-Market:
      - en-US
      X-Msedge-Ref:
      - 'Ref A: F7A977C46EF74611A5F9DD5390B9B13D Ref B: BLUEDGE0521 Ref C: 2018-01-29T19:46:51Z'
      Date:
      - Mon, 29 Jan 2018 19:46:50 GMT
    body:
      encoding: UTF-8
      string: '{"_type": "SearchResponse", "instrumentation": {"pingUrlBase": "https:\/\/www.bingapis.com\/api\/ping?IG=BD660E2DE6754D8AA19388AFCEF290E8&CID=0ACC22AFBCE469853FDC2929BD4B6839&ID=",
        "pageLoadPingUrl": "https:\/\/www.bingapis.com\/api\/ping\/pageload?IG=BD660E2DE6754D8AA19388AFCEF290E8&CID=0ACC22AFBCE469853FDC2929BD4B6839&Type=Event.CPT&DATA=0"},
        "webPages": {"webSearchUrl": "https:\/\/www.bing.com\/search?q=hippopotomonstrosesquippedaliophobia+(site%3anih.gov)",
        "webSearchUrlPingSuffix": "DevEx,5133.1", "totalEstimatedMatches": 1, "value":
        [{"id": "https:\/\/www.bingapis.com\/api\/v6\/#WebPages.0", "name": "PubMed
        - National Center for Biotechnology Information", "url": "https:\/\/www.ncbi.nlm.nih.gov\/pubmed\/17551351",
        "urlPingSuffix": "DevEx,5058.1", "displayUrl": "https:\/\/www.ncbi.nlm.nih.gov\/pubmed\/17551351",
        "snippet": "Moved Permanently. The document has moved here.", "dateLastCrawled":
        "2017-02-24T12:26:00.0000000Z"}]}, "rankingResponse": {"mainline": {"items":
        [{"answerType": "WebPages", "resultIndex": 0, "value": {"id": "https:\/\/www.bingapis.com\/api\/v6\/#WebPages.0"}}]}}}'
    http_version: 
  recorded_at: Mon, 29 Jan 2018 19:46:51 GMT
- request:
    method: get
    uri: https://www.bingapis.com/api/v6/search?AppId=***REMOVED***&count=20&mkt=en-US&offset=0&q=hippopotomonstrosesquippedaliophobia%20(site:nih.gov)&responseFilter=WebPages,SpellSuggestions&safeSearch=moderate&textDecorations=true&traffictype=test
    body:
      encoding: US-ASCII
      string: ''
    headers:
      User-Agent:
      - USASearch
      Ocp-Apim-Subscription-Key:
      - ***REMOVED***
      Accept-Encoding:
      - gzip;q=1.0,deflate;q=0.6,identity;q=0.3
      Accept:
      - "*/*"
      Connection:
      - keep-alive
      Keep-Alive:
      - '30'
  response:
    status:
      code: 200
      message: OK
    headers:
      Cache-Control:
      - private, max-age=0
      Content-Length:
      - '590'
      Content-Type:
      - application/json; charset=utf-8
      Expires:
      - Mon, 29 Jan 2018 19:45:52 GMT
      Vary:
      - Accept-Encoding
      P3p:
      - CP="NON UNI COM NAV STA LOC CURa DEVa PSAa PSDa OUR IND"
      Set-Cookie:
      - MUID=2BD82F39DB2C604121D724BFDA83612F; path=/; expires=Sat, 23-Feb-2019 19:46:52
        GMT; domain=bingapis.com
      - MUIDB=2BD82F39DB2C604121D724BFDA83612F; path=/; httponly; expires=Sat, 23-Feb-2019
        19:46:52 GMT
      - SRCHD=AF=NOFORM; domain=.bingapis.com; expires=Wed, 29-Jan-2020 19:46:52 GMT;
        path=/
      - SRCHUID=V=2&GUID=81871EABB9614ED5A53F635C022A5E35&dmnchg=1; domain=.bingapis.com;
        expires=Wed, 29-Jan-2020 19:46:52 GMT; path=/
      - SRCHUSR=DOB=20180129; domain=.bingapis.com; expires=Wed, 29-Jan-2020 19:46:52
        GMT; path=/
      - _EDGE_S=mkt=en-us&F=1&SID=26335A5B27E86F46025951DD26476EE4; path=/; httponly;
        domain=bingapis.com
      - _EDGE_V=1; path=/; httponly; expires=Sat, 23-Feb-2019 19:46:52 GMT; domain=bingapis.com
      - _SS=SID=26335A5B27E86F46025951DD26476EE4; domain=.bingapis.com; path=/
      Bingapis-Traceid:
      - FE290187FE5848C1B84FC14578F42C5F
      X-Msedge-Clientid:
      - 2BD82F39DB2C604121D724BFDA83612F
      X-Msapi-Userstate:
      - db71
      Bingapis-Market:
      - en-US
      X-Msedge-Ref:
      - 'Ref A: FE290187FE5848C1B84FC14578F42C5F Ref B: BLUEDGE0117 Ref C: 2018-01-29T19:46:52Z'
      Date:
      - Mon, 29 Jan 2018 19:46:51 GMT
    body:
      encoding: UTF-8
      string: '{"_type": "SearchResponse", "instrumentation": {"pingUrlBase": "https:\/\/www.bingapis.com\/api\/ping?IG=D73A8CB155D9408B8E50DB5FC7CE5580&CID=2BD82F39DB2C604121D724BFDA83612F&ID=",
        "pageLoadPingUrl": "https:\/\/www.bingapis.com\/api\/ping\/pageload?IG=D73A8CB155D9408B8E50DB5FC7CE5580&CID=2BD82F39DB2C604121D724BFDA83612F&Type=Event.CPT&DATA=0"},
        "webPages": {"webSearchUrl": "https:\/\/www.bing.com\/search?q=hippopotomonstrosesquippedaliophobia+(site%3anih.gov)",
        "webSearchUrlPingSuffix": "DevEx,5133.1", "totalEstimatedMatches": 1, "value":
        [{"id": "https:\/\/www.bingapis.com\/api\/v6\/#WebPages.0", "name": "PubMed
        - National Center for Biotechnology Information", "url": "https:\/\/www.ncbi.nlm.nih.gov\/pubmed\/17551351",
        "urlPingSuffix": "DevEx,5058.1", "displayUrl": "https:\/\/www.ncbi.nlm.nih.gov\/pubmed\/17551351",
        "snippet": "Moved Permanently. The document has moved here.", "dateLastCrawled":
        "2017-02-24T12:26:00.0000000Z"}]}, "rankingResponse": {"mainline": {"items":
        [{"answerType": "WebPages", "resultIndex": 0, "value": {"id": "https:\/\/www.bingapis.com\/api\/v6\/#WebPages.0"}}]}}}'
    http_version: 
  recorded_at: Mon, 29 Jan 2018 19:46:52 GMT
- request:
    method: get
    uri: https://www.bingapis.com/api/v6/search?AppId=***REMOVED***&count=20&mkt=en-US&offset=0&q=hippopotomonstrosesquippedaliophobia%20(site:nih.gov)&responseFilter=WebPages,SpellSuggestions&safeSearch=moderate&textDecorations=true&traffictype=test
    body:
      encoding: US-ASCII
      string: ''
    headers:
      User-Agent:
      - USASearch
      Ocp-Apim-Subscription-Key:
      - ***REMOVED***
      Accept-Encoding:
      - gzip;q=1.0,deflate;q=0.6,identity;q=0.3
      Accept:
      - "*/*"
      Connection:
      - keep-alive
      Keep-Alive:
      - '30'
  response:
    status:
      code: 200
      message: OK
    headers:
      Cache-Control:
      - private, max-age=0
      Content-Length:
      - '590'
      Content-Type:
      - application/json; charset=utf-8
      Expires:
      - Mon, 29 Jan 2018 19:45:53 GMT
      Vary:
      - Accept-Encoding
      P3p:
      - CP="NON UNI COM NAV STA LOC CURa DEVa PSAa PSDa OUR IND"
      Set-Cookie:
      - MUID=1E02613278616D013BA66AB479CE6C04; path=/; expires=Sat, 23-Feb-2019 19:46:55
        GMT; domain=bingapis.com
      - MUIDB=1E02613278616D013BA66AB479CE6C04; path=/; httponly; expires=Sat, 23-Feb-2019
        19:46:55 GMT
      - SRCHD=AF=NOFORM; domain=.bingapis.com; expires=Wed, 29-Jan-2020 19:46:53 GMT;
        path=/
      - SRCHUID=V=2&GUID=0286D08797BA453E8767E5CC8F38682A&dmnchg=1; domain=.bingapis.com;
        expires=Wed, 29-Jan-2020 19:46:53 GMT; path=/
      - SRCHUSR=DOB=20180129; domain=.bingapis.com; expires=Wed, 29-Jan-2020 19:46:53
        GMT; path=/
      - _EDGE_S=mkt=en-us&F=1&SID=2A6E1B6789A56042362F10E1880A61CB; path=/; httponly;
        domain=bingapis.com
      - _EDGE_V=1; path=/; httponly; expires=Sat, 23-Feb-2019 19:46:55 GMT; domain=bingapis.com
      - _SS=SID=2A6E1B6789A56042362F10E1880A61CB; domain=.bingapis.com; path=/
      Bingapis-Traceid:
      - 9BB94C0EDD074B579267B6B90264EF3A
      X-Msedge-Clientid:
      - 1E02613278616D013BA66AB479CE6C04
      X-Msapi-Userstate:
      - 7aa9
      Bingapis-Market:
      - en-US
      X-Msedge-Ref:
      - 'Ref A: 9BB94C0EDD074B579267B6B90264EF3A Ref B: BLUEDGE0506 Ref C: 2018-01-29T19:46:55Z'
      Date:
      - Mon, 29 Jan 2018 19:46:54 GMT
    body:
      encoding: UTF-8
      string: '{"_type": "SearchResponse", "instrumentation": {"pingUrlBase": "https:\/\/www.bingapis.com\/api\/ping?IG=CB024B24318744F5843305DFA74E8FDC&CID=1E02613278616D013BA66AB479CE6C04&ID=",
        "pageLoadPingUrl": "https:\/\/www.bingapis.com\/api\/ping\/pageload?IG=CB024B24318744F5843305DFA74E8FDC&CID=1E02613278616D013BA66AB479CE6C04&Type=Event.CPT&DATA=0"},
        "webPages": {"webSearchUrl": "https:\/\/www.bing.com\/search?q=hippopotomonstrosesquippedaliophobia+(site%3anih.gov)",
        "webSearchUrlPingSuffix": "DevEx,5133.1", "totalEstimatedMatches": 1, "value":
        [{"id": "https:\/\/www.bingapis.com\/api\/v6\/#WebPages.0", "name": "PubMed
        - National Center for Biotechnology Information", "url": "https:\/\/www.ncbi.nlm.nih.gov\/pubmed\/17551351",
        "urlPingSuffix": "DevEx,5058.1", "displayUrl": "https:\/\/www.ncbi.nlm.nih.gov\/pubmed\/17551351",
        "snippet": "Moved Permanently. The document has moved here.", "dateLastCrawled":
        "2017-02-24T12:26:00.0000000Z"}]}, "rankingResponse": {"mainline": {"items":
        [{"answerType": "WebPages", "resultIndex": 0, "value": {"id": "https:\/\/www.bingapis.com\/api\/v6\/#WebPages.0"}}]}}}'
    http_version: 
  recorded_at: Mon, 29 Jan 2018 19:46:55 GMT
recorded_with: VCR 3.0.3
