---
http_interactions:
- request:
    method: get
    uri: https://www.bingapis.com/api/v6/search?AppId=***REMOVED***&count=20&mkt=en-US&offset=0&q=first%20item%20(site:gov%20OR%20site:mil)&responseFilter=WebPages,SpellSuggestions&safeSearch=moderate&textDecorations=true&traffictype=test
    body:
      encoding: US-ASCII
      string: ''
    headers:
      User-Agent:
      - USASearch
      Ocp-Apim-Subscription-Key:
      - ***REMOVED***
      Accept-Encoding:
      - gzip;q=1.0,deflate;q=0.6,identity;q=0.3
      Accept:
      - "*/*"
      Connection:
      - keep-alive
      Keep-Alive:
      - 30
  response:
    status:
      code: 200
      message: OK
    headers:
      Cache-Control:
      - private, max-age=0
      Content-Length:
      - '3471'
      Content-Type:
      - application/json; charset=utf-8
      Expires:
      - Tue, 18 Jul 2017 18:02:40 GMT
      Vary:
      - Accept-Encoding
      Server:
      - Microsoft-IIS/10.0
      P3p:
      - CP="NON UNI COM NAV STA LOC CURa DEVa PSAa PSDa OUR IND"
      Set-Cookie:
      - MUID=063704F10D2A61481E190E320CBD60F6; path=/; expires=Thu, 18-Jul-2019 18:03:40
        GMT; domain=bingapis.com
      - MUIDB=063704F10D2A61481E190E320CBD60F6; path=/; httponly; expires=Thu, 18-Jul-2019
        18:03:40 GMT
      - SRCHD=AF=NOFORM; domain=.bingapis.com; expires=Thu, 18-Jul-2019 18:03:40 GMT;
        path=/
      - SRCHUID=V=2&GUID=249803CC893742A8B3A6D5828570ABF7; expires=Thu, 18-Jul-2019
        18:03:40 GMT; path=/
      - SRCHUSR=DOB=20170718; domain=.bingapis.com; expires=Thu, 18-Jul-2019 18:03:40
        GMT; path=/
      - _EDGE_S=mkt=en-us&F=1&SID=1B49BFAFB5E66842118FB56CB471690F; path=/; httponly;
        domain=bingapis.com
      - _EDGE_V=1; path=/; httponly; expires=Thu, 18-Jul-2019 18:03:40 GMT; domain=bingapis.com
      - _SS=SID=1B49BFAFB5E66842118FB56CB471690F; domain=.bingapis.com; path=/
      Bingapis-Traceid:
      - 97FA41E641214B39A48E7B2396BB5994
      X-Msedge-Clientid:
      - 063704F10D2A61481E190E320CBD60F6
      X-Msapi-Userstate:
      - 8b68
      Bingapis-Market:
      - en-US
      X-Msedge-Ref:
      - 'Ref A: 97FA41E641214B39A48E7B2396BB5994 Ref B: CO1EDGE0307 Ref C: 2017-07-18T18:03:40Z'
      Date:
      - Tue, 18 Jul 2017 18:03:40 GMT
    body:
      encoding: UTF-8
      string: '{"_type": "SearchResponse", "instrumentation": {"pingUrlBase": "https:\/\/www.bingapis.com\/api\/ping?IG=287BD0E21E5648C98592B9430FBAB90E&CID=063704F10D2A61481E190E320CBD60F6&ID=",
        "pageLoadPingUrl": "https:\/\/www.bingapis.com\/api\/ping\/pageload?IG=287BD0E21E5648C98592B9430FBAB90E&CID=063704F10D2A61481E190E320CBD60F6&Type=Event.CPT&DATA=0"},
        "webPages": {"webSearchUrl": "https:\/\/www.bing.com\/search?q=first+item+(site%3agov+OR+site%3amil)",
        "webSearchUrlPingSuffix": "DevEx,5473.1", "totalEstimatedMatches": 271000,
        "value": [{"id": "https:\/\/www.bingapis.com\/api\/v6\/#WebPages.0", "name":
        "Form 8-K - Official Site", "url": "https:\/\/www.sec.gov\/about\/forms\/form8-k.pdf",
        "urlPingSuffix": "DevEx,5077.1", "displayUrl": "https:\/\/www.sec.gov\/about\/forms\/form8-k.pdf",
        "snippet": "If a report on Form 8-K contains disclosures under Item 2.02
        or Item 7.01, whether or not the report contains disclosures regarding other
        items, ...", "dateLastCrawled": "2017-07-14T06:26:00.0000000Z"}, {"id":
        "https:\/\/www.bingapis.com\/api\/v6\/#WebPages.1", "name": "Chapter 3: Budgeting,
        Financial Accounting for Local and ...", "url": "https:\/\/nces.ed.gov\/pubs2004\/h2r2\/ch_3.asp",
        "urlPingSuffix": "DevEx,5090.1", "displayUrl": "https:\/\/nces.ed.gov\/pubs2004\/h2r2\/ch_3.asp",
        "snippet": "Chapter 3: Budgeting, Financial Accounting for Local and State
        School Systems, ... line-item, or \"traditional ... First, organizations
        with ...", "dateLastCrawled": "2017-07-13T03:11:00.0000000Z"}, {"id": "https:\/\/www.bingapis.com\/api\/v6\/#WebPages.2",
        "name": "Understanding food labels | girlshealth.gov", "url": "https:\/\/www.girlshealth.gov\/nutrition\/healthy_eating\/food_labels.html",
        "urlPingSuffix": "DevEx,5103.1", "displayUrl": "https:\/\/www.girlshealth.gov\/nutrition\/healthy_eating\/food_labels.html",
        "snippet": "Understanding food labels. ... Use the tool below to learn about
        each item in the box. (If you are have trouble viewing the tool above, ...",
        "dateLastCrawled": "2017-06-29T19:01:00.0000000Z"}, {"id": "https:\/\/www.bingapis.com\/api\/v6\/#WebPages.3",
        "name": "The first colored senator and ... - Library of Congress", "url":
        "https:\/\/www.loc.gov\/item\/98501907\/", "urlPingSuffix": "DevEx,5118.1",
        "displayUrl": "https:\/\/www.loc.gov\/item\/98501907", "snippet": "The
        first colored senator and ... images are available when you are outside
        the Library of Congress because the item is rights restricted or has not
        been ...", "dateLastCrawled": "2017-07-14T05:46:00.0000000Z"}, {"id": "https:\/\/www.bingapis.com\/api\/v6\/#WebPages.4",
        "name": "First Hemp Crop | ExploreKYHistory", "url": "http:\/\/explorekyhistory.ky.gov\/items\/show\/108",
        "urlPingSuffix": "DevEx,5133.1", "displayUrl": "explorekyhistory.ky.gov\/items\/show\/108",
        "snippet": "From its first recorded planting near Danville to its ... “First
        Hemp Crop ... http:\/\/explorekyhistory.ky.gov\/items\/show\/108. Related
        Tours.", "dateLastCrawled": "2017-07-11T18:58:00.0000000Z"}, {"id": "https:\/\/www.bingapis.com\/api\/v6\/#WebPages.5",
        "name": "Home Inventory Checklist", "url": "http:\/\/www.dfs.ny.gov\/consumer\/homeown\/home_invchklst.pdf",
        "urlPingSuffix": "DevEx,5145.1", "displayUrl": "www.dfs.ny.gov\/consumer\/homeown\/home_invchklst.pdf",
        "snippet": "HOME INVENTORY CHECKLIST Household Inventory Checklist | 2 Number
        Of Items Item Year Bought Cost Living Room Air Conditioner Window Units",
        "dateLastCrawled": "2017-07-15T02:56:00.0000000Z"}, {"id": "https:\/\/www.bingapis.com\/api\/v6\/#WebPages.6",
        "name": "\"The first vote\" - Home | Library of Congress", "url": "https:\/\/www.loc.gov\/pictures\/item\/00651117\/",
        "urlPingSuffix": "DevEx,5158.1", "displayUrl": "https:\/\/www.loc.gov\/pictures\/item\/00651117",
        "snippet": "\"The first vote\" About This Item; Obtaining Copies; Access
        to Original; Title: ...", "dateLastCrawled": "2017-06-18T08:31:00.0000000Z"},
        {"id": "https:\/\/www.bingapis.com\/api\/v6\/#WebPages.7", "name": "Internal
        Revenue Service - Official Site", "url": "https:\/\/www.irs.gov\/", "urlPingSuffix":
        "DevEx,5172.1", "displayUrl": "https:\/\/www.irs.gov", "snippet": "Is it
        really the IRS calling? Understand how and when the IRS contacts taxpayers
        and determine if it’s truly the IRS. Private Debt Collection", "dateLastCrawled":
        "2017-07-14T01:34:00.0000000Z"}, {"id": "https:\/\/www.bingapis.com\/api\/v6\/#WebPages.8",
        "name": "Internal Revenue Manual - 4.43.1 Retail Industry (Cont. 2)", "url":
        "https:\/\/www.irs.gov\/irm\/part4\/irm_04-043-001-cont02.html", "urlPingSuffix":
        "DevEx,5186.1", "displayUrl": "https:\/\/www.irs.gov\/irm\/part4\/irm_04-043-001-cont02.html",
        "snippet": "Earliest acquisition cost whereby the inventory value is determined
        by the actual cost of the first items acquired during ... Since the retail
        industry is ...", "dateLastCrawled": "2017-06-07T02:51:00.0000000Z"}, {"id":
        "https:\/\/www.bingapis.com\/api\/v6\/#WebPages.9", "name": "Boston.gov",
        "url": "https:\/\/www.boston.gov\/", "urlPingSuffix": "DevEx,5200.1", "about":
        [{"name": "Boston City Hall Plaza"}, {"name": "Boston"}], "displayUrl": "https:\/\/www.boston.gov",
        "snippet": "The official website of the City of Boston. Stay informed, request
        City services through 311, or contact the Mayor and City Council.", "dateLastCrawled":
        "2017-07-14T03:01:00.0000000Z"}, {"id": "https:\/\/www.bingapis.com\/api\/v6\/#WebPages.10",
        "name": "Travel Tips | Transportation Security Administration", "url":
        "https:\/\/www.tsa.gov\/travel\/travel-tips", "urlPingSuffix": "DevEx,5216.1",
        "displayUrl": "https:\/\/www.tsa.gov\/travel\/travel-tips", "snippet":
        "You are encouraged to keep these travel tips in mind to help ... Learn
        what to expect on your next flight in this first TSA ... Some carry-on items
        may be ...", "dateLastCrawled": "2017-07-14T15:40:00.0000000Z"}, {"id": "https:\/\/www.bingapis.com\/api\/v6\/#WebPages.11",
        "name": "The first Thanksgiving 1621 \/ J.L.G. Ferris. | Library of ...",
        "url": "https:\/\/www.loc.gov\/item\/2001699850\/", "urlPingSuffix": "DevEx,5231.1",
        "displayUrl": "https:\/\/www.loc.gov\/item\/2001699850", "snippet": "Articles
        and Essays with this item: ... The first Thanksgiving 1621 \/ J.L.G. Ferris.
        Massachusetts, ... from its first settlement in 1620, ...", "dateLastCrawled":
        "2017-07-05T16:25:00.0000000Z"}, {"id": "https:\/\/www.bingapis.com\/api\/v6\/#WebPages.12",
        "name": "The first spadeful - Home | Library of Congress", "url": "http:\/\/www.loc.gov\/pictures\/item\/2010717820\/",
        "urlPingSuffix": "DevEx,5245.1", "displayUrl": "www.loc.gov\/pictures\/item\/2010717820",
        "snippet": "The first spadeful. About This Item; Obtaining Copies; Access
        to Original; Title: The first spadeful Creator(s): Rogers, W. A. (William
        Allen ), 1854-1931, artist ...", "dateLastCrawled": "2017-07-08T16:21:00.0000000Z"},
        {"id": "https:\/\/www.bingapis.com\/api\/v6\/#WebPages.13", "name": "The
        first sleigh-ride | Library of Congress", "url": "https:\/\/www.loc.gov\/item\/00694206\/",
        "urlPingSuffix": "DevEx,5259.1", "displayUrl": "https:\/\/www.loc.gov\/item\/00694206",
        "snippet": "The First Sleigh-Ride. United States: ... Retrieved from the
        Library of Congress, https:\/\/www.loc.gov\/item\/00694206\/. (Accessed
        July 13, 2017.) APA citation style:", "dateLastCrawled": "2017-07-14T21:08:00.0000000Z"},
        {"id": "https:\/\/www.bingapis.com\/api\/v6\/#WebPages.14", "name": "First-aid
        Kits (Mandatory). - 1910.266 App A ...", "url": "https:\/\/www.osha.gov\/pls\/oshaweb\/owadisp.show_document?p_table=STANDARDS&p_id=9863",
        "urlPingSuffix": "DevEx,5272.1", "displayUrl": "https:\/\/www.osha.gov\/pls\/oshaweb\/owadisp.show_document?p_table=...",
        "snippet": "The following list sets forth the minimally acceptable number
        and type of first-aid supplies for first-aid kits required under paragraph
        (d)(2) of the logging ...", "dateLastCrawled": "2017-07-13T22:50:00.0000000Z"},
        {"id": "https:\/\/www.bingapis.com\/api\/v6\/#WebPages.15", "name": "FARSite
        (Federal Acquisition Regulation Site)", "url": "http:\/\/farsite.hill.af.mil\/",
        "urlPingSuffix": "DevEx,5286.1", "displayUrl": "farsite.hill.af.mil", "snippet":
        "Compiles data on FAR and DFAR along with other advisory information.", "dateLastCrawled":
        "2017-07-14T10:31:00.0000000Z"}, {"id": "https:\/\/www.bingapis.com\/api\/v6\/#WebPages.16",
        "name": "\"The first vote\" - Home | Library of Congress", "url": "http:\/\/www.loc.gov\/pictures\/item\/2011648984\/",
        "urlPingSuffix": "DevEx,5300.1", "displayUrl": "www.loc.gov\/pictures\/item\/2011648984",
        "snippet": "1 print : wood engraving ; 42 x 30.4 cm (sheet) | Illustration
        shows a queue of African American men, the first, dressed as a laborer,
        casting his vote, the second is ...", "dateLastCrawled": "2017-06-02T03:21:00.0000000Z"},
        {"id": "https:\/\/www.bingapis.com\/api\/v6\/#WebPages.17", "name": "King
        Andrew the First", "url": "http:\/\/www.loc.gov\/pictures\/item\/2008661753\/",
        "urlPingSuffix": "DevEx,5314.1", "displayUrl": "www.loc.gov\/pictures\/item\/2008661753",
        "snippet": "King Andrew the First. About This Item; Obtaining Copies;
        Access to Original; Title: King Andrew the First Date Created\/Published:
        [New York? : s.n .], 1833. ...", "dateLastCrawled": "2017-07-02T15:37:00.0000000Z"},
        {"id": "https:\/\/www.bingapis.com\/api\/v6\/#WebPages.18", "name": "Legacy
        Assessment Materials (OCCT, EOI & OMAAP) | Oklahoma ...", "url": "http:\/\/sde.ok.gov\/sde\/documents\/2013-09-05\/blue-prints-plds-item-specs",
        "urlPingSuffix": "DevEx,5328.1", "displayUrl": "sde.ok.gov\/sde\/documents\/2013-09-05\/blue-prints-plds-item-specs",
        "snippet": "The Office of Assessments is diligently working on new assessment
        materials and a webpage available in ... Item Specs shows test and item
        specifications giving a ...", "dateLastCrawled": "2017-07-11T09:31:00.0000000Z"},
        {"id": "https:\/\/www.bingapis.com\/api\/v6\/#WebPages.19", "name": "The
        First Ladies | whitehouse.gov", "url": "https:\/\/www.whitehouse.gov\/1600\/first-ladies",
        "urlPingSuffix": "DevEx,5343.1", "about": [{"name": "Nancy Reagan"}], "displayUrl":
        "https:\/\/www.whitehouse.gov\/1600\/first-ladies", "snippet": "Which
        two first ladies met their husbands through local newspapers? Who was the
        first First Lady to make regular nationwide radio broadcasts? Which First
        Lady cared ...", "dateLastCrawled": "2017-07-13T23:02:00.0000000Z"}]}, "rankingResponse":
        {"mainline": {"items": [{"answerType": "WebPages", "resultIndex": 0, "value":
        {"id": "https:\/\/www.bingapis.com\/api\/v6\/#WebPages.0"}}, {"answerType":
        "WebPages", "resultIndex": 1, "value": {"id": "https:\/\/www.bingapis.com\/api\/v6\/#WebPages.1"}},
        {"answerType": "WebPages", "resultIndex": 2, "value": {"id": "https:\/\/www.bingapis.com\/api\/v6\/#WebPages.2"}},
        {"answerType": "WebPages", "resultIndex": 3, "value": {"id": "https:\/\/www.bingapis.com\/api\/v6\/#WebPages.3"}},
        {"answerType": "WebPages", "resultIndex": 4, "value": {"id": "https:\/\/www.bingapis.com\/api\/v6\/#WebPages.4"}},
        {"answerType": "WebPages", "resultIndex": 5, "value": {"id": "https:\/\/www.bingapis.com\/api\/v6\/#WebPages.5"}},
        {"answerType": "WebPages", "resultIndex": 6, "value": {"id": "https:\/\/www.bingapis.com\/api\/v6\/#WebPages.6"}},
        {"answerType": "WebPages", "resultIndex": 7, "value": {"id": "https:\/\/www.bingapis.com\/api\/v6\/#WebPages.7"}},
        {"answerType": "WebPages", "resultIndex": 8, "value": {"id": "https:\/\/www.bingapis.com\/api\/v6\/#WebPages.8"}},
        {"answerType": "WebPages", "resultIndex": 9, "value": {"id": "https:\/\/www.bingapis.com\/api\/v6\/#WebPages.9"}},
        {"answerType": "WebPages", "resultIndex": 10, "value": {"id": "https:\/\/www.bingapis.com\/api\/v6\/#WebPages.10"}},
        {"answerType": "WebPages", "resultIndex": 11, "value": {"id": "https:\/\/www.bingapis.com\/api\/v6\/#WebPages.11"}},
        {"answerType": "WebPages", "resultIndex": 12, "value": {"id": "https:\/\/www.bingapis.com\/api\/v6\/#WebPages.12"}},
        {"answerType": "WebPages", "resultIndex": 13, "value": {"id": "https:\/\/www.bingapis.com\/api\/v6\/#WebPages.13"}},
        {"answerType": "WebPages", "resultIndex": 14, "value": {"id": "https:\/\/www.bingapis.com\/api\/v6\/#WebPages.14"}},
        {"answerType": "WebPages", "resultIndex": 15, "value": {"id": "https:\/\/www.bingapis.com\/api\/v6\/#WebPages.15"}},
        {"answerType": "WebPages", "resultIndex": 16, "value": {"id": "https:\/\/www.bingapis.com\/api\/v6\/#WebPages.16"}},
        {"answerType": "WebPages", "resultIndex": 17, "value": {"id": "https:\/\/www.bingapis.com\/api\/v6\/#WebPages.17"}},
        {"answerType": "WebPages", "resultIndex": 18, "value": {"id": "https:\/\/www.bingapis.com\/api\/v6\/#WebPages.18"}},
        {"answerType": "WebPages", "resultIndex": 19, "value": {"id": "https:\/\/www.bingapis.com\/api\/v6\/#WebPages.19"}}]}}}'
    http_version: 
  recorded_at: Tue, 18 Jul 2017 18:03:40 GMT
- request:
    method: get
    uri: https://www.bingapis.com/api/v6/search?AppId=***REMOVED***&count=20&mkt=en-US&offset=0&q=first%20item%20(site:gov%20OR%20site:mil)&responseFilter=WebPages,SpellSuggestions&safeSearch=moderate&textDecorations=true&traffictype=test
    body:
      encoding: US-ASCII
      string: ''
    headers:
      User-Agent:
      - USASearch
      Ocp-Apim-Subscription-Key:
      - ***REMOVED***
      Accept-Encoding:
      - gzip;q=1.0,deflate;q=0.6,identity;q=0.3
      Accept:
      - "*/*"
      Connection:
      - keep-alive
      Keep-Alive:
      - 30
  response:
    status:
      code: 200
      message: OK
    headers:
      Cache-Control:
      - private, max-age=0
      Content-Length:
      - '3476'
      Content-Type:
      - application/json; charset=utf-8
      Expires:
      - Tue, 18 Jul 2017 18:02:40 GMT
      Vary:
      - Accept-Encoding
      Server:
      - Microsoft-IIS/10.0
      P3p:
      - CP="NON UNI COM NAV STA LOC CURa DEVa PSAa PSDa OUR IND"
      Set-Cookie:
      - MUID=2841F1B63B76616D0256FB753AE1605B; path=/; expires=Thu, 18-Jul-2019 18:03:41
        GMT; domain=bingapis.com
      - MUIDB=2841F1B63B76616D0256FB753AE1605B; path=/; httponly; expires=Thu, 18-Jul-2019
        18:03:41 GMT
      - SRCHD=AF=NOFORM; domain=.bingapis.com; expires=Thu, 18-Jul-2019 18:03:40 GMT;
        path=/
      - SRCHUID=V=2&GUID=604CDD2BB5AA4407B1334701392B5202; expires=Thu, 18-Jul-2019
        18:03:40 GMT; path=/
      - SRCHUSR=DOB=20170718; domain=.bingapis.com; expires=Thu, 18-Jul-2019 18:03:40
        GMT; path=/
      - _EDGE_S=mkt=en-us&F=1&SID=35090AE5148C689E19E30026151B69D1; path=/; httponly;
        domain=bingapis.com
      - _EDGE_V=1; path=/; httponly; expires=Thu, 18-Jul-2019 18:03:41 GMT; domain=bingapis.com
      - _SS=SID=35090AE5148C689E19E30026151B69D1; domain=.bingapis.com; path=/
      Bingapis-Traceid:
      - CA11A85797284AE9B7A4769F58C8CECE
      X-Msedge-Clientid:
      - 2841F1B63B76616D0256FB753AE1605B
      X-Msapi-Userstate:
      - d5ed
      Bingapis-Market:
      - en-US
      X-Msedge-Ref:
      - 'Ref A: CA11A85797284AE9B7A4769F58C8CECE Ref B: CO1EDGE0319 Ref C: 2017-07-18T18:03:41Z'
      Date:
      - Tue, 18 Jul 2017 18:03:40 GMT
    body:
      encoding: UTF-8
      string: '{"_type": "SearchResponse", "instrumentation": {"pingUrlBase": "https:\/\/www.bingapis.com\/api\/ping?IG=54E18495F6A04324B77F64243DDAF24D&CID=2841F1B63B76616D0256FB753AE1605B&ID=",
        "pageLoadPingUrl": "https:\/\/www.bingapis.com\/api\/ping\/pageload?IG=54E18495F6A04324B77F64243DDAF24D&CID=2841F1B63B76616D0256FB753AE1605B&Type=Event.CPT&DATA=0"},
        "webPages": {"webSearchUrl": "https:\/\/www.bing.com\/search?q=first+item+(site%3agov+OR+site%3amil)",
        "webSearchUrlPingSuffix": "DevEx,5474.1", "totalEstimatedMatches": 270000,
        "value": [{"id": "https:\/\/www.bingapis.com\/api\/v6\/#WebPages.0", "name":
        "Item 5.03 of Form 8-K - SEC.gov", "url": "https:\/\/www.sec.gov\/about\/forms\/form8-k.pdf",
        "urlPingSuffix": "DevEx,5078.1", "displayUrl": "https:\/\/www.sec.gov\/about\/forms\/form8-k.pdf",
        "snippet": "If a report on Form 8-K contains disclosures under Item 2.02
        or Item 7.01, whether or not the report contains disclosures regarding other
        items, ...", "dateLastCrawled": "2017-07-14T06:26:00.0000000Z"}, {"id":
        "https:\/\/www.bingapis.com\/api\/v6\/#WebPages.1", "name": "Chapter 3: Budgeting,
        Financial Accounting for Local and ...", "url": "https:\/\/nces.ed.gov\/pubs2004\/h2r2\/ch_3.asp",
        "urlPingSuffix": "DevEx,5091.1", "displayUrl": "https:\/\/nces.ed.gov\/pubs2004\/h2r2\/ch_3.asp",
        "snippet": "Chapter 3: Budgeting, Financial Accounting for Local and State
        School Systems, ... line-item, or \"traditional ... First, organizations
        with ...", "dateLastCrawled": "2017-07-13T03:11:00.0000000Z"}, {"id": "https:\/\/www.bingapis.com\/api\/v6\/#WebPages.2",
        "name": "Understanding food labels | girlshealth.gov", "url": "https:\/\/www.girlshealth.gov\/nutrition\/healthy_eating\/food_labels.html",
        "urlPingSuffix": "DevEx,5104.1", "displayUrl": "https:\/\/www.girlshealth.gov\/nutrition\/healthy_eating\/food_labels.html",
        "snippet": "Understanding food labels. ... Use the tool below to learn about
        each item in the box. (If you are have trouble viewing the tool above, ...",
        "dateLastCrawled": "2017-06-29T19:01:00.0000000Z"}, {"id": "https:\/\/www.bingapis.com\/api\/v6\/#WebPages.3",
        "name": "The first colored senator and ... - Library of Congress", "url":
        "https:\/\/www.loc.gov\/item\/98501907\/", "urlPingSuffix": "DevEx,5119.1",
        "displayUrl": "https:\/\/www.loc.gov\/item\/98501907", "snippet": "The
        first colored senator and ... images are available when you are outside
        the Library of Congress because the item is rights restricted or has not
        been ...", "dateLastCrawled": "2017-07-14T05:46:00.0000000Z"}, {"id": "https:\/\/www.bingapis.com\/api\/v6\/#WebPages.4",
        "name": "First Hemp Crop | ExploreKYHistory", "url": "http:\/\/explorekyhistory.ky.gov\/items\/show\/108",
        "urlPingSuffix": "DevEx,5134.1", "displayUrl": "explorekyhistory.ky.gov\/items\/show\/108",
        "snippet": "From its first recorded planting near Danville to its ... “First
        Hemp Crop ... http:\/\/explorekyhistory.ky.gov\/items\/show\/108. Related
        Tours.", "dateLastCrawled": "2017-07-11T18:58:00.0000000Z"}, {"id": "https:\/\/www.bingapis.com\/api\/v6\/#WebPages.5",
        "name": "Home Inventory Checklist", "url": "http:\/\/www.dfs.ny.gov\/consumer\/homeown\/home_invchklst.pdf",
        "urlPingSuffix": "DevEx,5146.1", "displayUrl": "www.dfs.ny.gov\/consumer\/homeown\/home_invchklst.pdf",
        "snippet": "HOME INVENTORY CHECKLIST Household Inventory Checklist | 2 Number
        Of Items Item Year Bought Cost Living Room Air Conditioner Window Units",
        "dateLastCrawled": "2017-07-15T02:56:00.0000000Z"}, {"id": "https:\/\/www.bingapis.com\/api\/v6\/#WebPages.6",
        "name": "\"The first vote\" - Home | Library of Congress", "url": "https:\/\/www.loc.gov\/pictures\/item\/00651117\/",
        "urlPingSuffix": "DevEx,5159.1", "displayUrl": "https:\/\/www.loc.gov\/pictures\/item\/00651117",
        "snippet": "\"The first vote\" About This Item; Obtaining Copies; Access
        to Original; Title: ...", "dateLastCrawled": "2017-06-18T08:31:00.0000000Z"},
        {"id": "https:\/\/www.bingapis.com\/api\/v6\/#WebPages.7", "name": "Internal
        Revenue Service", "url": "https:\/\/www.irs.gov\/", "urlPingSuffix": "DevEx,5173.1",
        "displayUrl": "https:\/\/www.irs.gov", "snippet": "Is it really the IRS
        calling? Understand how and when the IRS contacts taxpayers and determine
        if it’s truly the IRS. Private Debt Collection", "dateLastCrawled": "2017-07-14T01:34:00.0000000Z"},
        {"id": "https:\/\/www.bingapis.com\/api\/v6\/#WebPages.8", "name": "Internal
        Revenue Manual - 4.43.1 Retail Industry (Cont. 2)", "url": "https:\/\/www.irs.gov\/irm\/part4\/irm_04-043-001-cont02.html",
        "urlPingSuffix": "DevEx,5187.1", "displayUrl": "https:\/\/www.irs.gov\/irm\/part4\/irm_04-043-001-cont02.html",
        "snippet": "Earliest acquisition cost whereby the inventory value is determined
        by the actual cost of the first items acquired during ... Since the retail
        industry is ...", "dateLastCrawled": "2017-06-07T02:51:00.0000000Z"}, {"id":
        "https:\/\/www.bingapis.com\/api\/v6\/#WebPages.9", "name": "Boston.gov",
        "url": "https:\/\/www.boston.gov\/", "urlPingSuffix": "DevEx,5201.1", "about":
        [{"name": "Boston City Hall Plaza"}, {"name": "Boston"}], "displayUrl": "https:\/\/www.boston.gov",
        "snippet": "The official website of the City of Boston. Stay informed, request
        City services through 311, or contact the Mayor and City Council.", "dateLastCrawled":
        "2017-07-14T03:01:00.0000000Z"}, {"id": "https:\/\/www.bingapis.com\/api\/v6\/#WebPages.10",
        "name": "Travel Tips | Transportation Security Administration", "url":
        "https:\/\/www.tsa.gov\/travel\/travel-tips", "urlPingSuffix": "DevEx,5217.1",
        "displayUrl": "https:\/\/www.tsa.gov\/travel\/travel-tips", "snippet":
        "You are encouraged to keep these travel tips in mind to help ... Learn
        what to expect on your next flight in this first TSA ... Some carry-on items
        may be ...", "dateLastCrawled": "2017-07-14T15:40:00.0000000Z"}, {"id": "https:\/\/www.bingapis.com\/api\/v6\/#WebPages.11",
        "name": "The first Thanksgiving 1621 \/ J.L.G. Ferris. | Library of ...",
        "url": "https:\/\/www.loc.gov\/item\/2001699850\/", "urlPingSuffix": "DevEx,5232.1",
        "displayUrl": "https:\/\/www.loc.gov\/item\/2001699850", "snippet": "Articles
        and Essays with this item: ... The first Thanksgiving 1621 \/ J.L.G. Ferris.
        Massachusetts, ... from its first settlement in 1620, ...", "dateLastCrawled":
        "2017-07-05T16:25:00.0000000Z"}, {"id": "https:\/\/www.bingapis.com\/api\/v6\/#WebPages.12",
        "name": "The first spadeful - Home | Library of Congress", "url": "http:\/\/www.loc.gov\/pictures\/item\/2010717820\/",
        "urlPingSuffix": "DevEx,5246.1", "displayUrl": "www.loc.gov\/pictures\/item\/2010717820",
        "snippet": "The first spadeful. About This Item; Obtaining Copies; Access
        to Original; Title: The first spadeful Creator(s): Rogers, W. A. (William
        Allen ), 1854-1931, artist ...", "dateLastCrawled": "2017-07-08T16:21:00.0000000Z"},
        {"id": "https:\/\/www.bingapis.com\/api\/v6\/#WebPages.13", "name": "The
        first sleigh-ride | Library of Congress", "url": "https:\/\/www.loc.gov\/item\/00694206\/",
        "urlPingSuffix": "DevEx,5260.1", "displayUrl": "https:\/\/www.loc.gov\/item\/00694206",
        "snippet": "The First Sleigh-Ride. United States: ... Retrieved from the
        Library of Congress, https:\/\/www.loc.gov\/item\/00694206\/. (Accessed
        July 13, 2017.) APA citation style:", "dateLastCrawled": "2017-07-14T21:08:00.0000000Z"},
        {"id": "https:\/\/www.bingapis.com\/api\/v6\/#WebPages.14", "name": "First-aid
        Kits (Mandatory). - 1910.266 App A ...", "url": "https:\/\/www.osha.gov\/pls\/oshaweb\/owadisp.show_document?p_table=STANDARDS&p_id=9863",
        "urlPingSuffix": "DevEx,5273.1", "displayUrl": "https:\/\/www.osha.gov\/pls\/oshaweb\/owadisp.show_document?p_table=...",
        "snippet": "The following list sets forth the minimally acceptable number
        and type of first-aid supplies for first-aid kits required under paragraph
        (d)(2) of the logging ...", "dateLastCrawled": "2017-07-13T22:50:00.0000000Z"},
        {"id": "https:\/\/www.bingapis.com\/api\/v6\/#WebPages.15", "name": "FARSite
        (Federal Acquisition Regulation Site)", "url": "http:\/\/farsite.hill.af.mil\/",
        "urlPingSuffix": "DevEx,5287.1", "displayUrl": "farsite.hill.af.mil", "snippet":
        "Compiles data on FAR and DFAR along with other advisory information.", "dateLastCrawled":
        "2017-07-14T10:31:00.0000000Z"}, {"id": "https:\/\/www.bingapis.com\/api\/v6\/#WebPages.16",
        "name": "\"The first vote\" - Home | Library of Congress", "url": "http:\/\/www.loc.gov\/pictures\/item\/2011648984\/",
        "urlPingSuffix": "DevEx,5301.1", "displayUrl": "www.loc.gov\/pictures\/item\/2011648984",
        "snippet": "1 print : wood engraving ; 42 x 30.4 cm (sheet) | Illustration
        shows a queue of African American men, the first, dressed as a laborer,
        casting his vote, the second is ...", "dateLastCrawled": "2017-06-02T03:21:00.0000000Z"},
        {"id": "https:\/\/www.bingapis.com\/api\/v6\/#WebPages.17", "name": "King
        Andrew the First", "url": "http:\/\/www.loc.gov\/pictures\/item\/2008661753\/",
        "urlPingSuffix": "DevEx,5315.1", "displayUrl": "www.loc.gov\/pictures\/item\/2008661753",
        "snippet": "King Andrew the First. About This Item; Obtaining Copies;
        Access to Original; Title: King Andrew the First Date Created\/Published:
        [New York? : s.n .], 1833. ...", "dateLastCrawled": "2017-07-02T15:37:00.0000000Z"},
        {"id": "https:\/\/www.bingapis.com\/api\/v6\/#WebPages.18", "name": "Legacy
        Assessment Materials (OCCT, EOI & OMAAP) | Oklahoma ...", "url": "http:\/\/sde.ok.gov\/sde\/documents\/2013-09-05\/blue-prints-plds-item-specs",
        "urlPingSuffix": "DevEx,5329.1", "displayUrl": "sde.ok.gov\/sde\/documents\/2013-09-05\/blue-prints-plds-item-specs",
        "snippet": "The Office of Assessments is diligently working on new assessment
        materials and a webpage available in ... Item Specs shows test and item
        specifications giving a ...", "dateLastCrawled": "2017-07-11T09:31:00.0000000Z"},
        {"id": "https:\/\/www.bingapis.com\/api\/v6\/#WebPages.19", "name": "The
        First Ladies | whitehouse.gov", "url": "https:\/\/www.whitehouse.gov\/1600\/first-ladies",
        "urlPingSuffix": "DevEx,5344.1", "about": [{"name": "Nancy Reagan"}], "displayUrl":
        "https:\/\/www.whitehouse.gov\/1600\/first-ladies", "snippet": "Which
        two first ladies met their husbands through local newspapers? Who was the
        first First Lady to make regular nationwide radio broadcasts? Which First
        Lady cared ...", "dateLastCrawled": "2017-07-13T23:02:00.0000000Z"}]}, "rankingResponse":
        {"mainline": {"items": [{"answerType": "WebPages", "resultIndex": 0, "value":
        {"id": "https:\/\/www.bingapis.com\/api\/v6\/#WebPages.0"}}, {"answerType":
        "WebPages", "resultIndex": 1, "value": {"id": "https:\/\/www.bingapis.com\/api\/v6\/#WebPages.1"}},
        {"answerType": "WebPages", "resultIndex": 2, "value": {"id": "https:\/\/www.bingapis.com\/api\/v6\/#WebPages.2"}},
        {"answerType": "WebPages", "resultIndex": 3, "value": {"id": "https:\/\/www.bingapis.com\/api\/v6\/#WebPages.3"}},
        {"answerType": "WebPages", "resultIndex": 4, "value": {"id": "https:\/\/www.bingapis.com\/api\/v6\/#WebPages.4"}},
        {"answerType": "WebPages", "resultIndex": 5, "value": {"id": "https:\/\/www.bingapis.com\/api\/v6\/#WebPages.5"}},
        {"answerType": "WebPages", "resultIndex": 6, "value": {"id": "https:\/\/www.bingapis.com\/api\/v6\/#WebPages.6"}},
        {"answerType": "WebPages", "resultIndex": 7, "value": {"id": "https:\/\/www.bingapis.com\/api\/v6\/#WebPages.7"}},
        {"answerType": "WebPages", "resultIndex": 8, "value": {"id": "https:\/\/www.bingapis.com\/api\/v6\/#WebPages.8"}},
        {"answerType": "WebPages", "resultIndex": 9, "value": {"id": "https:\/\/www.bingapis.com\/api\/v6\/#WebPages.9"}},
        {"answerType": "WebPages", "resultIndex": 10, "value": {"id": "https:\/\/www.bingapis.com\/api\/v6\/#WebPages.10"}},
        {"answerType": "WebPages", "resultIndex": 11, "value": {"id": "https:\/\/www.bingapis.com\/api\/v6\/#WebPages.11"}},
        {"answerType": "WebPages", "resultIndex": 12, "value": {"id": "https:\/\/www.bingapis.com\/api\/v6\/#WebPages.12"}},
        {"answerType": "WebPages", "resultIndex": 13, "value": {"id": "https:\/\/www.bingapis.com\/api\/v6\/#WebPages.13"}},
        {"answerType": "WebPages", "resultIndex": 14, "value": {"id": "https:\/\/www.bingapis.com\/api\/v6\/#WebPages.14"}},
        {"answerType": "WebPages", "resultIndex": 15, "value": {"id": "https:\/\/www.bingapis.com\/api\/v6\/#WebPages.15"}},
        {"answerType": "WebPages", "resultIndex": 16, "value": {"id": "https:\/\/www.bingapis.com\/api\/v6\/#WebPages.16"}},
        {"answerType": "WebPages", "resultIndex": 17, "value": {"id": "https:\/\/www.bingapis.com\/api\/v6\/#WebPages.17"}},
        {"answerType": "WebPages", "resultIndex": 18, "value": {"id": "https:\/\/www.bingapis.com\/api\/v6\/#WebPages.18"}},
        {"answerType": "WebPages", "resultIndex": 19, "value": {"id": "https:\/\/www.bingapis.com\/api\/v6\/#WebPages.19"}}]}}}'
    http_version: 
  recorded_at: Tue, 18 Jul 2017 18:03:41 GMT
- request:
    method: get
    uri: https://www.bingapis.com/api/v6/search?AppId=***REMOVED***&count=20&mkt=en-US&offset=0&q=loren%20(site:gov%20OR%20site:mil)&responseFilter=WebPages,SpellSuggestions&safeSearch=moderate&textDecorations=true&traffictype=test
    body:
      encoding: US-ASCII
      string: ''
    headers:
      User-Agent:
      - USASearch
      Ocp-Apim-Subscription-Key:
      - ***REMOVED***
      Accept-Encoding:
      - gzip;q=1.0,deflate;q=0.6,identity;q=0.3
      Accept:
      - "*/*"
      Connection:
      - keep-alive
      Keep-Alive:
      - 30
  response:
    status:
      code: 200
      message: OK
    headers:
      Cache-Control:
      - private, max-age=0
      Content-Length:
      - '3859'
      Content-Type:
      - application/json; charset=utf-8
      Expires:
      - Tue, 18 Jul 2017 18:02:41 GMT
      Vary:
      - Accept-Encoding
      Server:
      - Microsoft-IIS/10.0
      P3p:
      - CP="NON UNI COM NAV STA LOC CURa DEVa PSAa PSDa OUR IND"
      Set-Cookie:
      - MUID=1B2975BC85A967EF09A17F7F843E6616; path=/; expires=Thu, 18-Jul-2019 18:03:42
        GMT; domain=bingapis.com
      - MUIDB=1B2975BC85A967EF09A17F7F843E6616; path=/; httponly; expires=Thu, 18-Jul-2019
        18:03:42 GMT
      - SRCHD=AF=NOFORM; domain=.bingapis.com; expires=Thu, 18-Jul-2019 18:03:41 GMT;
        path=/
      - SRCHUID=V=2&GUID=20016191C55947ED914C93155C691428; expires=Thu, 18-Jul-2019
        18:03:41 GMT; path=/
      - SRCHUSR=DOB=20170718; domain=.bingapis.com; expires=Thu, 18-Jul-2019 18:03:41
        GMT; path=/
      - _EDGE_S=mkt=en-us&F=1&SID=36F446AB7B27668612F04C687AB067B1; path=/; httponly;
        domain=bingapis.com
      - _EDGE_V=1; path=/; httponly; expires=Thu, 18-Jul-2019 18:03:42 GMT; domain=bingapis.com
      - _SS=SID=36F446AB7B27668612F04C687AB067B1; domain=.bingapis.com; path=/
      Bingapis-Traceid:
      - 6A96BEDA8A5A4D7FACA40AC70D282ED6
      X-Msedge-Clientid:
      - 1B2975BC85A967EF09A17F7F843E6616
      X-Msapi-Userstate:
      - 8d1c
      Bingapis-Market:
      - en-US
      X-Msedge-Ref:
      - 'Ref A: 6A96BEDA8A5A4D7FACA40AC70D282ED6 Ref B: CO1EDGE0518 Ref C: 2017-07-18T18:03:42Z'
      Date:
      - Tue, 18 Jul 2017 18:03:41 GMT
    body:
      encoding: UTF-8
      string: '{"_type": "SearchResponse", "instrumentation": {"pingUrlBase": "https:\/\/www.bingapis.com\/api\/ping?IG=8B4B13F198C14302AFC38BBDDBA2E940&CID=1B2975BC85A967EF09A17F7F843E6616&ID=",
        "pageLoadPingUrl": "https:\/\/www.bingapis.com\/api\/ping\/pageload?IG=8B4B13F198C14302AFC38BBDDBA2E940&CID=1B2975BC85A967EF09A17F7F843E6616&Type=Event.CPT&DATA=0"},
        "webPages": {"webSearchUrl": "https:\/\/www.bing.com\/search?q=loren+(site%3agov+OR+site%3amil)",
        "webSearchUrlPingSuffix": "DevEx,5479.1", "totalEstimatedMatches": 310000,
        "value": [{"id": "https:\/\/www.bingapis.com\/api\/v6\/#WebPages.0", "name":
        "Loren L. AliKhan | jnc", "url": "https:\/\/jnc.dc.gov\/biography\/loren-l-alikhan",
        "urlPingSuffix": "DevEx,5077.1", "displayUrl": "https:\/\/jnc.dc.gov\/biography\/loren-l-alikhan",
        "snippet": "Loren L. AliKhan is Deputy Solicitor General for the District
        of Columbia, where she oversees civil and administrative appeals before the
        D.C. Court of Appeals, the U ...", "dateLastCrawled": "2017-07-12T05:11:00.0000000Z"},
        {"id": "https:\/\/www.bingapis.com\/api\/v6\/#WebPages.1", "name": "Navy.mil
        Leadership Biographies", "url": "http:\/\/www.navy.mil\/navydata\/bios\/navybio.asp?bioID=184",
        "urlPingSuffix": "DevEx,5091.1", "displayUrl": "www.navy.mil\/navydata\/bios\/navybio.asp?bioID=184",
        "snippet": "Rear Admiral Loren is a native of Massapequa, N.Y., and graduated
        from the United States Naval Academy in 1974, receiving a Bachelor of Science
        degree (Operations ...", "dateLastCrawled": "2017-07-11T16:20:00.0000000Z"},
        {"id": "https:\/\/www.bingapis.com\/api\/v6\/#WebPages.2", "name": "Six Co-Conspirators
        of Loren Toelle Drug Trafficking ...", "url": "https:\/\/www.justice.gov\/usao-id\/pr\/six-co-conspirators-loren-toelle-drug-trafficking-organization-sentenced-prison",
        "urlPingSuffix": "DevEx,5108.1", "displayUrl": "https:\/\/www.justice.gov\/usao-id\/pr\/six-co-conspirators-loren...",
        "snippet": "COEUR D''ALENE – Six co-conspirators of the Loren Toelle drug
        trafficking organization were sentenced Tuesday and Wednesday to prison on
        drug trafficking and money ...", "dateLastCrawled": "2017-06-23T01:33:00.0000000Z"},
        {"id": "https:\/\/www.bingapis.com\/api\/v6\/#WebPages.3", "name": "Loren
        Wobig - Water Resources", "url": "https:\/\/www.dnr.illinois.gov\/WaterResources\/Pages\/OWRStaff_WobigLoren.aspx",
        "urlPingSuffix": "DevEx,5124.1", "displayUrl": "https:\/\/www.dnr.illinois.gov\/...\/Pages\/OWRStaff_WobigLoren.aspx",
        "snippet": "Loren Wobig has been working for the State of Illinois for over
        30 years as a licensed Professional Engineer in Illinois, Certified Floodplain
        Manager, Civil Engineer ...", "dateLastCrawled": "2017-07-07T13:31:00.0000000Z"},
        {"id": "https:\/\/www.bingapis.com\/api\/v6\/#WebPages.4", "name": "Assistant
        Commissioner Loren Colman \/ Minnesota Department ...", "url": "http:\/\/mn.gov\/dhs\/media\/executive-staff-bios\/media-bio-colman.jsp",
        "urlPingSuffix": "DevEx,5138.1", "displayUrl": "mn.gov\/dhs\/media\/executive-staff-bios\/media-bio-colman.jsp",
        "snippet": "Brief biography and photograph of Assistant Commissioner of Continuing
        Care Loren Colman", "dateLastCrawled": "2017-07-14T01:14:00.0000000Z"},
        {"id": "https:\/\/www.bingapis.com\/api\/v6\/#WebPages.5", "name": "Loren
        ''Renn'' Cannon Named Special Agent in Charge of the ...", "url": "https:\/\/www.fbi.gov\/news\/pressrel\/press-releases\/loren-renn-cannon-named-special-agent-in-charge-of-the-portland-division",
        "urlPingSuffix": "DevEx,5155.1", "displayUrl": "https:\/\/www.fbi.gov\/news\/pressrel\/press-releases\/loren-renn-cannon...",
        "snippet": "FBI Director James B. Comey has named Loren (Renn) Cannon as
        the special agent in charge of the Portland Division.", "dateLastCrawled":
        "2017-06-28T07:44:00.0000000Z"}, {"id": "https:\/\/www.bingapis.com\/api\/v6\/#WebPages.6",
        "name": "Loren A. Smith | Administrative Conference of the United ...",
        "url": "https:\/\/www.acus.gov\/contacts\/loren-smith", "urlPingSuffix": "DevEx,5169.1",
        "displayUrl": "https:\/\/www.acus.gov\/contacts\/loren-smith", "snippet":
        "Loren A. Smith, a senior judge on the U.S. Court of Federal Claims, is
        a distinguished adjunct professor of law. He was appointed to the bench on
        July 11, 1985, and ...", "dateLastCrawled": "2017-07-14T13:15:00.0000000Z"},
        {"id": "https:\/\/www.bingapis.com\/api\/v6\/#WebPages.7", "name": "State
        Bar of CA :: Loren Michael Merlin", "url": "http:\/\/members.calbar.ca.gov\/fal\/Member\/Detail\/266522",
        "urlPingSuffix": "DevEx,5183.1", "displayUrl": "members.calbar.ca.gov\/fal\/Member\/Detail\/266522",
        "snippet": "Loren Michael Merlin - #266522. Current Status: Active This
        member is active and may practice law in California. See below for more
        details. Profile ...", "dateLastCrawled": "2017-07-14T19:51:00.0000000Z"},
        {"id": "https:\/\/www.bingapis.com\/api\/v6\/#WebPages.8", "name": "Loren
        W. Holzhueter and ISC, Inc. (d\/b\/a Insurance Service ...", "url": "https:\/\/www.sec.gov\/litigation\/complaints\/2015\/comp23182.pdf",
        "urlPingSuffix": "DevEx,5195.1", "displayUrl": "https:\/\/www.sec.gov\/litigation\/complaints\/2015\/comp23182.pdf",
        "snippet": "3 2013, ISC had its records seized by the Internal Revenue Service,
        Criminal Investigative Division (“IRS-CI”) pursuant to a search warrant ,
        and (c) ISC raised ...", "dateLastCrawled": "2017-07-08T07:43:00.0000000Z"},
        {"id": "https:\/\/www.bingapis.com\/api\/v6\/#WebPages.9", "name": "Loren
        Miller Legal Services Award - calbar.ca.gov", "url": "https:\/\/www.calbar.ca.gov\/About-Us\/Who-We-Are\/Awards\/Loren-Miller-Legal-Services",
        "urlPingSuffix": "DevEx,5206.1", "displayUrl": "https:\/\/www.calbar.ca.gov\/About-Us\/Who-We-Are\/Awards\/Loren-Miller...",
        "snippet": "The Loren Miller Legal Services Award, named after the late
        Loren Miller, an African American lawyer and judge who was a leader in the
        civil rights movement, was ...", "dateLastCrawled": "2017-07-11T00:55:00.0000000Z"},
        {"id": "https:\/\/www.bingapis.com\/api\/v6\/#WebPages.10", "name": "Seven
        Arrested for Multi-State Drug Trafficking and Money ...", "url": "https:\/\/www.justice.gov\/usao-id\/pr\/seven-arrested-multi-state-drug-trafficking-and-money-laundering-ring",
        "urlPingSuffix": "DevEx,5225.1", "displayUrl": "https:\/\/www.justice.gov\/usao-id\/pr\/seven-arrested-multi-state-drug...",
        "snippet": "Seven Arrested for Multi-State Drug Trafficking and Money ...
        The multi-state drug trafficking ring included Loren Toelle, 51, Steven
        Wayne Jackson, 30 ...", "dateLastCrawled": "2017-06-07T05:56:00.0000000Z"},
        {"id": "https:\/\/www.bingapis.com\/api\/v6\/#WebPages.11", "name": "Maine
        Human Rights Commission", "url": "http:\/\/www.maine.gov\/mhrc\/meetings\/2015\/201502_m.pdf",
        "urlPingSuffix": "DevEx,5237.1", "displayUrl": "www.maine.gov\/mhrc\/meetings\/2015\/201502_m.pdf",
        "snippet": "Maine Human Rights Commission # 51 State House Station, Augusta,
        ME 04333-0051 Physical location: ... Loren Shuck restated the position of
        the Complainant.", "dateLastCrawled": "2017-07-06T12:09:00.0000000Z"}, {"id":
        "https:\/\/www.bingapis.com\/api\/v6\/#WebPages.12", "name": "Statement by
        Special Agent in Charge Loren Cannon ...", "url": "https:\/\/www.fbi.gov\/contact-us\/field-offices\/portland\/news\/press-releases\/statement-by-special-agent-in-charge-loren-cannon-regarding-transit-attack",
        "urlPingSuffix": "DevEx,5256.1", "displayUrl": "https:\/\/www.fbi.gov\/contact-us\/field-offices\/portland\/news\/press...",
        "snippet": "Remarks as prepared for delivery by Special Agent Loren Cannon
        regarding Portland transit attack.", "dateLastCrawled": "2017-07-14T04:08:00.0000000Z"},
        {"id": "https:\/\/www.bingapis.com\/api\/v6\/#WebPages.13", "name": "Snavely,
        Loren, Dec''d - Washington State", "url": "http:\/\/biia.wa.gov\/SDPDF\/957778.pdf",
        "urlPingSuffix": "DevEx,5268.1", "displayUrl": "biia.wa.gov\/SDPDF\/957778.pdf",
        "snippet": "Snavely, Loren, Dec''d BENEFICIARIES Abandonment of spouse (RCW
        51.08.020) A worker was fatally injured in a logging accident. Although separated
        from the", "dateLastCrawled": "2017-07-12T07:20:00.0000000Z"}, {"id": "https:\/\/www.bingapis.com\/api\/v6\/#WebPages.14",
        "name": "State Bar of CA :: Loren Nicholas Kleier", "url": "http:\/\/members.calbar.ca.gov\/fal\/Member\/Detail\/149591",
        "urlPingSuffix": "DevEx,5281.1", "displayUrl": "members.calbar.ca.gov\/fal\/Member\/Detail\/149591",
        "snippet": "Loren Nicholas Kleier - #149591. Current ... The attorney
        is presumed to be innocent of any misconduct warranting discipline until the
        charges have been proven. ...", "dateLastCrawled": "2017-07-14T08:43:00.0000000Z"},
        {"id": "https:\/\/www.bingapis.com\/api\/v6\/#WebPages.15", "name": "Loren
        R. Kaufman VA Clinic (The Dalles) - VA Portland ...", "url": "https:\/\/www.portland.va.gov\/locations\/TheDalles.asp",
        "urlPingSuffix": "DevEx,5294.1", "displayUrl": "https:\/\/www.portland.va.gov\/locations\/TheDalles.asp",
        "snippet": "Parent Facility: The Loren R. Kaufman VA Clinic located in The
        Dalles, Ore. is part of the VA Portland Health Care System. Please note:
        NO EMERGENCY SERVICES at this ...", "dateLastCrawled": "2017-06-23T15:32:00.0000000Z"},
        {"id": "https:\/\/www.bingapis.com\/api\/v6\/#WebPages.16", "name": "Hon.
        Loren Baily-Schiffman - NYCOURTS.GOV", "url": "http:\/\/www.nycourts.gov\/courts\/2jd\/kings\/civil\/BailySchiffmanRules.shtml",
        "urlPingSuffix": "DevEx,5308.1", "displayUrl": "www.nycourts.gov\/courts\/2jd\/kings\/civil\/BailySchiffmanRules.shtml",
        "snippet": "The official home page of the New York State Unified Court System.
        We hear more than three million cases a year involving almost every type of
        endeavor. We hear ...", "dateLastCrawled": "2017-07-10T06:35:00.0000000Z"},
        {"id": "https:\/\/www.bingapis.com\/api\/v6\/#WebPages.17", "name": "Colville
        Service Unit | Healthcare Facilities", "url": "https:\/\/www.ihs.gov\/portland\/healthcarefacilities\/colville\/",
        "urlPingSuffix": "DevEx,5322.1", "displayUrl": "https:\/\/www.ihs.gov\/portland\/healthcarefacilities\/colville",
        "snippet": "Colville Service Unit . Colville Service Unit. The mission
        of the Indian Health Service ... Clinical Director: Loren L. Lewis, MD,
        509-634-2913 . Services Offered.", "dateLastCrawled": "2017-07-12T22:06:00.0000000Z"},
        {"id": "https:\/\/www.bingapis.com\/api\/v6\/#WebPages.18", "name": "IAPD
        - Investment Adviser Search", "url": "http:\/\/www.adviserinfo.sec.gov\/IAPD\/Individual\/1617354",
        "urlPingSuffix": "DevEx,5334.1", "displayUrl": "www.adviserinfo.sec.gov\/IAPD\/Individual\/1617354",
        "snippet": "LOREN D BURKET was previously registered as an investment adviser.
        View historic licensing information on Investment Adviser Public Disclosure
        (IAPD).", "dateLastCrawled": "2017-05-28T12:57:00.0000000Z"}, {"id": "https:\/\/www.bingapis.com\/api\/v6\/#WebPages.19",
        "name": "Leader of Drug Trafficking Organization Loren “Mama ...", "url":
        "https:\/\/www.justice.gov\/usao-id\/pr\/leader-drug-trafficking-organization-loren-mama-toelle-sentenced-prison",
        "urlPingSuffix": "DevEx,5351.1", "displayUrl": "https:\/\/www.justice.gov\/usao-id\/pr\/leader-drug-trafficking...",
        "snippet": "COUER D’ALENE – Loren Michelle Toelle, 52, of Coeur d’Alene,
        Idaho, was sentenced yesterday for conspiracy to distribute controlled substances
        and conspiracy to ...", "dateLastCrawled": "2017-06-07T05:53:00.0000000Z"}]},
        "rankingResponse": {"mainline": {"items": [{"answerType": "WebPages", "resultIndex":
        0, "value": {"id": "https:\/\/www.bingapis.com\/api\/v6\/#WebPages.0"}}, {"answerType":
        "WebPages", "resultIndex": 1, "value": {"id": "https:\/\/www.bingapis.com\/api\/v6\/#WebPages.1"}},
        {"answerType": "WebPages", "resultIndex": 2, "value": {"id": "https:\/\/www.bingapis.com\/api\/v6\/#WebPages.2"}},
        {"answerType": "WebPages", "resultIndex": 3, "value": {"id": "https:\/\/www.bingapis.com\/api\/v6\/#WebPages.3"}},
        {"answerType": "WebPages", "resultIndex": 4, "value": {"id": "https:\/\/www.bingapis.com\/api\/v6\/#WebPages.4"}},
        {"answerType": "WebPages", "resultIndex": 5, "value": {"id": "https:\/\/www.bingapis.com\/api\/v6\/#WebPages.5"}},
        {"answerType": "WebPages", "resultIndex": 6, "value": {"id": "https:\/\/www.bingapis.com\/api\/v6\/#WebPages.6"}},
        {"answerType": "WebPages", "resultIndex": 7, "value": {"id": "https:\/\/www.bingapis.com\/api\/v6\/#WebPages.7"}},
        {"answerType": "WebPages", "resultIndex": 8, "value": {"id": "https:\/\/www.bingapis.com\/api\/v6\/#WebPages.8"}},
        {"answerType": "WebPages", "resultIndex": 9, "value": {"id": "https:\/\/www.bingapis.com\/api\/v6\/#WebPages.9"}},
        {"answerType": "WebPages", "resultIndex": 10, "value": {"id": "https:\/\/www.bingapis.com\/api\/v6\/#WebPages.10"}},
        {"answerType": "WebPages", "resultIndex": 11, "value": {"id": "https:\/\/www.bingapis.com\/api\/v6\/#WebPages.11"}},
        {"answerType": "WebPages", "resultIndex": 12, "value": {"id": "https:\/\/www.bingapis.com\/api\/v6\/#WebPages.12"}},
        {"answerType": "WebPages", "resultIndex": 13, "value": {"id": "https:\/\/www.bingapis.com\/api\/v6\/#WebPages.13"}},
        {"answerType": "WebPages", "resultIndex": 14, "value": {"id": "https:\/\/www.bingapis.com\/api\/v6\/#WebPages.14"}},
        {"answerType": "WebPages", "resultIndex": 15, "value": {"id": "https:\/\/www.bingapis.com\/api\/v6\/#WebPages.15"}},
        {"answerType": "WebPages", "resultIndex": 16, "value": {"id": "https:\/\/www.bingapis.com\/api\/v6\/#WebPages.16"}},
        {"answerType": "WebPages", "resultIndex": 17, "value": {"id": "https:\/\/www.bingapis.com\/api\/v6\/#WebPages.17"}},
        {"answerType": "WebPages", "resultIndex": 18, "value": {"id": "https:\/\/www.bingapis.com\/api\/v6\/#WebPages.18"}},
        {"answerType": "WebPages", "resultIndex": 19, "value": {"id": "https:\/\/www.bingapis.com\/api\/v6\/#WebPages.19"}}]}}}'
    http_version: 
  recorded_at: Tue, 18 Jul 2017 18:03:42 GMT
- request:
    method: get
    uri: https://www.bingapis.com/api/v6/search?AppId=***REMOVED***&count=20&mkt=en-US&offset=0&q=noticia%20uno%20(site:gov%20OR%20site:mil)&responseFilter=WebPages,SpellSuggestions&safeSearch=moderate&textDecorations=true&traffictype=test
    body:
      encoding: US-ASCII
      string: ''
    headers:
      User-Agent:
      - USASearch
      Ocp-Apim-Subscription-Key:
      - ***REMOVED***
      Accept-Encoding:
      - gzip;q=1.0,deflate;q=0.6,identity;q=0.3
      Accept:
      - "*/*"
      Connection:
      - keep-alive
      Keep-Alive:
      - 30
  response:
    status:
      code: 200
      message: OK
    headers:
      Cache-Control:
      - private, max-age=0
      Content-Length:
      - '3214'
      Content-Type:
      - application/json; charset=utf-8
      Expires:
      - Tue, 18 Jul 2017 18:02:43 GMT
      Vary:
      - Accept-Encoding
      Server:
      - Microsoft-IIS/10.0
      P3p:
      - CP="NON UNI COM NAV STA LOC CURa DEVa PSAa PSDa OUR IND"
      Set-Cookie:
      - MUID=2017127D1C316FE902A718BE1DA66E4A; path=/; expires=Thu, 18-Jul-2019 18:03:43
        GMT; domain=bingapis.com
      - MUIDB=2017127D1C316FE902A718BE1DA66E4A; path=/; httponly; expires=Thu, 18-Jul-2019
        18:03:43 GMT
      - SRCHD=AF=NOFORM; domain=.bingapis.com; expires=Thu, 18-Jul-2019 18:03:43 GMT;
        path=/
      - SRCHUID=V=2&GUID=340E250264D944DE8910CA5C75A5B6F8; expires=Thu, 18-Jul-2019
        18:03:43 GMT; path=/
      - SRCHUSR=DOB=20170718; domain=.bingapis.com; expires=Thu, 18-Jul-2019 18:03:43
        GMT; path=/
      - _EDGE_S=mkt=en-us&F=1&SID=20D43AB8E7DC6D3734A0307BE64B6C0C; path=/; httponly;
        domain=bingapis.com
      - _EDGE_V=1; path=/; httponly; expires=Thu, 18-Jul-2019 18:03:43 GMT; domain=bingapis.com
      - _SS=SID=20D43AB8E7DC6D3734A0307BE64B6C0C; domain=.bingapis.com; path=/
      Bingapis-Traceid:
      - 9EF4B065392E46F5A3E97C6B1330002A
      X-Msedge-Clientid:
      - 2017127D1C316FE902A718BE1DA66E4A
      X-Msapi-Userstate:
      - 6fc8
      Bingapis-Market:
      - en-US
      X-Msedge-Ref:
      - 'Ref A: 9EF4B065392E46F5A3E97C6B1330002A Ref B: CO1EDGE0108 Ref C: 2017-07-18T18:03:43Z'
      Date:
      - Tue, 18 Jul 2017 18:03:43 GMT
    body:
      encoding: UTF-8
      string: '{"_type": "SearchResponse", "instrumentation": {"pingUrlBase": "https:\/\/www.bingapis.com\/api\/ping?IG=E4F5CDE089DC454EA418B57334868089&CID=2017127D1C316FE902A718BE1DA66E4A&ID=",
        "pageLoadPingUrl": "https:\/\/www.bingapis.com\/api\/ping\/pageload?IG=E4F5CDE089DC454EA418B57334868089&CID=2017127D1C316FE902A718BE1DA66E4A&Type=Event.CPT&DATA=0"},
        "webPages": {"webSearchUrl": "https:\/\/www.bing.com\/search?q=noticia+uno+(site%3agov+OR+site%3amil)",
        "webSearchUrlPingSuffix": "DevEx,5465.1", "totalEstimatedMatches": 142000,
        "value": [{"id": "https:\/\/www.bingapis.com\/api\/v6\/#WebPages.0", "name":
        "Cocinar en casa significa comer mejor y gastar menos ...", "url": "https:\/\/medlineplus.gov\/spanish\/news\/fullstory_165122.html",
        "urlPingSuffix": "DevEx,5078.1", "displayUrl": "https:\/\/medlineplus.gov\/spanish\/news\/fullstory_165122.html",
        "snippet": "Las dietas de 8 de cada 10 estadounidenses se quedan cortas, y
        comer fuera es uno de los motivos importantes, sugiere una investigación",
        "dateLastCrawled": "2017-07-13T11:20:00.0000000Z"}, {"id": "https:\/\/www.bingapis.com\/api\/v6\/#WebPages.1",
        "name": "Trabajar demasiado podría hacer que el corazón tenga un ...", "url":
        "https:\/\/medlineplus.gov\/spanish\/news\/fullstory_167260.html", "urlPingSuffix":
        "DevEx,5092.1", "displayUrl": "https:\/\/medlineplus.gov\/spanish\/news\/fullstory_167260.html",
        "snippet": "Noticia. Usted esta aquí ... \"este podría ser uno de los
        mecanismos que explican el riesgo observado previamente de accidente cerebrovascular
        en las personas que ...", "dateLastCrawled": "2017-07-18T16:15:00.0000000Z"},
        {"id": "https:\/\/www.bingapis.com\/api\/v6\/#WebPages.2", "name": "Uno
        de cada 7 estadounidenses tiene una enfermedad renal ...", "url": "https:\/\/medlineplus.gov\/spanish\/news\/fullstory_166518.html",
        "urlPingSuffix": "DevEx,5106.1", "displayUrl": "https:\/\/medlineplus.gov\/spanish\/news\/fullstory_166518.html",
        "snippet": "Esa tasa (uno de cada siete) ... Las noticias son escritas
        y proporcionadas por HealthDay y no reflejan los puntos de vista de la política
        federal, ...", "dateLastCrawled": "2017-07-13T00:04:00.0000000Z"}, {"id":
        "https:\/\/www.bingapis.com\/api\/v6\/#WebPages.3", "name": "Amamantar podría
        reducir el riesgo de EM, según un estudio ...", "url": "https:\/\/medlineplus.gov\/spanish\/news\/fullstory_167194.html",
        "urlPingSuffix": "DevEx,5120.1", "displayUrl": "https:\/\/medlineplus.gov\/spanish\/news\/fullstory_167194.html",
        "snippet": "Últimas noticias de salud ... Encontraron que las madres que
        dieron el seno a uno o más niños durante un total de 15 meses o más tenían
        un 53 por ciento ...", "dateLastCrawled": "2017-07-14T16:40:00.0000000Z"},
        {"id": "https:\/\/www.bingapis.com\/api\/v6\/#WebPages.4", "name": "Nada de
        jugo de fruta antes de que el bebé cumpla 1 año ...", "url": "https:\/\/medlineplus.gov\/spanish\/news\/fullstory_165878.html",
        "urlPingSuffix": "DevEx,5134.1", "displayUrl": "https:\/\/medlineplus.gov\/spanish\/news\/fullstory_165878.html",
        "snippet": "Noticia. Usted esta aquí: https: ... \"Simplemente no es necesario
        dar jugo de fruta a los bebés\", dijo el Dr. Steven Abrams, uno de los autores
        del informe.", "dateLastCrawled": "2017-07-11T21:13:00.0000000Z"}, {"id":
        "https:\/\/www.bingapis.com\/api\/v6\/#WebPages.5", "name": "En los ataques
        cardiacos, el momento lo es todo ...", "url": "https:\/\/medlineplus.gov\/spanish\/news\/fullstory_167261.html",
        "urlPingSuffix": "DevEx,5148.1", "displayUrl": "https:\/\/medlineplus.gov\/spanish\/news\/fullstory_167261.html",
        "snippet": "Noticia. Usted esta aquí: https: ... es menos probable que ocurran
        ataques cardiacos cuando uno se está relajando en el fin de semana o las
        vacaciones de verano, ...", "dateLastCrawled": "2017-07-18T16:10:00.0000000Z"},
        {"id": "https:\/\/www.bingapis.com\/api\/v6\/#WebPages.6", "name": "¿Se siente
        ansioso? ¿Angustiado? No es el único ...", "url": "https:\/\/medlineplus.gov\/spanish\/news\/fullstory_164712.html",
        "urlPingSuffix": "DevEx,5162.1", "displayUrl": "https:\/\/medlineplus.gov\/spanish\/news\/fullstory_164712.html",
        "snippet": "Y alrededor de uno de cada 10 estadounidenses que necesitan
        atención de salud mental no cuentan con cobertura de seguro, encuentra un
        estudio", "dateLastCrawled": "2017-06-30T15:33:00.0000000Z"}, {"id": "https:\/\/www.bingapis.com\/api\/v6\/#WebPages.7",
        "name": "Noticias ordenadas por tema que comienzan con C ...", "url": "https:\/\/medlineplus.gov\/spanish\/alphanews_c.html",
        "urlPingSuffix": "DevEx,5178.1", "displayUrl": "https:\/\/medlineplus.gov\/spanish\/alphanews_c.html",
        "snippet": "Noticias ordenadas por tema que comienzan con C: MedlinePlus
        en español ... Uno de cada cinco casos de cáncer es ''raro'' 22\/05\/2017,
        HealthDay;", "dateLastCrawled": "2017-07-15T04:24:00.0000000Z"}, {"id": "https:\/\/www.bingapis.com\/api\/v6\/#WebPages.8",
        "name": "Aumenta el tabaquismo en las películas para jóvenes, según ...",
        "url": "https:\/\/medlineplus.gov\/spanish\/news\/fullstory_167086.html",
        "urlPingSuffix": "DevEx,5193.1", "displayUrl": "https:\/\/medlineplus.gov\/spanish\/news\/fullstory_167086.html",
        "snippet": "Últimas noticias de salud → Noticia. Usted esta aquí: https
        ... pero se pueden ver en cualquier lugar cuando uno desee, en la tableta
        o el smartphone.", "dateLastCrawled": "2017-07-10T13:18:00.0000000Z"}, {"id":
        "https:\/\/www.bingapis.com\/api\/v6\/#WebPages.9", "name": "¿Podrían los
        problemas de sueño ser una señal temprana de ...", "url": "https:\/\/medlineplus.gov\/spanish\/news\/fullstory_167066.html",
        "urlPingSuffix": "DevEx,5207.1", "displayUrl": "https:\/\/medlineplus.gov\/spanish\/news\/fullstory_167066.html",
        "snippet": "Pero se consideró que estaban en riesgo de Alzheimer porque uno
        de sus padres tenía la enfermedad o porque ... Las noticias son escritas
        y proporcionadas por ...", "dateLastCrawled": "2017-07-13T21:36:00.0000000Z"},
        {"id": "https:\/\/www.bingapis.com\/api\/v6\/#WebPages.10", "name": "Noticias
        ordenadas por tema que comienzan con S ...", "url": "https:\/\/medlineplus.gov\/spanish\/alphanews_s.html",
        "urlPingSuffix": "DevEx,5223.1", "displayUrl": "https:\/\/medlineplus.gov\/spanish\/alphanews_s.html",
        "snippet": "Noticias ordenadas por tema que comienzan con S: ... Uno de
        cada cinco niños que pierden la vida en accidentes no contaban con una sujeción
        adecuada 25\/05\/2017, ...", "dateLastCrawled": "2017-07-14T08:21:00.0000000Z"},
        {"id": "https:\/\/www.bingapis.com\/api\/v6\/#WebPages.11", "name": "Noticias
        ordenadas por tema que comienzan con D ...", "url": "https:\/\/medlineplus.gov\/spanish\/alphanews_d.html",
        "urlPingSuffix": "DevEx,5240.1", "displayUrl": "https:\/\/medlineplus.gov\/spanish\/alphanews_d.html",
        "snippet": "Noticias ordenadas por tema que comienzan con D: MedlinePlus
        en español. Noticias ordenadas por tema que comienzan con D: MedlinePlus
        en español", "dateLastCrawled": "2017-07-13T09:20:00.0000000Z"}, {"id": "https:\/\/www.bingapis.com\/api\/v6\/#WebPages.12",
        "name": "Tarjeta Verde para Familiares Inmediatos de un Ciudadano ...", "url":
        "https:\/\/www.uscis.gov\/es\/tarjeta-verde\/familiar-inmediato", "urlPingSuffix":
        "DevEx,5257.1", "displayUrl": "https:\/\/www.uscis.gov\/es\/tarjeta-verde\/familiar-inmediato",
        "snippet": "NOTICIAS . Alertas ... Usted es inelegible para solicitar un
        ajuste de estatus si le aplica en su caso uno o más vetos de ajuste de estatus
        listados abajo ...", "dateLastCrawled": "2017-07-14T05:16:00.0000000Z"}, {"id":
        "https:\/\/www.bingapis.com\/api\/v6\/#WebPages.13", "name": "Lo que todo
        trabajador debe saber acerca del seguro de ...", "url": "http:\/\/www.ides.illinois.gov\/IDES%20Forms%20and%20Publications\/CLI111L-sp.pdf",
        "urlPingSuffix": "DevEx,5268.1", "displayUrl": "www.ides.illinois.gov\/IDES
        Forms and Publications\/CLI111L-sp.pdf", "snippet": "trabajó para cada uno
        de ellos. • Los expedientes que muestran los ingresos ganados, incluyendo
        los sueldos del despido y la paga de vacaciones.", "dateLastCrawled": "2017-07-15T06:10:00.0000000Z"},
        {"id": "https:\/\/www.bingapis.com\/api\/v6\/#WebPages.14", "name": "Uno
        de cada 5 niños de EE. UU. que pierden la vida en ...", "url": "https:\/\/medlineplus.gov\/spanish\/news\/fullstory_165958.html",
        "urlPingSuffix": "DevEx,5282.1", "displayUrl": "https:\/\/medlineplus.gov\/spanish\/news\/fullstory_165958.html",
        "snippet": "Últimas noticias de salud → Noticia. Usted esta ... Uno
        de cada 5 niños de EE. UU. que pierden la vida en accidentes no contaban con
        una sujeción adecuada", "dateLastCrawled": "2017-07-13T03:27:00.0000000Z"},
        {"id": "https:\/\/www.bingapis.com\/api\/v6\/#WebPages.15", "name": "Cómo
        no dormirse al volante: MedlinePlus Health News", "url": "https:\/\/medlineplus.gov\/spanish\/news\/fullstory_165842.html",
        "urlPingSuffix": "DevEx,5296.1", "displayUrl": "https:\/\/medlineplus.gov\/spanish\/news\/fullstory_165842.html",
        "snippet": "Últimas noticias de salud → Noticia. Usted esta ... Al menos
        en uno de cada cinco accidentes letales en vehículos motores está implicada
        la conducción ...", "dateLastCrawled": "2017-07-08T09:49:00.0000000Z"}, {"id":
        "https:\/\/www.bingapis.com\/api\/v6\/#WebPages.16", "name": "Dé qué Manera
        el Estrés de una Movilización Puede Afectar ...", "url": "http:\/\/www.ptsd.va.gov\/public\/spanish\/gen_deployment_stress_spanish.asp",
        "urlPingSuffix": "DevEx,5309.1", "displayUrl": "www.ptsd.va.gov\/public\/spanish\/gen_deployment_stress_spanish.asp",
        "snippet": "Este ciclo emocional de la movilización inicia cuando la familia
        recibe la noticia. ... Los miembros de la pareja deberán hablar sobre el
        compromiso de cada uno ...", "dateLastCrawled": "2017-07-06T01:49:00.0000000Z"},
        {"id": "https:\/\/www.bingapis.com\/api\/v6\/#WebPages.17", "name": "¿Los
        negros y los hispanos reciben una atención de ...", "url": "https:\/\/medlineplus.gov\/spanish\/news\/fullstory_167071.html",
        "urlPingSuffix": "DevEx,5324.1", "displayUrl": "https:\/\/medlineplus.gov\/spanish\/news\/fullstory_167071.html",
        "snippet": "Pero no todas las noticias ... investigadores encuestaron a
        casi 300,000 cuidadores cuyos familiares o amigos murieron mientras recibían
        atención en uno de ...", "dateLastCrawled": "2017-07-14T15:05:00.0000000Z"},
        {"id": "https:\/\/www.bingapis.com\/api\/v6\/#WebPages.18", "name": "ES-05-10977.pdf
        - ssa.gov", "url": "http:\/\/www.ssa.gov\/pubs\/ES-05-10977.pdf", "urlPingSuffix":
        "DevEx,5334.1", "displayUrl": "www.ssa.gov\/pubs\/ES-05-10977.pdf", "snippet":
        "el día tres del mes y el de SSI el día uno del mes. Pagos electrónicos
        Cuando solicitó los beneficios de Seguro Social,", "dateLastCrawled": "2017-07-14T13:53:00.0000000Z"},
        {"id": "https:\/\/www.bingapis.com\/api\/v6\/#WebPages.19", "name": "San
        Bruno - Home", "url": "https:\/\/www.sanbruno.ca.gov\/", "urlPingSuffix":
        "DevEx,5347.1", "about": [{"name": "San Bruno"}, {"name": "St. Bruno''s Church"}],
        "displayUrl": "https:\/\/www.sanbruno.ca.gov", "snippet": "On Monday, June
        19, 2017, a vehicle accident damaged the San Bruno Senior Center and caused...",
        "dateLastCrawled": "2017-07-14T12:45:00.0000000Z"}]}, "rankingResponse": {"mainline":
        {"items": [{"answerType": "WebPages", "resultIndex": 0, "value": {"id": "https:\/\/www.bingapis.com\/api\/v6\/#WebPages.0"}},
        {"answerType": "WebPages", "resultIndex": 1, "value": {"id": "https:\/\/www.bingapis.com\/api\/v6\/#WebPages.1"}},
        {"answerType": "WebPages", "resultIndex": 2, "value": {"id": "https:\/\/www.bingapis.com\/api\/v6\/#WebPages.2"}},
        {"answerType": "WebPages", "resultIndex": 3, "value": {"id": "https:\/\/www.bingapis.com\/api\/v6\/#WebPages.3"}},
        {"answerType": "WebPages", "resultIndex": 4, "value": {"id": "https:\/\/www.bingapis.com\/api\/v6\/#WebPages.4"}},
        {"answerType": "WebPages", "resultIndex": 5, "value": {"id": "https:\/\/www.bingapis.com\/api\/v6\/#WebPages.5"}},
        {"answerType": "WebPages", "resultIndex": 6, "value": {"id": "https:\/\/www.bingapis.com\/api\/v6\/#WebPages.6"}},
        {"answerType": "WebPages", "resultIndex": 7, "value": {"id": "https:\/\/www.bingapis.com\/api\/v6\/#WebPages.7"}},
        {"answerType": "WebPages", "resultIndex": 8, "value": {"id": "https:\/\/www.bingapis.com\/api\/v6\/#WebPages.8"}},
        {"answerType": "WebPages", "resultIndex": 9, "value": {"id": "https:\/\/www.bingapis.com\/api\/v6\/#WebPages.9"}},
        {"answerType": "WebPages", "resultIndex": 10, "value": {"id": "https:\/\/www.bingapis.com\/api\/v6\/#WebPages.10"}},
        {"answerType": "WebPages", "resultIndex": 11, "value": {"id": "https:\/\/www.bingapis.com\/api\/v6\/#WebPages.11"}},
        {"answerType": "WebPages", "resultIndex": 12, "value": {"id": "https:\/\/www.bingapis.com\/api\/v6\/#WebPages.12"}},
        {"answerType": "WebPages", "resultIndex": 13, "value": {"id": "https:\/\/www.bingapis.com\/api\/v6\/#WebPages.13"}},
        {"answerType": "WebPages", "resultIndex": 14, "value": {"id": "https:\/\/www.bingapis.com\/api\/v6\/#WebPages.14"}},
        {"answerType": "WebPages", "resultIndex": 15, "value": {"id": "https:\/\/www.bingapis.com\/api\/v6\/#WebPages.15"}},
        {"answerType": "WebPages", "resultIndex": 16, "value": {"id": "https:\/\/www.bingapis.com\/api\/v6\/#WebPages.16"}},
        {"answerType": "WebPages", "resultIndex": 17, "value": {"id": "https:\/\/www.bingapis.com\/api\/v6\/#WebPages.17"}},
        {"answerType": "WebPages", "resultIndex": 18, "value": {"id": "https:\/\/www.bingapis.com\/api\/v6\/#WebPages.18"}},
        {"answerType": "WebPages", "resultIndex": 19, "value": {"id": "https:\/\/www.bingapis.com\/api\/v6\/#WebPages.19"}}]}}}'
    http_version: 
  recorded_at: Tue, 18 Jul 2017 18:03:43 GMT
- request:
    method: get
    uri: https://www.bingapis.com/api/v6/search?AppId=***REMOVED***&count=20&mkt=en-US&offset=0&q=item%20(site:gov%20OR%20site:mil)&responseFilter=WebPages,SpellSuggestions&safeSearch=moderate&textDecorations=true&traffictype=test
    body:
      encoding: US-ASCII
      string: ''
    headers:
      User-Agent:
      - USASearch
      Ocp-Apim-Subscription-Key:
      - ***REMOVED***
      Accept-Encoding:
      - gzip;q=1.0,deflate;q=0.6,identity;q=0.3
      Accept:
      - "*/*"
      Connection:
      - keep-alive
      Keep-Alive:
      - 30
  response:
    status:
      code: 200
      message: OK
    headers:
      Cache-Control:
      - private, max-age=0
      Content-Length:
      - '3802'
      Content-Type:
      - application/json; charset=utf-8
      Expires:
      - Tue, 18 Jul 2017 18:02:43 GMT
      Vary:
      - Accept-Encoding
      Server:
      - Microsoft-IIS/10.0
      P3p:
      - CP="NON UNI COM NAV STA LOC CURa DEVa PSAa PSDa OUR IND"
      Set-Cookie:
      - MUID=23D9FF9F630269A823B9F55C6295687E; path=/; expires=Thu, 18-Jul-2019 18:03:44
        GMT; domain=bingapis.com
      - MUIDB=23D9FF9F630269A823B9F55C6295687E; path=/; httponly; expires=Thu, 18-Jul-2019
        18:03:44 GMT
      - SRCHD=AF=NOFORM; domain=.bingapis.com; expires=Thu, 18-Jul-2019 18:03:43 GMT;
        path=/
      - SRCHUID=V=2&GUID=6510A708C3634890851F5E4F18E2D60C; expires=Thu, 18-Jul-2019
        18:03:43 GMT; path=/
      - SRCHUSR=DOB=20170718; domain=.bingapis.com; expires=Thu, 18-Jul-2019 18:03:43
        GMT; path=/
      - _EDGE_S=mkt=en-us&F=1&SID=3AAE5ED4B9196D633EFC5417B88E6C1B; path=/; httponly;
        domain=bingapis.com
      - _EDGE_V=1; path=/; httponly; expires=Thu, 18-Jul-2019 18:03:44 GMT; domain=bingapis.com
      - _SS=SID=3AAE5ED4B9196D633EFC5417B88E6C1B; domain=.bingapis.com; path=/
      Bingapis-Traceid:
      - 07DA519AA1724D70AA208DD904AF6856
      X-Msedge-Clientid:
      - 23D9FF9F630269A823B9F55C6295687E
      X-Msapi-Userstate:
      - 1d21
      Bingapis-Market:
      - en-US
      X-Msedge-Ref:
      - 'Ref A: 07DA519AA1724D70AA208DD904AF6856 Ref B: CO1EDGE0407 Ref C: 2017-07-18T18:03:44Z'
      Date:
      - Tue, 18 Jul 2017 18:03:43 GMT
    body:
      encoding: UTF-8
      string: '{"_type": "SearchResponse", "instrumentation": {"pingUrlBase": "https:\/\/www.bingapis.com\/api\/ping?IG=2BE6F4EB7F2C4C1EA02D061547E003C0&CID=23D9FF9F630269A823B9F55C6295687E&ID=",
        "pageLoadPingUrl": "https:\/\/www.bingapis.com\/api\/ping\/pageload?IG=2BE6F4EB7F2C4C1EA02D061547E003C0&CID=23D9FF9F630269A823B9F55C6295687E&Type=Event.CPT&DATA=0"},
        "webPages": {"webSearchUrl": "https:\/\/www.bing.com\/search?q=item+(site%3agov+OR+site%3amil)",
        "webSearchUrlPingSuffix": "DevEx,5447.1", "totalEstimatedMatches": 12100000,
        "value": [{"id": "https:\/\/www.bingapis.com\/api\/v6\/#WebPages.0", "name":
        "Form 8-K - Official Site", "url": "https:\/\/www.sec.gov\/about\/forms\/form8-k.pdf",
        "urlPingSuffix": "DevEx,5077.1", "displayUrl": "https:\/\/www.sec.gov\/about\/forms\/form8-k.pdf",
        "snippet": "Check the appropriate box below if the Form 8-K ﬁling is intended
        to simultaneously satisfy the ﬁling obligation of the registrant under", "dateLastCrawled":
        "2017-07-14T06:26:00.0000000Z"}, {"id": "https:\/\/www.bingapis.com\/api\/v6\/#WebPages.1",
        "name": "Tips on Completing Item 6 of the HSR Form | Federal Trade ...",
        "url": "https:\/\/www.ftc.gov\/enforcement\/premerger-notification-program\/hsr-resources\/tips-completing-item-6-hsr-form",
        "urlPingSuffix": "DevEx,5094.1", "displayUrl": "https:\/\/www.ftc.gov\/...\/hsr-resources\/tips-completing-item-6-hsr-form",
        "snippet": "The HSR form requires a filing party to disclose information on
        its subsidiaries in Item 6(a), its share or interest holders in Item 6(b)
        and its minority holdings in ...", "dateLastCrawled": "2017-07-13T16:54:00.0000000Z"},
        {"id": "https:\/\/www.bingapis.com\/api\/v6\/#WebPages.2", "name": "Sample
        Item Release", "url": "http:\/\/www.tn.gov\/assets\/entities\/education\/attachments\/tst_social_studies_math_sample_item_release.pdf",
        "urlPingSuffix": "DevEx,5106.1", "displayUrl": "www.tn.gov\/...\/tst_social_studies_math_sample_item_release.pdf",
        "snippet": "Sample Item Release •Mathematics: Grades 3, 5, and 7; Algebra
        I, Integrated Math I, and Algebra II Sample Integrated Items •Social Studies:
        Examples of New", "dateLastCrawled": "2017-07-14T07:17:00.0000000Z"}, {"id":
        "https:\/\/www.bingapis.com\/api\/v6\/#WebPages.3", "name": "Test and Item
        Specifications - NYS Education Department", "url": "http:\/\/www.acces.nysed.gov\/common\/acces\/files\/hse\/tasc_2016_item_specifications_mathematics_may2016.pdf",
        "urlPingSuffix": "DevEx,5117.1", "displayUrl": "www.acces.nysed.gov\/...\/tasc_2016_item_specifications_mathematics...",
        "snippet": "Item specifications are used by item writers, item editors,
        and item reviewers as a common reference throughout the item-development
        process, ...", "dateLastCrawled": "2017-07-13T04:16:00.0000000Z"}, {"id":
        "https:\/\/www.bingapis.com\/api\/v6\/#WebPages.4", "name": "Controlled Inventory
        Item Code", "url": "https:\/\/afsac4.wpafb.af.mil\/WWRS\/Documents\/2014%20Controlled%20Inventory%20-%20Hazardous%20%20Item%20Codes%20V1.pdf",
        "urlPingSuffix": "DevEx,5128.1", "displayUrl": "https:\/\/afsac4.wpafb.af.mil\/WWRS\/Documents\/2014
        Controlled...", "snippet": "Controlled Inventory Item Code Data Element
        Number: 1013 Data Element Name: Controlled Inventory Item Code Abbreviation:
        CIIC Definition: A code that indicates the ...", "dateLastCrawled": "2017-07-13T03:18:00.0000000Z"},
        {"id": "https:\/\/www.bingapis.com\/api\/v6\/#WebPages.5", "name": "Item
        502 Item 532 Item 518 Item 520 2017 Labor LC SIT SIT ...", "url": "https:\/\/www.sddc.army.mil\/pp\/Defense%20Personal%20Property%20Program\/Defense%20Personal%20Property%20Program%20(DP3)\/Phase%20II%20Business%20Rule%20Attachments\/International\/International%20Tables\/IT-17%20State%20GBLOC%20Item%20500%20Table.pdf",
        "urlPingSuffix": "DevEx,5139.1", "displayUrl": "https:\/\/www.sddc.army.mil\/pp\/Defense
        Personal Property Program...", "snippet": "15.30 20.30 A 4.75 0.12 E Benton,
        Boone, Carroll, Crawford, Franklin, Johnson, Logan, Madison, Montgomery, Newton,
        Polk, Pope, Scott, Sebastian,", "dateLastCrawled": "2017-07-10T02:17:00.0000000Z"},
        {"id": "https:\/\/www.bingapis.com\/api\/v6\/#WebPages.6", "name": "Pay Item
        Catalog - New York State Department of Transportation", "url": "https:\/\/www.dot.ny.gov\/pic?nd=nysdot",
        "urlPingSuffix": "DevEx,5152.1", "displayUrl": "https:\/\/www.dot.ny.gov\/pic?nd=nysdot",
        "snippet": "New York State Department of Transportation coordinates operation
        of transportation facilities and services including highway, bridges, railroad,
        mass transit, port ...", "dateLastCrawled": "2017-07-14T13:27:00.0000000Z"},
        {"id": "https:\/\/www.bingapis.com\/api\/v6\/#WebPages.7", "name": "Non-Developmental
        Item (NDI)-Defense Acquisition Glossary[DAP]", "url": "https:\/\/dap.dau.mil\/glossary\/Pages\/2294.aspx",
        "urlPingSuffix": "DevEx,5166.1", "displayUrl": "https:\/\/dap.dau.mil\/glossary\/Pages\/2294.aspx",
        "snippet": "Non-Developmental Item (NDI) Any previously developed item
        of supply used exclusively for government purposes by a federal agency, a
        State or local government, or a ...", "dateLastCrawled": "2017-07-07T19:55:00.0000000Z"},
        {"id": "https:\/\/www.bingapis.com\/api\/v6\/#WebPages.8", "name": "Part 12—Acquisition
        of Commercial Items", "url": "https:\/\/www.acquisition.gov\/sites\/default\/files\/current\/far\/html\/FARTOCP12.html",
        "urlPingSuffix": "DevEx,5179.1", "displayUrl": "https:\/\/www.acquisition.gov\/sites\/default\/files\/current\/far\/html\/...",
        "snippet": "Part 12—Acquisition of Commercial Items. 12.000 Scope of part.
        12.001 Definition. Subpart 12.1—Acquisition of Commercial Items—General. 12.101
        Policy.", "dateLastCrawled": "2017-07-13T14:00:00.0000000Z"}, {"id": "https:\/\/www.bingapis.com\/api\/v6\/#WebPages.9",
        "name": "NAVSEA STANDARD ITEM", "url": "http:\/\/www.navsea.navy.mil\/Portals\/103\/Documents\/SSRAC\/NSI\/FY16\/009-04_FY16.pdf",
        "urlPingSuffix": "DevEx,5191.1", "displayUrl": "www.navsea.navy.mil\/Portals\/103\/Documents\/SSRAC\/NSI\/FY16\/009-04_FY...",
        "snippet": "1 of 10 ITEM NO: 009-04 FY-16 NAVSEA STANDARD ITEM . FY-16
        . ITEM NO: 009-04 DATE: 18 JUL 2014 . CATEGORY: I . 1. SCOPE: 1.1 Title:
        Quality Management ...", "dateLastCrawled": "2017-06-28T20:34:00.0000000Z"},
        {"id": "https:\/\/www.bingapis.com\/api\/v6\/#WebPages.10", "name": "NAVSEA
        STANDARD ITEM", "url": "http:\/\/www.navsea.navy.mil\/Portals\/103\/Documents\/SSRAC\/NSI\/FY16\/009-74_FY16-CH1.pdf",
        "urlPingSuffix": "DevEx,5202.1", "displayUrl": "www.navsea.navy.mil\/Portals\/103\/Documents\/SSRAC\/NSI\/FY16\/009-74_FY...",
        "snippet": "2 of 10 ITEM NO: 009-74 FY-16 (CH-1) 3.1.2.1 Hazards to be addressed
        shall include but not be limited to emergency evacuation and muster policy,
        confined space, and ...", "dateLastCrawled": "2017-06-25T03:48:00.0000000Z"},
        {"id": "https:\/\/www.bingapis.com\/api\/v6\/#WebPages.11", "name": "NAVSEA
        STANDARD ITEM", "url": "http:\/\/www.navsea.navy.mil\/Portals\/103\/Documents\/SSRAC\/NSI\/FY16\/009-25_FY16.pdf",
        "urlPingSuffix": "DevEx,5213.1", "displayUrl": "www.navsea.navy.mil\/Portals\/103\/Documents\/SSRAC\/NSI\/FY16\/009-25_FY...",
        "snippet": "1 of 4 ITEM NO: 009-25 FY-16 NAVSEA STANDARD ITEM . FY-16
        . ITEM NO: 009-25 DATE: 18 JUL 2014 . CATEGORY: II . 1. SCOPE: 1.1 Title:
        Structural Boundary Test ...", "dateLastCrawled": "2017-06-22T17:42:00.0000000Z"},
        {"id": "https:\/\/www.bingapis.com\/api\/v6\/#WebPages.12", "name": "ACC -
        Access Denied!", "url": "https:\/\/acc.dau.mil\/CommunityBrowser.aspx?id=499073&lang=en-US",
        "urlPingSuffix": "DevEx,5225.1", "displayUrl": "https:\/\/acc.dau.mil\/CommunityBrowser.aspx?id=499073&lang=en-US",
        "snippet": "ACC has migrated to a new platform and can be found on the DAU.mil
        site at www.dau.mil\/community-hub. Please update your bookmarks to go directly
        to the new community ...", "dateLastCrawled": "2017-07-15T02:05:00.0000000Z"},
        {"id": "https:\/\/www.bingapis.com\/api\/v6\/#WebPages.13", "name": "A new
        map of the western parts of Virginia, Pennsylvania ...", "url": "https:\/\/www.loc.gov\/item\/gm71002165",
        "urlPingSuffix": "DevEx,5239.1", "displayUrl": "https:\/\/www.loc.gov\/item\/gm71002165",
        "snippet": "Title A new map of the western parts of Virginia, Pennsylvania,
        Maryland, and North Carolina; comprehending the River Ohio, and all the rivers,
        which ...", "dateLastCrawled": "2017-06-25T02:54:00.0000000Z"}, {"id": "https:\/\/www.bingapis.com\/api\/v6\/#WebPages.14",
        "name": "NAVSEA STANDARD ITEM", "url": "http:\/\/www.navsea.navy.mil\/Portals\/103\/Documents\/SSRAC\/NSI\/FY15\/009-12_FY15.pdf",
        "urlPingSuffix": "DevEx,5251.1", "displayUrl": "www.navsea.navy.mil\/Portals\/103\/Documents\/SSRAC\/NSI\/FY15\/009-12_FY...",
        "snippet": "1 of 18 ITEM NO: 009-12 FY-15 NAVSEA STANDARD ITEM . FY-15
        . ITEM NO: 009-12 DATE: 07 NOV 2013 CATEGORY: II . 1. SCOPE: 1.1 Title:
        Welding, Fabrication ...", "dateLastCrawled": "2017-07-11T14:36:00.0000000Z"},
        {"id": "https:\/\/www.bingapis.com\/api\/v6\/#WebPages.15", "name": "Legacy
        Assessment Materials (OCCT, EOI & OMAAP) | Oklahoma ...", "url": "http:\/\/sde.ok.gov\/sde\/documents\/2013-09-05\/blue-prints-plds-item-specs",
        "urlPingSuffix": "DevEx,5264.1", "displayUrl": "sde.ok.gov\/sde\/documents\/2013-09-05\/blue-prints-plds-item-specs",
        "snippet": "The Office of Assessments is diligently working on new assessment
        materials and a webpage available in ... Item Specs shows test and item
        specifications giving a ...", "dateLastCrawled": "2017-07-11T09:31:00.0000000Z"},
        {"id": "https:\/\/www.bingapis.com\/api\/v6\/#WebPages.16", "name": "African
        American Spirituals | Library of Congress", "url": "https:\/\/www.loc.gov\/item\/ihas.200197495\/",
        "urlPingSuffix": "DevEx,5279.1", "displayUrl": "https:\/\/www.loc.gov\/item\/ihas.200197495",
        "snippet": "The Fisk University Jubilee Singers helped to raise awareness
        of African American spirituals ... Responsibility for making an independent
        legal assessment of an item ...", "dateLastCrawled": "2017-07-07T07:09:00.0000000Z"},
        {"id": "https:\/\/www.bingapis.com\/api\/v6\/#WebPages.17", "name": "The right
        of the people to rule - The Library of Congress", "url": "https:\/\/www.loc.gov\/item\/99391599\/",
        "urlPingSuffix": "DevEx,5293.1", "displayUrl": "https:\/\/www.loc.gov\/item\/99391599",
        "snippet": "Articles and Essays with this item: Sound Recordings of Theodore
        Roosevelt''s Voice - Theodore Roosevelt: His Life and Times on Film - Digital
        Collections", "dateLastCrawled": "2017-06-10T11:31:00.0000000Z"}, {"id": "https:\/\/www.bingapis.com\/api\/v6\/#WebPages.18",
        "name": "Arizona | Library of Congress", "url": "https:\/\/www.loc.gov\/item\/toddbib000194\/",
        "urlPingSuffix": "DevEx,5307.1", "displayUrl": "https:\/\/www.loc.gov\/item\/toddbib000194",
        "snippet": "Arizona Contributor Names ... Responsibility for making an independent
        legal assessment of an item and securing any necessary permission ultimately
        rests ...", "dateLastCrawled": "2017-07-10T16:49:00.0000000Z"}, {"id": "https:\/\/www.bingapis.com\/api\/v6\/#WebPages.19",
        "name": "PNO Guidance on Item 4(d) | Federal Trade Commission", "url":
        "https:\/\/www.ftc.gov\/enforcement\/premerger-notification-program\/hsr-resources\/pno-guidance-item-4d",
        "urlPingSuffix": "DevEx,5325.1", "displayUrl": "https:\/\/www.ftc.gov\/...\/hsr-resources\/pno-guidance-item-4d",
        "snippet": "Item 4(d) targets confidential information memoranda (CIMs),
        bankers’ books and other third party consultants’ materials, and synergies
        documents. When gathering ...", "dateLastCrawled": "2017-07-13T14:51:00.0000000Z"}]},
        "rankingResponse": {"mainline": {"items": [{"answerType": "WebPages", "resultIndex":
        0, "value": {"id": "https:\/\/www.bingapis.com\/api\/v6\/#WebPages.0"}}, {"answerType":
        "WebPages", "resultIndex": 1, "value": {"id": "https:\/\/www.bingapis.com\/api\/v6\/#WebPages.1"}},
        {"answerType": "WebPages", "resultIndex": 2, "value": {"id": "https:\/\/www.bingapis.com\/api\/v6\/#WebPages.2"}},
        {"answerType": "WebPages", "resultIndex": 3, "value": {"id": "https:\/\/www.bingapis.com\/api\/v6\/#WebPages.3"}},
        {"answerType": "WebPages", "resultIndex": 4, "value": {"id": "https:\/\/www.bingapis.com\/api\/v6\/#WebPages.4"}},
        {"answerType": "WebPages", "resultIndex": 5, "value": {"id": "https:\/\/www.bingapis.com\/api\/v6\/#WebPages.5"}},
        {"answerType": "WebPages", "resultIndex": 6, "value": {"id": "https:\/\/www.bingapis.com\/api\/v6\/#WebPages.6"}},
        {"answerType": "WebPages", "resultIndex": 7, "value": {"id": "https:\/\/www.bingapis.com\/api\/v6\/#WebPages.7"}},
        {"answerType": "WebPages", "resultIndex": 8, "value": {"id": "https:\/\/www.bingapis.com\/api\/v6\/#WebPages.8"}},
        {"answerType": "WebPages", "resultIndex": 9, "value": {"id": "https:\/\/www.bingapis.com\/api\/v6\/#WebPages.9"}},
        {"answerType": "WebPages", "resultIndex": 10, "value": {"id": "https:\/\/www.bingapis.com\/api\/v6\/#WebPages.10"}},
        {"answerType": "WebPages", "resultIndex": 11, "value": {"id": "https:\/\/www.bingapis.com\/api\/v6\/#WebPages.11"}},
        {"answerType": "WebPages", "resultIndex": 12, "value": {"id": "https:\/\/www.bingapis.com\/api\/v6\/#WebPages.12"}},
        {"answerType": "WebPages", "resultIndex": 13, "value": {"id": "https:\/\/www.bingapis.com\/api\/v6\/#WebPages.13"}},
        {"answerType": "WebPages", "resultIndex": 14, "value": {"id": "https:\/\/www.bingapis.com\/api\/v6\/#WebPages.14"}},
        {"answerType": "WebPages", "resultIndex": 15, "value": {"id": "https:\/\/www.bingapis.com\/api\/v6\/#WebPages.15"}},
        {"answerType": "WebPages", "resultIndex": 16, "value": {"id": "https:\/\/www.bingapis.com\/api\/v6\/#WebPages.16"}},
        {"answerType": "WebPages", "resultIndex": 17, "value": {"id": "https:\/\/www.bingapis.com\/api\/v6\/#WebPages.17"}},
        {"answerType": "WebPages", "resultIndex": 18, "value": {"id": "https:\/\/www.bingapis.com\/api\/v6\/#WebPages.18"}},
        {"answerType": "WebPages", "resultIndex": 19, "value": {"id": "https:\/\/www.bingapis.com\/api\/v6\/#WebPages.19"}}]}}}'
    http_version: 
  recorded_at: Tue, 18 Jul 2017 18:03:44 GMT
- request:
    method: get
    uri: https://www.bingapis.com/api/v6/search?AppId=***REMOVED***&count=20&mkt=en-US&offset=0&q=item%20(site:gov%20OR%20site:mil)&responseFilter=WebPages,SpellSuggestions&safeSearch=moderate&textDecorations=true&traffictype=test
    body:
      encoding: US-ASCII
      string: ''
    headers:
      User-Agent:
      - USASearch
      Ocp-Apim-Subscription-Key:
      - ***REMOVED***
      Accept-Encoding:
      - gzip;q=1.0,deflate;q=0.6,identity;q=0.3
      Accept:
      - "*/*"
      Connection:
      - keep-alive
      Keep-Alive:
      - 30
  response:
    status:
      code: 200
      message: OK
    headers:
      Cache-Control:
      - private, max-age=0
      Content-Length:
      - '3800'
      Content-Type:
      - application/json; charset=utf-8
      Expires:
      - Tue, 18 Jul 2017 18:02:44 GMT
      Vary:
      - Accept-Encoding
      Server:
      - Microsoft-IIS/10.0
      P3p:
      - CP="NON UNI COM NAV STA LOC CURa DEVa PSAa PSDa OUR IND"
      Set-Cookie:
      - MUID=2B27F8ABCB85697622FEF268CA12681A; path=/; expires=Thu, 18-Jul-2019 18:03:45
        GMT; domain=bingapis.com
      - MUIDB=2B27F8ABCB85697622FEF268CA12681A; path=/; httponly; expires=Thu, 18-Jul-2019
        18:03:45 GMT
      - SRCHD=AF=NOFORM; domain=.bingapis.com; expires=Thu, 18-Jul-2019 18:03:45 GMT;
        path=/
      - SRCHUID=V=2&GUID=C808C80D851144888CEA5681546C8B22; expires=Thu, 18-Jul-2019
        18:03:45 GMT; path=/
      - SRCHUSR=DOB=20170718; domain=.bingapis.com; expires=Thu, 18-Jul-2019 18:03:45
        GMT; path=/
      - _EDGE_S=mkt=en-us&F=1&SID=126886E5C19464133CE78C26C00365C7; path=/; httponly;
        domain=bingapis.com
      - _EDGE_V=1; path=/; httponly; expires=Thu, 18-Jul-2019 18:03:45 GMT; domain=bingapis.com
      - _SS=SID=126886E5C19464133CE78C26C00365C7; domain=.bingapis.com; path=/
      Bingapis-Traceid:
      - E98EB70521CD42879DD7D1F442FC8205
      X-Msedge-Clientid:
      - 2B27F8ABCB85697622FEF268CA12681A
      X-Msapi-Userstate:
      - '0386'
      Bingapis-Market:
      - en-US
      X-Msedge-Ref:
      - 'Ref A: E98EB70521CD42879DD7D1F442FC8205 Ref B: CO1EDGE0119 Ref C: 2017-07-18T18:03:45Z'
      Date:
      - Tue, 18 Jul 2017 18:03:44 GMT
    body:
      encoding: UTF-8
      string: '{"_type": "SearchResponse", "instrumentation": {"pingUrlBase": "https:\/\/www.bingapis.com\/api\/ping?IG=B3E4157483D04E81BBCA1CF3FEB29980&CID=2B27F8ABCB85697622FEF268CA12681A&ID=",
        "pageLoadPingUrl": "https:\/\/www.bingapis.com\/api\/ping\/pageload?IG=B3E4157483D04E81BBCA1CF3FEB29980&CID=2B27F8ABCB85697622FEF268CA12681A&Type=Event.CPT&DATA=0"},
        "webPages": {"webSearchUrl": "https:\/\/www.bing.com\/search?q=item+(site%3agov+OR+site%3amil)",
        "webSearchUrlPingSuffix": "DevEx,5447.1", "totalEstimatedMatches": 12100000,
        "value": [{"id": "https:\/\/www.bingapis.com\/api\/v6\/#WebPages.0", "name":
        "Form 8-K - Official Site", "url": "https:\/\/www.sec.gov\/about\/forms\/form8-k.pdf",
        "urlPingSuffix": "DevEx,5077.1", "displayUrl": "https:\/\/www.sec.gov\/about\/forms\/form8-k.pdf",
        "snippet": "Check the appropriate box below if the Form 8-K ﬁling is intended
        to simultaneously satisfy the ﬁling obligation of the registrant under", "dateLastCrawled":
        "2017-07-14T06:26:00.0000000Z"}, {"id": "https:\/\/www.bingapis.com\/api\/v6\/#WebPages.1",
        "name": "Tips on Completing Item 6 of the HSR Form | Federal Trade ...",
        "url": "https:\/\/www.ftc.gov\/enforcement\/premerger-notification-program\/hsr-resources\/tips-completing-item-6-hsr-form",
        "urlPingSuffix": "DevEx,5094.1", "displayUrl": "https:\/\/www.ftc.gov\/...\/hsr-resources\/tips-completing-item-6-hsr-form",
        "snippet": "The HSR form requires a filing party to disclose information on
        its subsidiaries in Item 6(a), its share or interest holders in Item 6(b)
        and its minority holdings in ...", "dateLastCrawled": "2017-07-13T16:54:00.0000000Z"},
        {"id": "https:\/\/www.bingapis.com\/api\/v6\/#WebPages.2", "name": "Sample
        Item Release", "url": "http:\/\/www.tn.gov\/assets\/entities\/education\/attachments\/tst_social_studies_math_sample_item_release.pdf",
        "urlPingSuffix": "DevEx,5106.1", "displayUrl": "www.tn.gov\/...\/tst_social_studies_math_sample_item_release.pdf",
        "snippet": "Sample Item Release •Mathematics: Grades 3, 5, and 7; Algebra
        I, Integrated Math I, and Algebra II Sample Integrated Items •Social Studies:
        Examples of New", "dateLastCrawled": "2017-07-14T07:17:00.0000000Z"}, {"id":
        "https:\/\/www.bingapis.com\/api\/v6\/#WebPages.3", "name": "Test and Item
        Specifications - NYS Education Department", "url": "http:\/\/www.acces.nysed.gov\/common\/acces\/files\/hse\/tasc_2016_item_specifications_mathematics_may2016.pdf",
        "urlPingSuffix": "DevEx,5117.1", "displayUrl": "www.acces.nysed.gov\/...\/tasc_2016_item_specifications_mathematics...",
        "snippet": "Item specifications are used by item writers, item editors,
        and item reviewers as a common reference throughout the item-development
        process, ...", "dateLastCrawled": "2017-07-13T04:16:00.0000000Z"}, {"id":
        "https:\/\/www.bingapis.com\/api\/v6\/#WebPages.4", "name": "Controlled Inventory
        Item Code", "url": "https:\/\/afsac4.wpafb.af.mil\/WWRS\/Documents\/2014%20Controlled%20Inventory%20-%20Hazardous%20%20Item%20Codes%20V1.pdf",
        "urlPingSuffix": "DevEx,5128.1", "displayUrl": "https:\/\/afsac4.wpafb.af.mil\/WWRS\/Documents\/2014
        Controlled...", "snippet": "Controlled Inventory Item Code Data Element
        Number: 1013 Data Element Name: Controlled Inventory Item Code Abbreviation:
        CIIC Definition: A code that indicates the ...", "dateLastCrawled": "2017-07-13T03:18:00.0000000Z"},
        {"id": "https:\/\/www.bingapis.com\/api\/v6\/#WebPages.5", "name": "Item
        502 Item 532 Item 518 Item 520 2017 Labor LC SIT SIT ...", "url": "https:\/\/www.sddc.army.mil\/pp\/Defense%20Personal%20Property%20Program\/Defense%20Personal%20Property%20Program%20(DP3)\/Phase%20II%20Business%20Rule%20Attachments\/International\/International%20Tables\/IT-17%20State%20GBLOC%20Item%20500%20Table.pdf",
        "urlPingSuffix": "DevEx,5139.1", "displayUrl": "https:\/\/www.sddc.army.mil\/pp\/Defense
        Personal Property Program...", "snippet": "15.30 20.30 A 4.75 0.12 E Benton,
        Boone, Carroll, Crawford, Franklin, Johnson, Logan, Madison, Montgomery, Newton,
        Polk, Pope, Scott, Sebastian,", "dateLastCrawled": "2017-07-10T02:17:00.0000000Z"},
        {"id": "https:\/\/www.bingapis.com\/api\/v6\/#WebPages.6", "name": "Pay Item
        Catalog - New York State Department of Transportation", "url": "https:\/\/www.dot.ny.gov\/pic?nd=nysdot",
        "urlPingSuffix": "DevEx,5152.1", "displayUrl": "https:\/\/www.dot.ny.gov\/pic?nd=nysdot",
        "snippet": "New York State Department of Transportation coordinates operation
        of transportation facilities and services including highway, bridges, railroad,
        mass transit, port ...", "dateLastCrawled": "2017-07-14T13:27:00.0000000Z"},
        {"id": "https:\/\/www.bingapis.com\/api\/v6\/#WebPages.7", "name": "Non-Developmental
        Item (NDI)-Defense Acquisition Glossary[DAP]", "url": "https:\/\/dap.dau.mil\/glossary\/Pages\/2294.aspx",
        "urlPingSuffix": "DevEx,5166.1", "displayUrl": "https:\/\/dap.dau.mil\/glossary\/Pages\/2294.aspx",
        "snippet": "Non-Developmental Item (NDI) Any previously developed item
        of supply used exclusively for government purposes by a federal agency, a
        State or local government, or a ...", "dateLastCrawled": "2017-07-07T19:55:00.0000000Z"},
        {"id": "https:\/\/www.bingapis.com\/api\/v6\/#WebPages.8", "name": "Part 12—Acquisition
        of Commercial Items", "url": "https:\/\/www.acquisition.gov\/sites\/default\/files\/current\/far\/html\/FARTOCP12.html",
        "urlPingSuffix": "DevEx,5179.1", "displayUrl": "https:\/\/www.acquisition.gov\/sites\/default\/files\/current\/far\/html\/...",
        "snippet": "Part 12—Acquisition of Commercial Items. 12.000 Scope of part.
        12.001 Definition. Subpart 12.1—Acquisition of Commercial Items—General. 12.101
        Policy.", "dateLastCrawled": "2017-07-13T14:00:00.0000000Z"}, {"id": "https:\/\/www.bingapis.com\/api\/v6\/#WebPages.9",
        "name": "NAVSEA STANDARD ITEM", "url": "http:\/\/www.navsea.navy.mil\/Portals\/103\/Documents\/SSRAC\/NSI\/FY16\/009-04_FY16.pdf",
        "urlPingSuffix": "DevEx,5191.1", "displayUrl": "www.navsea.navy.mil\/Portals\/103\/Documents\/SSRAC\/NSI\/FY16\/009-04_FY...",
        "snippet": "1 of 10 ITEM NO: 009-04 FY-16 NAVSEA STANDARD ITEM . FY-16
        . ITEM NO: 009-04 DATE: 18 JUL 2014 . CATEGORY: I . 1. SCOPE: 1.1 Title:
        Quality Management ...", "dateLastCrawled": "2017-06-28T20:34:00.0000000Z"},
        {"id": "https:\/\/www.bingapis.com\/api\/v6\/#WebPages.10", "name": "NAVSEA
        STANDARD ITEM", "url": "http:\/\/www.navsea.navy.mil\/Portals\/103\/Documents\/SSRAC\/NSI\/FY16\/009-74_FY16-CH1.pdf",
        "urlPingSuffix": "DevEx,5202.1", "displayUrl": "www.navsea.navy.mil\/Portals\/103\/Documents\/SSRAC\/NSI\/FY16\/009-74_FY...",
        "snippet": "2 of 10 ITEM NO: 009-74 FY-16 (CH-1) 3.1.2.1 Hazards to be addressed
        shall include but not be limited to emergency evacuation and muster policy,
        confined space, and ...", "dateLastCrawled": "2017-06-25T03:48:00.0000000Z"},
        {"id": "https:\/\/www.bingapis.com\/api\/v6\/#WebPages.11", "name": "NAVSEA
        STANDARD ITEM", "url": "http:\/\/www.navsea.navy.mil\/Portals\/103\/Documents\/SSRAC\/NSI\/FY16\/009-25_FY16.pdf",
        "urlPingSuffix": "DevEx,5213.1", "displayUrl": "www.navsea.navy.mil\/Portals\/103\/Documents\/SSRAC\/NSI\/FY16\/009-25_FY...",
        "snippet": "1 of 4 ITEM NO: 009-25 FY-16 NAVSEA STANDARD ITEM . FY-16
        . ITEM NO: 009-25 DATE: 18 JUL 2014 . CATEGORY: II . 1. SCOPE: 1.1 Title:
        Structural Boundary Test ...", "dateLastCrawled": "2017-06-22T17:42:00.0000000Z"},
        {"id": "https:\/\/www.bingapis.com\/api\/v6\/#WebPages.12", "name": "ACC -
        Access Denied!", "url": "https:\/\/acc.dau.mil\/CommunityBrowser.aspx?id=499073&lang=en-US",
        "urlPingSuffix": "DevEx,5225.1", "displayUrl": "https:\/\/acc.dau.mil\/CommunityBrowser.aspx?id=499073&lang=en-US",
        "snippet": "ACC has migrated to a new platform and can be found on the DAU.mil
        site at www.dau.mil\/community-hub. Please update your bookmarks to go directly
        to the new community ...", "dateLastCrawled": "2017-07-15T02:05:00.0000000Z"},
        {"id": "https:\/\/www.bingapis.com\/api\/v6\/#WebPages.13", "name": "A new
        map of the western parts of Virginia, Pennsylvania ...", "url": "https:\/\/www.loc.gov\/item\/gm71002165",
        "urlPingSuffix": "DevEx,5239.1", "displayUrl": "https:\/\/www.loc.gov\/item\/gm71002165",
        "snippet": "Title A new map of the western parts of Virginia, Pennsylvania,
        Maryland, and North Carolina; comprehending the River Ohio, and all the rivers,
        which ...", "dateLastCrawled": "2017-06-25T02:54:00.0000000Z"}, {"id": "https:\/\/www.bingapis.com\/api\/v6\/#WebPages.14",
        "name": "NAVSEA STANDARD ITEM", "url": "http:\/\/www.navsea.navy.mil\/Portals\/103\/Documents\/SSRAC\/NSI\/FY15\/009-12_FY15.pdf",
        "urlPingSuffix": "DevEx,5251.1", "displayUrl": "www.navsea.navy.mil\/Portals\/103\/Documents\/SSRAC\/NSI\/FY15\/009-12_FY...",
        "snippet": "1 of 18 ITEM NO: 009-12 FY-15 NAVSEA STANDARD ITEM . FY-15
        . ITEM NO: 009-12 DATE: 07 NOV 2013 CATEGORY: II . 1. SCOPE: 1.1 Title:
        Welding, Fabrication ...", "dateLastCrawled": "2017-07-11T14:36:00.0000000Z"},
        {"id": "https:\/\/www.bingapis.com\/api\/v6\/#WebPages.15", "name": "Legacy
        Assessment Materials (OCCT, EOI & OMAAP) | Oklahoma ...", "url": "http:\/\/sde.ok.gov\/sde\/documents\/2013-09-05\/blue-prints-plds-item-specs",
        "urlPingSuffix": "DevEx,5264.1", "displayUrl": "sde.ok.gov\/sde\/documents\/2013-09-05\/blue-prints-plds-item-specs",
        "snippet": "The Office of Assessments is diligently working on new assessment
        materials and a webpage available in ... Item Specs shows test and item
        specifications giving a ...", "dateLastCrawled": "2017-07-11T09:31:00.0000000Z"},
        {"id": "https:\/\/www.bingapis.com\/api\/v6\/#WebPages.16", "name": "African
        American Spirituals | Library of Congress", "url": "https:\/\/www.loc.gov\/item\/ihas.200197495\/",
        "urlPingSuffix": "DevEx,5279.1", "displayUrl": "https:\/\/www.loc.gov\/item\/ihas.200197495",
        "snippet": "The Fisk University Jubilee Singers helped to raise awareness
        of African American spirituals ... Responsibility for making an independent
        legal assessment of an item ...", "dateLastCrawled": "2017-07-07T07:09:00.0000000Z"},
        {"id": "https:\/\/www.bingapis.com\/api\/v6\/#WebPages.17", "name": "The right
        of the people to rule - The Library of Congress", "url": "https:\/\/www.loc.gov\/item\/99391599\/",
        "urlPingSuffix": "DevEx,5293.1", "displayUrl": "https:\/\/www.loc.gov\/item\/99391599",
        "snippet": "Articles and Essays with this item: Sound Recordings of Theodore
        Roosevelt''s Voice - Theodore Roosevelt: His Life and Times on Film - Digital
        Collections", "dateLastCrawled": "2017-06-10T11:31:00.0000000Z"}, {"id": "https:\/\/www.bingapis.com\/api\/v6\/#WebPages.18",
        "name": "Arizona | Library of Congress", "url": "https:\/\/www.loc.gov\/item\/toddbib000194\/",
        "urlPingSuffix": "DevEx,5307.1", "displayUrl": "https:\/\/www.loc.gov\/item\/toddbib000194",
        "snippet": "Arizona Contributor Names ... Responsibility for making an independent
        legal assessment of an item and securing any necessary permission ultimately
        rests ...", "dateLastCrawled": "2017-07-10T16:49:00.0000000Z"}, {"id": "https:\/\/www.bingapis.com\/api\/v6\/#WebPages.19",
        "name": "PNO Guidance on Item 4(d) | Federal Trade Commission", "url":
        "https:\/\/www.ftc.gov\/enforcement\/premerger-notification-program\/hsr-resources\/pno-guidance-item-4d",
        "urlPingSuffix": "DevEx,5325.1", "displayUrl": "https:\/\/www.ftc.gov\/...\/hsr-resources\/pno-guidance-item-4d",
        "snippet": "Item 4(d) targets confidential information memoranda (CIMs),
        bankers’ books and other third party consultants’ materials, and synergies
        documents. When gathering ...", "dateLastCrawled": "2017-07-13T14:51:00.0000000Z"}]},
        "rankingResponse": {"mainline": {"items": [{"answerType": "WebPages", "resultIndex":
        0, "value": {"id": "https:\/\/www.bingapis.com\/api\/v6\/#WebPages.0"}}, {"answerType":
        "WebPages", "resultIndex": 1, "value": {"id": "https:\/\/www.bingapis.com\/api\/v6\/#WebPages.1"}},
        {"answerType": "WebPages", "resultIndex": 2, "value": {"id": "https:\/\/www.bingapis.com\/api\/v6\/#WebPages.2"}},
        {"answerType": "WebPages", "resultIndex": 3, "value": {"id": "https:\/\/www.bingapis.com\/api\/v6\/#WebPages.3"}},
        {"answerType": "WebPages", "resultIndex": 4, "value": {"id": "https:\/\/www.bingapis.com\/api\/v6\/#WebPages.4"}},
        {"answerType": "WebPages", "resultIndex": 5, "value": {"id": "https:\/\/www.bingapis.com\/api\/v6\/#WebPages.5"}},
        {"answerType": "WebPages", "resultIndex": 6, "value": {"id": "https:\/\/www.bingapis.com\/api\/v6\/#WebPages.6"}},
        {"answerType": "WebPages", "resultIndex": 7, "value": {"id": "https:\/\/www.bingapis.com\/api\/v6\/#WebPages.7"}},
        {"answerType": "WebPages", "resultIndex": 8, "value": {"id": "https:\/\/www.bingapis.com\/api\/v6\/#WebPages.8"}},
        {"answerType": "WebPages", "resultIndex": 9, "value": {"id": "https:\/\/www.bingapis.com\/api\/v6\/#WebPages.9"}},
        {"answerType": "WebPages", "resultIndex": 10, "value": {"id": "https:\/\/www.bingapis.com\/api\/v6\/#WebPages.10"}},
        {"answerType": "WebPages", "resultIndex": 11, "value": {"id": "https:\/\/www.bingapis.com\/api\/v6\/#WebPages.11"}},
        {"answerType": "WebPages", "resultIndex": 12, "value": {"id": "https:\/\/www.bingapis.com\/api\/v6\/#WebPages.12"}},
        {"answerType": "WebPages", "resultIndex": 13, "value": {"id": "https:\/\/www.bingapis.com\/api\/v6\/#WebPages.13"}},
        {"answerType": "WebPages", "resultIndex": 14, "value": {"id": "https:\/\/www.bingapis.com\/api\/v6\/#WebPages.14"}},
        {"answerType": "WebPages", "resultIndex": 15, "value": {"id": "https:\/\/www.bingapis.com\/api\/v6\/#WebPages.15"}},
        {"answerType": "WebPages", "resultIndex": 16, "value": {"id": "https:\/\/www.bingapis.com\/api\/v6\/#WebPages.16"}},
        {"answerType": "WebPages", "resultIndex": 17, "value": {"id": "https:\/\/www.bingapis.com\/api\/v6\/#WebPages.17"}},
        {"answerType": "WebPages", "resultIndex": 18, "value": {"id": "https:\/\/www.bingapis.com\/api\/v6\/#WebPages.18"}},
        {"answerType": "WebPages", "resultIndex": 19, "value": {"id": "https:\/\/www.bingapis.com\/api\/v6\/#WebPages.19"}}]}}}'
    http_version: 
  recorded_at: Tue, 18 Jul 2017 18:03:45 GMT
- request:
    method: get
    uri: https://www.bingapis.com/api/v6/search?AppId=***REMOVED***&count=20&mkt=en-US&offset=0&q=obama%20(site:gov%20OR%20site:mil)&responseFilter=WebPages,SpellSuggestions&safeSearch=moderate&textDecorations=true&traffictype=test
    body:
      encoding: US-ASCII
      string: ''
    headers:
      User-Agent:
      - USASearch
      Ocp-Apim-Subscription-Key:
      - ***REMOVED***
      Accept-Encoding:
      - gzip;q=1.0,deflate;q=0.6,identity;q=0.3
      Accept:
      - "*/*"
      Connection:
      - keep-alive
      Keep-Alive:
      - 30
  response:
    status:
      code: 200
      message: OK
    headers:
      Cache-Control:
      - private, max-age=0
      Content-Length:
      - '3058'
      Content-Type:
      - application/json; charset=utf-8
      Expires:
      - Tue, 18 Jul 2017 18:02:45 GMT
      Vary:
      - Accept-Encoding
      Server:
      - Microsoft-IIS/10.0
      P3p:
      - CP="NON UNI COM NAV STA LOC CURa DEVa PSAa PSDa OUR IND"
      Set-Cookie:
      - MUID=24548D8821C7688126A2874B2050693D; path=/; expires=Thu, 18-Jul-2019 18:03:45
        GMT; domain=bingapis.com
      - MUIDB=24548D8821C7688126A2874B2050693D; path=/; httponly; expires=Thu, 18-Jul-2019
        18:03:45 GMT
      - SRCHD=AF=NOFORM; domain=.bingapis.com; expires=Thu, 18-Jul-2019 18:03:45 GMT;
        path=/
      - SRCHUID=V=2&GUID=C316023E5B8248F889265B64DB08765B; expires=Thu, 18-Jul-2019
        18:03:45 GMT; path=/
      - SRCHUSR=DOB=20170718; domain=.bingapis.com; expires=Thu, 18-Jul-2019 18:03:45
        GMT; path=/
      - _EDGE_S=mkt=en-us&F=1&SID=37D80949EB4F63611E9F038AEAD86254; path=/; httponly;
        domain=bingapis.com
      - _EDGE_V=1; path=/; httponly; expires=Thu, 18-Jul-2019 18:03:45 GMT; domain=bingapis.com
      - _SS=SID=37D80949EB4F63611E9F038AEAD86254; domain=.bingapis.com; path=/
      Bingapis-Traceid:
      - 7D8998466B0749648A37CD9DE2B88CD8
      X-Msedge-Clientid:
      - 24548D8821C7688126A2874B2050693D
      X-Msapi-Userstate:
      - 48c6
      Bingapis-Market:
      - en-US
      X-Msedge-Ref:
      - 'Ref A: 7D8998466B0749648A37CD9DE2B88CD8 Ref B: CO1EDGE0310 Ref C: 2017-07-18T18:03:45Z'
      Date:
      - Tue, 18 Jul 2017 18:03:45 GMT
    body:
      encoding: UTF-8
      string: '{"_type": "SearchResponse", "instrumentation": {"pingUrlBase": "https:\/\/www.bingapis.com\/api\/ping?IG=7CE431D3171F4C09B8402DC3F6AE3B73&CID=24548D8821C7688126A2874B2050693D&ID=",
        "pageLoadPingUrl": "https:\/\/www.bingapis.com\/api\/ping\/pageload?IG=7CE431D3171F4C09B8402DC3F6AE3B73&CID=24548D8821C7688126A2874B2050693D&Type=Event.CPT&DATA=0"},
        "webPages": {"webSearchUrl": "https:\/\/www.bing.com\/search?q=obama+(site%3agov+OR+site%3amil)",
        "webSearchUrlPingSuffix": "DevEx,5516.1", "totalEstimatedMatches": 6710000,
        "value": [{"id": "https:\/\/www.bingapis.com\/api\/v6\/#WebPages.0", "name":
        "President Donald J. Trump | whitehouse.gov", "url": "https:\/\/www.whitehouse.gov\/administration\/president-trump",
        "urlPingSuffix": "DevEx,5079.1", "about": [{"name": "Donald Trump"}], "displayUrl":
        "https:\/\/www.whitehouse.gov\/administration\/president-trump", "snippet":
        "Check out the biography of President Donald Trump.", "dateLastCrawled":
        "2017-07-10T22:24:00.0000000Z"}, {"id": "https:\/\/www.bingapis.com\/api\/v6\/#WebPages.1",
        "name": "The White House | whitehouse.gov", "url": "https:\/\/www.whitehouse.gov\/",
        "urlPingSuffix": "DevEx,5105.1", "displayUrl": "https:\/\/www.whitehouse.gov",
        "snippet": "Video Gallery View the most recent videos from the White House.
        Live Events Tune in to White House events and statements as they happen.
        From the Press Office.", "deepLinks": [{"name": "Contact Us", "url": "https:\/\/www.whitehouse.gov\/contact",
        "urlPingSuffix": "DevEx,5093.1"}, {"name": "Tours & Events", "url": "https:\/\/www.whitehouse.gov\/participate\/tours-and-events",
        "urlPingSuffix": "DevEx,5094.1"}, {"name": "Live Events", "url": "https:\/\/www.whitehouse.gov\/live",
        "urlPingSuffix": "DevEx,5095.1"}, {"name": "We The People Petitions", "url":
        "https:\/\/petitions.whitehouse.gov\/", "urlPingSuffix": "DevEx,5096.1"}],
        "dateLastCrawled": "2017-07-14T06:55:00.0000000Z"}, {"id": "https:\/\/www.bingapis.com\/api\/v6\/#WebPages.2",
        "name": "Barack Obama | whitehouse.gov", "url": "https:\/\/www.whitehouse.gov\/1600\/presidents\/barackobama",
        "urlPingSuffix": "DevEx,5121.1", "thumbnailUrl": "https:\/\/www.bing.com\/th?id=OIP.aG0TZL5mYu7l8KPSj0gG8wEsCp&pid=Api",
        "about": [{"name": "Barack Obama"}], "displayUrl": "https:\/\/www.whitehouse.gov\/1600\/presidents\/barackobama",
        "snippet": "Barack Obama served as the 44th President of the United States.
        His story is the American story -- values from the heartland, a middle-class
        upbringing in …", "dateLastCrawled": "2017-07-14T10:43:00.0000000Z"}, {"id":
        "https:\/\/www.bingapis.com\/api\/v6\/#WebPages.3", "name": "HealthCare.gov
        - Official Site", "url": "https:\/\/www.healthcare.gov\/", "urlPingSuffix":
        "DevEx,5136.1", "displayUrl": "https:\/\/www.healthcare.gov", "snippet":
        "Official site of Affordable Care Act. Enroll now for 2017 coverage. See health
        coverage choices, ways to save today, how law affects you.", "dateLastCrawled":
        "2017-07-14T03:33:00.0000000Z"}, {"id": "https:\/\/www.bingapis.com\/api\/v6\/#WebPages.4",
        "name": "Get in Touch with The White House | whitehouse.gov", "url": "https:\/\/www.whitehouse.gov\/contact",
        "urlPingSuffix": "DevEx,5151.1", "displayUrl": "https:\/\/www.whitehouse.gov\/contact",
        "snippet": "Video Gallery View the most recent videos from the White House.
        Live Events Tune in to White House events and statements as they happen.
        From the Press Office.", "dateLastCrawled": "2017-07-14T23:06:00.0000000Z"},
        {"id": "https:\/\/www.bingapis.com\/api\/v6\/#WebPages.5", "name": "Thank
        You | whitehouse.gov", "url": "https:\/\/obamawhitehouse.archives.gov\/blog\/2017\/01\/19\/thank-you",
        "urlPingSuffix": "DevEx,5166.1", "displayUrl": "https:\/\/obamawhitehouse.archives.gov\/blog\/2017\/01\/19\/thank-you",
        "snippet": "Editor''s note: President Obama sent this final message to the
        White House email list this morning.", "dateLastCrawled": "2017-07-10T11:37:00.0000000Z"},
        {"id": "https:\/\/www.bingapis.com\/api\/v6\/#WebPages.6", "name": "The White
        House | whitehouse.gov", "url": "https:\/\/obamawhitehouse.archives.gov\/",
        "urlPingSuffix": "DevEx,5181.1", "about": [{"name": "Barack Obama"}], "displayUrl":
        "https:\/\/obamawhitehouse.archives.gov", "snippet": "President Obama
        has protected more natural resources than any other president.", "dateLastCrawled":
        "2017-07-14T08:17:00.0000000Z"}, {"id": "https:\/\/www.bingapis.com\/api\/v6\/#WebPages.7",
        "name": "First Lady Melania Trump | whitehouse.gov", "url": "https:\/\/www.whitehouse.gov\/administration\/first-lady-melania-trump",
        "urlPingSuffix": "DevEx,5197.1", "thumbnailUrl": "https:\/\/www.bing.com\/th?id=OIP._uRirO-bkDLt7kfJu4iwOADMEy&pid=Api",
        "about": [{"name": "Office of the First Lady of the United States"}, {"name":
        "Melania Trump"}], "displayUrl": "https:\/\/www.whitehouse.gov\/administration\/first-lady-melania-trump",
        "snippet": "First Lady of the United States Melania Trump is the wife of President
        Donald J. Trump, and was born on April 26, 1970 in Slovenia. Melania Knavs
        began …", "dateLastCrawled": "2017-07-14T09:52:00.0000000Z"}, {"id": "https:\/\/www.bingapis.com\/api\/v6\/#WebPages.8",
        "name": "President Obama on the Tragic Shooting in Orlando ...", "url":
        "https:\/\/obamawhitehouse.archives.gov\/blog\/2016\/06\/12\/president-obama-tragic-shooting-orlando",
        "urlPingSuffix": "DevEx,5212.1", "displayUrl": "https:\/\/obamawhitehouse.archives.gov\/blog\/2016\/06\/12\/president...",
        "snippet": "President Obama and Vice President Biden visit with survivors
        and families in Orlando. Today, President Obama and Vice President Biden
        traveled to Orlando, Florida to ...", "dateLastCrawled": "2017-07-12T20:26:00.0000000Z"},
        {"id": "https:\/\/www.bingapis.com\/api\/v6\/#WebPages.9", "name": "Write
        or Call the White House | whitehouse.gov", "url": "https:\/\/www.whitehouse.gov\/contact\/write-or-call",
        "urlPingSuffix": "DevEx,5227.1", "about": [{"name": "White House"}], "displayUrl":
        "https:\/\/www.whitehouse.gov\/contact\/write-or-call", "snippet": "Here
        are a few simple things you can do to make sure your message gets to the White
        House as quickly as possible. If possible, email us! This is the fastest
        way to ...", "dateLastCrawled": "2017-07-15T08:35:00.0000000Z"}, {"id": "https:\/\/www.bingapis.com\/api\/v6\/#WebPages.10",
        "name": "Remarks by the President in State of the Union Address ...", "url":
        "https:\/\/obamawhitehouse.archives.gov\/the-press-office\/2015\/01\/20\/remarks-president-state-union-address-january-20-2015",
        "urlPingSuffix": "DevEx,5242.1", "displayUrl": "https:\/\/obamawhitehouse.archives.gov\/the-press-office\/2015\/01\/20\/...",
        "snippet": "Remarks by the President in State of the Union Address | January
        20, 2015. ... and the State of the Union is strong. ... President Barack
        Obama;", "dateLastCrawled": "2017-07-15T01:27:00.0000000Z"}, {"id": "https:\/\/www.bingapis.com\/api\/v6\/#WebPages.11",
        "name": "2017 Joint Address | whitehouse.gov", "url": "https:\/\/www.whitehouse.gov\/joint-address",
        "urlPingSuffix": "DevEx,5257.1", "displayUrl": "https:\/\/www.whitehouse.gov\/joint-address",
        "snippet": "President Trump delivered his first address to a Joint Session
        of Congress on February 28th, 2017. You can watch the full address here.",
        "dateLastCrawled": "2017-07-11T22:08:00.0000000Z"}, {"id": "https:\/\/www.bingapis.com\/api\/v6\/#WebPages.12",
        "name": "Michelle Obama | whitehouse.gov", "url": "https:\/\/www.whitehouse.gov\/1600\/first-ladies\/michelleobama",
        "urlPingSuffix": "DevEx,5272.1", "about": [{"name": "Michelle Obama"}], "displayUrl":
        "https:\/\/www.whitehouse.gov\/1600\/first-ladies\/michelleobama", "snippet":
        "When people ask Michelle Obama to describe herself, she doesn''t hesitate
        to say that first and foremost, she is Malia and Sasha''s mom. But before
        she was a mother ...", "dateLastCrawled": "2017-07-13T04:55:00.0000000Z"},
        {"id": "https:\/\/www.bingapis.com\/api\/v6\/#WebPages.13", "name": "The White
        House Newsroom | whitehouse.gov", "url": "https:\/\/www.whitehouse.gov\/blog",
        "urlPingSuffix": "DevEx,5287.1", "about": [{"name": "White House"}, {"name":
        "White House Press Secretary"}], "displayUrl": "https:\/\/www.whitehouse.gov\/blog",
        "snippet": "Get the latest news from 1600 Penn on the @WhiteHouse Blog",
        "dateLastCrawled": "2017-07-14T01:19:00.0000000Z"}, {"id": "https:\/\/www.bingapis.com\/api\/v6\/#WebPages.14",
        "name": "White House Video - Official Site", "url": "https:\/\/www.whitehouse.gov\/featured-videos",
        "urlPingSuffix": "DevEx,5309.1", "displayUrl": "https:\/\/www.whitehouse.gov\/featured-videos",
        "snippet": "Video Gallery View the most recent videos from the White House.
        Live Events Tune in to White House events and statements as they happen. From
        the Press Office.", "dateLastCrawled": "2017-07-14T04:25:00.0000000Z"}, {"id":
        "https:\/\/www.bingapis.com\/api\/v6\/#WebPages.15", "name": "Remarks by President
        Obama and President Abbas of the ...", "url": "https:\/\/obamawhitehouse.archives.gov\/the-press-office\/2013\/03\/21\/remarks-president-obama-and-president-abbas-palestinian-authority-joint-",
        "urlPingSuffix": "DevEx,5324.1", "displayUrl": "https:\/\/obamawhitehouse.archives.gov\/the-press-office\/2013\/03\/21\/...",
        "snippet": "Mr. President Obama and President Abbas, open to a theory that
        would say if things are agreed to, they shall be implemented, ...", "dateLastCrawled":
        "2017-06-30T18:51:00.0000000Z"}, {"id": "https:\/\/www.bingapis.com\/api\/v6\/#WebPages.16",
        "name": "Statements and Releases | whitehouse.gov", "url": "https:\/\/www.whitehouse.gov\/briefing-room\/statements-and-releases",
        "urlPingSuffix": "DevEx,5339.1", "displayUrl": "https:\/\/www.whitehouse.gov\/briefing-room\/statements-and-releases",
        "snippet": "Statements and Releases. July 12, 2017. Statement from President
        Donald J. Trump on the Passage of H.R. 2664, H.R. 2480, and H.R. 2200. July
        12, 2017.", "dateLastCrawled": "2017-07-14T04:49:00.0000000Z"}, {"id": "https:\/\/www.bingapis.com\/api\/v6\/#WebPages.17",
        "name": "Speeches and Remarks | whitehouse.gov", "url": "https:\/\/www.whitehouse.gov\/briefing-room\/speeches-and-remarks",
        "urlPingSuffix": "DevEx,5354.1", "displayUrl": "https:\/\/www.whitehouse.gov\/briefing-room\/speeches-and-remarks",
        "snippet": "Speeches and Remarks. July 08, 2017. Remarks by President Trump
        Before Bilateral Meeting with President Xi of China. July 08, 2017. Remarks
        by President Trump and ...", "dateLastCrawled": "2017-07-14T03:04:00.0000000Z"},
        {"id": "https:\/\/www.bingapis.com\/api\/v6\/#WebPages.18", "name": "President
        Barack Obama | whitehouse.gov", "url": "https:\/\/obamawhitehouse.archives.gov\/administration\/president-obama",
        "urlPingSuffix": "DevEx,5369.1", "displayUrl": "https:\/\/obamawhitehouse.archives.gov\/administration\/president-obama",
        "snippet": "Barack Obama is the 44th President of the United States. His
        story is the American story -- values from the heartland, a middle-class upbringing
        in a strong family ...", "dateLastCrawled": "2017-07-14T04:31:00.0000000Z"},
        {"id": "https:\/\/www.bingapis.com\/api\/v6\/#WebPages.19", "name": "Osama
        Bin Laden Dead | whitehouse.gov", "url": "https:\/\/obamawhitehouse.archives.gov\/blog\/2011\/05\/02\/osama-bin-laden-dead",
        "urlPingSuffix": "DevEx,5384.1", "displayUrl": "https:\/\/obamawhitehouse.archives.gov\/...\/05\/02\/osama-bin-laden-dead",
        "snippet": "Tonight, President Obama addressed the Nation to announce that
        the United States has killed Osama bin Laden, the leader of al Qaeda. Watch
        his full remarks here or ...", "dateLastCrawled": "2017-07-08T23:52:00.0000000Z"}]},
        "rankingResponse": {"mainline": {"items": [{"answerType": "WebPages", "resultIndex":
        0, "value": {"id": "https:\/\/www.bingapis.com\/api\/v6\/#WebPages.0"}}, {"answerType":
        "WebPages", "resultIndex": 1, "value": {"id": "https:\/\/www.bingapis.com\/api\/v6\/#WebPages.1"}},
        {"answerType": "WebPages", "resultIndex": 2, "value": {"id": "https:\/\/www.bingapis.com\/api\/v6\/#WebPages.2"}},
        {"answerType": "WebPages", "resultIndex": 3, "value": {"id": "https:\/\/www.bingapis.com\/api\/v6\/#WebPages.3"}},
        {"answerType": "WebPages", "resultIndex": 4, "value": {"id": "https:\/\/www.bingapis.com\/api\/v6\/#WebPages.4"}},
        {"answerType": "WebPages", "resultIndex": 5, "value": {"id": "https:\/\/www.bingapis.com\/api\/v6\/#WebPages.5"}},
        {"answerType": "WebPages", "resultIndex": 6, "value": {"id": "https:\/\/www.bingapis.com\/api\/v6\/#WebPages.6"}},
        {"answerType": "WebPages", "resultIndex": 7, "value": {"id": "https:\/\/www.bingapis.com\/api\/v6\/#WebPages.7"}},
        {"answerType": "WebPages", "resultIndex": 8, "value": {"id": "https:\/\/www.bingapis.com\/api\/v6\/#WebPages.8"}},
        {"answerType": "WebPages", "resultIndex": 9, "value": {"id": "https:\/\/www.bingapis.com\/api\/v6\/#WebPages.9"}},
        {"answerType": "WebPages", "resultIndex": 10, "value": {"id": "https:\/\/www.bingapis.com\/api\/v6\/#WebPages.10"}},
        {"answerType": "WebPages", "resultIndex": 11, "value": {"id": "https:\/\/www.bingapis.com\/api\/v6\/#WebPages.11"}},
        {"answerType": "WebPages", "resultIndex": 12, "value": {"id": "https:\/\/www.bingapis.com\/api\/v6\/#WebPages.12"}},
        {"answerType": "WebPages", "resultIndex": 13, "value": {"id": "https:\/\/www.bingapis.com\/api\/v6\/#WebPages.13"}},
        {"answerType": "WebPages", "resultIndex": 14, "value": {"id": "https:\/\/www.bingapis.com\/api\/v6\/#WebPages.14"}},
        {"answerType": "WebPages", "resultIndex": 15, "value": {"id": "https:\/\/www.bingapis.com\/api\/v6\/#WebPages.15"}},
        {"answerType": "WebPages", "resultIndex": 16, "value": {"id": "https:\/\/www.bingapis.com\/api\/v6\/#WebPages.16"}},
        {"answerType": "WebPages", "resultIndex": 17, "value": {"id": "https:\/\/www.bingapis.com\/api\/v6\/#WebPages.17"}},
        {"answerType": "WebPages", "resultIndex": 18, "value": {"id": "https:\/\/www.bingapis.com\/api\/v6\/#WebPages.18"}},
        {"answerType": "WebPages", "resultIndex": 19, "value": {"id": "https:\/\/www.bingapis.com\/api\/v6\/#WebPages.19"}}]}}}'
    http_version: 
  recorded_at: Tue, 18 Jul 2017 18:03:45 GMT
- request:
    method: get
    uri: https://www.bingapis.com/api/v6/search?AppId=***REMOVED***&count=20&mkt=en-US&offset=0&q=obama%20(site:gov%20OR%20site:mil)&responseFilter=WebPages,SpellSuggestions&safeSearch=moderate&textDecorations=true&traffictype=test
    body:
      encoding: US-ASCII
      string: ''
    headers:
      User-Agent:
      - USASearch
      Ocp-Apim-Subscription-Key:
      - ***REMOVED***
      Accept-Encoding:
      - gzip;q=1.0,deflate;q=0.6,identity;q=0.3
      Accept:
      - "*/*"
      Connection:
      - keep-alive
      Keep-Alive:
      - 30
  response:
    status:
      code: 200
      message: OK
    headers:
      Cache-Control:
      - private, max-age=0
      Content-Length:
      - '3057'
      Content-Type:
      - application/json; charset=utf-8
      Expires:
      - Tue, 18 Jul 2017 18:02:46 GMT
      Vary:
      - Accept-Encoding
      Server:
      - Microsoft-IIS/10.0
      P3p:
      - CP="NON UNI COM NAV STA LOC CURa DEVa PSAa PSDa OUR IND"
      Set-Cookie:
      - MUID=184972067061642B1F7378C571F665CB; path=/; expires=Thu, 18-Jul-2019 18:03:46
        GMT; domain=bingapis.com
      - MUIDB=184972067061642B1F7378C571F665CB; path=/; httponly; expires=Thu, 18-Jul-2019
        18:03:46 GMT
      - SRCHD=AF=NOFORM; domain=.bingapis.com; expires=Thu, 18-Jul-2019 18:03:46 GMT;
        path=/
      - SRCHUID=V=2&GUID=E782E84855CA4EACB324DAAD29E7B68E; expires=Thu, 18-Jul-2019
        18:03:46 GMT; path=/
      - SRCHUSR=DOB=20170718; domain=.bingapis.com; expires=Thu, 18-Jul-2019 18:03:46
        GMT; path=/
      - _EDGE_S=mkt=en-us&F=1&SID=3DDD800EA35F68382D1E8ACDA2C869BB; path=/; httponly;
        domain=bingapis.com
      - _EDGE_V=1; path=/; httponly; expires=Thu, 18-Jul-2019 18:03:46 GMT; domain=bingapis.com
      - _SS=SID=3DDD800EA35F68382D1E8ACDA2C869BB; domain=.bingapis.com; path=/
      Bingapis-Traceid:
      - 0FABCD1C3FA24F5EACD52046BA38D68F
      X-Msedge-Clientid:
      - 184972067061642B1F7378C571F665CB
      X-Msapi-Userstate:
      - 768b
      Bingapis-Market:
      - en-US
      X-Msedge-Ref:
      - 'Ref A: 0FABCD1C3FA24F5EACD52046BA38D68F Ref B: CO1EDGE0219 Ref C: 2017-07-18T18:03:46Z'
      Date:
      - Tue, 18 Jul 2017 18:03:45 GMT
    body:
      encoding: UTF-8
      string: '{"_type": "SearchResponse", "instrumentation": {"pingUrlBase": "https:\/\/www.bingapis.com\/api\/ping?IG=24D349A880FE479BBC824278E97F6188&CID=184972067061642B1F7378C571F665CB&ID=",
        "pageLoadPingUrl": "https:\/\/www.bingapis.com\/api\/ping\/pageload?IG=24D349A880FE479BBC824278E97F6188&CID=184972067061642B1F7378C571F665CB&Type=Event.CPT&DATA=0"},
        "webPages": {"webSearchUrl": "https:\/\/www.bing.com\/search?q=obama+(site%3agov+OR+site%3amil)",
        "webSearchUrlPingSuffix": "DevEx,5516.1", "totalEstimatedMatches": 6710000,
        "value": [{"id": "https:\/\/www.bingapis.com\/api\/v6\/#WebPages.0", "name":
        "President Donald J. Trump | whitehouse.gov", "url": "https:\/\/www.whitehouse.gov\/administration\/president-trump",
        "urlPingSuffix": "DevEx,5079.1", "about": [{"name": "Donald Trump"}], "displayUrl":
        "https:\/\/www.whitehouse.gov\/administration\/president-trump", "snippet":
        "Check out the biography of President Donald Trump.", "dateLastCrawled":
        "2017-07-10T22:24:00.0000000Z"}, {"id": "https:\/\/www.bingapis.com\/api\/v6\/#WebPages.1",
        "name": "The White House | whitehouse.gov", "url": "https:\/\/www.whitehouse.gov\/",
        "urlPingSuffix": "DevEx,5105.1", "displayUrl": "https:\/\/www.whitehouse.gov",
        "snippet": "Video Gallery View the most recent videos from the White House.
        Live Events Tune in to White House events and statements as they happen.
        From the Press Office.", "deepLinks": [{"name": "Contact Us", "url": "https:\/\/www.whitehouse.gov\/contact",
        "urlPingSuffix": "DevEx,5093.1"}, {"name": "Tours & Events", "url": "https:\/\/www.whitehouse.gov\/participate\/tours-and-events",
        "urlPingSuffix": "DevEx,5094.1"}, {"name": "Live Events", "url": "https:\/\/www.whitehouse.gov\/live",
        "urlPingSuffix": "DevEx,5095.1"}, {"name": "We The People Petitions", "url":
        "https:\/\/petitions.whitehouse.gov\/", "urlPingSuffix": "DevEx,5096.1"}],
        "dateLastCrawled": "2017-07-14T06:55:00.0000000Z"}, {"id": "https:\/\/www.bingapis.com\/api\/v6\/#WebPages.2",
        "name": "Barack Obama | whitehouse.gov", "url": "https:\/\/www.whitehouse.gov\/1600\/presidents\/barackobama",
        "urlPingSuffix": "DevEx,5121.1", "thumbnailUrl": "https:\/\/www.bing.com\/th?id=OIP.aG0TZL5mYu7l8KPSj0gG8wEsCp&pid=Api",
        "about": [{"name": "Barack Obama"}], "displayUrl": "https:\/\/www.whitehouse.gov\/1600\/presidents\/barackobama",
        "snippet": "Barack Obama served as the 44th President of the United States.
        His story is the American story -- values from the heartland, a middle-class
        upbringing in …", "dateLastCrawled": "2017-07-14T10:43:00.0000000Z"}, {"id":
        "https:\/\/www.bingapis.com\/api\/v6\/#WebPages.3", "name": "HealthCare.gov
        - Official Site", "url": "https:\/\/www.healthcare.gov\/", "urlPingSuffix":
        "DevEx,5136.1", "displayUrl": "https:\/\/www.healthcare.gov", "snippet":
        "Official site of Affordable Care Act. Enroll now for 2017 coverage. See health
        coverage choices, ways to save today, how law affects you.", "dateLastCrawled":
        "2017-07-14T03:33:00.0000000Z"}, {"id": "https:\/\/www.bingapis.com\/api\/v6\/#WebPages.4",
        "name": "Get in Touch with The White House | whitehouse.gov", "url": "https:\/\/www.whitehouse.gov\/contact",
        "urlPingSuffix": "DevEx,5151.1", "displayUrl": "https:\/\/www.whitehouse.gov\/contact",
        "snippet": "Video Gallery View the most recent videos from the White House.
        Live Events Tune in to White House events and statements as they happen.
        From the Press Office.", "dateLastCrawled": "2017-07-14T23:06:00.0000000Z"},
        {"id": "https:\/\/www.bingapis.com\/api\/v6\/#WebPages.5", "name": "Thank
        You | whitehouse.gov", "url": "https:\/\/obamawhitehouse.archives.gov\/blog\/2017\/01\/19\/thank-you",
        "urlPingSuffix": "DevEx,5166.1", "displayUrl": "https:\/\/obamawhitehouse.archives.gov\/blog\/2017\/01\/19\/thank-you",
        "snippet": "Editor''s note: President Obama sent this final message to the
        White House email list this morning.", "dateLastCrawled": "2017-07-10T11:37:00.0000000Z"},
        {"id": "https:\/\/www.bingapis.com\/api\/v6\/#WebPages.6", "name": "The White
        House | whitehouse.gov", "url": "https:\/\/obamawhitehouse.archives.gov\/",
        "urlPingSuffix": "DevEx,5181.1", "about": [{"name": "Barack Obama"}], "displayUrl":
        "https:\/\/obamawhitehouse.archives.gov", "snippet": "President Obama
        has protected more natural resources than any other president.", "dateLastCrawled":
        "2017-07-14T08:17:00.0000000Z"}, {"id": "https:\/\/www.bingapis.com\/api\/v6\/#WebPages.7",
        "name": "First Lady Melania Trump | whitehouse.gov", "url": "https:\/\/www.whitehouse.gov\/administration\/first-lady-melania-trump",
        "urlPingSuffix": "DevEx,5197.1", "thumbnailUrl": "https:\/\/www.bing.com\/th?id=OIP._uRirO-bkDLt7kfJu4iwOADMEy&pid=Api",
        "about": [{"name": "Office of the First Lady of the United States"}, {"name":
        "Melania Trump"}], "displayUrl": "https:\/\/www.whitehouse.gov\/administration\/first-lady-melania-trump",
        "snippet": "First Lady of the United States Melania Trump is the wife of President
        Donald J. Trump, and was born on April 26, 1970 in Slovenia. Melania Knavs
        began …", "dateLastCrawled": "2017-07-14T09:52:00.0000000Z"}, {"id": "https:\/\/www.bingapis.com\/api\/v6\/#WebPages.8",
        "name": "President Obama on the Tragic Shooting in Orlando ...", "url":
        "https:\/\/obamawhitehouse.archives.gov\/blog\/2016\/06\/12\/president-obama-tragic-shooting-orlando",
        "urlPingSuffix": "DevEx,5212.1", "displayUrl": "https:\/\/obamawhitehouse.archives.gov\/blog\/2016\/06\/12\/president...",
        "snippet": "President Obama and Vice President Biden visit with survivors
        and families in Orlando. Today, President Obama and Vice President Biden
        traveled to Orlando, Florida to ...", "dateLastCrawled": "2017-07-12T20:26:00.0000000Z"},
        {"id": "https:\/\/www.bingapis.com\/api\/v6\/#WebPages.9", "name": "Write
        or Call the White House | whitehouse.gov", "url": "https:\/\/www.whitehouse.gov\/contact\/write-or-call",
        "urlPingSuffix": "DevEx,5227.1", "about": [{"name": "White House"}], "displayUrl":
        "https:\/\/www.whitehouse.gov\/contact\/write-or-call", "snippet": "Here
        are a few simple things you can do to make sure your message gets to the White
        House as quickly as possible. If possible, email us! This is the fastest
        way to ...", "dateLastCrawled": "2017-07-15T08:35:00.0000000Z"}, {"id": "https:\/\/www.bingapis.com\/api\/v6\/#WebPages.10",
        "name": "Remarks by the President in State of the Union Address ...", "url":
        "https:\/\/obamawhitehouse.archives.gov\/the-press-office\/2015\/01\/20\/remarks-president-state-union-address-january-20-2015",
        "urlPingSuffix": "DevEx,5242.1", "displayUrl": "https:\/\/obamawhitehouse.archives.gov\/the-press-office\/2015\/01\/20\/...",
        "snippet": "Remarks by the President in State of the Union Address | January
        20, 2015. ... and the State of the Union is strong. ... President Barack
        Obama;", "dateLastCrawled": "2017-07-15T01:27:00.0000000Z"}, {"id": "https:\/\/www.bingapis.com\/api\/v6\/#WebPages.11",
        "name": "2017 Joint Address | whitehouse.gov", "url": "https:\/\/www.whitehouse.gov\/joint-address",
        "urlPingSuffix": "DevEx,5257.1", "displayUrl": "https:\/\/www.whitehouse.gov\/joint-address",
        "snippet": "President Trump delivered his first address to a Joint Session
        of Congress on February 28th, 2017. You can watch the full address here.",
        "dateLastCrawled": "2017-07-11T22:08:00.0000000Z"}, {"id": "https:\/\/www.bingapis.com\/api\/v6\/#WebPages.12",
        "name": "Michelle Obama | whitehouse.gov", "url": "https:\/\/www.whitehouse.gov\/1600\/first-ladies\/michelleobama",
        "urlPingSuffix": "DevEx,5272.1", "about": [{"name": "Michelle Obama"}], "displayUrl":
        "https:\/\/www.whitehouse.gov\/1600\/first-ladies\/michelleobama", "snippet":
        "When people ask Michelle Obama to describe herself, she doesn''t hesitate
        to say that first and foremost, she is Malia and Sasha''s mom. But before
        she was a mother ...", "dateLastCrawled": "2017-07-13T04:55:00.0000000Z"},
        {"id": "https:\/\/www.bingapis.com\/api\/v6\/#WebPages.13", "name": "The White
        House Newsroom | whitehouse.gov", "url": "https:\/\/www.whitehouse.gov\/blog",
        "urlPingSuffix": "DevEx,5287.1", "about": [{"name": "White House"}, {"name":
        "White House Press Secretary"}], "displayUrl": "https:\/\/www.whitehouse.gov\/blog",
        "snippet": "Get the latest news from 1600 Penn on the @WhiteHouse Blog",
        "dateLastCrawled": "2017-07-14T01:19:00.0000000Z"}, {"id": "https:\/\/www.bingapis.com\/api\/v6\/#WebPages.14",
        "name": "White House Video - Official Site", "url": "https:\/\/www.whitehouse.gov\/featured-videos",
        "urlPingSuffix": "DevEx,5309.1", "displayUrl": "https:\/\/www.whitehouse.gov\/featured-videos",
        "snippet": "Video Gallery View the most recent videos from the White House.
        Live Events Tune in to White House events and statements as they happen. From
        the Press Office.", "dateLastCrawled": "2017-07-14T04:25:00.0000000Z"}, {"id":
        "https:\/\/www.bingapis.com\/api\/v6\/#WebPages.15", "name": "Remarks by President
        Obama and President Abbas of the ...", "url": "https:\/\/obamawhitehouse.archives.gov\/the-press-office\/2013\/03\/21\/remarks-president-obama-and-president-abbas-palestinian-authority-joint-",
        "urlPingSuffix": "DevEx,5324.1", "displayUrl": "https:\/\/obamawhitehouse.archives.gov\/the-press-office\/2013\/03\/21\/...",
        "snippet": "Mr. President Obama and President Abbas, open to a theory that
        would say if things are agreed to, they shall be implemented, ...", "dateLastCrawled":
        "2017-06-30T18:51:00.0000000Z"}, {"id": "https:\/\/www.bingapis.com\/api\/v6\/#WebPages.16",
        "name": "Statements and Releases | whitehouse.gov", "url": "https:\/\/www.whitehouse.gov\/briefing-room\/statements-and-releases",
        "urlPingSuffix": "DevEx,5339.1", "displayUrl": "https:\/\/www.whitehouse.gov\/briefing-room\/statements-and-releases",
        "snippet": "Statements and Releases. July 12, 2017. Statement from President
        Donald J. Trump on the Passage of H.R. 2664, H.R. 2480, and H.R. 2200. July
        12, 2017.", "dateLastCrawled": "2017-07-14T04:49:00.0000000Z"}, {"id": "https:\/\/www.bingapis.com\/api\/v6\/#WebPages.17",
        "name": "Speeches and Remarks | whitehouse.gov", "url": "https:\/\/www.whitehouse.gov\/briefing-room\/speeches-and-remarks",
        "urlPingSuffix": "DevEx,5354.1", "displayUrl": "https:\/\/www.whitehouse.gov\/briefing-room\/speeches-and-remarks",
        "snippet": "Speeches and Remarks. July 08, 2017. Remarks by President Trump
        Before Bilateral Meeting with President Xi of China. July 08, 2017. Remarks
        by President Trump and ...", "dateLastCrawled": "2017-07-14T03:04:00.0000000Z"},
        {"id": "https:\/\/www.bingapis.com\/api\/v6\/#WebPages.18", "name": "President
        Barack Obama | whitehouse.gov", "url": "https:\/\/obamawhitehouse.archives.gov\/administration\/president-obama",
        "urlPingSuffix": "DevEx,5369.1", "displayUrl": "https:\/\/obamawhitehouse.archives.gov\/administration\/president-obama",
        "snippet": "Barack Obama is the 44th President of the United States. His
        story is the American story -- values from the heartland, a middle-class upbringing
        in a strong family ...", "dateLastCrawled": "2017-07-14T04:31:00.0000000Z"},
        {"id": "https:\/\/www.bingapis.com\/api\/v6\/#WebPages.19", "name": "Osama
        Bin Laden Dead | whitehouse.gov", "url": "https:\/\/obamawhitehouse.archives.gov\/blog\/2011\/05\/02\/osama-bin-laden-dead",
        "urlPingSuffix": "DevEx,5384.1", "displayUrl": "https:\/\/obamawhitehouse.archives.gov\/...\/05\/02\/osama-bin-laden-dead",
        "snippet": "Tonight, President Obama addressed the Nation to announce that
        the United States has killed Osama bin Laden, the leader of al Qaeda. Watch
        his full remarks here or ...", "dateLastCrawled": "2017-07-08T23:52:00.0000000Z"}]},
        "rankingResponse": {"mainline": {"items": [{"answerType": "WebPages", "resultIndex":
        0, "value": {"id": "https:\/\/www.bingapis.com\/api\/v6\/#WebPages.0"}}, {"answerType":
        "WebPages", "resultIndex": 1, "value": {"id": "https:\/\/www.bingapis.com\/api\/v6\/#WebPages.1"}},
        {"answerType": "WebPages", "resultIndex": 2, "value": {"id": "https:\/\/www.bingapis.com\/api\/v6\/#WebPages.2"}},
        {"answerType": "WebPages", "resultIndex": 3, "value": {"id": "https:\/\/www.bingapis.com\/api\/v6\/#WebPages.3"}},
        {"answerType": "WebPages", "resultIndex": 4, "value": {"id": "https:\/\/www.bingapis.com\/api\/v6\/#WebPages.4"}},
        {"answerType": "WebPages", "resultIndex": 5, "value": {"id": "https:\/\/www.bingapis.com\/api\/v6\/#WebPages.5"}},
        {"answerType": "WebPages", "resultIndex": 6, "value": {"id": "https:\/\/www.bingapis.com\/api\/v6\/#WebPages.6"}},
        {"answerType": "WebPages", "resultIndex": 7, "value": {"id": "https:\/\/www.bingapis.com\/api\/v6\/#WebPages.7"}},
        {"answerType": "WebPages", "resultIndex": 8, "value": {"id": "https:\/\/www.bingapis.com\/api\/v6\/#WebPages.8"}},
        {"answerType": "WebPages", "resultIndex": 9, "value": {"id": "https:\/\/www.bingapis.com\/api\/v6\/#WebPages.9"}},
        {"answerType": "WebPages", "resultIndex": 10, "value": {"id": "https:\/\/www.bingapis.com\/api\/v6\/#WebPages.10"}},
        {"answerType": "WebPages", "resultIndex": 11, "value": {"id": "https:\/\/www.bingapis.com\/api\/v6\/#WebPages.11"}},
        {"answerType": "WebPages", "resultIndex": 12, "value": {"id": "https:\/\/www.bingapis.com\/api\/v6\/#WebPages.12"}},
        {"answerType": "WebPages", "resultIndex": 13, "value": {"id": "https:\/\/www.bingapis.com\/api\/v6\/#WebPages.13"}},
        {"answerType": "WebPages", "resultIndex": 14, "value": {"id": "https:\/\/www.bingapis.com\/api\/v6\/#WebPages.14"}},
        {"answerType": "WebPages", "resultIndex": 15, "value": {"id": "https:\/\/www.bingapis.com\/api\/v6\/#WebPages.15"}},
        {"answerType": "WebPages", "resultIndex": 16, "value": {"id": "https:\/\/www.bingapis.com\/api\/v6\/#WebPages.16"}},
        {"answerType": "WebPages", "resultIndex": 17, "value": {"id": "https:\/\/www.bingapis.com\/api\/v6\/#WebPages.17"}},
        {"answerType": "WebPages", "resultIndex": 18, "value": {"id": "https:\/\/www.bingapis.com\/api\/v6\/#WebPages.18"}},
        {"answerType": "WebPages", "resultIndex": 19, "value": {"id": "https:\/\/www.bingapis.com\/api\/v6\/#WebPages.19"}}]}}}'
    http_version: 
  recorded_at: Tue, 18 Jul 2017 18:03:46 GMT
- request:
    method: get
    uri: https://www.bingapis.com/api/v6/search?AppId=***REMOVED***&count=20&mkt=en-US&offset=0&q=obama%20(site:gov%20OR%20site:mil)&responseFilter=WebPages,SpellSuggestions&safeSearch=moderate&textDecorations=true&traffictype=test
    body:
      encoding: US-ASCII
      string: ''
    headers:
      User-Agent:
      - USASearch
      Ocp-Apim-Subscription-Key:
      - ***REMOVED***
      Accept-Encoding:
      - gzip;q=1.0,deflate;q=0.6,identity;q=0.3
      Accept:
      - "*/*"
      Connection:
      - keep-alive
      Keep-Alive:
      - 30
  response:
    status:
      code: 200
      message: OK
    headers:
      Cache-Control:
      - private, max-age=0
      Content-Length:
      - '3058'
      Content-Type:
      - application/json; charset=utf-8
      Expires:
      - Tue, 18 Jul 2017 18:02:46 GMT
      Vary:
      - Accept-Encoding
      Server:
      - Microsoft-IIS/10.0
      P3p:
      - CP="NON UNI COM NAV STA LOC CURa DEVa PSAa PSDa OUR IND"
      Set-Cookie:
      - MUID=0BC29260634E6B5F1B0498A362D96A29; path=/; expires=Thu, 18-Jul-2019 18:03:47
        GMT; domain=bingapis.com
      - MUIDB=0BC29260634E6B5F1B0498A362D96A29; path=/; httponly; expires=Thu, 18-Jul-2019
        18:03:47 GMT
      - SRCHD=AF=NOFORM; domain=.bingapis.com; expires=Thu, 18-Jul-2019 18:03:46 GMT;
        path=/
      - SRCHUID=V=2&GUID=D7F142C3619E4729917F341DBFB4F368; expires=Thu, 18-Jul-2019
        18:03:46 GMT; path=/
      - SRCHUSR=DOB=20170718; domain=.bingapis.com; expires=Thu, 18-Jul-2019 18:03:46
        GMT; path=/
      - _EDGE_S=mkt=en-us&F=1&SID=31B7E553F99862571B27EF90F80F63DD; path=/; httponly;
        domain=bingapis.com
      - _EDGE_V=1; path=/; httponly; expires=Thu, 18-Jul-2019 18:03:47 GMT; domain=bingapis.com
      - _SS=SID=31B7E553F99862571B27EF90F80F63DD; domain=.bingapis.com; path=/
      Bingapis-Traceid:
      - 7D2910A5833A4B4C923A6C4EDC981D47
      X-Msedge-Clientid:
      - 0BC29260634E6B5F1B0498A362D96A29
      X-Msapi-Userstate:
      - 0dea
      Bingapis-Market:
      - en-US
      X-Msedge-Ref:
      - 'Ref A: 7D2910A5833A4B4C923A6C4EDC981D47 Ref B: CO1EDGE0521 Ref C: 2017-07-18T18:03:47Z'
      Date:
      - Tue, 18 Jul 2017 18:03:46 GMT
    body:
      encoding: UTF-8
      string: '{"_type": "SearchResponse", "instrumentation": {"pingUrlBase": "https:\/\/www.bingapis.com\/api\/ping?IG=93817004608C43AF8A5B1C5E095F4D41&CID=0BC29260634E6B5F1B0498A362D96A29&ID=",
        "pageLoadPingUrl": "https:\/\/www.bingapis.com\/api\/ping\/pageload?IG=93817004608C43AF8A5B1C5E095F4D41&CID=0BC29260634E6B5F1B0498A362D96A29&Type=Event.CPT&DATA=0"},
        "webPages": {"webSearchUrl": "https:\/\/www.bing.com\/search?q=obama+(site%3agov+OR+site%3amil)",
        "webSearchUrlPingSuffix": "DevEx,5516.1", "totalEstimatedMatches": 6710000,
        "value": [{"id": "https:\/\/www.bingapis.com\/api\/v6\/#WebPages.0", "name":
        "President Donald J. Trump | whitehouse.gov", "url": "https:\/\/www.whitehouse.gov\/administration\/president-trump",
        "urlPingSuffix": "DevEx,5079.1", "about": [{"name": "Donald Trump"}], "displayUrl":
        "https:\/\/www.whitehouse.gov\/administration\/president-trump", "snippet":
        "Check out the biography of President Donald Trump.", "dateLastCrawled":
        "2017-07-10T22:24:00.0000000Z"}, {"id": "https:\/\/www.bingapis.com\/api\/v6\/#WebPages.1",
        "name": "The White House | whitehouse.gov", "url": "https:\/\/www.whitehouse.gov\/",
        "urlPingSuffix": "DevEx,5105.1", "displayUrl": "https:\/\/www.whitehouse.gov",
        "snippet": "Video Gallery View the most recent videos from the White House.
        Live Events Tune in to White House events and statements as they happen.
        From the Press Office.", "deepLinks": [{"name": "Contact Us", "url": "https:\/\/www.whitehouse.gov\/contact",
        "urlPingSuffix": "DevEx,5093.1"}, {"name": "Tours & Events", "url": "https:\/\/www.whitehouse.gov\/participate\/tours-and-events",
        "urlPingSuffix": "DevEx,5094.1"}, {"name": "Live Events", "url": "https:\/\/www.whitehouse.gov\/live",
        "urlPingSuffix": "DevEx,5095.1"}, {"name": "We The People Petitions", "url":
        "https:\/\/petitions.whitehouse.gov\/", "urlPingSuffix": "DevEx,5096.1"}],
        "dateLastCrawled": "2017-07-14T06:55:00.0000000Z"}, {"id": "https:\/\/www.bingapis.com\/api\/v6\/#WebPages.2",
        "name": "Barack Obama | whitehouse.gov", "url": "https:\/\/www.whitehouse.gov\/1600\/presidents\/barackobama",
        "urlPingSuffix": "DevEx,5121.1", "thumbnailUrl": "https:\/\/www.bing.com\/th?id=OIP.aG0TZL5mYu7l8KPSj0gG8wEsCp&pid=Api",
        "about": [{"name": "Barack Obama"}], "displayUrl": "https:\/\/www.whitehouse.gov\/1600\/presidents\/barackobama",
        "snippet": "Barack Obama served as the 44th President of the United States.
        His story is the American story -- values from the heartland, a middle-class
        upbringing in …", "dateLastCrawled": "2017-07-14T10:43:00.0000000Z"}, {"id":
        "https:\/\/www.bingapis.com\/api\/v6\/#WebPages.3", "name": "HealthCare.gov
        - Official Site", "url": "https:\/\/www.healthcare.gov\/", "urlPingSuffix":
        "DevEx,5136.1", "displayUrl": "https:\/\/www.healthcare.gov", "snippet":
        "Official site of Affordable Care Act. Enroll now for 2017 coverage. See health
        coverage choices, ways to save today, how law affects you.", "dateLastCrawled":
        "2017-07-14T03:33:00.0000000Z"}, {"id": "https:\/\/www.bingapis.com\/api\/v6\/#WebPages.4",
        "name": "Get in Touch with The White House | whitehouse.gov", "url": "https:\/\/www.whitehouse.gov\/contact",
        "urlPingSuffix": "DevEx,5151.1", "displayUrl": "https:\/\/www.whitehouse.gov\/contact",
        "snippet": "Video Gallery View the most recent videos from the White House.
        Live Events Tune in to White House events and statements as they happen.
        From the Press Office.", "dateLastCrawled": "2017-07-14T23:06:00.0000000Z"},
        {"id": "https:\/\/www.bingapis.com\/api\/v6\/#WebPages.5", "name": "Thank
        You | whitehouse.gov", "url": "https:\/\/obamawhitehouse.archives.gov\/blog\/2017\/01\/19\/thank-you",
        "urlPingSuffix": "DevEx,5166.1", "displayUrl": "https:\/\/obamawhitehouse.archives.gov\/blog\/2017\/01\/19\/thank-you",
        "snippet": "Editor''s note: President Obama sent this final message to the
        White House email list this morning.", "dateLastCrawled": "2017-07-10T11:37:00.0000000Z"},
        {"id": "https:\/\/www.bingapis.com\/api\/v6\/#WebPages.6", "name": "The White
        House | whitehouse.gov", "url": "https:\/\/obamawhitehouse.archives.gov\/",
        "urlPingSuffix": "DevEx,5181.1", "about": [{"name": "Barack Obama"}], "displayUrl":
        "https:\/\/obamawhitehouse.archives.gov", "snippet": "President Obama
        has protected more natural resources than any other president.", "dateLastCrawled":
        "2017-07-14T08:17:00.0000000Z"}, {"id": "https:\/\/www.bingapis.com\/api\/v6\/#WebPages.7",
        "name": "First Lady Melania Trump | whitehouse.gov", "url": "https:\/\/www.whitehouse.gov\/administration\/first-lady-melania-trump",
        "urlPingSuffix": "DevEx,5197.1", "thumbnailUrl": "https:\/\/www.bing.com\/th?id=OIP._uRirO-bkDLt7kfJu4iwOADMEy&pid=Api",
        "about": [{"name": "Office of the First Lady of the United States"}, {"name":
        "Melania Trump"}], "displayUrl": "https:\/\/www.whitehouse.gov\/administration\/first-lady-melania-trump",
        "snippet": "First Lady of the United States Melania Trump is the wife of President
        Donald J. Trump, and was born on April 26, 1970 in Slovenia. Melania Knavs
        began …", "dateLastCrawled": "2017-07-14T09:52:00.0000000Z"}, {"id": "https:\/\/www.bingapis.com\/api\/v6\/#WebPages.8",
        "name": "President Obama on the Tragic Shooting in Orlando ...", "url":
        "https:\/\/obamawhitehouse.archives.gov\/blog\/2016\/06\/12\/president-obama-tragic-shooting-orlando",
        "urlPingSuffix": "DevEx,5212.1", "displayUrl": "https:\/\/obamawhitehouse.archives.gov\/blog\/2016\/06\/12\/president...",
        "snippet": "President Obama and Vice President Biden visit with survivors
        and families in Orlando. Today, President Obama and Vice President Biden
        traveled to Orlando, Florida to ...", "dateLastCrawled": "2017-07-12T20:26:00.0000000Z"},
        {"id": "https:\/\/www.bingapis.com\/api\/v6\/#WebPages.9", "name": "Write
        or Call the White House | whitehouse.gov", "url": "https:\/\/www.whitehouse.gov\/contact\/write-or-call",
        "urlPingSuffix": "DevEx,5227.1", "about": [{"name": "White House"}], "displayUrl":
        "https:\/\/www.whitehouse.gov\/contact\/write-or-call", "snippet": "Here
        are a few simple things you can do to make sure your message gets to the White
        House as quickly as possible. If possible, email us! This is the fastest
        way to ...", "dateLastCrawled": "2017-07-15T08:35:00.0000000Z"}, {"id": "https:\/\/www.bingapis.com\/api\/v6\/#WebPages.10",
        "name": "Remarks by the President in State of the Union Address ...", "url":
        "https:\/\/obamawhitehouse.archives.gov\/the-press-office\/2015\/01\/20\/remarks-president-state-union-address-january-20-2015",
        "urlPingSuffix": "DevEx,5242.1", "displayUrl": "https:\/\/obamawhitehouse.archives.gov\/the-press-office\/2015\/01\/20\/...",
        "snippet": "Remarks by the President in State of the Union Address | January
        20, 2015. ... and the State of the Union is strong. ... President Barack
        Obama;", "dateLastCrawled": "2017-07-15T01:27:00.0000000Z"}, {"id": "https:\/\/www.bingapis.com\/api\/v6\/#WebPages.11",
        "name": "2017 Joint Address | whitehouse.gov", "url": "https:\/\/www.whitehouse.gov\/joint-address",
        "urlPingSuffix": "DevEx,5257.1", "displayUrl": "https:\/\/www.whitehouse.gov\/joint-address",
        "snippet": "President Trump delivered his first address to a Joint Session
        of Congress on February 28th, 2017. You can watch the full address here.",
        "dateLastCrawled": "2017-07-11T22:08:00.0000000Z"}, {"id": "https:\/\/www.bingapis.com\/api\/v6\/#WebPages.12",
        "name": "Michelle Obama | whitehouse.gov", "url": "https:\/\/www.whitehouse.gov\/1600\/first-ladies\/michelleobama",
        "urlPingSuffix": "DevEx,5272.1", "about": [{"name": "Michelle Obama"}], "displayUrl":
        "https:\/\/www.whitehouse.gov\/1600\/first-ladies\/michelleobama", "snippet":
        "When people ask Michelle Obama to describe herself, she doesn''t hesitate
        to say that first and foremost, she is Malia and Sasha''s mom. But before
        she was a mother ...", "dateLastCrawled": "2017-07-13T04:55:00.0000000Z"},
        {"id": "https:\/\/www.bingapis.com\/api\/v6\/#WebPages.13", "name": "The White
        House Newsroom | whitehouse.gov", "url": "https:\/\/www.whitehouse.gov\/blog",
        "urlPingSuffix": "DevEx,5287.1", "about": [{"name": "White House"}, {"name":
        "White House Press Secretary"}], "displayUrl": "https:\/\/www.whitehouse.gov\/blog",
        "snippet": "Get the latest news from 1600 Penn on the @WhiteHouse Blog",
        "dateLastCrawled": "2017-07-14T01:19:00.0000000Z"}, {"id": "https:\/\/www.bingapis.com\/api\/v6\/#WebPages.14",
        "name": "White House Video - Official Site", "url": "https:\/\/www.whitehouse.gov\/featured-videos",
        "urlPingSuffix": "DevEx,5309.1", "displayUrl": "https:\/\/www.whitehouse.gov\/featured-videos",
        "snippet": "Video Gallery View the most recent videos from the White House.
        Live Events Tune in to White House events and statements as they happen. From
        the Press Office.", "dateLastCrawled": "2017-07-14T04:25:00.0000000Z"}, {"id":
        "https:\/\/www.bingapis.com\/api\/v6\/#WebPages.15", "name": "Remarks by President
        Obama and President Abbas of the ...", "url": "https:\/\/obamawhitehouse.archives.gov\/the-press-office\/2013\/03\/21\/remarks-president-obama-and-president-abbas-palestinian-authority-joint-",
        "urlPingSuffix": "DevEx,5324.1", "displayUrl": "https:\/\/obamawhitehouse.archives.gov\/the-press-office\/2013\/03\/21\/...",
        "snippet": "Mr. President Obama and President Abbas, open to a theory that
        would say if things are agreed to, they shall be implemented, ...", "dateLastCrawled":
        "2017-06-30T18:51:00.0000000Z"}, {"id": "https:\/\/www.bingapis.com\/api\/v6\/#WebPages.16",
        "name": "Statements and Releases | whitehouse.gov", "url": "https:\/\/www.whitehouse.gov\/briefing-room\/statements-and-releases",
        "urlPingSuffix": "DevEx,5339.1", "displayUrl": "https:\/\/www.whitehouse.gov\/briefing-room\/statements-and-releases",
        "snippet": "Statements and Releases. July 12, 2017. Statement from President
        Donald J. Trump on the Passage of H.R. 2664, H.R. 2480, and H.R. 2200. July
        12, 2017.", "dateLastCrawled": "2017-07-14T04:49:00.0000000Z"}, {"id": "https:\/\/www.bingapis.com\/api\/v6\/#WebPages.17",
        "name": "Speeches and Remarks | whitehouse.gov", "url": "https:\/\/www.whitehouse.gov\/briefing-room\/speeches-and-remarks",
        "urlPingSuffix": "DevEx,5354.1", "displayUrl": "https:\/\/www.whitehouse.gov\/briefing-room\/speeches-and-remarks",
        "snippet": "Speeches and Remarks. July 08, 2017. Remarks by President Trump
        Before Bilateral Meeting with President Xi of China. July 08, 2017. Remarks
        by President Trump and ...", "dateLastCrawled": "2017-07-14T03:04:00.0000000Z"},
        {"id": "https:\/\/www.bingapis.com\/api\/v6\/#WebPages.18", "name": "President
        Barack Obama | whitehouse.gov", "url": "https:\/\/obamawhitehouse.archives.gov\/administration\/president-obama",
        "urlPingSuffix": "DevEx,5369.1", "displayUrl": "https:\/\/obamawhitehouse.archives.gov\/administration\/president-obama",
        "snippet": "Barack Obama is the 44th President of the United States. His
        story is the American story -- values from the heartland, a middle-class upbringing
        in a strong family ...", "dateLastCrawled": "2017-07-14T04:31:00.0000000Z"},
        {"id": "https:\/\/www.bingapis.com\/api\/v6\/#WebPages.19", "name": "Osama
        Bin Laden Dead | whitehouse.gov", "url": "https:\/\/obamawhitehouse.archives.gov\/blog\/2011\/05\/02\/osama-bin-laden-dead",
        "urlPingSuffix": "DevEx,5384.1", "displayUrl": "https:\/\/obamawhitehouse.archives.gov\/...\/05\/02\/osama-bin-laden-dead",
        "snippet": "Tonight, President Obama addressed the Nation to announce that
        the United States has killed Osama bin Laden, the leader of al Qaeda. Watch
        his full remarks here or ...", "dateLastCrawled": "2017-07-08T23:52:00.0000000Z"}]},
        "rankingResponse": {"mainline": {"items": [{"answerType": "WebPages", "resultIndex":
        0, "value": {"id": "https:\/\/www.bingapis.com\/api\/v6\/#WebPages.0"}}, {"answerType":
        "WebPages", "resultIndex": 1, "value": {"id": "https:\/\/www.bingapis.com\/api\/v6\/#WebPages.1"}},
        {"answerType": "WebPages", "resultIndex": 2, "value": {"id": "https:\/\/www.bingapis.com\/api\/v6\/#WebPages.2"}},
        {"answerType": "WebPages", "resultIndex": 3, "value": {"id": "https:\/\/www.bingapis.com\/api\/v6\/#WebPages.3"}},
        {"answerType": "WebPages", "resultIndex": 4, "value": {"id": "https:\/\/www.bingapis.com\/api\/v6\/#WebPages.4"}},
        {"answerType": "WebPages", "resultIndex": 5, "value": {"id": "https:\/\/www.bingapis.com\/api\/v6\/#WebPages.5"}},
        {"answerType": "WebPages", "resultIndex": 6, "value": {"id": "https:\/\/www.bingapis.com\/api\/v6\/#WebPages.6"}},
        {"answerType": "WebPages", "resultIndex": 7, "value": {"id": "https:\/\/www.bingapis.com\/api\/v6\/#WebPages.7"}},
        {"answerType": "WebPages", "resultIndex": 8, "value": {"id": "https:\/\/www.bingapis.com\/api\/v6\/#WebPages.8"}},
        {"answerType": "WebPages", "resultIndex": 9, "value": {"id": "https:\/\/www.bingapis.com\/api\/v6\/#WebPages.9"}},
        {"answerType": "WebPages", "resultIndex": 10, "value": {"id": "https:\/\/www.bingapis.com\/api\/v6\/#WebPages.10"}},
        {"answerType": "WebPages", "resultIndex": 11, "value": {"id": "https:\/\/www.bingapis.com\/api\/v6\/#WebPages.11"}},
        {"answerType": "WebPages", "resultIndex": 12, "value": {"id": "https:\/\/www.bingapis.com\/api\/v6\/#WebPages.12"}},
        {"answerType": "WebPages", "resultIndex": 13, "value": {"id": "https:\/\/www.bingapis.com\/api\/v6\/#WebPages.13"}},
        {"answerType": "WebPages", "resultIndex": 14, "value": {"id": "https:\/\/www.bingapis.com\/api\/v6\/#WebPages.14"}},
        {"answerType": "WebPages", "resultIndex": 15, "value": {"id": "https:\/\/www.bingapis.com\/api\/v6\/#WebPages.15"}},
        {"answerType": "WebPages", "resultIndex": 16, "value": {"id": "https:\/\/www.bingapis.com\/api\/v6\/#WebPages.16"}},
        {"answerType": "WebPages", "resultIndex": 17, "value": {"id": "https:\/\/www.bingapis.com\/api\/v6\/#WebPages.17"}},
        {"answerType": "WebPages", "resultIndex": 18, "value": {"id": "https:\/\/www.bingapis.com\/api\/v6\/#WebPages.18"}},
        {"answerType": "WebPages", "resultIndex": 19, "value": {"id": "https:\/\/www.bingapis.com\/api\/v6\/#WebPages.19"}}]}}}'
    http_version: 
  recorded_at: Tue, 18 Jul 2017 18:03:47 GMT
recorded_with: VCR 3.0.3
