---
http_interactions:
- request:
    method: get
    uri: http://api.bing.net/json.aspx?Adult=moderate&AppId=A4C32FAE6F3DB386FC32ED1C4F3024742ED30906&Options=EnableHighlighting&fdtrace=1&query=(president)%20language:en%20(scopeid:usagovall%20OR%20site:gov%20OR%20site:mil)&sources=Spell%20Web&traffictype=test&web.count=20
    body:
      encoding: US-ASCII
      string: ''
    headers:
      User-Agent:
      - USASearch
      Accept-Encoding:
      - gzip;q=1.0,deflate;q=0.6,identity;q=0.3
      Accept:
      - "*/*"
      Connection:
      - keep-alive
      Keep-Alive:
      - 30
  response:
    status:
      code: 200
      message: ''
    headers:
      Content-Type:
      - application/json; charset=utf-8
      Server:
      - Microsoft-IIS/8.5
      X-Content-Type-Options:
      - nosniff
      Date:
      - Thu, 08 Dec 2016 23:03:45 GMT
      Content-Length:
      - '13057'
    body:
      encoding: UTF-8
      string: '{"SearchResponse":{"Version":"2.2","Query":{"SearchTerms":"\u0028president\u0029
        language\u003aen \u0028scopeid\u003ausagovall OR site\u003agov OR site\u003amil\u0029"},"Web":{"Total":7410000,"Offset":0,"Results":[{"Title":"The
        Presidents \u007c whitehouse.gov","Description":"Short history of the U.S.
        Presidency, along with biographical sketches and portraits of all the presidents
        to date. From the official White House site.","Url":"https\u003a\u002f\u002fwww.whitehouse.gov\u002f1600\u002fPresidents","CacheUrl":"http\u003a\u002f\u002fcc.bingj.com\u002fcache.aspx\u003fq\u003dpresident\u0026d\u003d4873982073636903\u0026w\u003dPNvhTg8jsUioblETutK5H--gaJJmzJCT","DisplayUrl":"https\u003a\u002f\u002fwww.whitehouse.gov\u002f1600\u002fPresidents","DateTime":"2016-12-01T21\u003a45\u003a00Z"},{"Title":"President
        Barack Obama \u007c whitehouse.gov","Description":"Barack Obama is the 44th
        President of the United States. His story is the American story -- values
        from the heartland, a middle-class upbringing in a strong family ...","Url":"https\u003a\u002f\u002fwww.whitehouse.gov\u002fadministration\u002fpresident-obama","CacheUrl":"http\u003a\u002f\u002fcc.bingj.com\u002fcache.aspx\u003fq\u003dpresident\u0026d\u003d4751592666694435\u0026w\u003dYyCucBCdM0lwxh75qkNepbFNO6gmb3Zu","DisplayUrl":"https\u003a\u002f\u002fwww.whitehouse.gov\u002fadministration\u002fpresident-obama","DateTime":"2016-11-08T22\u003a19\u003a00Z"},{"Title":"The
        White House \u007c whitehouse.gov","Description":"See the President\u0027s
        daily schedule, explore behind-the-scenes photos from inside the White House,
        and find out all the ways you can engage with the most interactive ...","Url":"https\u003a\u002f\u002fwww.whitehouse.gov\u002f","CacheUrl":"http\u003a\u002f\u002fcc.bingj.com\u002fcache.aspx\u003fq\u003dpresident\u0026d\u003d4598636004444624\u0026w\u003dQLj-8oQr5f0rN-Fg3rTwilDZHt3uuc-_","DisplayUrl":"https\u003a\u002f\u002fwww.whitehouse.gov","DateTime":"2016-12-04T08\u003a25\u003a00Z"},{"Title":"George
        W. Bush \u007c whitehouse.gov","Description":"George W. Bush, America\u0027s
        43rd President \u00282001-2009\u0029, was transformed into a wartime President
        in the aftermath of the airborne terrorist attacks on September 11 ...","Url":"https\u003a\u002f\u002fwww.whitehouse.gov\u002f1600\u002fpresidents\u002fgeorgewbush","CacheUrl":"http\u003a\u002f\u002fcc.bingj.com\u002fcache.aspx\u003fq\u003dpresident\u0026d\u003d4973887275335729\u0026w\u003dQxB7Q5FG8SHV3IITkttCZ1XljLaitqoF","DisplayUrl":"https\u003a\u002f\u002fwww.whitehouse.gov\u002f1600\u002fpresidents\u002fgeorgewbush","DateTime":"2016-11-11T07\u003a43\u003a00Z"},{"Title":"Submit
        Your Message Online \u007c whitehouse.gov","Description":"President Obama
        is committed to creating the most open and accessible administration in American
        history. To share your reflections with President Obama, please use ...","Url":"https\u003a\u002f\u002fwww.whitehouse.gov\u002fcontact","CacheUrl":"http\u003a\u002f\u002fcc.bingj.com\u002fcache.aspx\u003fq\u003dpresident\u0026d\u003d4880394430384331\u0026w\u003dd9IUzVcKjZ-rWNmw2744mXQOXVoy5jak","DisplayUrl":"https\u003a\u002f\u002fwww.whitehouse.gov\u002fcontact","DateTime":"2016-12-02T23\u003a11\u003a00Z"},{"Title":"George
        Washington \u007c whitehouse.gov","Description":"On April 30, 1789, George
        Washington, standing on the balcony of Federal Hall on Wall Street in New
        York, took his oath of office as the first President of the United ...","Url":"https\u003a\u002f\u002fwww.whitehouse.gov\u002f1600\u002fpresidents\u002fgeorgewashington","CacheUrl":"http\u003a\u002f\u002fcc.bingj.com\u002fcache.aspx\u003fq\u003dpresident\u0026d\u003d4849320331838574\u0026w\u003dRRBiTmIi6zSdNy1G6oY9S36mT2TrGbO7","DisplayUrl":"https\u003a\u002f\u002fwww.whitehouse.gov\u002f1600\u002fpresidents\u002fgeorgewashington","DateTime":"2016-11-14T05\u003a27\u003a00Z"},{"Title":"Statement
        by the President on the Passing of Fidel Castro ...","Description":"At this
        time of Fidel Castro\u2019s passing, we extend a hand of friendship to the
        Cuban people. We know that this moment fills Cubans - in Cuba and in the United
        States ...","Url":"https\u003a\u002f\u002fwww.whitehouse.gov\u002fthe-press-office\u002f2016\u002f11\u002f26\u002fstatement-president-passing-fidel-castro","CacheUrl":"http\u003a\u002f\u002fcc.bingj.com\u002fcache.aspx\u003fq\u003dpresident\u0026d\u003d9776948277857\u0026w\u003dDpKwnqMk2M54RUtNSgfpNQ9J3m1cJhiT","DisplayUrl":"https\u003a\u002f\u002fwww.whitehouse.gov\u002fthe-press-office\u002f2016\u002f11\u002f26\u002fstatement...","DateTime":"2016-11-26T15\u003a45\u003a00Z"},{"Title":"The
        Presidents \u007c The White House","Description":"See the President\u0027s
        daily schedule, explore behind-the-scenes photos from inside the White House,
        and find out all the ways you can engage with the most interactive ...","Url":"http\u003a\u002f\u002fwww.whitehouse.gov\u002fphotos-and-video\u002fphotogallery\u002fthe-presidents","CacheUrl":"http\u003a\u002f\u002fcc.bingj.com\u002fcache.aspx\u003fq\u003dpresident\u0026d\u003d4774995944802657\u0026w\u003d25yXD4iP3LR7atzjUYQ_AJpuwxH4-Xks","DisplayUrl":"www.whitehouse.gov\u002fphotos-and-video\u002fphotogallery\u002fthe-presidents","DateTime":"2016-11-18T20\u003a05\u003a00Z"},{"Title":"John
        Adams \u007c whitehouse.gov","Description":"John Adams, a remarkable political
        philosopher, served as the second President of the United States \u00281797-1801\u0029,
        after serving as the first Vice President under ...","Url":"https\u003a\u002f\u002fwww.whitehouse.gov\u002f1600\u002fpresidents\u002fjohnadams","CacheUrl":"http\u003a\u002f\u002fcc.bingj.com\u002fcache.aspx\u003fq\u003dpresident\u0026d\u003d4939793820549967\u0026w\u003d0Q6_sT-3ReXGW6MaSYSWRT8cGMll8c-3","DisplayUrl":"https\u003a\u002f\u002fwww.whitehouse.gov\u002f1600\u002fpresidents\u002fjohnadams","DateTime":"2016-11-06T21\u003a01\u003a00Z"},{"Title":"Harry
        S. Truman \u007c whitehouse.gov","Description":"During his few weeks as Vice
        President, Harry S. Truman scarcely saw President Roosevelt, and received
        no briefing on the development of the atomic bomb or the ...","Url":"https\u003a\u002f\u002fwww.whitehouse.gov\u002f1600\u002fpresidents\u002fharrystruman","CacheUrl":"http\u003a\u002f\u002fcc.bingj.com\u002fcache.aspx\u003fq\u003dpresident\u0026d\u003d4989662651417856\u0026w\u003dCj9qk9bZXxDdCTIpP1AuvxvtyLyFFDPC","DisplayUrl":"https\u003a\u002f\u002fwww.whitehouse.gov\u002f1600\u002fpresidents\u002fharrystruman","DateTime":"2016-10-22T16\u003a53\u003a00Z"},{"Title":"Martin
        Van Buren \u007c whitehouse.gov","Description":"Martin Van Buren was the eighth
        President of the United States \u00281837-1841\u0029, after serving as the
        eighth Vice President and the tenth Secretary of State, both under ...","Url":"https\u003a\u002f\u002fwww.whitehouse.gov\u002f1600\u002fpresidents\u002fmartinvanburen","CacheUrl":"http\u003a\u002f\u002fcc.bingj.com\u002fcache.aspx\u003fq\u003dpresident\u0026d\u003d4508029414933175\u0026w\u003dVtZI6N1qS8QCA5rdrQnSOHoAWue5Wt7F","DisplayUrl":"https\u003a\u002f\u002fwww.whitehouse.gov\u002f1600\u002fpresidents\u002fmartinvanburen","DateTime":"2016-11-28T11\u003a43\u003a00Z"},{"Title":"Franklin
        D. Roosevelt \u007c whitehouse.gov","Description":"Assuming the Presidency
        at the depth of the Great Depression as our 32nd President \u00281933-1945\u0029,
        Franklin D. Roosevelt helped the American people regain faith in ...","Url":"https\u003a\u002f\u002fwww.whitehouse.gov\u002f1600\u002fpresidents\u002ffranklindroosevelt","CacheUrl":"http\u003a\u002f\u002fcc.bingj.com\u002fcache.aspx\u003fq\u003dpresident\u0026d\u003d4848487135250063\u0026w\u003de7VkyMAsP2ic1j-oKWYObN7Z0sh_x1fb","DisplayUrl":"https\u003a\u002f\u002fwww.whitehouse.gov\u002f1600\u002fpresidents\u002ffranklindroosevelt","DateTime":"2016-10-25T20\u003a09\u003a00Z"},{"Title":"Woodrow
        Wilson \u007c whitehouse.gov","Description":"Woodrow Wilson, a leader of the
        Progressive Movement, was the 28th President of the United States \u00281913-1921\u0029.
        After a policy of neutrality at the outbreak of World ...","Url":"https\u003a\u002f\u002fwww.whitehouse.gov\u002f1600\u002fpresidents\u002fwoodrowwilson","CacheUrl":"http\u003a\u002f\u002fcc.bingj.com\u002fcache.aspx\u003fq\u003dpresident\u0026d\u003d4686206106928155\u0026w\u003d6BMFMwGG4-RTCiq_aDABMfpKvHG14kwc","DisplayUrl":"https\u003a\u002f\u002fwww.whitehouse.gov\u002f1600\u002fpresidents\u002fwoodrowwilson","DateTime":"2016-11-09T21\u003a30\u003a00Z"},{"Title":"The
        President\u0027s Budget for Fiscal Year 2017 \u007c The White House","Description":"The
        President\u0027s Budget for Fiscal Year 2017. Under the President\u2019s
        leadership, we have turned our economy around and created 14 million jobs.","Url":"http\u003a\u002f\u002fwww.whitehouse.gov\u002fomb\u002fbudget","CacheUrl":"http\u003a\u002f\u002fcc.bingj.com\u002fcache.aspx\u003fq\u003dpresident\u0026d\u003d4871276210096084\u0026w\u003dJbURyZyWH_6nM01SiX_Ua1GmksDm4TRH","DisplayUrl":"www.whitehouse.gov\u002fomb\u002fbudget","DateTime":"2016-10-27T14\u003a19\u003a00Z"},{"Title":"Ronald
        Reagan \u007c whitehouse.gov","Description":"Ronald Reagan, originally an
        American actor and politician, became the 40th President of the United States
        serving from 1981 to 1989. His term saw a restoration of ...","Url":"https\u003a\u002f\u002fwww.whitehouse.gov\u002f1600\u002fpresidents\u002fronaldreagan","CacheUrl":"http\u003a\u002f\u002fcc.bingj.com\u002fcache.aspx\u003fq\u003dpresident\u0026d\u003d4854804977943465\u0026w\u003dl7pdbrfkMWKftaN8f_bm2hdakIO2AnKZ","DisplayUrl":"https\u003a\u002f\u002fwww.whitehouse.gov\u002f1600\u002fpresidents\u002fronaldreagan","DateTime":"2016-11-21T21\u003a02\u003a00Z"},{"Title":"George
        H. W. Bush \u007c whitehouse.gov","Description":"George H. W. Bush, as the
        41st President \u00281989-1993\u0029, brought to the White House a dedication
        to traditional American values and a determination to direct them toward ...","Url":"https\u003a\u002f\u002fwww.whitehouse.gov\u002f1600\u002fpresidents\u002fgeorgehwbush","CacheUrl":"http\u003a\u002f\u002fcc.bingj.com\u002fcache.aspx\u003fq\u003dpresident\u0026d\u003d4846374006426284\u0026w\u003ds36sF3UkpOGb4G2q8UD_haPFj1hDVbXo","DisplayUrl":"https\u003a\u002f\u002fwww.whitehouse.gov\u002f1600\u002fpresidents\u002fgeorgehwbush","DateTime":"2016-11-16T02\u003a12\u003a00Z"},{"Title":"Millard
        Fillmore \u007c whitehouse.gov","Description":"Millard Fillmore, a member
        of the Whig party, was the 13th President of the United States \u00281850-1853\u0029
        and the last President not to be affiliated with either the ...","Url":"https\u003a\u002f\u002fwww.whitehouse.gov\u002f1600\u002fpresidents\u002fmillardfillmore","CacheUrl":"http\u003a\u002f\u002fcc.bingj.com\u002fcache.aspx\u003fq\u003dpresident\u0026d\u003d4993562532184116\u0026w\u003d1luxDctzaWTezwIksbjFdbGJg3HvcV8c","DisplayUrl":"https\u003a\u002f\u002fwww.whitehouse.gov\u002f1600\u002fpresidents\u002fmillardfillmore","DateTime":"2016-12-02T20\u003a56\u003a00Z"},{"Title":"Gerald
        R. Ford \u007c whitehouse.gov","Description":"Gerald R. Ford took the oath
        of office after the first-ever resignation by a U.S. President. See his
        bio.","Url":"https\u003a\u002f\u002fwww.whitehouse.gov\u002f1600\u002fpresidents\u002fgeraldford","CacheUrl":"http\u003a\u002f\u002fcc.bingj.com\u002fcache.aspx\u003fq\u003dpresident\u0026d\u003d4925491549242482\u0026w\u003dODS0dIK6w96_2q28UhVrR5IdXqD0WkRD","DisplayUrl":"https\u003a\u002f\u002fwww.whitehouse.gov\u002f1600\u002fpresidents\u002fgeraldford","DateTime":"2016-11-27T05\u003a50\u003a00Z"},{"Title":"Barack
        Obama \u007c whitehouse.gov","Description":"Barack Obama is the 44th President
        of the United States. His story is the American story -- values from the heartland,
        a middle-class upbringing in a strong family ...","Url":"https\u003a\u002f\u002fwww.whitehouse.gov\u002f1600\u002fpresidents\u002fbarackobama","CacheUrl":"http\u003a\u002f\u002fcc.bingj.com\u002fcache.aspx\u003fq\u003dpresident\u0026d\u003d5046085656511408\u0026w\u003d57Ntv__3Gp72saR0A8Gwcrr6uTDyGZLL","DisplayUrl":"https\u003a\u002f\u002fwww.whitehouse.gov\u002f1600\u002fpresidents\u002fbarackobama","DateTime":"2016-10-28T04\u003a01\u003a00Z"},{"Title":"Dwight
        D. Eisenhower \u007c whitehouse.gov","Description":"Bringing to the Presidency
        his prestige as commanding general of the victorious forces in Europe during
        World War II, Dwight D. Eisenhower obtained a truce in Korea ...","Url":"https\u003a\u002f\u002fwww.whitehouse.gov\u002f1600\u002fpresidents\u002fdwightdeisenhower","CacheUrl":"http\u003a\u002f\u002fcc.bingj.com\u002fcache.aspx\u003fq\u003dpresident\u0026d\u003d4806559689933047\u0026w\u003dBnVw0v2oYkmJxQkgoZ6cW9el52osaLGr","DisplayUrl":"https\u003a\u002f\u002fwww.whitehouse.gov\u002f1600\u002fpresidents\u002fdwightdeisenhower","DateTime":"2016-11-27T15\u003a38\u003a00Z"}]}}}'
    http_version: 
  recorded_at: Thu, 08 Dec 2016 23:03:45 GMT
- request:
    method: get
    uri: http://api.bing.net/json.aspx?Adult=moderate&AppId=A4C32FAE6F3DB386FC32ED1C4F3024742ED30906&Options=EnableHighlighting&fdtrace=1&query=(president)%20language:en%20(scopeid:usagovall%20OR%20site:gov%20OR%20site:mil)&sources=Spell%20Web&traffictype=test&web.count=20&web.offset=20
    body:
      encoding: US-ASCII
      string: ''
    headers:
      User-Agent:
      - USASearch
      Accept-Encoding:
      - gzip;q=1.0,deflate;q=0.6,identity;q=0.3
      Accept:
      - "*/*"
      Connection:
      - keep-alive
      Keep-Alive:
      - 30
  response:
    status:
      code: 200
      message: ''
    headers:
      Content-Type:
      - application/json; charset=utf-8
      Server:
      - Microsoft-IIS/8.5
      X-Content-Type-Options:
      - nosniff
      Date:
      - Thu, 08 Dec 2016 23:03:45 GMT
      Content-Length:
      - '13113'
    body:
      encoding: UTF-8
      string: '{"SearchResponse":{"Version":"2.2","Query":{"SearchTerms":"\u0028president\u0029
        language\u003aen \u0028scopeid\u003ausagovall OR site\u003agov OR site\u003amil\u0029"},"Web":{"Total":7410000,"Offset":20,"Results":[{"Title":"Executive
        Office of the President \u007c whitehouse.gov","Description":"FDR created
        the Executive Office of the President to support government responsibilities
        from communications to trade.","Url":"https\u003a\u002f\u002fwww.whitehouse.gov\u002fadministration\u002feop","CacheUrl":"http\u003a\u002f\u002fcc.bingj.com\u002fcache.aspx\u003fq\u003dpresident\u0026d\u003d4955474739397092\u0026w\u003dlzDkTdnitvLNfRJMc2ds57A1mjgXqJi8","DisplayUrl":"https\u003a\u002f\u002fwww.whitehouse.gov\u002fadministration\u002feop","DateTime":"2016-11-04T21\u003a37\u003a00Z"},{"Title":"Vice
        President Joe Biden \u007c whitehouse.gov","Description":"Joseph Robinette
        Biden, Jr., represented Delaware for 36 years in the U.S. Senate before becoming
        the 47th and current Vice President of the United States.","Url":"https\u003a\u002f\u002fwww.whitehouse.gov\u002fadministration\u002fvice-president-biden","CacheUrl":"http\u003a\u002f\u002fcc.bingj.com\u002fcache.aspx\u003fq\u003dpresident\u0026d\u003d4556747204265578\u0026w\u003dZD5BTpFtaEAYKz3twN45OKRWm8ZJRls2","DisplayUrl":"https\u003a\u002f\u002fwww.whitehouse.gov\u002fadministration\u002fvice-president-biden","DateTime":"2016-10-25T04\u003a33\u003a00Z"},{"Title":"William
        J. Clinton \u007c whitehouse.gov","Description":"William J. Clinton. ... In
        2009, former President Clinton partnered with 43rd President Bush to help
        rebuild Haiti, after the country was devastated by an earthquake.","Url":"https\u003a\u002f\u002fwww.whitehouse.gov\u002f1600\u002fpresidents\u002fwilliamjclinton","CacheUrl":"http\u003a\u002f\u002fcc.bingj.com\u002fcache.aspx\u003fq\u003dpresident\u0026d\u003d5009986450032087\u0026w\u003dODbfmI1LgNLmRzkWUPwW3ju2K5nIO-Li","DisplayUrl":"https\u003a\u002f\u002fwww.whitehouse.gov\u002f1600\u002fpresidents\u002fwilliamjclinton","DateTime":"2016-11-28T12\u003a07\u003a00Z"},{"Title":"Remarks
        by President Obama and President Pena Nieto of ...","Description":"PRESIDENT
        OBAMA So, Juliet, first of all, I had a chance to talk to President Erdogan
        this week and reiterated what we said from the earliest reports that a coup
        was ...","Url":"https\u003a\u002f\u002fwww.whitehouse.gov\u002fthe-press-office\u002f2016\u002f07\u002f22\u002fremarks-president-obama-and-president-pena-nieto-mexico-joint-press","CacheUrl":"http\u003a\u002f\u002fcc.bingj.com\u002fcache.aspx\u003fq\u003dpresident\u0026d\u003d4700937822407816\u0026w\u003duDV9a3XXo0FZvX2oNTxvj9N4iImIvfwx","DisplayUrl":"https\u003a\u002f\u002fwww.whitehouse.gov\u002fthe-press-office\u002f2016\u002f07\u002f22\u002fremarks...","DateTime":"2016-10-02T09\u003a33\u003a00Z"},{"Title":"Andrew
        Jackson \u007c whitehouse.gov","Description":"Andrew Jackson was the seventh
        President of the United States from 1829 to 1837, seeking to act as the
        direct representative of the common man.","Url":"https\u003a\u002f\u002fwww.whitehouse.gov\u002f1600\u002fpresidents\u002fandrewjackson","CacheUrl":"http\u003a\u002f\u002fcc.bingj.com\u002fcache.aspx\u003fq\u003dpresident\u0026d\u003d4656759796794573\u0026w\u003dGILMmPYOPchFpi8UTJQ1bBu1y5fxcNVA","DisplayUrl":"https\u003a\u002f\u002fwww.whitehouse.gov\u002f1600\u002fpresidents\u002fandrewjackson","DateTime":"2016-11-10T21\u003a17\u003a00Z"},{"Title":"James
        Buchanan \u007c whitehouse.gov","Description":"James Buchanan, the 15th President
        of the United States \u00281857-1861\u0029, served immediately prior to the
        American Civil War. He remains the only President to be elected ...","Url":"https\u003a\u002f\u002fwww.whitehouse.gov\u002f1600\u002fpresidents\u002fjamesbuchanan","CacheUrl":"http\u003a\u002f\u002fcc.bingj.com\u002fcache.aspx\u003fq\u003dpresident\u0026d\u003d4714810601898760\u0026w\u003dqYqRCUBe0m9gDB8SnuMVKLbBbUXNS9l1","DisplayUrl":"https\u003a\u002f\u002fwww.whitehouse.gov\u002f1600\u002fpresidents\u002fjamesbuchanan","DateTime":"2016-11-28T13\u003a12\u003a00Z"},{"Title":"Abraham
        Lincoln \u007c whitehouse.gov","Description":"Abraham Lincoln became the United
        States\u0027 16th President in 1861, issuing the Emancipation Proclamation
        that declared forever free those slaves within the Confederacy ...","Url":"https\u003a\u002f\u002fwww.whitehouse.gov\u002f1600\u002fpresidents\u002fabrahamlincoln","CacheUrl":"http\u003a\u002f\u002fcc.bingj.com\u002fcache.aspx\u003fq\u003dpresident\u0026d\u003d4885866209151612\u0026w\u003dvM6XnHT67kmt1eqvPKaicu9sdLnjsUbE","DisplayUrl":"https\u003a\u002f\u002fwww.whitehouse.gov\u002f1600\u002fpresidents\u002fabrahamlincoln","DateTime":"2016-11-29T16\u003a49\u003a00Z"},{"Title":"Briefing
        Room \u007c The White House","Description":"See the President\u0027s daily
        schedule, explore behind-the-scenes photos from inside the White House, and
        find out all the ways you can engage with the most interactive ...","Url":"http\u003a\u002f\u002fwww.whitehouse.gov\u002fbriefing-room","CacheUrl":"http\u003a\u002f\u002fcc.bingj.com\u002fcache.aspx\u003fq\u003dpresident\u0026d\u003d4759083088478349\u0026w\u003d3WErx1xa9Tx0LgbUqyu2pvNXN2YZJ5lw","DisplayUrl":"www.whitehouse.gov\u002fbriefing-room","DateTime":"2016-11-21T19\u003a31\u003a00Z"},{"Title":"Branches
        of Government \u007c USAGov","Description":"Branches of Government. Learn
        more about the executive, legislative, ... The president serves a four-year
        term and can be elected no more than two times.","Url":"https\u003a\u002f\u002fwww.usa.gov\u002fbranches-of-government","CacheUrl":"http\u003a\u002f\u002fcc.bingj.com\u002fcache.aspx\u003fq\u003dpresident\u0026d\u003d4644008042955163\u0026w\u003dyZ0GbZXXXoY_2Y9sC5_xGHK9_mNMnTiz","DisplayUrl":"https\u003a\u002f\u002fwww.usa.gov\u002fbranches-of-government","DateTime":"2016-12-02T17\u003a15\u003a00Z"},{"Title":"Chester
        A. Arthur \u007c whitehouse.gov","Description":"The son of a Baptist preacher
        who had emigrated from northern Ireland, Chester A. Arthur was America\u0027s
        21st President \u00281881-85\u0029, succeeding President James Garfield
        ...","Url":"https\u003a\u002f\u002fwww.whitehouse.gov\u002f1600\u002fpresidents\u002fchesterarthur","CacheUrl":"http\u003a\u002f\u002fcc.bingj.com\u002fcache.aspx\u003fq\u003dpresident\u0026d\u003d4676516665951872\u0026w\u003dEcjYYTWgGnBOokEANIaFSjb9NVl6A5vH","DisplayUrl":"https\u003a\u002f\u002fwww.whitehouse.gov\u002f1600\u002fpresidents\u002fchesterarthur","DateTime":"2016-11-12T18\u003a00\u003a00Z"},{"Title":"1600
        Penn \u007c The White House","Description":"President Obama and First Lady
        Michelle Obama are committed to opening the doors of the White House and truly
        making it the People\u2019s House.","Url":"https\u003a\u002f\u002fwww.whitehouse.gov\u002f1600","CacheUrl":"http\u003a\u002f\u002fcc.bingj.com\u002fcache.aspx\u003fq\u003dpresident\u0026d\u003d4768854155854522\u0026w\u003dNNVTReAtSd14n5jEE7DyFRw4gkZmCQtn","DisplayUrl":"https\u003a\u002f\u002fwww.whitehouse.gov\u002f1600","DateTime":"2016-10-23T17\u003a08\u003a00Z"},{"Title":"President
        James Monroe - The White House \u007c whitehouse.gov","Description":"James
        Monroe was the fifth President of the United States \u00281817\u20131825\u0029
        and the last President from the Founding Fathers. On New Year\u0027s Day,
        1825, at the last of his ...","Url":"https\u003a\u002f\u002fwww.whitehouse.gov\u002f1600\u002fpresidents\u002fjamesmonroe","CacheUrl":"http\u003a\u002f\u002fcc.bingj.com\u002fcache.aspx\u003fq\u003dpresident\u0026d\u003d4627785960128993\u0026w\u003diXRoMBBkJ6M4eRRSYcTIrkbB8BYp7Jvu","DisplayUrl":"https\u003a\u002f\u002fwww.whitehouse.gov\u002f1600\u002fpresidents\u002fjamesmonroe","DateTime":"2016-11-09T16\u003a38\u003a00Z"},{"Title":"President
        Herbert Hoover - The White House \u007c whitehouse.gov","Description":"Before
        serving as America\u0027s 31st President from 1929 to 1933, Herbert Hoover
        had achieved international success as a mining engineer and worldwide gratitude
        as \u0022The ...","Url":"https\u003a\u002f\u002fwww.whitehouse.gov\u002f1600\u002fpresidents\u002fherberthoover","CacheUrl":"http\u003a\u002f\u002fcc.bingj.com\u002fcache.aspx\u003fq\u003dpresident\u0026d\u003d4643711678481196\u0026w\u003diotC2pz_urM_tyDIpqfihOzYy7Sm2gJP","DisplayUrl":"https\u003a\u002f\u002fwww.whitehouse.gov\u002f1600\u002fpresidents\u002fherberthoover","DateTime":"2016-11-10T06\u003a07\u003a00Z"},{"Title":"The
        Trans-Pacific Partnership \u007c The White House","Description":"The Trans-Pacific
        Partnership What You Need to Know about President Obama\u2019s Trade Agreement.
        The Video The Facts","Url":"https\u003a\u002f\u002fwww.whitehouse.gov\u002fissues\u002feconomy\u002ftrade","CacheUrl":"http\u003a\u002f\u002fcc.bingj.com\u002fcache.aspx\u003fq\u003dpresident\u0026d\u003d4609888836258445\u0026w\u003dDZfz1b8NCtwwVexRNywpGQBtCoBveEEg","DisplayUrl":"https\u003a\u002f\u002fwww.whitehouse.gov\u002fissues\u002feconomy\u002ftrade","DateTime":"2016-11-29T15\u003a02\u003a00Z"},{"Title":"Theodore
        Roosevelt \u007c whitehouse.gov","Description":"With the assassination of
        President William McKinley, Theodore Roosevelt, not quite 43, became the
        26th and youngest President in the Nation\u0027s history \u00281901-1909\u0029.
        He ...","Url":"https\u003a\u002f\u002fwww.whitehouse.gov\u002f1600\u002fpresidents\u002ftheodoreroosevelt","CacheUrl":"http\u003a\u002f\u002fcc.bingj.com\u002fcache.aspx\u003fq\u003dpresident\u0026d\u003d4785587325503146\u0026w\u003dLQvA5z2ArRiAO8BtpZxBm1C1Uuo63c8r","DisplayUrl":"https\u003a\u002f\u002fwww.whitehouse.gov\u002f1600\u002fpresidents\u002ftheodoreroosevelt","DateTime":"2016-10-30T20\u003a40\u003a00Z"},{"Title":"William
        Howard Taft \u007c whitehouse.gov","Description":"William Howard Taft was
        elected the 27th President of the United States \u00281909-1913\u0029 and
        later became the tenth Chief Justice of the United States \u00281921-1930\u0029,
        the ...","Url":"https\u003a\u002f\u002fwww.whitehouse.gov\u002f1600\u002fpresidents\u002fwilliamhowardtaft","CacheUrl":"http\u003a\u002f\u002fcc.bingj.com\u002fcache.aspx\u003fq\u003dpresident\u0026d\u003d4816060129281717\u0026w\u003djTDYhDuLWaqOF0VGNN5BK1vu3dHtkO31","DisplayUrl":"https\u003a\u002f\u002fwww.whitehouse.gov\u002f1600\u002fpresidents\u002fwilliamhowardtaft","DateTime":"2016-11-21T03\u003a33\u003a00Z"},{"Title":"William
        McKinley \u007c whitehouse.gov","Description":"William McKinley was the 25th
        President of the United States, serving from March 4, 1897, until his assassination
        on September 14, 1901, after leading the nation to ...","Url":"https\u003a\u002f\u002fwww.whitehouse.gov\u002f1600\u002fpresidents\u002fwilliammckinley","CacheUrl":"http\u003a\u002f\u002fcc.bingj.com\u002fcache.aspx\u003fq\u003dpresident\u0026d\u003d5046532361095166\u0026w\u003dlkjUeOeK5kb25c84ZmCCtuP7ONu8uqmJ","DisplayUrl":"https\u003a\u002f\u002fwww.whitehouse.gov\u002f1600\u002fpresidents\u002fwilliammckinley","DateTime":"2016-11-11T07\u003a08\u003a00Z"},{"Title":"James
        Garfield \u007c whitehouse.gov","Description":"James Garfield was elected
        as the United States\u0027 20th President in 1881, after nine terms in the
        U.S. House of Representatives. His Presidency was impactful, but cut ...","Url":"https\u003a\u002f\u002fwww.whitehouse.gov\u002f1600\u002fpresidents\u002fjamesgarfield","CacheUrl":"http\u003a\u002f\u002fcc.bingj.com\u002fcache.aspx\u003fq\u003dpresident\u0026d\u003d4849371890125728\u0026w\u003dUNfgfXDQA8GdPXbZxlEuB1a3ywhYY4VK","DisplayUrl":"https\u003a\u002f\u002fwww.whitehouse.gov\u002f1600\u002fpresidents\u002fjamesgarfield","DateTime":"2016-10-26T17\u003a51\u003a00Z"},{"Title":"Thomas
        Jefferson \u007c whitehouse.gov","Description":"Thomas Jefferson, a spokesman
        for democracy, was an American Founding Father, the principal author of the
        Declaration of Independence \u00281776\u0029, and the third President ...","Url":"https\u003a\u002f\u002fwww.whitehouse.gov\u002f1600\u002fpresidents\u002fthomasjefferson","CacheUrl":"http\u003a\u002f\u002fcc.bingj.com\u002fcache.aspx\u003fq\u003dpresident\u0026d\u003d4754470304415850\u0026w\u003dGArHeF8SUg5yFQSrHrCIB7f0KqcmqbHu","DisplayUrl":"https\u003a\u002f\u002fwww.whitehouse.gov\u002f1600\u002fpresidents\u002fthomasjefferson","DateTime":"2016-11-01T21\u003a50\u003a00Z"},{"Title":"The
        Executive Branch \u007c whitehouse.gov","Description":"The power of the Executive
        Branch is vested in the President of the United States, who also acts as
        head of state and Commander-in-Chief of the armed forces.","Url":"https\u003a\u002f\u002fwww.whitehouse.gov\u002f1600\u002fexecutive-branch","CacheUrl":"http\u003a\u002f\u002fcc.bingj.com\u002fcache.aspx\u003fq\u003dpresident\u0026d\u003d4898222824033285\u0026w\u003dNc-o0uUwu_yzdHXppW2r_eA7f86YsPFd","DisplayUrl":"https\u003a\u002f\u002fwww.whitehouse.gov\u002f1600\u002fexecutive-branch","DateTime":"2016-10-18T13\u003a51\u003a00Z"}]}}}'
    http_version: 
  recorded_at: Thu, 08 Dec 2016 23:03:46 GMT
- request:
    method: get
    uri: http://api.bing.net/json.aspx?Adult=moderate&AppId=A4C32FAE6F3DB386FC32ED1C4F3024742ED30906&Options=EnableHighlighting&fdtrace=1&query=(president)%20language:en%20(scopeid:usagovall%20OR%20site:gov%20OR%20site:mil)&sources=Spell%20Web&traffictype=test&web.count=20
    body:
      encoding: US-ASCII
      string: ''
    headers:
      User-Agent:
      - USASearch
      Accept-Encoding:
      - gzip;q=1.0,deflate;q=0.6,identity;q=0.3
      Accept:
      - "*/*"
      Connection:
      - keep-alive
      Keep-Alive:
      - 30
  response:
    status:
      code: 200
      message: ''
    headers:
      Content-Type:
      - application/json; charset=utf-8
      Server:
      - Microsoft-IIS/8.5
      X-Content-Type-Options:
      - nosniff
      Date:
      - Thu, 08 Dec 2016 23:03:46 GMT
      Content-Length:
      - '13057'
    body:
      encoding: UTF-8
      string: '{"SearchResponse":{"Version":"2.2","Query":{"SearchTerms":"\u0028president\u0029
        language\u003aen \u0028scopeid\u003ausagovall OR site\u003agov OR site\u003amil\u0029"},"Web":{"Total":7410000,"Offset":0,"Results":[{"Title":"The
        Presidents \u007c whitehouse.gov","Description":"Short history of the U.S.
        Presidency, along with biographical sketches and portraits of all the presidents
        to date. From the official White House site.","Url":"https\u003a\u002f\u002fwww.whitehouse.gov\u002f1600\u002fPresidents","CacheUrl":"http\u003a\u002f\u002fcc.bingj.com\u002fcache.aspx\u003fq\u003dpresident\u0026d\u003d4873982073636903\u0026w\u003dPNvhTg8jsUioblETutK5H--gaJJmzJCT","DisplayUrl":"https\u003a\u002f\u002fwww.whitehouse.gov\u002f1600\u002fPresidents","DateTime":"2016-12-01T21\u003a45\u003a00Z"},{"Title":"President
        Barack Obama \u007c whitehouse.gov","Description":"Barack Obama is the 44th
        President of the United States. His story is the American story -- values
        from the heartland, a middle-class upbringing in a strong family ...","Url":"https\u003a\u002f\u002fwww.whitehouse.gov\u002fadministration\u002fpresident-obama","CacheUrl":"http\u003a\u002f\u002fcc.bingj.com\u002fcache.aspx\u003fq\u003dpresident\u0026d\u003d4751592666694435\u0026w\u003dYyCucBCdM0lwxh75qkNepbFNO6gmb3Zu","DisplayUrl":"https\u003a\u002f\u002fwww.whitehouse.gov\u002fadministration\u002fpresident-obama","DateTime":"2016-11-08T22\u003a19\u003a00Z"},{"Title":"The
        White House \u007c whitehouse.gov","Description":"See the President\u0027s
        daily schedule, explore behind-the-scenes photos from inside the White House,
        and find out all the ways you can engage with the most interactive ...","Url":"https\u003a\u002f\u002fwww.whitehouse.gov\u002f","CacheUrl":"http\u003a\u002f\u002fcc.bingj.com\u002fcache.aspx\u003fq\u003dpresident\u0026d\u003d4598636004444624\u0026w\u003dQLj-8oQr5f0rN-Fg3rTwilDZHt3uuc-_","DisplayUrl":"https\u003a\u002f\u002fwww.whitehouse.gov","DateTime":"2016-12-04T08\u003a25\u003a00Z"},{"Title":"George
        W. Bush \u007c whitehouse.gov","Description":"George W. Bush, America\u0027s
        43rd President \u00282001-2009\u0029, was transformed into a wartime President
        in the aftermath of the airborne terrorist attacks on September 11 ...","Url":"https\u003a\u002f\u002fwww.whitehouse.gov\u002f1600\u002fpresidents\u002fgeorgewbush","CacheUrl":"http\u003a\u002f\u002fcc.bingj.com\u002fcache.aspx\u003fq\u003dpresident\u0026d\u003d4973887275335729\u0026w\u003dQxB7Q5FG8SHV3IITkttCZ1XljLaitqoF","DisplayUrl":"https\u003a\u002f\u002fwww.whitehouse.gov\u002f1600\u002fpresidents\u002fgeorgewbush","DateTime":"2016-11-11T07\u003a43\u003a00Z"},{"Title":"Submit
        Your Message Online \u007c whitehouse.gov","Description":"President Obama
        is committed to creating the most open and accessible administration in American
        history. To share your reflections with President Obama, please use ...","Url":"https\u003a\u002f\u002fwww.whitehouse.gov\u002fcontact","CacheUrl":"http\u003a\u002f\u002fcc.bingj.com\u002fcache.aspx\u003fq\u003dpresident\u0026d\u003d4880394430384331\u0026w\u003dd9IUzVcKjZ-rWNmw2744mXQOXVoy5jak","DisplayUrl":"https\u003a\u002f\u002fwww.whitehouse.gov\u002fcontact","DateTime":"2016-12-02T23\u003a11\u003a00Z"},{"Title":"George
        Washington \u007c whitehouse.gov","Description":"On April 30, 1789, George
        Washington, standing on the balcony of Federal Hall on Wall Street in New
        York, took his oath of office as the first President of the United ...","Url":"https\u003a\u002f\u002fwww.whitehouse.gov\u002f1600\u002fpresidents\u002fgeorgewashington","CacheUrl":"http\u003a\u002f\u002fcc.bingj.com\u002fcache.aspx\u003fq\u003dpresident\u0026d\u003d4849320331838574\u0026w\u003dRRBiTmIi6zSdNy1G6oY9S36mT2TrGbO7","DisplayUrl":"https\u003a\u002f\u002fwww.whitehouse.gov\u002f1600\u002fpresidents\u002fgeorgewashington","DateTime":"2016-11-14T05\u003a27\u003a00Z"},{"Title":"Statement
        by the President on the Passing of Fidel Castro ...","Description":"At this
        time of Fidel Castro\u2019s passing, we extend a hand of friendship to the
        Cuban people. We know that this moment fills Cubans - in Cuba and in the United
        States ...","Url":"https\u003a\u002f\u002fwww.whitehouse.gov\u002fthe-press-office\u002f2016\u002f11\u002f26\u002fstatement-president-passing-fidel-castro","CacheUrl":"http\u003a\u002f\u002fcc.bingj.com\u002fcache.aspx\u003fq\u003dpresident\u0026d\u003d9776948277857\u0026w\u003dDpKwnqMk2M54RUtNSgfpNQ9J3m1cJhiT","DisplayUrl":"https\u003a\u002f\u002fwww.whitehouse.gov\u002fthe-press-office\u002f2016\u002f11\u002f26\u002fstatement...","DateTime":"2016-11-26T15\u003a45\u003a00Z"},{"Title":"The
        Presidents \u007c The White House","Description":"See the President\u0027s
        daily schedule, explore behind-the-scenes photos from inside the White House,
        and find out all the ways you can engage with the most interactive ...","Url":"http\u003a\u002f\u002fwww.whitehouse.gov\u002fphotos-and-video\u002fphotogallery\u002fthe-presidents","CacheUrl":"http\u003a\u002f\u002fcc.bingj.com\u002fcache.aspx\u003fq\u003dpresident\u0026d\u003d4774995944802657\u0026w\u003d25yXD4iP3LR7atzjUYQ_AJpuwxH4-Xks","DisplayUrl":"www.whitehouse.gov\u002fphotos-and-video\u002fphotogallery\u002fthe-presidents","DateTime":"2016-11-18T20\u003a05\u003a00Z"},{"Title":"John
        Adams \u007c whitehouse.gov","Description":"John Adams, a remarkable political
        philosopher, served as the second President of the United States \u00281797-1801\u0029,
        after serving as the first Vice President under ...","Url":"https\u003a\u002f\u002fwww.whitehouse.gov\u002f1600\u002fpresidents\u002fjohnadams","CacheUrl":"http\u003a\u002f\u002fcc.bingj.com\u002fcache.aspx\u003fq\u003dpresident\u0026d\u003d4939793820549967\u0026w\u003d0Q6_sT-3ReXGW6MaSYSWRT8cGMll8c-3","DisplayUrl":"https\u003a\u002f\u002fwww.whitehouse.gov\u002f1600\u002fpresidents\u002fjohnadams","DateTime":"2016-11-06T21\u003a01\u003a00Z"},{"Title":"Harry
        S. Truman \u007c whitehouse.gov","Description":"During his few weeks as Vice
        President, Harry S. Truman scarcely saw President Roosevelt, and received
        no briefing on the development of the atomic bomb or the ...","Url":"https\u003a\u002f\u002fwww.whitehouse.gov\u002f1600\u002fpresidents\u002fharrystruman","CacheUrl":"http\u003a\u002f\u002fcc.bingj.com\u002fcache.aspx\u003fq\u003dpresident\u0026d\u003d4989662651417856\u0026w\u003dCj9qk9bZXxDdCTIpP1AuvxvtyLyFFDPC","DisplayUrl":"https\u003a\u002f\u002fwww.whitehouse.gov\u002f1600\u002fpresidents\u002fharrystruman","DateTime":"2016-10-22T16\u003a53\u003a00Z"},{"Title":"Martin
        Van Buren \u007c whitehouse.gov","Description":"Martin Van Buren was the eighth
        President of the United States \u00281837-1841\u0029, after serving as the
        eighth Vice President and the tenth Secretary of State, both under ...","Url":"https\u003a\u002f\u002fwww.whitehouse.gov\u002f1600\u002fpresidents\u002fmartinvanburen","CacheUrl":"http\u003a\u002f\u002fcc.bingj.com\u002fcache.aspx\u003fq\u003dpresident\u0026d\u003d4508029414933175\u0026w\u003dVtZI6N1qS8QCA5rdrQnSOHoAWue5Wt7F","DisplayUrl":"https\u003a\u002f\u002fwww.whitehouse.gov\u002f1600\u002fpresidents\u002fmartinvanburen","DateTime":"2016-11-28T11\u003a43\u003a00Z"},{"Title":"Franklin
        D. Roosevelt \u007c whitehouse.gov","Description":"Assuming the Presidency
        at the depth of the Great Depression as our 32nd President \u00281933-1945\u0029,
        Franklin D. Roosevelt helped the American people regain faith in ...","Url":"https\u003a\u002f\u002fwww.whitehouse.gov\u002f1600\u002fpresidents\u002ffranklindroosevelt","CacheUrl":"http\u003a\u002f\u002fcc.bingj.com\u002fcache.aspx\u003fq\u003dpresident\u0026d\u003d4848487135250063\u0026w\u003de7VkyMAsP2ic1j-oKWYObN7Z0sh_x1fb","DisplayUrl":"https\u003a\u002f\u002fwww.whitehouse.gov\u002f1600\u002fpresidents\u002ffranklindroosevelt","DateTime":"2016-10-25T20\u003a09\u003a00Z"},{"Title":"Woodrow
        Wilson \u007c whitehouse.gov","Description":"Woodrow Wilson, a leader of the
        Progressive Movement, was the 28th President of the United States \u00281913-1921\u0029.
        After a policy of neutrality at the outbreak of World ...","Url":"https\u003a\u002f\u002fwww.whitehouse.gov\u002f1600\u002fpresidents\u002fwoodrowwilson","CacheUrl":"http\u003a\u002f\u002fcc.bingj.com\u002fcache.aspx\u003fq\u003dpresident\u0026d\u003d4686206106928155\u0026w\u003d6BMFMwGG4-RTCiq_aDABMfpKvHG14kwc","DisplayUrl":"https\u003a\u002f\u002fwww.whitehouse.gov\u002f1600\u002fpresidents\u002fwoodrowwilson","DateTime":"2016-11-09T21\u003a30\u003a00Z"},{"Title":"The
        President\u0027s Budget for Fiscal Year 2017 \u007c The White House","Description":"The
        President\u0027s Budget for Fiscal Year 2017. Under the President\u2019s
        leadership, we have turned our economy around and created 14 million jobs.","Url":"http\u003a\u002f\u002fwww.whitehouse.gov\u002fomb\u002fbudget","CacheUrl":"http\u003a\u002f\u002fcc.bingj.com\u002fcache.aspx\u003fq\u003dpresident\u0026d\u003d4871276210096084\u0026w\u003dJbURyZyWH_6nM01SiX_Ua1GmksDm4TRH","DisplayUrl":"www.whitehouse.gov\u002fomb\u002fbudget","DateTime":"2016-10-27T14\u003a19\u003a00Z"},{"Title":"Ronald
        Reagan \u007c whitehouse.gov","Description":"Ronald Reagan, originally an
        American actor and politician, became the 40th President of the United States
        serving from 1981 to 1989. His term saw a restoration of ...","Url":"https\u003a\u002f\u002fwww.whitehouse.gov\u002f1600\u002fpresidents\u002fronaldreagan","CacheUrl":"http\u003a\u002f\u002fcc.bingj.com\u002fcache.aspx\u003fq\u003dpresident\u0026d\u003d4854804977943465\u0026w\u003dl7pdbrfkMWKftaN8f_bm2hdakIO2AnKZ","DisplayUrl":"https\u003a\u002f\u002fwww.whitehouse.gov\u002f1600\u002fpresidents\u002fronaldreagan","DateTime":"2016-11-21T21\u003a02\u003a00Z"},{"Title":"George
        H. W. Bush \u007c whitehouse.gov","Description":"George H. W. Bush, as the
        41st President \u00281989-1993\u0029, brought to the White House a dedication
        to traditional American values and a determination to direct them toward ...","Url":"https\u003a\u002f\u002fwww.whitehouse.gov\u002f1600\u002fpresidents\u002fgeorgehwbush","CacheUrl":"http\u003a\u002f\u002fcc.bingj.com\u002fcache.aspx\u003fq\u003dpresident\u0026d\u003d4846374006426284\u0026w\u003ds36sF3UkpOGb4G2q8UD_haPFj1hDVbXo","DisplayUrl":"https\u003a\u002f\u002fwww.whitehouse.gov\u002f1600\u002fpresidents\u002fgeorgehwbush","DateTime":"2016-11-16T02\u003a12\u003a00Z"},{"Title":"Millard
        Fillmore \u007c whitehouse.gov","Description":"Millard Fillmore, a member
        of the Whig party, was the 13th President of the United States \u00281850-1853\u0029
        and the last President not to be affiliated with either the ...","Url":"https\u003a\u002f\u002fwww.whitehouse.gov\u002f1600\u002fpresidents\u002fmillardfillmore","CacheUrl":"http\u003a\u002f\u002fcc.bingj.com\u002fcache.aspx\u003fq\u003dpresident\u0026d\u003d4993562532184116\u0026w\u003d1luxDctzaWTezwIksbjFdbGJg3HvcV8c","DisplayUrl":"https\u003a\u002f\u002fwww.whitehouse.gov\u002f1600\u002fpresidents\u002fmillardfillmore","DateTime":"2016-12-02T20\u003a56\u003a00Z"},{"Title":"Gerald
        R. Ford \u007c whitehouse.gov","Description":"Gerald R. Ford took the oath
        of office after the first-ever resignation by a U.S. President. See his
        bio.","Url":"https\u003a\u002f\u002fwww.whitehouse.gov\u002f1600\u002fpresidents\u002fgeraldford","CacheUrl":"http\u003a\u002f\u002fcc.bingj.com\u002fcache.aspx\u003fq\u003dpresident\u0026d\u003d4925491549242482\u0026w\u003dODS0dIK6w96_2q28UhVrR5IdXqD0WkRD","DisplayUrl":"https\u003a\u002f\u002fwww.whitehouse.gov\u002f1600\u002fpresidents\u002fgeraldford","DateTime":"2016-11-27T05\u003a50\u003a00Z"},{"Title":"Barack
        Obama \u007c whitehouse.gov","Description":"Barack Obama is the 44th President
        of the United States. His story is the American story -- values from the heartland,
        a middle-class upbringing in a strong family ...","Url":"https\u003a\u002f\u002fwww.whitehouse.gov\u002f1600\u002fpresidents\u002fbarackobama","CacheUrl":"http\u003a\u002f\u002fcc.bingj.com\u002fcache.aspx\u003fq\u003dpresident\u0026d\u003d5046085656511408\u0026w\u003d57Ntv__3Gp72saR0A8Gwcrr6uTDyGZLL","DisplayUrl":"https\u003a\u002f\u002fwww.whitehouse.gov\u002f1600\u002fpresidents\u002fbarackobama","DateTime":"2016-10-28T04\u003a01\u003a00Z"},{"Title":"Dwight
        D. Eisenhower \u007c whitehouse.gov","Description":"Bringing to the Presidency
        his prestige as commanding general of the victorious forces in Europe during
        World War II, Dwight D. Eisenhower obtained a truce in Korea ...","Url":"https\u003a\u002f\u002fwww.whitehouse.gov\u002f1600\u002fpresidents\u002fdwightdeisenhower","CacheUrl":"http\u003a\u002f\u002fcc.bingj.com\u002fcache.aspx\u003fq\u003dpresident\u0026d\u003d4806559689933047\u0026w\u003dBnVw0v2oYkmJxQkgoZ6cW9el52osaLGr","DisplayUrl":"https\u003a\u002f\u002fwww.whitehouse.gov\u002f1600\u002fpresidents\u002fdwightdeisenhower","DateTime":"2016-11-27T15\u003a38\u003a00Z"}]}}}'
    http_version: 
  recorded_at: Thu, 08 Dec 2016 23:03:46 GMT
- request:
    method: get
    uri: http://api.bing.net/json.aspx?Adult=moderate&AppId=A4C32FAE6F3DB386FC32ED1C4F3024742ED30906&Options=EnableHighlighting&fdtrace=1&query=(presidente)%20language:es%20(scopeid:usagovall%20OR%20site:gov%20OR%20site:mil)&sources=Spell%20Web&traffictype=test&web.count=20
    body:
      encoding: US-ASCII
      string: ''
    headers:
      User-Agent:
      - USASearch
      Accept-Encoding:
      - gzip;q=1.0,deflate;q=0.6,identity;q=0.3
      Accept:
      - "*/*"
      Connection:
      - keep-alive
      Keep-Alive:
      - 30
  response:
    status:
      code: 200
      message: ''
    headers:
      Content-Type:
      - application/json; charset=utf-8
      Server:
      - Microsoft-IIS/8.5
      X-Content-Type-Options:
      - nosniff
      Date:
      - Thu, 08 Dec 2016 23:03:46 GMT
      Content-Length:
      - '11965'
    body:
      encoding: UTF-8
      string: '{"SearchResponse":{"Version":"2.2","Query":{"SearchTerms":"\u0028presidente\u0029
        language\u003aes \u0028scopeid\u003ausagovall OR site\u003agov OR site\u003amil\u0029"},"Web":{"Total":90500,"Offset":0,"Results":[{"Title":"Presidente
        Barack Obama \u007c The White House","Description":"Presidente Barack Obama.
        Barack H. Obama es el cuadrag\u00e9simo cuarto presidente de Estados Unidos.
        Su historia es una historia estadounidense \u2013 los valores del ...","Url":"https\u003a\u002f\u002fwww.whitehouse.gov\u002fespanol\u002fpresidente-obama","CacheUrl":"http\u003a\u002f\u002fcc.bingj.com\u002fcache.aspx\u003fq\u003dpresidente\u0026d\u003d4636015108227499\u0026w\u003dpsDhbQqGWwE8NxB-nMHdg2MLo9zchFFy","DisplayUrl":"https\u003a\u002f\u002fwww.whitehouse.gov\u002fespanol\u002fpresidente-obama","DateTime":"2016-11-05T12\u003a05\u003a00Z"},{"Title":"POSESION
        PRESIDENCIAL EN LOS ESTADOS UNIDOS","Description":"monia en la Casa Blanca,
        a la luz de la participaci\u00f3n de la naci\u00f3n en la Segunda Guerra Mundial.
        Partida del Presidente saliente","Url":"https\u003a\u002f\u002fspanish.bogota.usembassy.gov\u002froot\u002fpdfs\u002fposesin-presidencial-2009.pdf","DisplayUrl":"https\u003a\u002f\u002fspanish.bogota.usembassy.gov\u002froot\u002fpdfs\u002fposesin-presidenci...","DateTime":"2016-11-30T19\u003a34\u003a00Z"},{"Title":"Votaciones
        y elecciones \u007c USAGov","Description":"Conozca m\u00e1s acerca del equipo
        del presidente electo, la inauguraci\u00f3n presidencial de 2017 y sobre
        la historia de las inauguraciones presidenciales.","Url":"https\u003a\u002f\u002fgobierno.usa.gov\u002felecciones","CacheUrl":"http\u003a\u002f\u002fcc.bingj.com\u002fcache.aspx\u003fq\u003dpresidente\u0026d\u003d5038968906974311\u0026w\u003dZ10gBUyyp3rzdSsVlJg4CdRDQbeRnmP7","DisplayUrl":"https\u003a\u002f\u002fgobierno.usa.gov\u002felecciones","DateTime":"2016-12-04T14\u003a48\u003a00Z"},{"Title":"Proceso
        electoral \u007c USAGov - gobierno.usa.gov","Description":"Informaci\u00f3n
        sobre el proceso electoral en Estados Unidos, el Presidente y la Primera
        Dama.","Url":"https\u003a\u002f\u002fgobierno.usa.gov\u002fproceso-electoral","CacheUrl":"http\u003a\u002f\u002fcc.bingj.com\u002fcache.aspx\u003fq\u003dpresidente\u0026d\u003d4961238596127376\u0026w\u003doLv7sWuB1CjQHGr9EEtaQD0EPjChYopQ","DisplayUrl":"https\u003a\u002f\u002fgobierno.usa.gov\u002fproceso-electoral","DateTime":"2016-12-02T02\u003a21\u003a00Z"},{"Title":"Gu\u00eda
        oficial de informaci\u00f3n y servicios del Gobierno \u007c USAGov","Description":"Presidente\u003b
        Agencias federales\u003b Agencias estatales\u003b Oficinas estatales de protecci\u00f3n
        al consumidor\u003b Volver al inicio. footer. Sobre GobiernoUSA.gov\u003b","Url":"https\u003a\u002f\u002fgobierno.usa.gov\u002f","CacheUrl":"http\u003a\u002f\u002fcc.bingj.com\u002fcache.aspx\u003fq\u003dpresidente\u0026d\u003d4989619774357871\u0026w\u003dsBFFtZitPMvdBA3BQE3h5UgeJYaonPfd","DisplayUrl":"https\u003a\u002f\u002fgobierno.usa.gov","DateTime":"2016-12-03T21\u003a44\u003a00Z"},{"Title":"La
        toma de posesi\u00f3n presidencial de EE. UU.\u003a Una tradici\u00f3n ...","Description":"El
        presidente del Tribunal Supremo de Estados Unidos administra el juramento
        al cargo en el Capitolio de Estados Unidos, donde se re\u00fane el Congreso.","Url":"http\u003a\u002f\u002fiipdigital.usembassy.gov\u002fst\u002fspanish\u002fpamphlet\u002f2013\u002f01\u002f20130109140783.html","DisplayUrl":"iipdigital.usembassy.gov\u002fst\u002fspanish\u002fpamphlet\u002f2013\u002f01\u002f...","DateTime":"2016-11-29T20\u003a04\u003a00Z"},{"Title":"D\u00eda
        de los Presidentes\u003a Homenaje a Washington y Lincoln ...","Description":"El
        primer presidente tambi\u00e9n es homenajeado con muchas estatuas en todo
        el pa\u00eds y con el Monumento a Washington, que tiene una altura de 555
        pies ...","Url":"http\u003a\u002f\u002fiipdigital.usembassy.gov\u002fst\u002fspanish\u002fpamphlet\u002f2013\u002f02\u002f20130212142468.html","DisplayUrl":"iipdigital.usembassy.gov\u002fst\u002fspanish\u002fpamphlet\u002f2013\u002f02\u002f...","DateTime":"2016-11-30T12\u003a33\u003a00Z"},{"Title":"Tomas
        de posesi\u00f3n de presidentes - Photos \u007c IIP Digital","Description":"presidente
        cuya toma de posesi\u00f3n tuvo lugar en la fachada oriental ampliada\u003b
        \u00faltimo presidente que us\u00f3 el tradicional sombrero de copa en su
        toma de","Url":"http\u003a\u002f\u002fphotos.state.gov\u002flibraries\u002fpanama\u002f11567\u002f2005\u002fainaguration2005.pdf","DisplayUrl":"photos.state.gov\u002flibraries\u002fpanama\u002f11567\u002f2005\u002fainaguration2005.pdf","DateTime":"2016-11-30T17\u003a16\u003a00Z"},{"Title":"La
        Constituci\u00f3n de los Estados Unidos de Am\u00e9rica 1787 ...","Description":"El
        Presidente, el Vicepresidente y todos los funcionarios civiles de los Estados
        Unidos ser\u00e1n separados de sus puestos al ser acusados y declarados culpables
        de ...","Url":"https\u003a\u002f\u002fwww.archives.gov\u002fespanol\u002fconstitucion.html","CacheUrl":"http\u003a\u002f\u002fcc.bingj.com\u002fcache.aspx\u003fq\u003dpresidente\u0026d\u003d4821905588226826\u0026w\u003d719DiG8BgReQv_GF9rJ5moelROusIuXg","DisplayUrl":"https\u003a\u002f\u002fwww.archives.gov\u002fespanol\u002fconstitucion.html","DateTime":"2016-11-26T23\u003a32\u003a00Z"},{"Title":"Programas
        de ayuda federal para la recuperaci\u003fn por ...","Description":"... estar
        disponibles seg\u00fan sea necesario y seg\u00fan se amerite bajo la declaraci\u00f3n
        presidencial de desastre emitida por el Presidente Obama para Puerto Rico.","Url":"https\u003a\u002f\u002fwww.fema.gov\u002fes\u002fnews-release\u002f2011\u002f08\u002f27\u002fprogramas-de-ayuda-federal-para-la-recuperacin-por-desastre-de-puerto-rico","CacheUrl":"http\u003a\u002f\u002fcc.bingj.com\u002fcache.aspx\u003fq\u003dpresidente\u0026d\u003d5056007038633909\u0026w\u003d8ADsJYt7jtX7NMypY4mPKuhmq7uqfK7v","DisplayUrl":"https\u003a\u002f\u002fwww.fema.gov\u002fes\u002fnews-release\u002f2011\u002f08\u002f27\u002fprogramas-de-ayuda...","DateTime":"2016-09-13T21\u003a53\u003a00Z"},{"Title":"Senado.pr.gov","Description":"Presidente
        del Senado junto a un grupo de colegas rindi\u00f3 tributo al exsenador por
        el distrito de Ponce, Modesto Agosto Alicea, quien falleci\u00f3 a los 72
        a\u00f1os luego ...","Url":"http\u003a\u002f\u002fsenado.pr.gov\u002f","CacheUrl":"http\u003a\u002f\u002fcc.bingj.com\u002fcache.aspx\u003fq\u003dpresidente\u0026d\u003d4702071718610048\u0026w\u003dtqlWA4bwjjlaQTPJf2El-g1Z-U4MIdr2","DisplayUrl":"senado.pr.gov","DateTime":"2016-12-04T16\u003a36\u003a00Z"},{"Title":"Presidencia
        del Senado de Puerto Rico","Description":"El Presidente del Senado es nominado
        por el Caucus de la Mayor\u00eda y elegido por los miembros del Cuerpo. El
        Presidente tiene funciones gubernamentales, legislativas ...","Url":"http\u003a\u002f\u002fsenado.pr.gov\u002fpresidencia\u002fPages\u002fdefault.aspx","CacheUrl":"http\u003a\u002f\u002fcc.bingj.com\u002fcache.aspx\u003fq\u003dpresidente\u0026d\u003d4985878785231696\u0026w\u003dE88YgtborZzbUPIccQFPuQfnk_hou_TO","DisplayUrl":"senado.pr.gov\u002fpresidencia\u002fPages\u002fdefault.aspx","DateTime":"2016-12-03T15\u003a10\u003a00Z"},{"Title":"D\u00eda
        de los Presidentes - Photos","Description":"presidente de Estados Unidos.
        Cada vez m\u00e1s, este feriado se ha convertido en una ocasi\u00f3n para
        celebrar los cumplea - \u00f1os tanto del presidente George Wash -","Url":"http\u003a\u002f\u002fphotos.state.gov\u002flibraries\u002famgov\u002f133183\u002fspanish\u002fP_US_Holidays_Presidents__Day_Spanish.pdf","DisplayUrl":"photos.state.gov\u002flibraries\u002famgov\u002f133183\u002fspanish\u002fP_US_Holidays...","DateTime":"2016-11-20T06\u003a18\u003a00Z"},{"Title":"UNA
        AM\u00c9RICA CONSTRUIDA PARA QUE PERDURE\u003a LA AGENDA DEL ...","Description":"Una
        Am\u00e9rica construida para que perdure\u003a La Agenda del Presidente
        Obama y La Comunidad Hispana Page 5 of 78 Resumen de los logros para los hispanos","Url":"http\u003a\u002f\u002fwww.whitehouse.gov\u002fsites\u002fdefault\u002ffiles\u002frss_viewer\u002fhispanic_agenda_final_es.pdf","DisplayUrl":"www.whitehouse.gov\u002fsites\u002fdefault\u002ffiles\u002frss_viewer\u002fhispanic_agenda...","DateTime":"2016-10-10T23\u003a48\u003a00Z"},{"Title":"PR.gov
        - Portal Oficial del Estado Libre Asociado de ...","Description":"Mediante
        todas las formas posibles\u003a autogesti\u00f3n, atenci\u00f3n directa y
        v\u00eda tel\u00e9fono, el ciudadano y el empresario realizan las gestiones
        m\u00e1s solicitadas de cinco ...","Url":"http\u003a\u002f\u002fwww2.pr.gov\u002f","CacheUrl":"http\u003a\u002f\u002fcc.bingj.com\u002fcache.aspx\u003fq\u003dpresidente\u0026d\u003d4554449395977053\u0026w\u003d1gb5bxZLFIoXH-5a_jI192Kpy7YjoSPj","DisplayUrl":"www2.pr.gov","DateTime":"2016-12-02T20\u003a13\u003a00Z"},{"Title":"E-mail
        \u007c USAGov","Description":"Cont\u00e1ctenos por e-mail. Env\u00edenos las
        preguntas que tenga sobre el Gobierno. Para su seguridad, no incluya informaci\u00f3n
        privada, especialmente su n\u00famero de Seguro ...","Url":"https\u003a\u002f\u002fgobierno.usa.gov\u002femail","CacheUrl":"http\u003a\u002f\u002fcc.bingj.com\u002fcache.aspx\u003fq\u003dpresidente\u0026d\u003d4661746235999581\u0026w\u003dsHmPeMS5hxxH6rPblM5wVNiW-z1ccsy2","DisplayUrl":"https\u003a\u002f\u002fgobierno.usa.gov\u002femail","DateTime":"2016-11-17T00\u003a30\u003a00Z"},{"Title":"C\u00e1mara
        de Representantes de Estados Unidos \u007c USAGov","Description":"Directory
        listing for C\u00e1mara de Representantes de Estados Unidos","Url":"https\u003a\u002f\u002fgobierno.usa.gov\u002fagencias-federales\u002fcamara-de-representantes-de-estados-unidos","CacheUrl":"http\u003a\u002f\u002fcc.bingj.com\u002fcache.aspx\u003fq\u003dpresidente\u0026d\u003d5045982589485917\u0026w\u003d_vFIRqMXeVf2pZJIKHzM0V9KdwbQTIiM","DisplayUrl":"https\u003a\u002f\u002fgobierno.usa.gov\u002fagencias-federales\u002fcamara-de-represent...","DateTime":"2016-12-01T01\u003a44\u003a00Z"},{"Title":"Plan
        Espec\u00edfico del Presidente para la Reforma \u007c The White ...","Description":"Plan
        Espec\u00edfico del Presidente para la Reforma \u201cSomos el primer pa\u00eds
        que se fund\u00f3 para beneficio de una idea\u003a la idea que cada uno de
        nosotros merece la ...","Url":"http\u003a\u002f\u002fwww.whitehouse.gov\u002fissues\u002finmigracion\u002fplan-para-la-reforma","CacheUrl":"http\u003a\u002f\u002fcc.bingj.com\u002fcache.aspx\u003fq\u003dpresidente\u0026d\u003d4788306047668331\u0026w\u003dsQz0ZsGCvziBeGM41qQ375a9v_h_AFGI","DisplayUrl":"www.whitehouse.gov\u002fissues\u002finmigracion\u002fplan-para-la-reforma","DateTime":"2016-07-19T23\u003a00\u003a00Z"},{"Title":"La
        nueva pol\u00edtica del presidente Obama respecto a Cuba ...","Description":"\u0028comienza
        el texto\u0029 La nueva pol\u00edtica del presidente Obama respecto a Cuba
        mira hacia el futuro, no hacia el pasado Por John Kerry, Penny Pritzker y
        Jacob J. Lew","Url":"http\u003a\u002f\u002fiipdigital.usembassy.gov\u002fst\u002fspanish\u002farticle\u002f2014\u002f12\u002f20141222312403.html","DisplayUrl":"iipdigital.usembassy.gov\u002fst\u002fspanish\u002farticle\u002f2014\u002f12\u002f20141222312403...","DateTime":"2016-11-17T02\u003a04\u003a00Z"},{"Title":"Blog
        de la Casa Blanca en espa\u00f1ol \u007c whitehouse.gov","Description":"Blog
        de la Casa Blanca en espa\u00f1ol. La Casa Blanca En Espanol. ... Director
        del Consejo Econ\u00f3mico Nacional y Asistente del Presidente para Pol\u00edtica
        Econ\u00f3mica.","Url":"https\u003a\u002f\u002fwww.whitehouse.gov\u002fespanol\u002fblog","CacheUrl":"http\u003a\u002f\u002fcc.bingj.com\u002fcache.aspx\u003fq\u003dpresidente\u0026d\u003d4897849175313375\u0026w\u003dnSr-1TwOdhqzSPigiZK5AVA09DDOSSXG","DisplayUrl":"https\u003a\u002f\u002fwww.whitehouse.gov\u002fespanol\u002fblog","DateTime":"2016-11-21T09\u003a58\u003a00Z"}]}}}'
    http_version: 
  recorded_at: Thu, 08 Dec 2016 23:03:47 GMT
- request:
    method: get
    uri: http://api.bing.net/json.aspx?Adult=moderate&AppId=A4C32FAE6F3DB386FC32ED1C4F3024742ED30906&Options=EnableHighlighting&fdtrace=1&query=(hippopotamus)%20language:en%20(site:hippo.whitehouse.gov)&sources=Spell%20Web&traffictype=test&web.count=20
    body:
      encoding: US-ASCII
      string: ''
    headers:
      User-Agent:
      - USASearch
      Accept-Encoding:
      - gzip;q=1.0,deflate;q=0.6,identity;q=0.3
      Accept:
      - "*/*"
      Connection:
      - keep-alive
      Keep-Alive:
      - 30
  response:
    status:
      code: 200
      message: ''
    headers:
      Content-Type:
      - application/json; charset=utf-8
      Server:
      - Microsoft-IIS/8.5
      X-Content-Type-Options:
      - nosniff
      Date:
      - Thu, 08 Dec 2016 23:03:47 GMT
      Content-Length:
      - '176'
    body:
      encoding: UTF-8
      string: '{"SearchResponse":{"Version":"2.2","Query":{"SearchTerms":"\u0028hippopotamus\u0029
        language\u003aen \u0028site\u003ahippo.whitehouse.gov\u0029"},"Web":{"Total":0,"Offset":0}}}'
    http_version: 
  recorded_at: Thu, 08 Dec 2016 23:03:48 GMT
recorded_with: VCR 3.0.3
